BL51 BANKED LINKER/LOCATER V6.22                                                        01/25/2021  18:17:58  PAGE 1


BL51 BANKED LINKER/LOCATER V6.22, INVOKED BY:
D:\CCCC2020\TOOL\KEIL\C51\BIN\BL51.EXE .\Objects\STARTUP.obj, .\Objects\HC-MCU-XBR.obj, .\Objects\mcu_api.obj, .\Objects
>> \protocol.obj, .\Objects\system.obj TO .\Objects\HC-MCU-XBR PRINT (.\Listings\HC-MCU-XBR.m51) RAMSIZE (256) CODE (0X0
>> 000-0X2FFF) XDATA (0X0000-0X07FF)


MEMORY MODEL: SMALL WITH FLOATING POINT ARITHMETIC


INPUT MODULES INCLUDED:
  .\Objects\STARTUP.obj (?C_STARTUP)
  .\Objects\HC-MCU-XBR.obj (HC_MCU_XBR)
  .\Objects\mcu_api.obj (MCU_API)
  .\Objects\protocol.obj (PROTOCOL)
  .\Objects\system.obj (SYSTEM)
  D:\CCCC2020\TOOL\KEIL\C51\LIB\C51FPS.LIB (?C?FPADD)
  D:\CCCC2020\TOOL\KEIL\C51\LIB\C51FPS.LIB (?C?FPDIV)
  D:\CCCC2020\TOOL\KEIL\C51\LIB\C51FPS.LIB (?C?FCAST)
  D:\CCCC2020\TOOL\KEIL\C51\LIB\C51FPS.LIB (?C?CASTF)
  D:\CCCC2020\TOOL\KEIL\C51\LIB\C51FPS.LIB (?C?FPGETOPN)
  D:\CCCC2020\TOOL\KEIL\C51\LIB\C51S.LIB (?C_INIT)
  D:\CCCC2020\TOOL\KEIL\C51\LIB\C51S.LIB (?C?COPY)
  D:\CCCC2020\TOOL\KEIL\C51\LIB\C51S.LIB (?C?CLDPTR)
  D:\CCCC2020\TOOL\KEIL\C51\LIB\C51S.LIB (?C?CLDOPTR)
  D:\CCCC2020\TOOL\KEIL\C51\LIB\C51S.LIB (?C?CSTPTR)
  D:\CCCC2020\TOOL\KEIL\C51\LIB\C51S.LIB (?C?CSTOPTR)
  D:\CCCC2020\TOOL\KEIL\C51\LIB\C51S.LIB (?C?IMUL)
  D:\CCCC2020\TOOL\KEIL\C51\LIB\C51S.LIB (?C?IILDX)
  D:\CCCC2020\TOOL\KEIL\C51\LIB\C51S.LIB (?C?LADD)
  D:\CCCC2020\TOOL\KEIL\C51\LIB\C51S.LIB (?C?LSUB)
  D:\CCCC2020\TOOL\KEIL\C51\LIB\C51S.LIB (?C?LMUL)
  D:\CCCC2020\TOOL\KEIL\C51\LIB\C51S.LIB (?C?ULDIV)
  D:\CCCC2020\TOOL\KEIL\C51\LIB\C51S.LIB (?C?LNEG)
  D:\CCCC2020\TOOL\KEIL\C51\LIB\C51S.LIB (?C?SLCMP)
  D:\CCCC2020\TOOL\KEIL\C51\LIB\C51S.LIB (?C?ULCMP)
  D:\CCCC2020\TOOL\KEIL\C51\LIB\C51S.LIB (?C?ULSHR)
  D:\CCCC2020\TOOL\KEIL\C51\LIB\C51S.LIB (?C?LSHL)
  D:\CCCC2020\TOOL\KEIL\C51\LIB\C51S.LIB (?C?LLDXDATA)
  D:\CCCC2020\TOOL\KEIL\C51\LIB\C51S.LIB (?C?LLDXDATA0)
  D:\CCCC2020\TOOL\KEIL\C51\LIB\C51S.LIB (?C?LSTXDATA)
  D:\CCCC2020\TOOL\KEIL\C51\LIB\C51S.LIB (?C?LSTKXDATA)
  D:\CCCC2020\TOOL\KEIL\C51\LIB\C51S.LIB (?C?OFFXADD)
  D:\CCCC2020\TOOL\KEIL\C51\LIB\C51S.LIB (?C?PLDIIDATA)
  D:\CCCC2020\TOOL\KEIL\C51\LIB\C51S.LIB (?C?CCASE)


LINK MAP OF MODULE:  .\Objects\HC-MCU-XBR (?C_STARTUP)


            TYPE    BASE      LENGTH    RELOCATION   SEGMENT NAME
            -----------------------------------------------------

            * * * * * * *   D A T A   M E M O R Y   * * * * * * *
            REG     0000H     0008H     ABSOLUTE     "REG BANK 0"
            DATA    0008H     0034H     UNIT         _DATA_GROUP_
            DATA    003CH     0008H     UNIT         ?DT?SYSTEM
            DATA    0044H     0007H     UNIT         ?DT?HC_MCU_XBR
            DATA    004BH     0002H     UNIT         ?DT?MCU_API
BL51 BANKED LINKER/LOCATER V6.22                                                      01/25/2021  18:17:58  PAGE 2


            IDATA   004DH     0004H     UNIT         ?ID?HC_MCU_XBR
            IDATA   0051H     0001H     UNIT         ?STACK

            * * * * * * *  X D A T A   M E M O R Y  * * * * * * *
            XDATA   0000H     0068H     UNIT         ?XD?HC_MCU_XBR
            XDATA   0068H     0066H     UNIT         ?XD?SYSTEM
            XDATA   00CEH     0023H     UNIT         ?XD?PROTOCOL
            XDATA   00F1H     0010H     UNIT         _XDATA_GROUP_
                    0101H     FD7FH                  *** GAP ***
            XDATA   FE80H     0001H     ABSOLUTE     
                    FE81H     0004H                  *** GAP ***
            XDATA   FE85H     0001H     ABSOLUTE     
                    FE86H     0002H                  *** GAP ***
            XDATA   FE88H     0001H     ABSOLUTE     
            XDATA   FE89H     0001H     ABSOLUTE     
            XDATA   FE8AH     0001H     ABSOLUTE     
                    FE8BH     0006H                  *** GAP ***
            XDATA   FE91H     0001H     ABSOLUTE     
            XDATA   FE92H     0001H     ABSOLUTE     
            XDATA   FE93H     0001H     ABSOLUTE     
            XDATA   FE94H     0001H     ABSOLUTE     
            XDATA   FE95H     0001H     ABSOLUTE     
                    FE96H     0002H                  *** GAP ***
            XDATA   FE98H     0001H     ABSOLUTE     
                    FE99H     0002H                  *** GAP ***
            XDATA   FE9BH     0001H     ABSOLUTE     
                    FE9CH     0004H                  *** GAP ***
            XDATA   FEA0H     0001H     ABSOLUTE     
                    FEA1H     0001H                  *** GAP ***
            XDATA   FEA2H     0001H     ABSOLUTE     
                    FEA3H     0001H                  *** GAP ***
            XDATA   FEA4H     0001H     ABSOLUTE     
            XDATA   FEA5H     0001H     ABSOLUTE     
                    FEA6H     0001H                  *** GAP ***
            XDATA   FEA7H     0001H     ABSOLUTE     
                    FEA8H     0002H                  *** GAP ***
            XDATA   FEAAH     0001H     ABSOLUTE     
                    FEABH     0005H                  *** GAP ***
            XDATA   FEB0H     0001H     ABSOLUTE     
            XDATA   FEB1H     0001H     ABSOLUTE     
            XDATA   FEB2H     0001H     ABSOLUTE     
            XDATA   FEB3H     0001H     ABSOLUTE     
                    FEB4H     0004H                  *** GAP ***
            XDATA   FEB8H     0001H     ABSOLUTE     
            XDATA   FEB9H     0001H     ABSOLUTE     
                    FEBAH     0002H                  *** GAP ***
            XDATA   FEBCH     0001H     ABSOLUTE     
                    FEBDH     0043H                  *** GAP ***
            XDATA   FF00H     0001H     ABSOLUTE     
            XDATA   FF01H     0001H     ABSOLUTE     
            XDATA   FF02H     0001H     ABSOLUTE     
            XDATA   FF03H     0001H     ABSOLUTE     
                    FF04H     0001H                  *** GAP ***
            XDATA   FF05H     0001H     ABSOLUTE     
                    FF06H     0002H                  *** GAP ***
            XDATA   FF08H     0001H     ABSOLUTE     
                    FF09H     0007H                  *** GAP ***
BL51 BANKED LINKER/LOCATER V6.22                                                      01/25/2021  18:17:58  PAGE 3


            XDATA   FF10H     0001H     ABSOLUTE     
            XDATA   FF11H     0001H     ABSOLUTE     
            XDATA   FF12H     0001H     ABSOLUTE     
            XDATA   FF13H     0001H     ABSOLUTE     
                    FF14H     002CH                  *** GAP ***
            XDATA   FF40H     0001H     ABSOLUTE     
            XDATA   FF41H     0001H     ABSOLUTE     
            XDATA   FF42H     0001H     ABSOLUTE     
                    FF43H     003DH                  *** GAP ***
            XDATA   FF80H     0001H     ABSOLUTE     
            XDATA   FF81H     0001H     ABSOLUTE     
                    FF82H     0001H                  *** GAP ***
            XDATA   FF83H     0001H     ABSOLUTE     
            XDATA   FF84H     0001H     ABSOLUTE     
            XDATA   FF85H     0001H     ABSOLUTE     
                    FF86H     0009H                  *** GAP ***
            XDATA   FF8FH     0001H     ABSOLUTE     
            XDATA   FF90H     0001H     ABSOLUTE     
            XDATA   FF91H     0001H     ABSOLUTE     
                    FF92H     0002H                  *** GAP ***
            XDATA   FF94H     0001H     ABSOLUTE     
            XDATA   FF95H     0001H     ABSOLUTE     
                    FF96H     0002H                  *** GAP ***
            XDATA   FF98H     0001H     ABSOLUTE     
            XDATA   FF99H     0001H     ABSOLUTE     
                    FF9AH     0002H                  *** GAP ***
            XDATA   FF9CH     0001H     ABSOLUTE     
                    FF9DH     0003H                  *** GAP ***
            XDATA   FFA0H     0001H     ABSOLUTE     
            XDATA   FFA1H     0001H     ABSOLUTE     
                    FFA2H     0002H                  *** GAP ***
            XDATA   FFA4H     0001H     ABSOLUTE     
            XDATA   FFA5H     0001H     ABSOLUTE     
            XDATA   FFA6H     0001H     ABSOLUTE     
            XDATA   FFA7H     0001H     ABSOLUTE     
            XDATA   FFA8H     0001H     ABSOLUTE     
            XDATA   FFA9H     0001H     ABSOLUTE     

            * * * * * * *   C O D E   M E M O R Y   * * * * * * *
            CODE    0000H     0003H     ABSOLUTE     
            CODE    0003H     0018H     UNIT         ?PR?ZIGBEE_PROTOCOL_INIT?MCU_API
            CODE    001BH     0003H     ABSOLUTE     
            CODE    001EH     0003H     UNIT         ?PR?RESET_BT_MODULE?PROTOCOL
            CODE    0021H     0001H     UNIT         ?PR?TUYA_RETRY_OTA?PROTOCOL
            CODE    0022H     0001H     UNIT         ?PR?RESET_DEFAULT_PARAMETER?PROTOCOL
            CODE    0023H     0003H     ABSOLUTE     
            CODE    0026H     06BEH     UNIT         ?PR?XBRHANDLE?HC_MCU_XBR
            CODE    06E4H     0619H     UNIT         ?C?LIB_CODE
            CODE    0CFDH     0291H     UNIT         ?PR?_ZIGBEE_TIME_CONVERT?SYSTEM
            CODE    0F8EH     024DH     UNIT         ?PR?MAIN?HC_MCU_XBR
            CODE    11DBH     01B5H     UNIT         ?PR?ZIGBEE_UART_SERVICE?MCU_API
            CODE    1390H     0193H     UNIT         ?PR?SET_VAR?HC_MCU_XBR
            CODE    1523H     0151H     UNIT         ?PR?_DATA_HANDLE?SYSTEM
            CODE    1674H     0130H     UNIT         ?PR?_ZIGBEE_TIME_GET_HANDLE?SYSTEM
            CODE    17A4H     0121H     UNIT         ?C_INITSEG
            CODE    18C5H     0112H     UNIT         ?PR?_DP_DOWNLOAD_HANDLE?PROTOCOL
            CODE    19D7H     00F1H     UNIT         ?PR?ALL_DATA_UPDATE?PROTOCOL
BL51 BANKED LINKER/LOCATER V6.22                                                      01/25/2021  18:17:58  PAGE 4


            CODE    1AC8H     00D1H     UNIT         ?PR?_MY_MEMCPY?MCU_API
            CODE    1B99H     00C5H     UNIT         ?PR?CMD0?SYSTEM
            CODE    1C5EH     00C3H     UNIT         ?PR?TIMER1_RPT?HC_MCU_XBR
            CODE    1D21H     00C3H     UNIT         ?PR?SAVEVAR?HC_MCU_XBR
            CODE    1DE4H     0098H     UNIT         ?PR?_BYTE_TO_INT?MCU_API
            CODE    1E7CH     008CH     UNIT         ?C_C51STARTUP
            CODE    1F08H     008CH     UNIT         ?PR?PRODUCT_INFO_CMD_HANDLE?SYSTEM
            CODE    1F94H     0089H     UNIT         ?PR?_MCU_DP_VALUE_UPDATE?MCU_API
            CODE    201DH     0077H     UNIT         ?PR?_ZIGBEE_UART_WRITE_FRAME?SYSTEM
            CODE    2094H     0076H     UNIT         ?PR?_DP_DOWNLOAD_CDS_HANDLE?PROTOCOL
            CODE    210AH     0074H     UNIT         ?PR?_PWM3INIT?HC_MCU_XBR
            CODE    217EH     0074H     UNIT         ?PR?_DP_DOWNLOAD_SENSE_STRESS_HANDLE?PROTOCOL
            CODE    21F2H     006AH     UNIT         ?PR?WAIT1?HC_MCU_XBR
            CODE    225CH     0067H     UNIT         ?PR?WAIT2?HC_MCU_XBR
            CODE    22C3H     005BH     UNIT         ?PR?_ZIGBEE_DATA_POINT_HANDLE?SYSTEM
            CODE    231EH     0056H     UNIT         ?PR?_DP_DOWNLOAD_PIR_DELAY_HANDLE?PROTOCOL
            CODE    2374H     0053H     UNIT         ?PR?_MY_STRLEN?MCU_API
            CODE    23C7H     0052H     UNIT         ?PR?_DP_DOWNLOAD_BRIGHT_VALUE_HANDLE?PROTOCOL
            CODE    2419H     004DH     UNIT         ?PR?_DP_DOWNLOAD_STANDBY_TIME_HANDLE?PROTOCOL
            CODE    2466H     0047H     UNIT         ?PR?UART1_RPT?HC_MCU_XBR
            CODE    24ADH     0046H     UNIT         ?PR?_DP_DOWNLOAD_FACTORY_OP_HANDLE?PROTOCOL
            CODE    24F3H     0045H     UNIT         ?PR?_READ_AD?HC_MCU_XBR
            CODE    2538H     0042H     UNIT         ?PR?_MCU_DP_BOOL_UPDATE?MCU_API
            CODE    257AH     003FH     UNIT         ?PR?_DP_DOWNLOAD_SWITCH_LED2_HANDLE?PROTOCOL
            CODE    25B9H     003DH     UNIT         ?PR?_ZIGBEE_UART_WRITE_DATA?SYSTEM
            CODE    25F6H     003DH     UNIT         ?PR?QUEUE_READ_BYTE?SYSTEM
            CODE    2633H     003CH     UNIT         ?PR?_UART_RECEIVE_INPUT?MCU_API
            CODE    266FH     003CH     UNIT         ?PR?_SET_ZIGBEE_UART_BUFFER?SYSTEM
            CODE    26ABH     0038H     UNIT         ?PR?_MY_MEMSET?MCU_API
            CODE    26E3H     0035H     UNIT         ?PR?_MCU_DP_ENUM_UPDATE?MCU_API
            CODE    2718H     0032H     UNIT         ?PR?_FLASH_READARR?HC_MCU_XBR
            CODE    274AH     0032H     UNIT         ?PR?_DP_DOWNLOAD_SWITCH_XBR_HANDLE?PROTOCOL
            CODE    277CH     0031H     UNIT         ?PR?UART1_INIT?HC_MCU_XBR
            CODE    27ADH     002DH     UNIT         ?PR?_GET_CHECK_SUM?SYSTEM
            CODE    27DAH     002DH     UNIT         ?CO?SYSTEM
            CODE    2807H     002CH     UNIT         ?PR?_DP_DOWNLOAD_SWITCH_LINKAGE_HANDLE?PROTOCOL
            CODE    2833H     0028H     UNIT         ?PR?_DELAY_MS?HC_MCU_XBR
            CODE    285BH     0027H     UNIT         ?PR?_FLASH_WRITEDATA?HC_MCU_XBR
            CODE    2882H     0026H     UNIT         ?PR?_DP_DOWNLOAD_CLEAR_TRIGGER_NUMBER_HANDLE?PROTOCOL
            CODE    28A8H     0025H     UNIT         ?PR?_FLASH_ERASEBLOCK?HC_MCU_XBR
            CODE    28CDH     0024H     UNIT         ?PR?_DP_DOWNLOAD_ALL_DAY_MICRO_LIGHT_HANDLE?PROTOCOL
            CODE    28F1H     0022H     UNIT         ?PR?_SET_ZIGBEE_STATE?SYSTEM
            CODE    2913H     0021H     UNIT         ?PR?_GET_DOWMLOAD_DPID_INDEX?SYSTEM
            CODE    2934H     001EH     UNIT         ?PR?TIMER_INIT?HC_MCU_XBR
            CODE    2952H     001CH     UNIT         ?PR?GPIO_INIT?HC_MCU_XBR
            CODE    296EH     001BH     UNIT         ?PR?_DELAY_US?HC_MCU_XBR
            CODE    2989H     0017H     UNIT         ?PR?INITSYS?HC_MCU_XBR
            CODE    29A0H     0017H     UNIT         ?PR?ADC_INIT?HC_MCU_XBR
            CODE    29B7H     0015H     UNIT         ?PR?_DP_DOWNLOAD_SWITCH_LED_HANDLE?PROTOCOL
            CODE    29CCH     0014H     UNIT         ?PR?_SET_ZIGBEE_UART_BYTE?SYSTEM
            CODE    29E0H     0013H     UNIT         ?PR?GO_BOOTLOADER_OTA?PROTOCOL
            CODE    29F3H     0012H     UNIT         ?PR?MCU_NETWORK_START?MCU_API
            CODE    2A05H     0011H     UNIT         ?PR?MCU_RESET_ZIGBEE?MCU_API
            CODE    2A16H     0011H     UNIT         ?PR?IAR_SOFT_RST_NO_OPTION?PROTOCOL
            CODE    2A27H     0011H     UNIT         ?PR?IAR_SOFT_RST_OPTION?PROTOCOL
            CODE    2A38H     000EH     UNIT         ?PR?GET_QUEUE_TOTAL_DATA?SYSTEM
            CODE    2A46H     000BH     UNIT         ?PR?_SEND_DATA?HC_MCU_XBR
BL51 BANKED LINKER/LOCATER V6.22                                                      01/25/2021  18:17:58  PAGE 5


            CODE    2A51H     000AH     UNIT         ?PR?_ZIGBEE_STATE_CMD_HANDLE?SYSTEM
            CODE    2A5BH     0009H     UNIT         ?PR?_MCU_GET_DP_DOWNLOAD_BOOL?MCU_API
            CODE    2A64H     0009H     UNIT         ?PR?_MCU_GET_DP_DOWNLOAD_ENUM?MCU_API
            CODE    2A6DH     0009H     UNIT         ?PR?_SEQ_NUM_SET?SYSTEM
            CODE    2A76H     0009H     UNIT         ?PR?SEQ_NUM_GET?SYSTEM
            CODE    2A7FH     0008H     UNIT         ?PR?_MCU_GET_DP_DOWNLOAD_VALUE?MCU_API
            CODE    2A87H     0008H     UNIT         ?PR?CMD1?SYSTEM
            CODE    2A8FH     0007H     UNIT         ?PR?_MCU_WRITE_RTCTIME?PROTOCOL
            CODE    2A96H     0003H     UNIT         ?PR?_UART_TRANSMIT_OUTPUT?PROTOCOL
            CODE    2A99H     0003H     UNIT         ?PR?GET_DOWNLOAD_CMD_TOTAL?PROTOCOL
            CODE    2A9CH     0003H     UNIT         ?PR?SOFT_RESET_MCU?PROTOCOL
            CODE    2A9FH     0003H     UNIT         ?PR?TUYA_RE_CONFIG_NETWORK?PROTOCOL
            CODE    2AA2H     0003H     UNIT         ?PR?TUYA_RESET_MODULE?PROTOCOL
            CODE    2AA5H     0003H     UNIT         ?PR?_ZIGBEE_DATA_RSP_HANDLE?SYSTEM
            CODE    2AA8H     0001H     UNIT         ?PR?ZIGBEE_CFG_CMD_HANDLE?SYSTEM



OVERLAY MAP OF MODULE:   .\Objects\HC-MCU-XBR (?C_STARTUP)


SEGMENT                                            DATA_GROUP          XDATA_GROUP
  +--> CALLED SEGMENT                            START    LENGTH     START    LENGTH
------------------------------------------------------------------------------------
?C_C51STARTUP                                    -----    -----      -----    -----
  +--> ?PR?MAIN?HC_MCU_XBR
  +--> ?C_INITSEG

?PR?MAIN?HC_MCU_XBR                              0008H    0001H      -----    -----
  +--> ?PR?ZIGBEE_PROTOCOL_INIT?MCU_API
  +--> ?PR?INITSYS?HC_MCU_XBR
  +--> ?PR?GPIO_INIT?HC_MCU_XBR
  +--> ?PR?TIMER_INIT?HC_MCU_XBR
  +--> ?PR?UART1_INIT?HC_MCU_XBR
  +--> ?PR?ADC_INIT?HC_MCU_XBR
  +--> ?PR?_DELAY_MS?HC_MCU_XBR
  +--> ?PR?_READ_AD?HC_MCU_XBR
  +--> ?PR?SET_VAR?HC_MCU_XBR
  +--> ?PR?_PWM3INIT?HC_MCU_XBR
  +--> ?PR?WAIT1?HC_MCU_XBR
  +--> ?PR?WAIT2?HC_MCU_XBR
  +--> ?PR?RESET_BT_MODULE?PROTOCOL
  +--> ?PR?SAVEVAR?HC_MCU_XBR
  +--> ?PR?_MCU_DP_ENUM_UPDATE?MCU_API
  +--> ?PR?_MCU_DP_VALUE_UPDATE?MCU_API
  +--> ?PR?ZIGBEE_UART_SERVICE?MCU_API
  +--> ?PR?XBRHANDLE?HC_MCU_XBR

?PR?ADC_INIT?HC_MCU_XBR                          -----    -----      -----    -----
  +--> ?PR?_DELAY_US?HC_MCU_XBR

?PR?_DELAY_US?HC_MCU_XBR                         -----    -----      -----    -----
  +--> ?PR?_FLASH_WRITEDATA?HC_MCU_XBR

?PR?_READ_AD?HC_MCU_XBR                          -----    -----      -----    -----
  +--> ?PR?_DELAY_US?HC_MCU_XBR

BL51 BANKED LINKER/LOCATER V6.22                                                      01/25/2021  18:17:58  PAGE 6


?PR?SET_VAR?HC_MCU_XBR                           -----    -----      -----    -----
  +--> ?PR?_FLASH_READARR?HC_MCU_XBR
  +--> ?PR?_FLASH_ERASEBLOCK?HC_MCU_XBR
  +--> ?PR?_DELAY_US?HC_MCU_XBR
  +--> ?PR?_FLASH_WRITEDATA?HC_MCU_XBR
  +--> ?PR?RESET_BT_MODULE?PROTOCOL

?PR?_FLASH_READARR?HC_MCU_XBR                    0009H    0005H      -----    -----

?PR?RESET_BT_MODULE?PROTOCOL                     -----    -----      -----    -----
  +--> ?PR?MCU_NETWORK_START?MCU_API

?PR?MCU_NETWORK_START?MCU_API                    -----    -----      -----    -----
  +--> ?PR?_SET_ZIGBEE_UART_BYTE?SYSTEM
  +--> ?PR?_ZIGBEE_UART_WRITE_FRAME?SYSTEM

?PR?_ZIGBEE_UART_WRITE_FRAME?SYSTEM              0030H    0002H      -----    -----
  +--> ?PR?SEQ_NUM_GET?SYSTEM
  +--> ?PR?_SEQ_NUM_SET?SYSTEM
  +--> ?PR?_GET_CHECK_SUM?SYSTEM
  +--> ?PR?_ZIGBEE_UART_WRITE_DATA?SYSTEM

?PR?_GET_CHECK_SUM?SYSTEM                        0032H    0005H      -----    -----

?PR?_ZIGBEE_UART_WRITE_DATA?SYSTEM               0032H    0005H      -----    -----
  +--> ?PR?_UART_TRANSMIT_OUTPUT?PROTOCOL

?PR?_UART_TRANSMIT_OUTPUT?PROTOCOL               -----    -----      -----    -----
  +--> ?PR?_SEND_DATA?HC_MCU_XBR

?PR?_PWM3INIT?HC_MCU_XBR                         000BH    0004H      -----    -----

?PR?WAIT1?HC_MCU_XBR                             0009H    0002H      -----    -----
  +--> ?PR?_DELAY_MS?HC_MCU_XBR

?PR?WAIT2?HC_MCU_XBR                             0009H    0005H      -----    -----

?PR?SAVEVAR?HC_MCU_XBR                           -----    -----      -----    -----
  +--> ?PR?_FLASH_ERASEBLOCK?HC_MCU_XBR
  +--> ?PR?_DELAY_US?HC_MCU_XBR
  +--> ?PR?_FLASH_WRITEDATA?HC_MCU_XBR

?PR?_MCU_DP_ENUM_UPDATE?MCU_API                  0028H    0001H      -----    -----
  +--> ?PR?_SET_ZIGBEE_UART_BYTE?SYSTEM
  +--> ?PR?_ZIGBEE_UART_WRITE_FRAME?SYSTEM

?PR?_MCU_DP_VALUE_UPDATE?MCU_API                 002BH    0005H      -----    -----
  +--> ?PR?_SET_ZIGBEE_UART_BYTE?SYSTEM
  +--> ?PR?_ZIGBEE_UART_WRITE_FRAME?SYSTEM

?PR?ZIGBEE_UART_SERVICE?MCU_API                  0009H    0008H      -----    -----
  +--> ?PR?GET_QUEUE_TOTAL_DATA?SYSTEM
  +--> ?PR?QUEUE_READ_BYTE?SYSTEM
  +--> ?PR?_GET_CHECK_SUM?SYSTEM
  +--> ?PR?_DATA_HANDLE?SYSTEM
  +--> ?PR?_MY_MEMCPY?MCU_API

BL51 BANKED LINKER/LOCATER V6.22                                                      01/25/2021  18:17:58  PAGE 7


?PR?GET_QUEUE_TOTAL_DATA?SYSTEM                  -----    -----      -----    -----
  +--> ?PR?ZIGBEE_PROTOCOL_INIT?MCU_API

?PR?_DATA_HANDLE?SYSTEM                          0011H    0008H      -----    -----
  +--> ?PR?_SEQ_NUM_SET?SYSTEM
  +--> ?PR?_SET_ZIGBEE_STATE?SYSTEM
  +--> ?PR?CMD0?SYSTEM
  +--> ?PR?CMD1?SYSTEM
  +--> ?PR?PRODUCT_INFO_CMD_HANDLE?SYSTEM
  +--> ?PR?_ZIGBEE_STATE_CMD_HANDLE?SYSTEM
  +--> ?PR?ZIGBEE_CFG_CMD_HANDLE?SYSTEM
  +--> ?PR?_ZIGBEE_DATA_POINT_HANDLE?SYSTEM
  +--> ?PR?SAVEVAR?HC_MCU_XBR
  +--> ?PR?_ZIGBEE_DATA_RSP_HANDLE?SYSTEM
  +--> ?PR?_ZIGBEE_TIME_GET_HANDLE?SYSTEM

?PR?_SET_ZIGBEE_STATE?SYSTEM                     -----    -----      -----    -----
  +--> ?PR?ALL_DATA_UPDATE?PROTOCOL
  +--> ?PR?SAVEVAR?HC_MCU_XBR

?PR?ALL_DATA_UPDATE?PROTOCOL                     0019H    0001H      -----    -----
  +--> ?PR?_MCU_DP_BOOL_UPDATE?MCU_API
  +--> ?PR?_MCU_DP_VALUE_UPDATE?MCU_API
  +--> ?PR?_MCU_DP_ENUM_UPDATE?MCU_API

?PR?_MCU_DP_BOOL_UPDATE?MCU_API                  0028H    0001H      -----    -----
  +--> ?PR?_SET_ZIGBEE_UART_BYTE?SYSTEM
  +--> ?PR?_ZIGBEE_UART_WRITE_FRAME?SYSTEM

?PR?CMD0?SYSTEM                                  -----    -----      -----    -----
  +--> ?PR?_SET_ZIGBEE_UART_BYTE?SYSTEM
  +--> ?PR?_ZIGBEE_UART_WRITE_FRAME?SYSTEM

?PR?CMD1?SYSTEM                                  -----    -----      -----    -----
  +--> ?PR?_ZIGBEE_UART_WRITE_FRAME?SYSTEM

?PR?PRODUCT_INFO_CMD_HANDLE?SYSTEM               0019H    0001H      -----    -----
  +--> ?CO?SYSTEM
  +--> ?PR?_MY_STRLEN?MCU_API
  +--> ?PR?_SET_ZIGBEE_UART_BUFFER?SYSTEM
  +--> ?PR?_ZIGBEE_UART_WRITE_FRAME?SYSTEM

?PR?_MY_STRLEN?MCU_API                           001AH    0007H      -----    -----

?PR?_SET_ZIGBEE_UART_BUFFER?SYSTEM               001AH    0007H      -----    -----
  +--> ?PR?_MY_MEMCPY?MCU_API

?PR?_MY_MEMCPY?MCU_API                           0021H    0010H      -----    -----

?PR?_ZIGBEE_STATE_CMD_HANDLE?SYSTEM              0019H    0001H      -----    -----
  +--> ?PR?_ZIGBEE_UART_WRITE_FRAME?SYSTEM

?PR?_ZIGBEE_DATA_POINT_HANDLE?SYSTEM             0019H    0007H      -----    -----
  +--> ?PR?_GET_DOWMLOAD_DPID_INDEX?SYSTEM
  +--> ?PR?_DP_DOWNLOAD_HANDLE?PROTOCOL

?PR?_GET_DOWMLOAD_DPID_INDEX?SYSTEM              0020H    0001H      -----    -----
BL51 BANKED LINKER/LOCATER V6.22                                                      01/25/2021  18:17:58  PAGE 8


  +--> ?PR?GET_DOWNLOAD_CMD_TOTAL?PROTOCOL

?PR?_DP_DOWNLOAD_HANDLE?PROTOCOL                 0020H    0007H      -----    -----
  +--> ?PR?_DP_DOWNLOAD_SWITCH_LED_HANDLE?PR...
  +--> ?PR?_DP_DOWNLOAD_BRIGHT_VALUE_HANDLE?...
  +--> ?PR?_DP_DOWNLOAD_CDS_HANDLE?PROTOCOL
  +--> ?PR?_DP_DOWNLOAD_PIR_DELAY_HANDLE?PRO...
  +--> ?PR?_DP_DOWNLOAD_SWITCH_XBR_HANDLE?PR...
  +--> ?PR?_DP_DOWNLOAD_STANDBY_TIME_HANDLE?...
  +--> ?PR?_DP_DOWNLOAD_SENSE_STRESS_HANDLE?...
  +--> ?PR?_DP_DOWNLOAD_SWITCH_LED2_HANDLE?P...
  +--> ?PR?_DP_DOWNLOAD_SWITCH_LINKAGE_HANDL...
  +--> ?PR?_DP_DOWNLOAD_ALL_DAY_MICRO_LIGHT_...
  +--> ?PR?_DP_DOWNLOAD_CLEAR_TRIGGER_NUMBER...
  +--> ?PR?_DP_DOWNLOAD_FACTORY_OP_HANDLE?PR...

?PR?_DP_DOWNLOAD_SWITCH_LED_HANDLE?PR...         0027H    0001H      -----    -----
  +--> ?PR?_MCU_GET_DP_DOWNLOAD_BOOL?MCU_API
  +--> ?PR?_MCU_DP_BOOL_UPDATE?MCU_API

?PR?_MCU_GET_DP_DOWNLOAD_BOOL?MCU_API            0028H    0002H      -----    -----

?PR?_DP_DOWNLOAD_BRIGHT_VALUE_HANDLE?...         0027H    0004H      -----    -----
  +--> ?PR?_MCU_GET_DP_DOWNLOAD_VALUE?MCU_API
  +--> ?PR?SAVEVAR?HC_MCU_XBR
  +--> ?PR?_MCU_DP_VALUE_UPDATE?MCU_API

?PR?_MCU_GET_DP_DOWNLOAD_VALUE?MCU_API           002BH    0002H      -----    -----
  +--> ?PR?_BYTE_TO_INT?MCU_API

?PR?_BYTE_TO_INT?MCU_API                         002DH    0004H      -----    -----

?PR?_DP_DOWNLOAD_CDS_HANDLE?PROTOCOL             -----    -----      -----    -----
  +--> ?PR?_MCU_GET_DP_DOWNLOAD_ENUM?MCU_API
  +--> ?PR?SAVEVAR?HC_MCU_XBR
  +--> ?PR?_MCU_DP_ENUM_UPDATE?MCU_API

?PR?_MCU_GET_DP_DOWNLOAD_ENUM?MCU_API            0028H    0002H      -----    -----

?PR?_DP_DOWNLOAD_PIR_DELAY_HANDLE?PRO...         0027H    0004H      -----    -----
  +--> ?PR?_MCU_GET_DP_DOWNLOAD_VALUE?MCU_API
  +--> ?PR?SAVEVAR?HC_MCU_XBR
  +--> ?PR?_MCU_DP_VALUE_UPDATE?MCU_API

?PR?_DP_DOWNLOAD_SWITCH_XBR_HANDLE?PR...         -----    -----      -----    -----
  +--> ?PR?_MCU_GET_DP_DOWNLOAD_BOOL?MCU_API
  +--> ?PR?SAVEVAR?HC_MCU_XBR
  +--> ?PR?_MCU_DP_BOOL_UPDATE?MCU_API

?PR?_DP_DOWNLOAD_STANDBY_TIME_HANDLE?...         0027H    0004H      -----    -----
  +--> ?PR?_MCU_GET_DP_DOWNLOAD_VALUE?MCU_API
  +--> ?PR?SAVEVAR?HC_MCU_XBR
  +--> ?PR?_MCU_DP_VALUE_UPDATE?MCU_API

?PR?_DP_DOWNLOAD_SENSE_STRESS_HANDLE?...         0027H    0004H      -----    -----
  +--> ?PR?_MCU_GET_DP_DOWNLOAD_VALUE?MCU_API
  +--> ?PR?SAVEVAR?HC_MCU_XBR
BL51 BANKED LINKER/LOCATER V6.22                                                      01/25/2021  18:17:58  PAGE 9


  +--> ?PR?_MCU_DP_VALUE_UPDATE?MCU_API

?PR?_DP_DOWNLOAD_SWITCH_LED2_HANDLE?P...         -----    -----      -----    -----
  +--> ?PR?_MCU_GET_DP_DOWNLOAD_BOOL?MCU_API
  +--> ?PR?_MCU_DP_BOOL_UPDATE?MCU_API

?PR?_DP_DOWNLOAD_SWITCH_LINKAGE_HANDL...         -----    -----      -----    -----
  +--> ?PR?_MCU_GET_DP_DOWNLOAD_BOOL?MCU_API
  +--> ?PR?_MCU_DP_BOOL_UPDATE?MCU_API

?PR?_DP_DOWNLOAD_ALL_DAY_MICRO_LIGHT_...         -----    -----      -----    -----
  +--> ?PR?_MCU_GET_DP_DOWNLOAD_BOOL?MCU_API
  +--> ?PR?_MCU_DP_BOOL_UPDATE?MCU_API

?PR?_DP_DOWNLOAD_CLEAR_TRIGGER_NUMBER...         -----    -----      -----    -----
  +--> ?PR?_MCU_GET_DP_DOWNLOAD_BOOL?MCU_API
  +--> ?PR?_MCU_DP_VALUE_UPDATE?MCU_API

?PR?_DP_DOWNLOAD_FACTORY_OP_HANDLE?PR...         0027H    0001H      -----    -----
  +--> ?PR?_MCU_GET_DP_DOWNLOAD_ENUM?MCU_API
  +--> ?PR?SOFT_RESET_MCU?PROTOCOL
  +--> ?PR?GO_BOOTLOADER_OTA?PROTOCOL
  +--> ?PR?TUYA_RE_CONFIG_NETWORK?PROTOCOL
  +--> ?PR?TUYA_RESET_MODULE?PROTOCOL
  +--> ?PR?TUYA_RETRY_OTA?PROTOCOL
  +--> ?PR?RESET_DEFAULT_PARAMETER?PROTOCOL
  +--> ?PR?_MCU_DP_ENUM_UPDATE?MCU_API

?PR?SOFT_RESET_MCU?PROTOCOL                      -----    -----      -----    -----
  +--> ?PR?IAR_SOFT_RST_NO_OPTION?PROTOCOL

?PR?GO_BOOTLOADER_OTA?PROTOCOL                   -----    -----      -----    -----
  +--> ?PR?_FLASH_ERASEBLOCK?HC_MCU_XBR
  +--> ?PR?_FLASH_WRITEDATA?HC_MCU_XBR
  +--> ?PR?IAR_SOFT_RST_OPTION?PROTOCOL

?PR?TUYA_RE_CONFIG_NETWORK?PROTOCOL              -----    -----      -----    -----
  +--> ?PR?MCU_NETWORK_START?MCU_API

?PR?TUYA_RESET_MODULE?PROTOCOL                   -----    -----      -----    -----
  +--> ?PR?MCU_RESET_ZIGBEE?MCU_API

?PR?MCU_RESET_ZIGBEE?MCU_API                     -----    -----      -----    -----
  +--> ?PR?_SET_ZIGBEE_UART_BYTE?SYSTEM
  +--> ?PR?_ZIGBEE_UART_WRITE_FRAME?SYSTEM

?PR?_ZIGBEE_DATA_RSP_HANDLE?SYSTEM               0019H    0001H      -----    -----

?PR?_ZIGBEE_TIME_GET_HANDLE?SYSTEM               0019H    000DH      00F1H    0010H
  +--> ?PR?_MY_MEMSET?MCU_API
  +--> ?PR?_ZIGBEE_TIME_CONVERT?SYSTEM
  +--> ?PR?_MCU_WRITE_RTCTIME?PROTOCOL

?PR?_MY_MEMSET?MCU_API                           0026H    0009H      -----    -----

?PR?_ZIGBEE_TIME_CONVERT?SYSTEM                  0026H    0016H      -----    -----
  +--> ?CO?SYSTEM
BL51 BANKED LINKER/LOCATER V6.22                                                      01/25/2021  18:17:58  PAGE 10



?PR?_MCU_WRITE_RTCTIME?PROTOCOL                  0026H    0003H      -----    -----

?PR?XBRHANDLE?HC_MCU_XBR                         0009H    0002H      -----    -----
  +--> ?PR?_PWM3INIT?HC_MCU_XBR
  +--> ?PR?_READ_AD?HC_MCU_XBR
  +--> ?PR?_DELAY_MS?HC_MCU_XBR

*** NEW ROOT ***************************************************

?PR?UART1_RPT?HC_MCU_XBR                         -----    -----      -----    -----
  +--> ?PR?_UART_RECEIVE_INPUT?MCU_API



SYMBOL TABLE OF MODULE:  .\Objects\HC-MCU-XBR (?C_STARTUP)

  VALUE           TYPE          NAME
  ----------------------------------

  -------         MODULE        ?C_STARTUP
  C:1E7CH         SEGMENT       ?C_C51STARTUP
  I:0051H         SEGMENT       ?STACK
  C:0000H         PUBLIC        ?C_STARTUP
  D:00E0H         SYMBOL        ACC
  D:00F0H         SYMBOL        B
  D:0083H         SYMBOL        DPH
  D:0082H         SYMBOL        DPL
  N:0000H         SYMBOL        IBPSTACK
  N:0100H         SYMBOL        IBPSTACKTOP
  N:0080H         SYMBOL        IDATALEN
  C:1E7FH         SYMBOL        IDATALOOP
  N:0000H         SYMBOL        PBPSTACK
  N:0100H         SYMBOL        PBPSTACKTOP
  N:0000H         SYMBOL        PDATALEN
  N:0000H         SYMBOL        PDATASTART
  N:0000H         SYMBOL        PPAGE
  N:0000H         SYMBOL        PPAGEENABLE
  D:00A0H         SYMBOL        PPAGE_SFR
  D:0081H         SYMBOL        SP
  C:1E7CH         SYMBOL        STARTUP1
  N:0000H         SYMBOL        XBPSTACK
  N:0000H         SYMBOL        XBPSTACKTOP
  N:0000H         SYMBOL        XDATALEN
  N:0000H         SYMBOL        XDATASTART
  C:0000H         LINE#         126
  C:1E7CH         LINE#         133
  C:1E7EH         LINE#         134
  C:1E7FH         LINE#         135
  C:1E80H         LINE#         136
  C:1E82H         LINE#         185
  C:1E85H         LINE#         196
  -------         ENDMOD        ?C_STARTUP

  -------         MODULE        HC_MCU_XBR
  C:0000H         SYMBOL        _ICE_DUMMY_
  X:FF08H         PUBLIC        P1M0
BL51 BANKED LINKER/LOCATER V6.22                                                      01/25/2021  18:17:58  PAGE 11


  X:FF01H         PUBLIC        P0M1
  X:0000H         PUBLIC        Light_on_flagpre
  X:FF10H         PUBLIC        P2M0
  X:FF02H         PUBLIC        P0M2
  D:0080H         PUBLIC        P0
  X:FF11H         PUBLIC        P2M1
  X:FF03H         PUBLIC        P0M3
  D:0090H         PUBLIC        P1
  X:FF12H         PUBLIC        P2M2
  D:00A0H         PUBLIC        P2
  X:0001H         PUBLIC        check_light_times
  X:FF13H         PUBLIC        P2M3
  X:0002H         PUBLIC        radar_number_send_flag
  X:0003H         PUBLIC        lowlight1minflag
  X:0004H         PUBLIC        light_status_xxx_last
  B:00A8H.7       PUBLIC        EA
  C:2466H         PUBLIC        UART1_Rpt
  X:0005H         PUBLIC        radar_number_count
  X:FE94H         PUBLIC        XTALCFG
  X:0007H         PUBLIC        SUM1_counter
  D:00A8H         PUBLIC        IE
  B:0080H.0       PUBLIC        P0_0
  D:00FCH         PUBLIC        IAP_CMD
  X:0008H         PUBLIC        guc_Read_a1
  D:00F8H         PUBLIC        RSTFR
  B:0080H.4       PUBLIC        P0_4
  X:000AH         PUBLIC        lowlight1mincount
  X:000CH         PUBLIC        alarm_times
  X:FF91H         PUBLIC        PWM01_MAP
  C:2989H         PUBLIC        InitSYS
  X:000DH         PUBLIC        LIGHT_off
  X:FF95H         PUBLIC        PWM11_MAP
  X:FF99H         PUBLIC        PWM21_MAP
  X:FE89H         PUBLIC        S2CON2
  D:00B6H         PUBLIC        ADCR
  X:000FH         PUBLIC        TH
  X:FEA2H         PUBLIC        CRCC
  X:FE85H         PUBLIC        T5CON1
  X:0013H         PUBLIC        all_day_micro_light_enable
  X:FFA5H         PUBLIC        SCK_MAP
  X:0014H         PUBLIC        SWITCHflag2
  X:0015H         PUBLIC        times
  X:0017H         PUBLIC        SUM0
  C:0F8EH         PUBLIC        main
  C:2952H         PUBLIC        GPIO_Init
  X:001BH         PUBLIC        SUM1
  X:FEA4H         PUBLIC        BORC
  X:001FH         PUBLIC        SUM2
  C:2A46H         PUBLIC        _send_data
  X:0023H         PUBLIC        SWITCHfXBR
  D:00BBH         PUBLIC        LVDC
  X:0024H         PUBLIC        radar_trig_times
  X:FFA1H         PUBLIC        RXD_MAP
  X:FEA5H         PUBLIC        BORDBC
  X:FFA0H         PUBLIC        TXD_MAP
  X:FEA7H         PUBLIC        LVDDBC
  D:0099H         PUBLIC        SBUF
BL51 BANKED LINKER/LOCATER V6.22                                                      01/25/2021  18:17:58  PAGE 12


  X:FEB8H         PUBLIC        PINTE0
  C:2833H         PUBLIC        _Delay_ms
  C:28A8H         PUBLIC        _Flash_EraseBlock
  X:0026H         PUBLIC        lowlightDELAY_NUM
  X:0027H         PUBLIC        MAX_DELTA
  X:FEB9H         PUBLIC        PINTE1
  D:00BDH         PUBLIC        WDTC
  X:002BH         PUBLIC        zigbee_join_cnt
  D:0098H         PUBLIC        SCON
  D:0089H         PUBLIC        TMOD
  D:0088H         PUBLIC        TCON
  X:002CH         PUBLIC        Light_on_flag
  X:002DH         PUBLIC        radar_number_send_flag2
  X:002EH         PUBLIC        start_times
  X:FE95H         PUBLIC        SPOV_RSTEN
  C:2977H         PUBLIC        _Delay_us
  X:0030H         PUBLIC        Linkage_flag
  X:0031H         PUBLIC        lightvalue
  D:00B4H         PUBLIC        ADCC0
  C:0026H         PUBLIC        XBRHandle
  D:00B5H         PUBLIC        ADCC1
  X:FE9BH         PUBLIC        ADCC2
  C:29A0H         PUBLIC        ADC_Init
  X:FE91H         PUBLIC        CLKDIV
  D:00B8H         PUBLIC        IE1
  X:0032H         PUBLIC        person_in_range_flag
  X:0033H         PUBLIC        light_ad
  D:0044H         PUBLIC        upload_disable
  X:0034H         PUBLIC        DELAY_NUM
  X:0036H         PUBLIC        radar_trig_times_last
  X:FF80H         PUBLIC        T0_MAP
  C:24F3H         PUBLIC        _read_ad
  X:FF81H         PUBLIC        T1_MAP
  X:FEAAH         PUBLIC        RSTDBC
  X:0038H         PUBLIC        resetbtcnt
  X:FF83H         PUBLIC        T3_MAP
  X:FF84H         PUBLIC        T4_MAP
  X:FF85H         PUBLIC        T5_MAP
  D:0045H         PUBLIC        Timer_Counter
  X:FEA0H         PUBLIC        WDTCCR
  D:0049H         PUBLIC        while_1flag
  D:004AH         PUBLIC        while_2flag
  C:1C5EH         PUBLIC        TIMER1_Rpt
  D:008CH         PUBLIC        TH0
  D:008DH         PUBLIC        TH1
  X:0039H         PUBLIC        stop_times
  X:003AH         PUBLIC        XRBoffbrightvalue
  D:00CEH         PUBLIC        TH4
  D:008AH         PUBLIC        TL0
  D:008BH         PUBLIC        TL1
  X:FE93H         PUBLIC        CLKOUT
  D:00CDH         PUBLIC        TL4
  D:00FBH         PUBLIC        IAP_DATA
  X:003BH         PUBLIC        SUM10
  X:003FH         PUBLIC        SUM01
  D:00F9H         PUBLIC        IAP_ADDR
  X:0043H         PUBLIC        person_in_range_flag_last
BL51 BANKED LINKER/LOCATER V6.22                                                      01/25/2021  18:17:58  PAGE 13


  X:0044H         PUBLIC        SUM0_num
  D:008EH         PUBLIC        CLKSWR
  X:0045H         PUBLIC        SUM1_num
  C:285BH         PUBLIC        _FLASH_WriteData
  X:0046H         PUBLIC        slowchcnt
  X:0047H         PUBLIC        calc_average_times
  I:004DH         PUBLIC        light1sflag
  X:0048H         PUBLIC        switchcnt
  X:0049H         PUBLIC        SUM16
  C:210AH         PUBLIC        _PWM3init
  X:004DH         PUBLIC        average
  X:004FH         PUBLIC        guc_Read_a
  X:FFA9H         PUBLIC        RXD2_MAP
  X:005BH         PUBLIC        ALL_SUM1
  X:FFA8H         PUBLIC        TXD2_MAP
  X:FE98H         PUBLIC        ADCWC
  X:FE8AH         PUBLIC        S2BUF
  X:FF90H         PUBLIC        PWM0_MAP
  C:277CH         PUBLIC        UART1_Init
  X:FFA4H         PUBLIC        SS_MAP
  X:FF94H         PUBLIC        PWM1_MAP
  X:FF98H         PUBLIC        PWM2_MAP
  X:FE88H         PUBLIC        S2CON
  X:FE80H         PUBLIC        TCON1
  D:009EH         PUBLIC        SCON2
  X:FF9CH         PUBLIC        PWM3_MAP
  C:21F2H         PUBLIC        wait1
  C:225CH         PUBLIC        wait2
  X:FF8FH         PUBLIC        CLKO_MAP
  X:FEBCH         PUBLIC        INT01_PINS
  D:00CCH         PUBLIC        T4CON
  X:FE92H         PUBLIC        FREQ_CLK
  D:00DDH         PUBLIC        PWM3C
  D:00DFH         PUBLIC        PWM3D
  I:004FH         PUBLIC        light1scount
  X:005FH         PUBLIC        light_status_xxx
  X:0060H         PUBLIC        light_ad0
  X:FEB0H         PUBLIC        PITS0
  X:FF05H         PUBLIC        P0LPU
  X:FEB1H         PUBLIC        PITS1
  X:FEB2H         PUBLIC        PITS2
  X:FEB3H         PUBLIC        PITS3
  X:0061H         PUBLIC        SUM
  C:2718H         PUBLIC        _Flash_ReadArr
  X:0065H         PUBLIC        LIGHT_TH
  C:1390H         PUBLIC        set_var
  X:FFA7H         PUBLIC        MISO_MAP
  X:FFA6H         PUBLIC        MOSI_MAP
  D:00DEH         PUBLIC        PWM3P
  X:0066H         PUBLIC        LIGHT
  C:2934H         PUBLIC        Timer_Init
  X:FF40H         PUBLIC        P00DBC
  D:00D0H         PUBLIC        PSW
  X:FF41H         PUBLIC        P01DBC
  C:1D21H         PUBLIC        savevar
  X:FF42H         PUBLIC        P02DBC
  X:FF00H         PUBLIC        P0M0
BL51 BANKED LINKER/LOCATER V6.22                                                      01/25/2021  18:17:58  PAGE 14


  -------         PROC          _FLASH_READARR
  D:0009H         SYMBOL        fui_Address
  D:0005H         SYMBOL        fuc_Length
  D:000BH         SYMBOL        fucp_SaveArr
  C:2718H         LINE#         108
  C:2722H         LINE#         109
  C:2722H         LINE#         110
  C:2728H         LINE#         111
  C:2749H         LINE#         112
  -------         ENDPROC       _FLASH_READARR
  -------         PROC          _DELAY_MS
  D:0082H         SYMBOL        t
  C:2833H         LINE#         114
  C:2837H         LINE#         115
  C:2837H         LINE#         116
  C:2840H         LINE#         117
  C:2855H         LINE#         118
  C:2855H         LINE#         119
  C:2858H         LINE#         120
  C:285AH         LINE#         121
  -------         ENDPROC       _DELAY_MS
  C:2970H         SYMBOL        L?0192
  -------         PROC          L?0191
  -------         ENDPROC       L?0191
  C:2970H         SYMBOL        L?0192
  -------         PROC          _DELAY_US
  D:0006H         SYMBOL        q1
  -------         DO            
  D:0004H         SYMBOL        j
  -------         ENDDO         
  C:2977H         LINE#         123
  C:2977H         LINE#         124
  C:2977H         LINE#         126
  C:2981H         LINE#         127
  C:2981H         LINE#         129
  C:2988H         LINE#         130
  -------         ENDPROC       _DELAY_US
  -------         PROC          INITSYS
  C:2989H         LINE#         138
  C:2989H         LINE#         139
  C:2989H         LINE#         142
  C:298CH         LINE#         143
  C:2992H         LINE#         144
  C:2996H         LINE#         152
  C:2999H         LINE#         153
  C:299FH         LINE#         155
  -------         ENDPROC       INITSYS
  -------         PROC          TIMER_INIT
  C:2934H         LINE#         163
  C:2934H         LINE#         164
  C:2934H         LINE#         166
  C:2939H         LINE#         167
  C:293CH         LINE#         179
  C:293FH         LINE#         180
  C:2942H         LINE#         181
  C:2945H         LINE#         182
  C:2948H         LINE#         184
BL51 BANKED LINKER/LOCATER V6.22                                                      01/25/2021  18:17:58  PAGE 15


  C:294BH         LINE#         185
  C:294EH         LINE#         187
  C:2951H         LINE#         188
  -------         ENDPROC       TIMER_INIT
  -------         PROC          UART1_INIT
  C:277CH         LINE#         196
  C:277CH         LINE#         197
  C:277CH         LINE#         199
  C:2785H         LINE#         200
  C:278EH         LINE#         201
  C:2790H         LINE#         202
  C:2796H         LINE#         203
  C:279AH         LINE#         204
  C:279DH         LINE#         220
  C:27A0H         LINE#         221
  C:27A3H         LINE#         222
  C:27A6H         LINE#         223
  C:27A9H         LINE#         224
  C:27ACH         LINE#         226
  -------         ENDPROC       UART1_INIT
  -------         PROC          ADC_INIT
  C:29A0H         LINE#         234
  C:29A0H         LINE#         235
  C:29A0H         LINE#         237
  C:29A3H         LINE#         238
  C:29A6H         LINE#         239
  C:29ADH         LINE#         250
  C:29B0H         LINE#         253
  C:29B6H         LINE#         254
  -------         ENDPROC       ADC_INIT
  -------         PROC          GPIO_INIT
  C:2952H         LINE#         262
  C:2952H         LINE#         263
  C:2952H         LINE#         303
  C:295BH         LINE#         305
  C:2964H         LINE#         307
  C:296DH         LINE#         342
  -------         ENDPROC       GPIO_INIT
  -------         PROC          _SEND_DATA
  D:0007H         SYMBOL        d
  C:2A46H         LINE#         344
  C:2A46H         LINE#         345
  C:2A46H         LINE#         346
  C:2A48H         LINE#         347
  C:2A4DH         LINE#         349
  C:2A50H         LINE#         350
  -------         ENDPROC       _SEND_DATA
  -------         PROC          _READ_AD
  D:0007H         SYMBOL        ch
  -------         DO            
  D:0001H         SYMBOL        i
  D:0002H         SYMBOL        ad_sum
  -------         ENDDO         
  C:24F3H         LINE#         353
  C:24F3H         LINE#         354
  C:24F3H         LINE#         358
  C:24F5H         LINE#         359
BL51 BANKED LINKER/LOCATER V6.22                                                      01/25/2021  18:17:58  PAGE 16


  C:24F8H         LINE#         360
  C:24FDH         LINE#         362
  C:2500H         LINE#         364
  C:2507H         LINE#         366
  C:250AH         LINE#         368
  C:250BH         LINE#         369
  C:250BH         LINE#         370
  C:250EH         LINE#         371
  C:2513H         LINE#         373
  C:2516H         LINE#         374
  C:251EH         LINE#         376
  C:2525H         LINE#         377
  C:2529H         LINE#         388
  C:252CH         LINE#         391
  C:252EH         LINE#         393
  C:2535H         LINE#         394
  C:2537H         LINE#         395
  -------         ENDPROC       _READ_AD
  -------         PROC          SET_VAR
  C:1390H         LINE#         397
  C:1390H         LINE#         398
  C:1390H         LINE#         400
  C:139FH         LINE#         402
  C:13AEH         LINE#         403
  C:13BFH         LINE#         404
  C:13D7H         LINE#         405
  C:13EDH         LINE#         406
  C:1414H         LINE#         407
  C:141EH         LINE#         409
  C:1426H         LINE#         411
  C:1428H         LINE#         412
  C:142AH         LINE#         413
  C:1431H         LINE#         414
  C:1434H         LINE#         416
  C:1441H         LINE#         417
  C:144AH         LINE#         418
  C:1458H         LINE#         419
  C:146CH         LINE#         420
  C:1475H         LINE#         423
  C:147DH         LINE#         425
  C:1481H         LINE#         427
  C:1489H         LINE#         428
  C:1491H         LINE#         429
  C:1497H         LINE#         431
  C:14A2H         LINE#         433
  C:14ACH         LINE#         435
  C:14B6H         LINE#         437
  C:14C0H         LINE#         439
  C:14CFH         LINE#         440
  C:14D7H         LINE#         441
  C:14DFH         LINE#         443
  C:14E6H         LINE#         444
  C:14EDH         LINE#         446
  C:14F3H         LINE#         448
  C:14FCH         LINE#         449
  C:1503H         LINE#         451
  C:1509H         LINE#         452
BL51 BANKED LINKER/LOCATER V6.22                                                      01/25/2021  18:17:58  PAGE 17


  C:1509H         LINE#         453
  C:150CH         LINE#         454
  C:150CH         LINE#         455
  C:1514H         LINE#         456
  C:1514H         LINE#         457
  C:151BH         LINE#         458
  C:1522H         LINE#         459
  C:1522H         LINE#         460
  -------         ENDPROC       SET_VAR
  -------         PROC          XBRHANDLE
  -------         DO            
  D:0009H         SYMBOL        k
  -------         ENDDO         
  C:0026H         LINE#         462
  C:0026H         LINE#         463
  C:0026H         LINE#         466
  C:002DH         LINE#         467
  C:002DH         LINE#         479
  C:0030H         LINE#         480
  C:0035H         LINE#         482
  C:0038H         LINE#         483
  C:003EH         LINE#         485
  C:0048H         LINE#         487
  C:005EH         LINE#         490
  C:006EH         LINE#         491
  C:006EH         LINE#         492
  C:0079H         LINE#         493
  C:007BH         LINE#         495
  C:007BH         LINE#         496
  C:0086H         LINE#         497
  C:0086H         LINE#         498
  C:009CH         LINE#         500
  C:00A8H         LINE#         501
  C:00A8H         LINE#         502
  C:00B7H         LINE#         503
  C:00B7H         LINE#         517
  C:00BDH         LINE#         519
  C:00BEH         LINE#         520
  C:00C0H         LINE#         521
  C:00CCH         LINE#         522
  C:00CCH         LINE#         532
  C:00D5H         LINE#         534
  C:00D8H         LINE#         535
  C:00D8H         LINE#         536
  C:00D8H         LINE#         538
  C:00E4H         LINE#         539
  C:00E4H         LINE#         541
  C:00E7H         LINE#         543
  C:00EBH         LINE#         545
  C:00F1H         LINE#         547
  C:0106H         LINE#         549
  C:010FH         LINE#         550
  C:010FH         LINE#         551
  C:0111H         LINE#         553
  C:0122H         LINE#         555
  C:0131H         LINE#         556
  C:013CH         LINE#         557
BL51 BANKED LINKER/LOCATER V6.22                                                      01/25/2021  18:17:58  PAGE 18


  C:0146H         LINE#         558
  C:0146H         LINE#         560
  C:014FH         LINE#         561
  C:014FH         LINE#         562
  C:0152H         LINE#         563
  C:0154H         LINE#         565
  C:0154H         LINE#         566
  C:015EH         LINE#         567
  C:015EH         LINE#         578
  C:0168H         LINE#         581
  C:0195H         LINE#         582
  C:019DH         LINE#         584
  C:01A5H         LINE#         586
  C:01AAH         LINE#         587
  C:01AAH         LINE#         588
  C:01AAH         LINE#         590
  C:01BBH         LINE#         591
  C:01BBH         LINE#         592
  C:01D5H         LINE#         593
  C:01F2H         LINE#         594
  C:01FCH         LINE#         595
  C:01FCH         LINE#         597
  C:0202H         LINE#         598
  C:0202H         LINE#         599
  C:020EH         LINE#         600
  C:0218H         LINE#         602
  C:0218H         LINE#         604
  C:0254H         LINE#         605
  C:0254H         LINE#         606
  C:025AH         LINE#         607
  C:026FH         LINE#         608
  C:0288H         LINE#         609
  C:0299H         LINE#         610
  C:02ACH         LINE#         611
  C:02B6H         LINE#         612
  C:02C9H         LINE#         613
  C:02D3H         LINE#         615
  C:02E5H         LINE#         616
  C:02E5H         LINE#         617
  C:02FAH         LINE#         618
  C:030EH         LINE#         619
  C:0316H         LINE#         620
  C:032CH         LINE#         621
  C:0331H         LINE#         626
  C:0331H         LINE#         627
  C:0337H         LINE#         628
  C:0337H         LINE#         630
  C:0356H         LINE#         631
  C:0356H         LINE#         632
  C:0361H         LINE#         633
  C:0361H         LINE#         634
  C:036AH         LINE#         635
  C:0372H         LINE#         636
  C:0392H         LINE#         637
  C:0392H         LINE#         638
  C:03A7H         LINE#         639
  C:03BCH         LINE#         640
BL51 BANKED LINKER/LOCATER V6.22                                                      01/25/2021  18:17:58  PAGE 19


  C:03BCH         LINE#         641
  C:03BCH         LINE#         642
  C:03BCH         LINE#         643
  C:03BCH         LINE#         644
  C:03BFH         LINE#         646
  C:03CFH         LINE#         647
  C:03CFH         LINE#         655
  C:03F2H         LINE#         656
  C:03F2H         LINE#         657
  C:0407H         LINE#         659
  C:0432H         LINE#         661
  C:0432H         LINE#         662
  C:043AH         LINE#         663
  C:043AH         LINE#         664
  C:043AH         LINE#         665
  C:043AH         LINE#         666
  C:043CH         LINE#         668
  C:043CH         LINE#         669
  C:0450H         LINE#         670
  C:0458H         LINE#         671
  C:046FH         LINE#         672
  C:0474H         LINE#         674
  C:0477H         LINE#         675
  C:0484H         LINE#         676
  C:0484H         LINE#         677
  C:0499H         LINE#         678
  C:04AEH         LINE#         679
  C:04AEH         LINE#         680
  C:04AEH         LINE#         681
  C:04AEH         LINE#         682
  C:04AEH         LINE#         689
  C:04BBH         LINE#         690
  C:04BBH         LINE#         691
  C:04BCH         LINE#         692
  C:04BCH         LINE#         693
  C:04BCH         LINE#         694
  C:04BCH         LINE#         695
  C:04BEH         LINE#         697
  C:04BEH         LINE#         698
  C:04C3H         LINE#         699
  C:04CDH         LINE#         700
  C:04CDH         LINE#         702
  C:04D6H         LINE#         703
  C:04D6H         LINE#         704
  C:04D9H         LINE#         705
  C:051FH         LINE#         706
  C:0539H         LINE#         707
  C:053CH         LINE#         709
  C:053CH         LINE#         711
  C:054BH         LINE#         712
  C:054BH         LINE#         713
  C:0552H         LINE#         715
  C:0561H         LINE#         716
  C:0561H         LINE#         724
  C:0575H         LINE#         725
  C:0575H         LINE#         726
  C:057FH         LINE#         727
BL51 BANKED LINKER/LOCATER V6.22                                                      01/25/2021  18:17:58  PAGE 20


  C:0581H         LINE#         729
  C:0581H         LINE#         730
  C:0596H         LINE#         731
  C:05AAH         LINE#         732
  C:05AAH         LINE#         733
  C:05C6H         LINE#         734
  C:05C6H         LINE#         736
  C:05C6H         LINE#         737
  C:05C6H         LINE#         739
  C:05C6H         LINE#         745
  C:05C6H         LINE#         746
  C:05C6H         LINE#         748
  C:05E1H         LINE#         749
  C:05E1H         LINE#         754
  C:05FDH         LINE#         755
  C:05FDH         LINE#         763
  C:05FDH         LINE#         764
  C:0607H         LINE#         765
  C:0613H         LINE#         766
  C:061BH         LINE#         767
  C:061FH         LINE#         786
  C:0629H         LINE#         788
  C:062FH         LINE#         790
  C:0635H         LINE#         791
  C:063CH         LINE#         792
  C:0641H         LINE#         793
  C:0646H         LINE#         795
  C:0646H         LINE#         796
  C:0646H         LINE#         797
  C:0646H         LINE#         798
  C:0646H         LINE#         800
  C:0652H         LINE#         809
  C:065CH         LINE#         810
  C:0666H         LINE#         812
  C:0676H         LINE#         813
  C:0676H         LINE#         824
  C:0685H         LINE#         825
  C:0685H         LINE#         826
  C:068CH         LINE#         827
  C:068FH         LINE#         828
  C:0693H         LINE#         829
  C:0697H         LINE#         832
  C:0697H         LINE#         833
  C:0697H         LINE#         834
  C:0697H         LINE#         835
  C:0698H         LINE#         837
  C:0698H         LINE#         838
  C:06A0H         LINE#         839
  C:06A3H         LINE#         849
  C:06A9H         LINE#         850
  C:06ADH         LINE#         854
  C:06B3H         LINE#         860
  C:06BDH         LINE#         861
  C:06C2H         LINE#         862
  C:06C8H         LINE#         864
  C:06CEH         LINE#         866
  C:06D4H         LINE#         868
BL51 BANKED LINKER/LOCATER V6.22                                                      01/25/2021  18:17:58  PAGE 21


  C:06D9H         LINE#         869
  C:06E3H         LINE#         873
  C:06E3H         LINE#         874
  -------         ENDPROC       XBRHANDLE
  -------         PROC          WAIT1
  -------         DO            
  D:0009H         SYMBOL        i
  D:000AH         SYMBOL        j
  -------         ENDDO         
  C:21F2H         LINE#         876
  C:21F2H         LINE#         877
  C:21F2H         LINE#         881
  C:21F5H         LINE#         882
  C:21F5H         LINE#         883
  C:21F5H         LINE#         884
  C:21FFH         LINE#         902
  C:2202H         LINE#         903
  C:2202H         LINE#         905
  C:2205H         LINE#         906
  C:220AH         LINE#         908
  C:220DH         LINE#         911
  C:2223H         LINE#         912
  C:222AH         LINE#         931
  C:2231H         LINE#         935
  C:223EH         LINE#         936
  C:2251H         LINE#         937
  C:2251H         LINE#         939
  C:2253H         LINE#         941
  C:225AH         LINE#         942
  C:225BH         LINE#         944
  -------         ENDPROC       WAIT1
  -------         PROC          WAIT2
  -------         DO            
  D:0009H         SYMBOL        i
  D:000AH         SYMBOL        k
  D:000CH         SYMBOL        t
  -------         ENDDO         
  C:225CH         LINE#         945
  C:225CH         LINE#         946
  C:225CH         LINE#         951
  C:2266H         LINE#         953
  C:2269H         LINE#         954
  C:2269H         LINE#         955
  C:226EH         LINE#         956
  C:226EH         LINE#         967
  C:2271H         LINE#         968
  C:2276H         LINE#         970
  C:2279H         LINE#         971
  C:227FH         LINE#         973
  C:2295H         LINE#         974
  C:22A5H         LINE#         975
  C:22A8H         LINE#         976
  C:22AFH         LINE#         978
  C:22C2H         LINE#         984
  -------         ENDPROC       WAIT2
  -------         PROC          _PWM3INIT
  D:0007H         SYMBOL        ab
BL51 BANKED LINKER/LOCATER V6.22                                                      01/25/2021  18:17:58  PAGE 22


  -------         DO            
  D:000BH         SYMBOL        i11
  D:0006H         SYMBOL        j11
  -------         ENDDO         
  C:210AH         LINE#         986
  C:210AH         LINE#         987
  C:210AH         LINE#         991
  C:210DH         LINE#         992
  C:210DH         LINE#         993
  C:2111H         LINE#         994
  C:2111H         LINE#         995
  C:2113H         LINE#         996
  C:2116H         LINE#         997
  C:2116H         LINE#         998
  C:211BH         LINE#         999
  C:2120H         LINE#         1000
  C:2122H         LINE#         1002
  C:2122H         LINE#         1003
  C:2128H         LINE#         1004
  C:212DH         LINE#         1005
  C:212DH         LINE#         1007
  C:2130H         LINE#         1008
  C:2130H         LINE#         1009
  C:2132H         LINE#         1010
  C:2134H         LINE#         1012
  C:2134H         LINE#         1013
  C:2157H         LINE#         1014
  C:216DH         LINE#         1015
  C:216DH         LINE#         1030
  C:2173H         LINE#         1048
  C:2176H         LINE#         1055
  C:2178H         LINE#         1056
  C:217BH         LINE#         1058
  C:217DH         LINE#         1059
  -------         ENDPROC       _PWM3INIT
  -------         PROC          MAIN
  -------         DO            
  D:0008H         SYMBOL        i
  -------         ENDDO         
  C:0F8EH         LINE#         1069
  C:0F8EH         LINE#         1070
  C:0F8EH         LINE#         1072
  C:0F91H         LINE#         1073
  C:0F94H         LINE#         1074
  C:0F97H         LINE#         1078
  C:0F9AH         LINE#         1079
  C:0F9DH         LINE#         1080
  C:0FA0H         LINE#         1082
  C:0FA3H         LINE#         1086
  C:0FA9H         LINE#         1087
  C:0FACH         LINE#         1089
  C:0FAEH         LINE#         1091
  C:0FB5H         LINE#         1107
  C:0FBFH         LINE#         1110
  C:0FC3H         LINE#         1112
  C:0FC5H         LINE#         1113
  C:0FC8H         LINE#         1115
BL51 BANKED LINKER/LOCATER V6.22                                                      01/25/2021  18:17:58  PAGE 23


  C:0FCDH         LINE#         1117
  C:0FCFH         LINE#         1119
  C:0FD2H         LINE#         1121
  C:0FDBH         LINE#         1123
  C:0FDEH         LINE#         1126
  C:0FE5H         LINE#         1128
  C:0FE8H         LINE#         1130
  C:0FF2H         LINE#         1132
  C:0FFBH         LINE#         1133
  C:0FFBH         LINE#         1134
  C:0FFDH         LINE#         1135
  C:1000H         LINE#         1136
  C:1002H         LINE#         1138
  C:1002H         LINE#         1139
  C:1005H         LINE#         1140
  C:1005H         LINE#         1142
  C:1005H         LINE#         1143
  C:1005H         LINE#         1144
  C:100CH         LINE#         1145
  C:100CH         LINE#         1146
  C:1019H         LINE#         1147
  C:1019H         LINE#         1148
  C:101EH         LINE#         1149
  C:1026H         LINE#         1150
  C:1026H         LINE#         1152
  C:1033H         LINE#         1153
  C:1033H         LINE#         1154
  C:1038H         LINE#         1155
  C:1040H         LINE#         1156
  C:1040H         LINE#         1158
  C:1048H         LINE#         1159
  C:1048H         LINE#         1160
  C:104FH         LINE#         1161
  C:104FH         LINE#         1162
  C:1054H         LINE#         1163
  C:1058H         LINE#         1164
  C:106CH         LINE#         1165
  C:106CH         LINE#         1166
  C:107AH         LINE#         1167
  C:1089H         LINE#         1168
  C:1089H         LINE#         1169
  C:1089H         LINE#         1170
  C:1089H         LINE#         1171
  C:1089H         LINE#         1173
  C:108CH         LINE#         1175
  C:1090H         LINE#         1176
  C:1090H         LINE#         1177
  C:1098H         LINE#         1178
  C:109BH         LINE#         1179
  C:109BH         LINE#         1181
  C:10A6H         LINE#         1182
  C:10A6H         LINE#         1183
  C:10AAH         LINE#         1184
  C:10AAH         LINE#         1185
  C:10ACH         LINE#         1187
  C:10AFH         LINE#         1188
  C:10B7H         LINE#         1190
BL51 BANKED LINKER/LOCATER V6.22                                                      01/25/2021  18:17:58  PAGE 24


  C:10C1H         LINE#         1191
  C:10C6H         LINE#         1192
  C:10CCH         LINE#         1194
  C:10D2H         LINE#         1196
  C:10D8H         LINE#         1198
  C:10DDH         LINE#         1199
  C:10E7H         LINE#         1200
  C:10E7H         LINE#         1202
  C:10EAH         LINE#         1204
  C:10F9H         LINE#         1205
  C:10F9H         LINE#         1206
  C:1100H         LINE#         1207
  C:1100H         LINE#         1208
  C:1102H         LINE#         1209
  C:110BH         LINE#         1210
  C:111EH         LINE#         1211
  C:111EH         LINE#         1212
  C:1122H         LINE#         1213
  C:112AH         LINE#         1214
  C:112AH         LINE#         1216
  C:112AH         LINE#         1218
  C:112AH         LINE#         1219
  C:112FH         LINE#         1220
  C:112FH         LINE#         1221
  C:112FH         LINE#         1222
  C:112FH         LINE#         1223
  C:112FH         LINE#         1224
  C:113EH         LINE#         1225
  C:113EH         LINE#         1226
  C:1147H         LINE#         1227
  C:1147H         LINE#         1228
  C:114AH         LINE#         1229
  C:1150H         LINE#         1236
  C:1150H         LINE#         1237
  C:1150H         LINE#         1240
  C:115BH         LINE#         1241
  C:115BH         LINE#         1242
  C:116AH         LINE#         1243
  C:116AH         LINE#         1244
  C:116CH         LINE#         1245
  C:1174H         LINE#         1247
  C:1181H         LINE#         1248
  C:1181H         LINE#         1251
  C:1185H         LINE#         1252
  C:1185H         LINE#         1253
  C:1185H         LINE#         1254
  C:1185H         LINE#         1256
  C:1185H         LINE#         1257
  C:1188H         LINE#         1258
  C:118EH         LINE#         1259
  C:118EH         LINE#         1260
  C:1192H         LINE#         1261
  C:1195H         LINE#         1263
  C:1195H         LINE#         1264
  C:119DH         LINE#         1266
  C:11A0H         LINE#         1268
  C:11A8H         LINE#         1271
BL51 BANKED LINKER/LOCATER V6.22                                                      01/25/2021  18:17:58  PAGE 25


  C:11B2H         LINE#         1272
  C:11B7H         LINE#         1273
  C:11BDH         LINE#         1275
  C:11C3H         LINE#         1277
  C:11C9H         LINE#         1279
  C:11CEH         LINE#         1280
  C:11D8H         LINE#         1281
  C:11D8H         LINE#         1282
  C:11D8H         LINE#         1283
  -------         ENDPROC       MAIN
  -------         PROC          TIMER1_RPT
  C:1C5EH         LINE#         1292
  C:1C7BH         LINE#         1295
  C:1C97H         LINE#         1297
  C:1CA1H         LINE#         1298
  C:1CB8H         LINE#         1299
  C:1CB8H         LINE#         1300
  C:1CBFH         LINE#         1301
  C:1CC4H         LINE#         1302
  C:1CC4H         LINE#         1303
  C:1CCCH         LINE#         1304
  C:1CD8H         LINE#         1305
  C:1CD8H         LINE#         1307
  C:1CDDH         LINE#         1308
  C:1CE4H         LINE#         1309
  C:1CE4H         LINE#         1310
  C:1CEEH         LINE#         1311
  C:1CFDH         LINE#         1312
  C:1CFDH         LINE#         1313
  C:1D01H         LINE#         1314
  C:1D06H         LINE#         1315
  C:1D06H         LINE#         1316
  -------         ENDPROC       TIMER1_RPT
  -------         PROC          UART1_RPT
  -------         DO            
  D:0007H         SYMBOL        i
  -------         ENDDO         
  C:2466H         LINE#         1325
  C:2483H         LINE#         1330
  C:2488H         LINE#         1331
  C:2488H         LINE#         1332
  C:248AH         LINE#         1333
  C:248DH         LINE#         1334
  C:2490H         LINE#         1335
  C:2492H         LINE#         1336
  C:2492H         LINE#         1337
  -------         ENDPROC       UART1_RPT
  -------         PROC          _FLASH_ERASEBLOCK
  D:0006H         SYMBOL        fui_Address
  C:28A8H         LINE#         1339
  C:28A8H         LINE#         1340
  C:28A8H         LINE#         1341
  C:28A8H         LINE#         1342
  C:28A8H         LINE#         1343
  C:28ABH         LINE#         1344
  C:28ADH         LINE#         1345
  C:28B2H         LINE#         1346
BL51 BANKED LINKER/LOCATER V6.22                                                      01/25/2021  18:17:58  PAGE 26


  C:28B2H         LINE#         1348
  C:28B4H         LINE#         1349
  C:28B6H         LINE#         1350
  C:28BCH         LINE#         1351
  C:28C0H         LINE#         1352
  C:28C6H         LINE#         1353
  C:28CCH         LINE#         1355
  -------         ENDPROC       _FLASH_ERASEBLOCK
  -------         PROC          _FLASH_WRITEDATA
  D:0007H         SYMBOL        fuc_SaveData
  D:0004H         SYMBOL        fui_Address
  C:285BH         LINE#         1365
  C:285BH         LINE#         1366
  C:285BH         LINE#         1367
  C:285BH         LINE#         1368
  C:285BH         LINE#         1369
  C:285EH         LINE#         1370
  C:2860H         LINE#         1371
  C:2865H         LINE#         1372
  C:2865H         LINE#         1374
  C:2867H         LINE#         1375
  C:2869H         LINE#         1376
  C:286BH         LINE#         1377
  C:2871H         LINE#         1378
  C:2875H         LINE#         1379
  C:287BH         LINE#         1380
  C:2881H         LINE#         1382
  -------         ENDPROC       _FLASH_WRITEDATA
  -------         PROC          SAVEVAR
  -------         DO            
  D:0007H         SYMBOL        i
  -------         ENDDO         
  C:1D21H         LINE#         1417
  C:1D21H         LINE#         1418
  C:1D21H         LINE#         1420
  C:1D28H         LINE#         1421
  C:1D2FH         LINE#         1423
  C:1D44H         LINE#         1424
  C:1D4BH         LINE#         1425
  C:1D52H         LINE#         1427
  C:1D62H         LINE#         1428
  C:1D69H         LINE#         1429
  C:1D70H         LINE#         1431
  C:1D73H         LINE#         1432
  C:1D75H         LINE#         1433
  C:1D78H         LINE#         1435
  C:1D7BH         LINE#         1436
  C:1D7DH         LINE#         1437
  C:1D80H         LINE#         1438
  C:1D83H         LINE#         1439
  C:1D85H         LINE#         1440
  C:1D88H         LINE#         1442
  C:1D8DH         LINE#         1443
  C:1D8FH         LINE#         1444
  C:1D92H         LINE#         1446
  C:1D97H         LINE#         1447
  C:1D99H         LINE#         1448
BL51 BANKED LINKER/LOCATER V6.22                                                      01/25/2021  18:17:58  PAGE 27


  C:1D9CH         LINE#         1450
  C:1DA2H         LINE#         1451
  C:1DA4H         LINE#         1452
  C:1DA7H         LINE#         1454
  C:1DACH         LINE#         1455
  C:1DAEH         LINE#         1456
  C:1DB1H         LINE#         1458
  C:1DB6H         LINE#         1459
  C:1DB8H         LINE#         1460
  C:1DBBH         LINE#         1462
  C:1DC0H         LINE#         1463
  C:1DC2H         LINE#         1464
  C:1DC5H         LINE#         1468
  C:1DCCH         LINE#         1469
  C:1DD3H         LINE#         1470
  C:1DDCH         LINE#         1471
  C:1DE1H         LINE#         1473
  C:1DE3H         LINE#         1475
  -------         ENDPROC       SAVEVAR
  -------         ENDMOD        HC_MCU_XBR

  -------         MODULE        MCU_API
  C:0000H         SYMBOL        _ICE_DUMMY_
  C:2633H         PUBLIC        _uart_receive_input
  C:2A05H         PUBLIC        mcu_reset_zigbee
  C:1DE4H         PUBLIC        _byte_to_int
  C:29F3H         PUBLIC        mcu_network_start
  C:1AC8H         PUBLIC        _my_memcpy
  C:26ABH         PUBLIC        _my_memset
  C:2A7FH         PUBLIC        _mcu_get_dp_download_value
  C:2374H         PUBLIC        _my_strlen
  C:1F94H         PUBLIC        _mcu_dp_value_update
  C:0003H         PUBLIC        zigbee_protocol_init
  C:2A5BH         PUBLIC        _mcu_get_dp_download_bool
  C:11DBH         PUBLIC        zigbee_uart_service
  C:2538H         PUBLIC        _mcu_dp_bool_update
  C:2A64H         PUBLIC        _mcu_get_dp_download_enum
  C:26E3H         PUBLIC        _mcu_dp_enum_update
  -------         PROC          _MY_STRLEN
  D:001AH         SYMBOL        str
  -------         DO            
  D:001DH         SYMBOL        len
  -------         ENDDO         
  C:2374H         LINE#         47
  C:237AH         LINE#         48
  C:237AH         LINE#         49
  C:2383H         LINE#         50
  C:2388H         LINE#         51
  C:2388H         LINE#         52
  C:238DH         LINE#         53
  C:238DH         LINE#         55
  C:23A4H         LINE#         56
  C:23A4H         LINE#         57
  C:23BCH         LINE#         58
  C:23BEH         LINE#         60
  C:23C6H         LINE#         61
  -------         ENDPROC       _MY_STRLEN
BL51 BANKED LINKER/LOCATER V6.22                                                      01/25/2021  18:17:58  PAGE 28


  -------         PROC          _MY_MEMSET
  D:0026H         SYMBOL        src
  D:0005H         SYMBOL        ch
  D:002AH         SYMBOL        count
  -------         DO            
  D:002CH         SYMBOL        tmp
  -------         ENDDO         
  C:26ABH         LINE#         70
  C:26B1H         LINE#         71
  C:26B1H         LINE#         72
  C:26B7H         LINE#         74
  C:26BCH         LINE#         75
  C:26BCH         LINE#         76
  C:26C0H         LINE#         77
  C:26C0H         LINE#         79
  C:26CDH         LINE#         80
  C:26CDH         LINE#         81
  C:26DAH         LINE#         82
  C:26DCH         LINE#         84
  C:26E2H         LINE#         85
  -------         ENDPROC       _MY_MEMSET
  -------         PROC          _MY_MEMCPY
  D:0021H         SYMBOL        dest
  D:0024H         SYMBOL        src
  D:0027H         SYMBOL        count
  -------         DO            
  D:0029H         SYMBOL        pdest
  D:002CH         SYMBOL        psrc
  D:002FH         SYMBOL        i
  -------         ENDDO         
  C:1AC8H         LINE#         94
  C:1ACEH         LINE#         95
  C:1ACEH         LINE#         96
  C:1AD4H         LINE#         97
  C:1ADDH         LINE#         100
  C:1AEAH         LINE#         101
  C:1AEAH         LINE#         102
  C:1AF1H         LINE#         103
  C:1AF1H         LINE#         105
  C:1B1BH         LINE#         106
  C:1B1BH         LINE#         107
  C:1B2BH         LINE#         108
  C:1B2BH         LINE#         109
  C:1B49H         LINE#         110
  C:1B53H         LINE#         111
  C:1B53H         LINE#         113
  C:1B53H         LINE#         114
  C:1B64H         LINE#         115
  C:1B64H         LINE#         116
  C:1B88H         LINE#         117
  C:1B92H         LINE#         118
  C:1B92H         LINE#         120
  C:1B98H         LINE#         121
  -------         ENDPROC       _MY_MEMCPY
  -------         PROC          _BYTE_TO_INT
  D:0001H         SYMBOL        value
  -------         DO            
BL51 BANKED LINKER/LOCATER V6.22                                                      01/25/2021  18:17:58  PAGE 29


  D:002DH         SYMBOL        nubmer
  -------         ENDDO         
  C:1DE4H         LINE#         174
  C:1DE4H         LINE#         175
  C:1DE4H         LINE#         176
  C:1DEDH         LINE#         178
  C:1DFAH         LINE#         179
  C:1E0DH         LINE#         180
  C:1E28H         LINE#         181
  C:1E36H         LINE#         182
  C:1E51H         LINE#         183
  C:1E5FH         LINE#         184
  C:1E7AH         LINE#         186
  C:1E7BH         LINE#         187
  -------         ENDPROC       _BYTE_TO_INT
  -------         PROC          MCU_RESET_ZIGBEE
  -------         DO            
  D:0004H         SYMBOL        length
  -------         ENDDO         
  C:2A05H         LINE#         196
  C:2A05H         LINE#         197
  C:2A05H         LINE#         198
  C:2A08H         LINE#         200
  C:2A11H         LINE#         201
  -------         ENDPROC       MCU_RESET_ZIGBEE
  -------         PROC          MCU_NETWORK_START
  -------         DO            
  D:0004H         SYMBOL        length
  -------         ENDDO         
  C:29F3H         LINE#         211
  C:29F3H         LINE#         212
  C:29F3H         LINE#         213
  C:29F6H         LINE#         215
  C:2A00H         LINE#         216
  -------         ENDPROC       MCU_NETWORK_START
  -------         PROC          _MCU_DP_BOOL_UPDATE
  D:0003H         SYMBOL        dpid
  D:0028H         SYMBOL        value
  -------         DO            
  D:0004H         SYMBOL        length
  -------         ENDDO         
  C:2538H         LINE#         250
  C:253CH         LINE#         251
  C:253CH         LINE#         252
  C:253EH         LINE#         254
  C:2547H         LINE#         255
  C:254EH         LINE#         257
  C:2555H         LINE#         258
  C:255EH         LINE#         260
  C:2562H         LINE#         261
  C:2562H         LINE#         262
  C:2563H         LINE#         263
  C:2565H         LINE#         265
  C:2565H         LINE#         266
  C:2572H         LINE#         267
  C:2572H         LINE#         269
  C:2577H         LINE#         271
BL51 BANKED LINKER/LOCATER V6.22                                                      01/25/2021  18:17:58  PAGE 30


  C:2579H         LINE#         272
  -------         ENDPROC       _MCU_DP_BOOL_UPDATE
  -------         PROC          _MCU_DP_VALUE_UPDATE
  D:0003H         SYMBOL        dpid
  D:002CH         SYMBOL        value
  -------         DO            
  D:0004H         SYMBOL        length
  -------         ENDDO         
  C:1F94H         LINE#         280
  C:1F96H         LINE#         281
  C:1F96H         LINE#         282
  C:1F98H         LINE#         284
  C:1FA1H         LINE#         285
  C:1FA8H         LINE#         287
  C:1FAFH         LINE#         288
  C:1FB4H         LINE#         290
  C:1FCEH         LINE#         291
  C:1FE8H         LINE#         292
  C:2004H         LINE#         293
  C:2015H         LINE#         295
  C:201AH         LINE#         297
  C:201CH         LINE#         298
  -------         ENDPROC       _MCU_DP_VALUE_UPDATE
  -------         PROC          _MCU_DP_ENUM_UPDATE
  D:0003H         SYMBOL        dpid
  D:0028H         SYMBOL        value
  -------         DO            
  D:0004H         SYMBOL        length
  -------         ENDDO         
  C:26E3H         LINE#         330
  C:26E7H         LINE#         331
  C:26E7H         LINE#         332
  C:26E9H         LINE#         334
  C:26F2H         LINE#         335
  C:26F9H         LINE#         337
  C:2700H         LINE#         338
  C:2707H         LINE#         340
  C:2710H         LINE#         342
  C:2715H         LINE#         344
  C:2717H         LINE#         345
  -------         ENDPROC       _MCU_DP_ENUM_UPDATE
  -------         PROC          _MCU_GET_DP_DOWNLOAD_BOOL
  D:0001H         SYMBOL        value
  D:0004H         SYMBOL        len
  -------         DO            
  D:0028H         SYMBOL        i
  -------         ENDDO         
  C:2A5BH         LINE#         393
  C:2A5BH         LINE#         394
  C:2A5BH         LINE#         396
  C:2A5FH         LINE#         397
  C:2A63H         LINE#         398
  -------         ENDPROC       _MCU_GET_DP_DOWNLOAD_BOOL
  -------         PROC          _MCU_GET_DP_DOWNLOAD_ENUM
  D:0001H         SYMBOL        value
  D:0004H         SYMBOL        len
  -------         DO            
BL51 BANKED LINKER/LOCATER V6.22                                                      01/25/2021  18:17:58  PAGE 31


  D:0028H         SYMBOL        i
  -------         ENDDO         
  C:2A64H         LINE#         406
  C:2A64H         LINE#         407
  C:2A64H         LINE#         409
  C:2A68H         LINE#         410
  C:2A6CH         LINE#         411
  -------         ENDPROC       _MCU_GET_DP_DOWNLOAD_ENUM
  -------         PROC          _MCU_GET_DP_DOWNLOAD_VALUE
  D:0001H         SYMBOL        value
  D:0004H         SYMBOL        len
  -------         DO            
  D:002BH         SYMBOL        i
  -------         ENDDO         
  C:2A7FH         LINE#         419
  C:2A7FH         LINE#         420
  C:2A7FH         LINE#         422
  C:2A83H         LINE#         423
  C:2A86H         LINE#         424
  -------         ENDPROC       _MCU_GET_DP_DOWNLOAD_VALUE
  -------         PROC          ZIGBEE_PROTOCOL_INIT
  C:0003H         LINE#         433
  C:0003H         LINE#         434
  C:0003H         LINE#         436
  C:000CH         LINE#         437
  C:0015H         LINE#         438
  C:001AH         LINE#         439
  -------         ENDPROC       ZIGBEE_PROTOCOL_INIT
  -------         PROC          _UART_RECEIVE_INPUT
  D:0007H         SYMBOL        value
  C:2633H         LINE#         448
  C:2633H         LINE#         449
  C:2633H         LINE#         452
  C:263EH         LINE#         453
  C:263EH         LINE#         455
  C:264CH         LINE#         456
  C:264CH         LINE#         457
  C:2659H         LINE#         458
  C:2659H         LINE#         460
  C:2666H         LINE#         461
  C:266EH         LINE#         462
  C:266EH         LINE#         464
  C:266EH         LINE#         466
  C:266EH         LINE#         467
  -------         ENDPROC       _UART_RECEIVE_INPUT
  -------         PROC          ZIGBEE_UART_SERVICE
  -------         DO            
  D:004BH         SYMBOL        rx_in
  D:0009H         SYMBOL        offset
  D:000BH         SYMBOL        rx_value_len
  D:000DH         SYMBOL        protocol_version
  D:000FH         SYMBOL        protocol_head_len
  -------         ENDDO         
  C:11DBH         LINE#         478
  C:11DBH         LINE#         479
  C:11DBH         LINE#         482
  C:11E0H         LINE#         483
BL51 BANKED LINKER/LOCATER V6.22                                                      01/25/2021  18:17:58  PAGE 32


  C:11E4H         LINE#         484
  C:11EDH         LINE#         486
  C:1204H         LINE#         487
  C:1204H         LINE#         488
  C:121DH         LINE#         489
  C:121FH         LINE#         491
  C:122DH         LINE#         492
  C:122DH         LINE#         494
  C:122DH         LINE#         496
  C:1244H         LINE#         497
  C:1244H         LINE#         498
  C:1255H         LINE#         499
  C:1255H         LINE#         500
  C:125DH         LINE#         501
  C:125FH         LINE#         502
  C:125FH         LINE#         504
  C:1270H         LINE#         505
  C:1270H         LINE#         506
  C:1278H         LINE#         507
  C:127AH         LINE#         508
  C:127AH         LINE#         510
  C:128CH         LINE#         512
[...]
  C:25CEH         LINE#         132
  C:25DBH         LINE#         133
  C:25DBH         LINE#         134
  C:25E8H         LINE#         135
  C:25F3H         LINE#         136
  C:25F5H         LINE#         137
  -------         ENDPROC       _ZIGBEE_UART_WRITE_DATA
  -------         PROC          _GET_CHECK_SUM
  D:0032H         SYMBOL        pack
  D:0035H         SYMBOL        pack_len
  -------         DO            
  D:0004H         SYMBOL        i
  D:0007H         SYMBOL        check_sum
  -------         ENDDO         
  C:27ADH         LINE#         146
  C:27B7H         LINE#         147
  C:27B7H         LINE#         149
  C:27B9H         LINE#         151
  C:27C4H         LINE#         152
  C:27C4H         LINE#         153
  C:27D2H         LINE#         154
  C:27D9H         LINE#         156
BL51 BANKED LINKER/LOCATER V6.22                                                      01/25/2021  18:17:58  PAGE 46


  C:27D9H         LINE#         157
  -------         ENDPROC       _GET_CHECK_SUM
  -------         PROC          _ZIGBEE_UART_WRITE_FRAME
  D:0003H         SYMBOL        fr_type
  D:0030H         SYMBOL        len
  -------         DO            
  D:0007H         SYMBOL        check_sum
  D:0004H         SYMBOL        seq_num
  -------         ENDDO         
  C:201DH         LINE#         166
  C:2023H         LINE#         167
  C:2023H         LINE#         168
  C:2025H         LINE#         169
  C:202CH         LINE#         171
  C:2032H         LINE#         172
  C:2036H         LINE#         173
  C:203AH         LINE#         174
  C:203FH         LINE#         175
  C:2044H         LINE#         176
  C:2047H         LINE#         177
  C:204BH         LINE#         178
  C:204FH         LINE#         180
  C:2054H         LINE#         181
  C:205BH         LINE#         182
  C:2066H         LINE#         183
  C:2079H         LINE#         184
  C:2087H         LINE#         186
  -------         ENDPROC       _ZIGBEE_UART_WRITE_FRAME
  -------         PROC          _GET_DOWMLOAD_DPID_INDEX
  D:0020H         SYMBOL        dpid
  -------         DO            
  D:0006H         SYMBOL        index
  D:0007H         SYMBOL        total
  -------         ENDDO         
  C:2913H         LINE#         195
  C:2915H         LINE#         196
  C:2915H         LINE#         198
  C:2918H         LINE#         200
  C:291FH         LINE#         201
  C:291FH         LINE#         202
  C:292EH         LINE#         203
  C:292EH         LINE#         204
  C:292EH         LINE#         205
  C:292EH         LINE#         206
  C:2931H         LINE#         208
  C:2933H         LINE#         209
  -------         ENDPROC       _GET_DOWMLOAD_DPID_INDEX
  -------         PROC          GET_QUEUE_TOTAL_DATA
  C:2A38H         LINE#         217
  C:2A38H         LINE#         218
  C:2A38H         LINE#         219
  C:2A3EH         LINE#         220
  C:2A3EH         LINE#         221
  C:2A41H         LINE#         222
  C:2A41H         LINE#         223
  C:2A45H         LINE#         224
  -------         ENDPROC       GET_QUEUE_TOTAL_DATA
BL51 BANKED LINKER/LOCATER V6.22                                                      01/25/2021  18:17:58  PAGE 47


  -------         PROC          QUEUE_READ_BYTE
  -------         DO            
  D:0007H         SYMBOL        value
  -------         ENDDO         
  C:25F6H         LINE#         234
  C:25F6H         LINE#         235
  C:25F6H         LINE#         236
  C:25F8H         LINE#         238
  C:2603H         LINE#         239
  C:2603H         LINE#         241
  C:2610H         LINE#         242
  C:2610H         LINE#         244
  C:261DH         LINE#         245
  C:261DH         LINE#         246
  C:262AH         LINE#         247
  C:2632H         LINE#         248
  C:2632H         LINE#         249
  C:2632H         LINE#         250
  -------         ENDPROC       QUEUE_READ_BYTE
  -------         PROC          _ZIGBEE_TIME_CONVERT
  D:0026H         SYMBOL        time
  D:002AH         SYMBOL        convert_time
  -------         DO            
  D:002CH         SYMBOL        days
  D:0038H         SYMBOL        pass4_year
  D:003AH         SYMBOL        hours_per_year
  -------         ENDDO         
  C:0CFDH         LINE#         259
  C:0D05H         LINE#         260
  C:0D05H         LINE#         261
  C:0D18H         LINE#         262
  C:0D21H         LINE#         264
  C:0D39H         LINE#         265
  C:0D39H         LINE#         266
  C:0D40H         LINE#         267
  C:0D40H         LINE#         269
  C:0D63H         LINE#         270
  C:0D7CH         LINE#         271
  C:0D92H         LINE#         272
  C:0DABH         LINE#         274
  C:0DB9H         LINE#         275
  C:0DD4H         LINE#         277
  C:0DF6H         LINE#         279
  C:0DF6H         LINE#         280
  C:0DF6H         LINE#         281
  C:0DFCH         LINE#         282
  C:0E08H         LINE#         283
  C:0E08H         LINE#         284
  C:0E13H         LINE#         285
  C:0E13H         LINE#         287
  C:0E28H         LINE#         288
  C:0E28H         LINE#         289
  C:0E28H         LINE#         290
  C:0E28H         LINE#         292
  C:0E35H         LINE#         293
  C:0E57H         LINE#         294
  C:0E59H         LINE#         296
BL51 BANKED LINKER/LOCATER V6.22                                                      01/25/2021  18:17:58  PAGE 48


  C:0E77H         LINE#         297
  C:0E90H         LINE#         298
  C:0EA4H         LINE#         299
  C:0EB0H         LINE#         300
  C:0EB0H         LINE#         301
  C:0EC3H         LINE#         302
  C:0EC3H         LINE#         303
  C:0EDEH         LINE#         304
  C:0EE0H         LINE#         306
  C:0EE0H         LINE#         307
  C:0EF4H         LINE#         308
  C:0EF4H         LINE#         309
  C:0EFEH         LINE#         310
  C:0F09H         LINE#         311
  C:0F0BH         LINE#         312
  C:0F0BH         LINE#         313
  C:0F0BH         LINE#         314
  C:0F0BH         LINE#         317
  C:0F37H         LINE#         318
  C:0F37H         LINE#         319
  C:0F63H         LINE#         320
  C:0F70H         LINE#         321
  C:0F7BH         LINE#         322
  C:0F87H         LINE#         323
  C:0F8DH         LINE#         324
  -------         ENDPROC       _ZIGBEE_TIME_CONVERT
  -------         PROC          PRODUCT_INFO_CMD_HANDLE
  -------         DO            
  D:0019H         SYMBOL        length
  -------         ENDDO         
  C:1F08H         LINE#         426
  C:1F08H         LINE#         427
  C:1F08H         LINE#         428
  C:1F0BH         LINE#         430
  C:1F21H         LINE#         431
  C:1F37H         LINE#         432
  C:1F53H         LINE#         433
  C:1F6FH         LINE#         434
  C:1F8BH         LINE#         436
  -------         ENDPROC       PRODUCT_INFO_CMD_HANDLE
  -------         PROC          _ZIGBEE_STATE_CMD_HANDLE
  D:0007H         SYMBOL        current_state
  -------         DO            
  D:0019H         SYMBOL        temp
  -------         ENDDO         
  C:2A51H         LINE#         445
  C:2A51H         LINE#         446
  C:2A51H         LINE#         447
  C:2A53H         LINE#         448
  -------         ENDPROC       _ZIGBEE_STATE_CMD_HANDLE
  -------         PROC          ZIGBEE_CFG_CMD_HANDLE
  C:2AA8H         LINE#         457
  C:2AA8H         LINE#         458
  C:2AA8H         LINE#         460
  -------         ENDPROC       ZIGBEE_CFG_CMD_HANDLE
  -------         PROC          _ZIGBEE_DATA_POINT_HANDLE
  D:0019H         SYMBOL        value
BL51 BANKED LINKER/LOCATER V6.22                                                      01/25/2021  18:17:58  PAGE 49


  -------         DO            
  D:001CH         SYMBOL        dp_id
  D:0007H         SYMBOL        index
  D:001DH         SYMBOL        dp_type
  D:0007H         SYMBOL        ret
  D:001EH         SYMBOL        dp_len
  -------         ENDDO         
  C:22C3H         LINE#         468
  C:22C9H         LINE#         469
  C:22C9H         LINE#         475
  C:22CEH         LINE#         476
  C:22D6H         LINE#         477
  C:22E1H         LINE#         478
  C:22F0H         LINE#         481
  C:22F5H         LINE#         483
  C:2304H         LINE#         484
  C:2304H         LINE#         486
  C:2307H         LINE#         487
  C:2307H         LINE#         489
  C:2307H         LINE#         490
  C:231DH         LINE#         491
  C:231DH         LINE#         493
  C:231DH         LINE#         494
  -------         ENDPROC       _ZIGBEE_DATA_POINT_HANDLE
  -------         PROC          _ZIGBEE_DATA_RSP_HANDLE
  D:0007H         SYMBOL        rsp_status
  -------         DO            
  D:0019H         SYMBOL        temp
  -------         ENDDO         
  C:2AA5H         LINE#         502
  C:2AA5H         LINE#         503
  C:2AA5H         LINE#         506
  C:2AA7H         LINE#         507
  -------         ENDPROC       _ZIGBEE_DATA_RSP_HANDLE
  -------         PROC          _ZIGBEE_TIME_GET_HANDLE
  D:0001H         SYMBOL        data0
  D:0019H         SYMBOL        data_len
  -------         DO            
  D:001AH         SYMBOL        time1
  D:001EH         SYMBOL        time2
  X:00F1H         SYMBOL        localTime
  X:00F9H         SYMBOL        utcTime
  D:0022H         SYMBOL        i
  D:0023H         SYMBOL        ptr
  -------         ENDDO         
  C:1674H         LINE#         644
  C:1676H         LINE#         645
  C:1676H         LINE#         646
  C:1687H         LINE#         648
  C:1689H         LINE#         649
  C:168FH         LINE#         651
  C:1699H         LINE#         652
  C:1699H         LINE#         654
  C:1699H         LINE#         656
  C:16AAH         LINE#         657
  C:16BBH         LINE#         659
  C:16BEH         LINE#         660
BL51 BANKED LINKER/LOCATER V6.22                                                      01/25/2021  18:17:58  PAGE 50


  C:16BEH         LINE#         661
  C:16DFH         LINE#         662
  C:16EDH         LINE#         663
  C:16F4H         LINE#         664
  C:1715H         LINE#         666
  C:1718H         LINE#         667
  C:1718H         LINE#         668
  C:1739H         LINE#         669
  C:1747H         LINE#         670
  C:174EH         LINE#         671
  C:176FH         LINE#         673
  C:1780H         LINE#         674
  C:1791H         LINE#         676
  C:179AH         LINE#         677
  C:17A3H         LINE#         678
  -------         ENDPROC       _ZIGBEE_TIME_GET_HANDLE
  -------         PROC          _SET_ZIGBEE_STATE
  D:0007H         SYMBOL        state
  C:28F1H         LINE#         686
  C:28F1H         LINE#         687
  C:28F1H         LINE#         688
  C:28F6H         LINE#         689
  C:28F8H         LINE#         690
  C:28F8H         LINE#         691
  C:28F8H         LINE#         692
  C:28FFH         LINE#         693
  C:28FFH         LINE#         694
  C:2902H         LINE#         695
  C:2905H         LINE#         696
  C:2908H         LINE#         697
  C:2908H         LINE#         698
  C:290FH         LINE#         699
  C:290FH         LINE#         700
  C:2912H         LINE#         701
  C:2912H         LINE#         702
  -------         ENDPROC       _SET_ZIGBEE_STATE
  -------         PROC          _DATA_HANDLE
  D:0011H         SYMBOL        offset
  -------         DO            
  D:0005H         SYMBOL        cmd_type
  D:0013H         SYMBOL        total_len
  D:0006H         SYMBOL        seq_num
  -------         DO            
  D:0015H         SYMBOL        current_state
  D:0015H         SYMBOL        current_state
  D:0015H         SYMBOL        i
  D:0016H         SYMBOL        ret
  D:0017H         SYMBOL        dp_len
  D:0015H         SYMBOL        rsp_status
  -------         ENDDO         
  -------         DO            
  D:0015H         SYMBOL        current_state
  D:0015H         SYMBOL        i
  D:0016H         SYMBOL        ret
  D:0017H         SYMBOL        dp_len
  D:0015H         SYMBOL        rsp_status
  -------         ENDDO         
BL51 BANKED LINKER/LOCATER V6.22                                                      01/25/2021  18:17:58  PAGE 51


  -------         DO            
  D:0015H         SYMBOL        i
  D:0016H         SYMBOL        ret
  D:0017H         SYMBOL        dp_len
  D:0015H         SYMBOL        rsp_status
  -------         ENDDO         
  -------         DO            
  D:0015H         SYMBOL        rsp_status
  -------         ENDDO         
  -------         ENDDO         
  C:1523H         LINE#         722
  C:1527H         LINE#         723
  C:1527H         LINE#         724
  C:1528H         LINE#         725
  C:152CH         LINE#         727
  C:153AH         LINE#         728
  C:154CH         LINE#         729
  C:1562H         LINE#         731
  C:1572H         LINE#         732
  C:1584H         LINE#         733
  C:1587H         LINE#         735
  C:15ADH         LINE#         736
  C:15ADH         LINE#         737
  C:15ADH         LINE#         738
  C:15ADH         LINE#         739
  C:15BCH         LINE#         740
  C:15C0H         LINE#         741
  C:15C0H         LINE#         742
  C:15C0H         LINE#         743
  C:15C0H         LINE#         745
  C:15C3H         LINE#         746
  C:15C3H         LINE#         747
  C:15C3H         LINE#         749
  C:15C6H         LINE#         750
  C:15C6H         LINE#         751
  C:15C6H         LINE#         752
  C:15C9H         LINE#         753
  C:15C9H         LINE#         755
  C:15C9H         LINE#         756
  C:15C9H         LINE#         757
  C:15D8H         LINE#         758
  C:15DCH         LINE#         759
  C:15E1H         LINE#         760
  C:15E1H         LINE#         761
  C:15E1H         LINE#         763
  C:15E1H         LINE#         764
  C:15E4H         LINE#         765
  C:15E4H         LINE#         767
  C:15E4H         LINE#         768
  C:15E4H         LINE#         769
  C:15E7H         LINE#         770
  C:15EBH         LINE#         772
  C:15FAH         LINE#         773
  C:15FAH         LINE#         774
  C:1612H         LINE#         775
  C:1626H         LINE#         777
  C:163DH         LINE#         779
BL51 BANKED LINKER/LOCATER V6.22                                                      01/25/2021  18:17:58  PAGE 52


  C:1642H         LINE#         780
  C:1642H         LINE#         782
  C:1645H         LINE#         783
  C:1645H         LINE#         785
  C:1645H         LINE#         787
  C:1645H         LINE#         788
  C:164DH         LINE#         789
  C:164FH         LINE#         790
  C:164FH         LINE#         791
  C:164FH         LINE#         793
  C:164FH         LINE#         794
  C:164FH         LINE#         795
  C:164FH         LINE#         796
  C:165EH         LINE#         797
  C:1662H         LINE#         798
  C:1662H         LINE#         799
  C:1662H         LINE#         814
  C:1662H         LINE#         815
  C:1662H         LINE#         819
  C:1662H         LINE#         820
  C:1662H         LINE#         916
  C:1662H         LINE#         917
  C:1673H         LINE#         918
  C:1673H         LINE#         920
  C:1673H         LINE#         921
  C:1673H         LINE#         922
  C:1673H         LINE#         923
  -------         ENDPROC       _DATA_HANDLE
  -------         ENDMOD        SYSTEM

  -------         MODULE        ?C?FPADD
  C:06EBH         PUBLIC        ?C?FPADD
  C:06E7H         PUBLIC        ?C?FPSUB
  -------         ENDMOD        ?C?FPADD

  -------         MODULE        ?C?FPDIV
  C:07DFH         PUBLIC        ?C?FPDIV
  -------         ENDMOD        ?C?FPDIV

  -------         MODULE        ?C?FCAST
  C:0886H         PUBLIC        ?C?FCASTC
  C:0881H         PUBLIC        ?C?FCASTI
  C:087CH         PUBLIC        ?C?FCASTL
  -------         ENDMOD        ?C?FCAST

  -------         MODULE        ?C?CASTF
  C:08BAH         PUBLIC        ?C?CASTF
  -------         ENDMOD        ?C?CASTF

  -------         MODULE        ?C?COPY
  C:0A0BH         PUBLIC        ?C?COPY
  -------         ENDMOD        ?C?COPY

  -------         MODULE        ?C?CLDPTR
  C:0A31H         PUBLIC        ?C?CLDPTR
  -------         ENDMOD        ?C?CLDPTR

BL51 BANKED LINKER/LOCATER V6.22                                                      01/25/2021  18:17:58  PAGE 53


  -------         MODULE        ?C?CLDOPTR
  C:0A4AH         PUBLIC        ?C?CLDOPTR
  -------         ENDMOD        ?C?CLDOPTR

  -------         MODULE        ?C?CSTPTR
  C:0A77H         PUBLIC        ?C?CSTPTR
  -------         ENDMOD        ?C?CSTPTR

  -------         MODULE        ?C?CSTOPTR
  C:0A89H         PUBLIC        ?C?CSTOPTR
  -------         ENDMOD        ?C?CSTOPTR

  -------         MODULE        ?C?IMUL
  C:0AABH         PUBLIC        ?C?IMUL
  -------         ENDMOD        ?C?IMUL

  -------         MODULE        ?C?IILDX
  C:0ABDH         PUBLIC        ?C?IILDX
  -------         ENDMOD        ?C?IILDX

  -------         MODULE        ?C?LADD
  C:0AD3H         PUBLIC        ?C?LADD
  -------         ENDMOD        ?C?LADD

  -------         MODULE        ?C?LSUB
  C:0AE0H         PUBLIC        ?C?LSUB
  -------         ENDMOD        ?C?LSUB

  -------         MODULE        ?C?LMUL
  C:0AEEH         PUBLIC        ?C?LMUL
  -------         ENDMOD        ?C?LMUL

  -------         MODULE        ?C?ULDIV
  C:0B79H         PUBLIC        ?C?ULDIV
  -------         ENDMOD        ?C?ULDIV

  -------         MODULE        ?C?LNEG
  C:0C0BH         PUBLIC        ?C?LNEG
  -------         ENDMOD        ?C?LNEG

  -------         MODULE        ?C?SLCMP
  C:0C19H         PUBLIC        ?C?SLCMP
  -------         ENDMOD        ?C?SLCMP

  -------         MODULE        ?C?ULCMP
  C:0C2FH         PUBLIC        ?C?ULCMP
  -------         ENDMOD        ?C?ULCMP

  -------         MODULE        ?C?ULSHR
  C:0C40H         PUBLIC        ?C?ULSHR
  -------         ENDMOD        ?C?ULSHR

  -------         MODULE        ?C?LSHL
  C:0C53H         PUBLIC        ?C?LSHL
  -------         ENDMOD        ?C?LSHL

  -------         MODULE        ?C?LLDXDATA
BL51 BANKED LINKER/LOCATER V6.22                                                      01/25/2021  18:17:58  PAGE 54


  C:0C66H         PUBLIC        ?C?LLDXDATA
  -------         ENDMOD        ?C?LLDXDATA

  -------         MODULE        ?C?LLDXDATA0
  C:0C72H         PUBLIC        ?C?LLDXDATA0
  -------         ENDMOD        ?C?LLDXDATA0

  -------         MODULE        ?C?LSTXDATA
  C:0C7EH         PUBLIC        ?C?LSTXDATA
  -------         ENDMOD        ?C?LSTXDATA

  -------         MODULE        ?C?LSTKXDATA
  C:0C8AH         PUBLIC        ?C?LSTKXDATA
  -------         ENDMOD        ?C?LSTKXDATA

  -------         MODULE        ?C?OFFXADD
  C:0CBBH         PUBLIC        ?C?OFFXADD
  -------         ENDMOD        ?C?OFFXADD

  -------         MODULE        ?C?PLDIIDATA
  C:0CC7H         PUBLIC        ?C?PLDIIDATA
  -------         ENDMOD        ?C?PLDIIDATA

  -------         MODULE        ?C?CCASE
  C:0CD7H         PUBLIC        ?C?CCASE
  -------         ENDMOD        ?C?CCASE

Program Size: data=82.0 xdata=316 code=10921
LINK/LOCATE RUN COMPLETE.  0 WARNING(S),  0 ERROR(S)
