BL51 BANKED LINKER/LOCATER V6.22                                                        01/26/2021  09:31:42  PAGE 1


BL51 BANKED LINKER/LOCATER V6.22, INVOKED BY:
D:\CCCC2020\TOOL\KEIL\C51\BIN\BL51.EXE .\Objects\STARTUP.obj, .\Objects\HC-MCU-XBR.obj, .\Objects\mcu_api.obj, .\Objects
>> \protocol.obj, .\Objects\system.obj TO .\Objects\HC-MCU-XBR PRINT (.\Listings\HC-MCU-XBR.m51) RAMSIZE (256) CODE (0X0
>> 000-0X2FFF) XDATA (0X0000-0X07FF)


MEMORY MODEL: SMALL WITH FLOATING POINT ARITHMETIC


INPUT MODULES INCLUDED:
  .\Objects\STARTUP.obj (?C_STARTUP)
  .\Objects\HC-MCU-XBR.obj (HC_MCU_XBR)
  .\Objects\mcu_api.obj (MCU_API)
  .\Objects\protocol.obj (PROTOCOL)
  .\Objects\system.obj (SYSTEM)
  D:\CCCC2020\TOOL\KEIL\C51\LIB\C51FPS.LIB (?C?FPADD)
  D:\CCCC2020\TOOL\KEIL\C51\LIB\C51FPS.LIB (?C?FPDIV)
  D:\CCCC2020\TOOL\KEIL\C51\LIB\C51FPS.LIB (?C?FCAST)
  D:\CCCC2020\TOOL\KEIL\C51\LIB\C51FPS.LIB (?C?CASTF)
  D:\CCCC2020\TOOL\KEIL\C51\LIB\C51FPS.LIB (?C?FPGETOPN)
  D:\CCCC2020\TOOL\KEIL\C51\LIB\C51S.LIB (?C_INIT)
  D:\CCCC2020\TOOL\KEIL\C51\LIB\C51S.LIB (?C?COPY)
  D:\CCCC2020\TOOL\KEIL\C51\LIB\C51S.LIB (?C?CLDPTR)
  D:\CCCC2020\TOOL\KEIL\C51\LIB\C51S.LIB (?C?CLDOPTR)
  D:\CCCC2020\TOOL\KEIL\C51\LIB\C51S.LIB (?C?CSTPTR)
  D:\CCCC2020\TOOL\KEIL\C51\LIB\C51S.LIB (?C?CSTOPTR)
  D:\CCCC2020\TOOL\KEIL\C51\LIB\C51S.LIB (?C?IMUL)
  D:\CCCC2020\TOOL\KEIL\C51\LIB\C51S.LIB (?C?IILDX)
  D:\CCCC2020\TOOL\KEIL\C51\LIB\C51S.LIB (?C?LADD)
  D:\CCCC2020\TOOL\KEIL\C51\LIB\C51S.LIB (?C?LSUB)
  D:\CCCC2020\TOOL\KEIL\C51\LIB\C51S.LIB (?C?LMUL)
  D:\CCCC2020\TOOL\KEIL\C51\LIB\C51S.LIB (?C?ULDIV)
  D:\CCCC2020\TOOL\KEIL\C51\LIB\C51S.LIB (?C?LNEG)
  D:\CCCC2020\TOOL\KEIL\C51\LIB\C51S.LIB (?C?SLCMP)
  D:\CCCC2020\TOOL\KEIL\C51\LIB\C51S.LIB (?C?ULCMP)
  D:\CCCC2020\TOOL\KEIL\C51\LIB\C51S.LIB (?C?ULSHR)
  D:\CCCC2020\TOOL\KEIL\C51\LIB\C51S.LIB (?C?LSHL)
  D:\CCCC2020\TOOL\KEIL\C51\LIB\C51S.LIB (?C?LLDXDATA)
  D:\CCCC2020\TOOL\KEIL\C51\LIB\C51S.LIB (?C?LLDXDATA0)
  D:\CCCC2020\TOOL\KEIL\C51\LIB\C51S.LIB (?C?LSTXDATA)
  D:\CCCC2020\TOOL\KEIL\C51\LIB\C51S.LIB (?C?LSTKXDATA)
  D:\CCCC2020\TOOL\KEIL\C51\LIB\C51S.LIB (?C?OFFXADD)
  D:\CCCC2020\TOOL\KEIL\C51\LIB\C51S.LIB (?C?PLDIIDATA)
  D:\CCCC2020\TOOL\KEIL\C51\LIB\C51S.LIB (?C?CCASE)


LINK MAP OF MODULE:  .\Objects\HC-MCU-XBR (?C_STARTUP)


            TYPE    BASE      LENGTH    RELOCATION   SEGMENT NAME
            -----------------------------------------------------

            * * * * * * *   D A T A   M E M O R Y   * * * * * * *
            REG     0000H     0008H     ABSOLUTE     "REG BANK 0"
            DATA    0008H     0034H     UNIT         _DATA_GROUP_
            DATA    003CH     0008H     UNIT         ?DT?SYSTEM
            DATA    0044H     0007H     UNIT         ?DT?HC_MCU_XBR
            DATA    004BH     0002H     UNIT         ?DT?MCU_API
BL51 BANKED LINKER/LOCATER V6.22                                                      01/26/2021  09:31:42  PAGE 2


            IDATA   004DH     0004H     UNIT         ?ID?HC_MCU_XBR
            IDATA   0051H     0001H     UNIT         ?STACK

            * * * * * * *  X D A T A   M E M O R Y  * * * * * * *
            XDATA   0000H     0068H     UNIT         ?XD?HC_MCU_XBR
            XDATA   0068H     0066H     UNIT         ?XD?SYSTEM
            XDATA   00CEH     0023H     UNIT         ?XD?PROTOCOL
            XDATA   00F1H     0010H     UNIT         _XDATA_GROUP_
                    0101H     FD7FH                  *** GAP ***
            XDATA   FE80H     0001H     ABSOLUTE     
                    FE81H     0004H                  *** GAP ***
            XDATA   FE85H     0001H     ABSOLUTE     
                    FE86H     0002H                  *** GAP ***
            XDATA   FE88H     0001H     ABSOLUTE     
            XDATA   FE89H     0001H     ABSOLUTE     
            XDATA   FE8AH     0001H     ABSOLUTE     
                    FE8BH     0006H                  *** GAP ***
            XDATA   FE91H     0001H     ABSOLUTE     
            XDATA   FE92H     0001H     ABSOLUTE     
            XDATA   FE93H     0001H     ABSOLUTE     
            XDATA   FE94H     0001H     ABSOLUTE     
            XDATA   FE95H     0001H     ABSOLUTE     
                    FE96H     0002H                  *** GAP ***
            XDATA   FE98H     0001H     ABSOLUTE     
                    FE99H     0002H                  *** GAP ***
            XDATA   FE9BH     0001H     ABSOLUTE     
                    FE9CH     0004H                  *** GAP ***
            XDATA   FEA0H     0001H     ABSOLUTE     
                    FEA1H     0001H                  *** GAP ***
            XDATA   FEA2H     0001H     ABSOLUTE     
                    FEA3H     0001H                  *** GAP ***
            XDATA   FEA4H     0001H     ABSOLUTE     
            XDATA   FEA5H     0001H     ABSOLUTE     
                    FEA6H     0001H                  *** GAP ***
            XDATA   FEA7H     0001H     ABSOLUTE     
                    FEA8H     0002H                  *** GAP ***
            XDATA   FEAAH     0001H     ABSOLUTE     
                    FEABH     0005H                  *** GAP ***
            XDATA   FEB0H     0001H     ABSOLUTE     
            XDATA   FEB1H     0001H     ABSOLUTE     
            XDATA   FEB2H     0001H     ABSOLUTE     
            XDATA   FEB3H     0001H     ABSOLUTE     
                    FEB4H     0004H                  *** GAP ***
            XDATA   FEB8H     0001H     ABSOLUTE     
            XDATA   FEB9H     0001H     ABSOLUTE     
                    FEBAH     0002H                  *** GAP ***
            XDATA   FEBCH     0001H     ABSOLUTE     
                    FEBDH     0043H                  *** GAP ***
            XDATA   FF00H     0001H     ABSOLUTE     
            XDATA   FF01H     0001H     ABSOLUTE     
            XDATA   FF02H     0001H     ABSOLUTE     
            XDATA   FF03H     0001H     ABSOLUTE     
                    FF04H     0001H                  *** GAP ***
            XDATA   FF05H     0001H     ABSOLUTE     
                    FF06H     0002H                  *** GAP ***
            XDATA   FF08H     0001H     ABSOLUTE     
                    FF09H     0007H                  *** GAP ***
BL51 BANKED LINKER/LOCATER V6.22                                                      01/26/2021  09:31:42  PAGE 3


            XDATA   FF10H     0001H     ABSOLUTE     
            XDATA   FF11H     0001H     ABSOLUTE     
            XDATA   FF12H     0001H     ABSOLUTE     
            XDATA   FF13H     0001H     ABSOLUTE     
                    FF14H     002CH                  *** GAP ***
            XDATA   FF40H     0001H     ABSOLUTE     
            XDATA   FF41H     0001H     ABSOLUTE     
            XDATA   FF42H     0001H     ABSOLUTE     
                    FF43H     003DH                  *** GAP ***
            XDATA   FF80H     0001H     ABSOLUTE     
            XDATA   FF81H     0001H     ABSOLUTE     
                    FF82H     0001H                  *** GAP ***
            XDATA   FF83H     0001H     ABSOLUTE     
            XDATA   FF84H     0001H     ABSOLUTE     
            XDATA   FF85H     0001H     ABSOLUTE     
                    FF86H     0009H                  *** GAP ***
            XDATA   FF8FH     0001H     ABSOLUTE     
            XDATA   FF90H     0001H     ABSOLUTE     
            XDATA   FF91H     0001H     ABSOLUTE     
                    FF92H     0002H                  *** GAP ***
            XDATA   FF94H     0001H     ABSOLUTE     
            XDATA   FF95H     0001H     ABSOLUTE     
                    FF96H     0002H                  *** GAP ***
            XDATA   FF98H     0001H     ABSOLUTE     
            XDATA   FF99H     0001H     ABSOLUTE     
                    FF9AH     0002H                  *** GAP ***
            XDATA   FF9CH     0001H     ABSOLUTE     
                    FF9DH     0003H                  *** GAP ***
            XDATA   FFA0H     0001H     ABSOLUTE     
            XDATA   FFA1H     0001H     ABSOLUTE     
                    FFA2H     0002H                  *** GAP ***
            XDATA   FFA4H     0001H     ABSOLUTE     
            XDATA   FFA5H     0001H     ABSOLUTE     
            XDATA   FFA6H     0001H     ABSOLUTE     
            XDATA   FFA7H     0001H     ABSOLUTE     
            XDATA   FFA8H     0001H     ABSOLUTE     
            XDATA   FFA9H     0001H     ABSOLUTE     

            * * * * * * *   C O D E   M E M O R Y   * * * * * * *
            CODE    0000H     0003H     ABSOLUTE     
            CODE    0003H     0018H     UNIT         ?PR?ZIGBEE_PROTOCOL_INIT?MCU_API
            CODE    001BH     0003H     ABSOLUTE     
            CODE    001EH     0003H     UNIT         ?PR?RESET_BT_MODULE?PROTOCOL
            CODE    0021H     0001H     UNIT         ?PR?TUYA_RETRY_OTA?PROTOCOL
            CODE    0022H     0001H     UNIT         ?PR?RESET_DEFAULT_PARAMETER?PROTOCOL
            CODE    0023H     0003H     ABSOLUTE     
            CODE    0026H     06BEH     UNIT         ?PR?XBRHANDLE?HC_MCU_XBR
            CODE    06E4H     0619H     UNIT         ?C?LIB_CODE
            CODE    0CFDH     0291H     UNIT         ?PR?_ZIGBEE_TIME_CONVERT?SYSTEM
            CODE    0F8EH     0256H     UNIT         ?PR?MAIN?HC_MCU_XBR
            CODE    11E4H     01B5H     UNIT         ?PR?ZIGBEE_UART_SERVICE?MCU_API
            CODE    1399H     0193H     UNIT         ?PR?SET_VAR?HC_MCU_XBR
            CODE    152CH     016FH     UNIT         ?PR?_DATA_HANDLE?SYSTEM
            CODE    169BH     0130H     UNIT         ?PR?_ZIGBEE_TIME_GET_HANDLE?SYSTEM
            CODE    17CBH     0121H     UNIT         ?C_INITSEG
            CODE    18ECH     0112H     UNIT         ?PR?_DP_DOWNLOAD_HANDLE?PROTOCOL
            CODE    19FEH     00F1H     UNIT         ?PR?ALL_DATA_UPDATE?PROTOCOL
BL51 BANKED LINKER/LOCATER V6.22                                                      01/26/2021  09:31:42  PAGE 4


            CODE    1AEFH     00D1H     UNIT         ?PR?_MY_MEMCPY?MCU_API
            CODE    1BC0H     00C5H     UNIT         ?PR?CMD0?SYSTEM
            CODE    1C85H     00C3H     UNIT         ?PR?TIMER1_RPT?HC_MCU_XBR
            CODE    1D48H     00C3H     UNIT         ?PR?SAVEVAR?HC_MCU_XBR
            CODE    1E0BH     0098H     UNIT         ?PR?_BYTE_TO_INT?MCU_API
            CODE    1EA3H     008CH     UNIT         ?C_C51STARTUP
            CODE    1F2FH     008CH     UNIT         ?PR?PRODUCT_INFO_CMD_HANDLE?SYSTEM
            CODE    1FBBH     0089H     UNIT         ?PR?_MCU_DP_VALUE_UPDATE?MCU_API
            CODE    2044H     0077H     UNIT         ?PR?_ZIGBEE_UART_WRITE_FRAME?SYSTEM
            CODE    20BBH     0076H     UNIT         ?PR?_DP_DOWNLOAD_CDS_HANDLE?PROTOCOL
            CODE    2131H     0074H     UNIT         ?PR?_PWM3INIT?HC_MCU_XBR
            CODE    21A5H     0074H     UNIT         ?PR?_DP_DOWNLOAD_SENSE_STRESS_HANDLE?PROTOCOL
            CODE    2219H     006AH     UNIT         ?PR?WAIT1?HC_MCU_XBR
            CODE    2283H     0067H     UNIT         ?PR?WAIT2?HC_MCU_XBR
            CODE    22EAH     005BH     UNIT         ?PR?_ZIGBEE_DATA_POINT_HANDLE?SYSTEM
            CODE    2345H     0056H     UNIT         ?PR?_DP_DOWNLOAD_PIR_DELAY_HANDLE?PROTOCOL
            CODE    239BH     0053H     UNIT         ?PR?_MY_STRLEN?MCU_API
            CODE    23EEH     0052H     UNIT         ?PR?_DP_DOWNLOAD_BRIGHT_VALUE_HANDLE?PROTOCOL
            CODE    2440H     0051H     UNIT         ?PR?_ZIGBEE_OTA_END_REQ_SEND?SYSTEM
            CODE    2491H     004DH     UNIT         ?PR?_DP_DOWNLOAD_STANDBY_TIME_HANDLE?PROTOCOL
            CODE    24DEH     0047H     UNIT         ?PR?UART1_RPT?HC_MCU_XBR
            CODE    2525H     0046H     UNIT         ?PR?_DP_DOWNLOAD_FACTORY_OP_HANDLE?PROTOCOL
            CODE    256BH     0045H     UNIT         ?PR?_READ_AD?HC_MCU_XBR
            CODE    25B0H     0042H     UNIT         ?PR?_MCU_DP_BOOL_UPDATE?MCU_API
            CODE    25F2H     003FH     UNIT         ?PR?_DP_DOWNLOAD_SWITCH_LED2_HANDLE?PROTOCOL
            CODE    2631H     003DH     UNIT         ?PR?_ZIGBEE_UART_WRITE_DATA?SYSTEM
            CODE    266EH     003DH     UNIT         ?PR?QUEUE_READ_BYTE?SYSTEM
            CODE    26ABH     003CH     UNIT         ?PR?_UART_RECEIVE_INPUT?MCU_API
            CODE    26E7H     003CH     UNIT         ?PR?_SET_ZIGBEE_UART_BUFFER?SYSTEM
            CODE    2723H     0038H     UNIT         ?PR?_MY_MEMSET?MCU_API
            CODE    275BH     0036H     UNIT         ?PR?GET_CURRENT_MCU_FW_VER?SYSTEM
            CODE    2791H     0035H     UNIT         ?PR?_MCU_DP_ENUM_UPDATE?MCU_API
            CODE    27C6H     0032H     UNIT         ?PR?_FLASH_READARR?HC_MCU_XBR
            CODE    27F8H     0032H     UNIT         ?PR?_DP_DOWNLOAD_SWITCH_XBR_HANDLE?PROTOCOL
            CODE    282AH     0031H     UNIT         ?PR?UART1_INIT?HC_MCU_XBR
            CODE    285BH     002DH     UNIT         ?PR?_GET_CHECK_SUM?SYSTEM
            CODE    2888H     002DH     UNIT         ?CO?SYSTEM
            CODE    28B5H     002CH     UNIT         ?PR?_DP_DOWNLOAD_SWITCH_LINKAGE_HANDLE?PROTOCOL
            CODE    28E1H     0028H     UNIT         ?PR?_DELAY_MS?HC_MCU_XBR
            CODE    2909H     0027H     UNIT         ?PR?_FLASH_WRITEDATA?HC_MCU_XBR
            CODE    2930H     0026H     UNIT         ?PR?_DP_DOWNLOAD_CLEAR_TRIGGER_NUMBER_HANDLE?PROTOCOL
            CODE    2956H     0025H     UNIT         ?PR?_FLASH_ERASEBLOCK?HC_MCU_XBR
            CODE    297BH     0024H     UNIT         ?PR?_DP_DOWNLOAD_ALL_DAY_MICRO_LIGHT_HANDLE?PROTOCOL
            CODE    299FH     0022H     UNIT         ?PR?_SET_ZIGBEE_STATE?SYSTEM
            CODE    29C1H     0021H     UNIT         ?PR?_GET_DOWMLOAD_DPID_INDEX?SYSTEM
            CODE    29E2H     0020H     UNIT         ?PR?_ASSIC_TO_HEX?SYSTEM
            CODE    2A02H     001EH     UNIT         ?PR?TIMER_INIT?HC_MCU_XBR
            CODE    2A20H     001EH     UNIT         ?PR?ZIGBEE_OTA_VER_REQ_HANDLE?SYSTEM
            CODE    2A3EH     001CH     UNIT         ?PR?GPIO_INIT?HC_MCU_XBR
            CODE    2A5AH     001BH     UNIT         ?PR?_DELAY_US?HC_MCU_XBR
            CODE    2A75H     0017H     UNIT         ?PR?INITSYS?HC_MCU_XBR
            CODE    2A8CH     0017H     UNIT         ?PR?ADC_INIT?HC_MCU_XBR
            CODE    2AA3H     0015H     UNIT         ?PR?_DP_DOWNLOAD_SWITCH_LED_HANDLE?PROTOCOL
            CODE    2AB8H     0014H     UNIT         ?PR?_SET_ZIGBEE_UART_BYTE?SYSTEM
            CODE    2ACCH     0013H     UNIT         ?PR?GO_BOOTLOADER_OTA?PROTOCOL
            CODE    2ADFH     0012H     UNIT         ?PR?MCU_NETWORK_START?MCU_API
            CODE    2AF1H     0011H     UNIT         ?PR?MCU_RESET_ZIGBEE?MCU_API
BL51 BANKED LINKER/LOCATER V6.22                                                      01/26/2021  09:31:42  PAGE 5


            CODE    2B02H     0011H     UNIT         ?PR?IAR_SOFT_RST_NO_OPTION?PROTOCOL
            CODE    2B13H     0011H     UNIT         ?PR?IAR_SOFT_RST_OPTION?PROTOCOL
            CODE    2B24H     000EH     UNIT         ?PR?GET_QUEUE_TOTAL_DATA?SYSTEM
            CODE    2B32H     000BH     UNIT         ?PR?_SEND_DATA?HC_MCU_XBR
            CODE    2B3DH     000AH     UNIT         ?PR?_ZIGBEE_STATE_CMD_HANDLE?SYSTEM
            CODE    2B47H     0009H     UNIT         ?PR?_MCU_GET_DP_DOWNLOAD_BOOL?MCU_API
            CODE    2B50H     0009H     UNIT         ?PR?_MCU_GET_DP_DOWNLOAD_ENUM?MCU_API
            CODE    2B59H     0009H     UNIT         ?PR?_SEQ_NUM_SET?SYSTEM
            CODE    2B62H     0009H     UNIT         ?PR?SEQ_NUM_GET?SYSTEM
            CODE    2B6BH     0008H     UNIT         ?PR?_MCU_GET_DP_DOWNLOAD_VALUE?MCU_API
            CODE    2B73H     0008H     UNIT         ?PR?CMD1?SYSTEM
            CODE    2B7BH     0007H     UNIT         ?PR?_MCU_WRITE_RTCTIME?PROTOCOL
            CODE    2B82H     0003H     UNIT         ?PR?_UART_TRANSMIT_OUTPUT?PROTOCOL
            CODE    2B85H     0003H     UNIT         ?PR?GET_DOWNLOAD_CMD_TOTAL?PROTOCOL
            CODE    2B88H     0003H     UNIT         ?PR?SOFT_RESET_MCU?PROTOCOL
            CODE    2B8BH     0003H     UNIT         ?PR?TUYA_RE_CONFIG_NETWORK?PROTOCOL
            CODE    2B8EH     0003H     UNIT         ?PR?TUYA_RESET_MODULE?PROTOCOL
            CODE    2B91H     0003H     UNIT         ?PR?_ZIGBEE_DATA_RSP_HANDLE?SYSTEM
            CODE    2B94H     0001H     UNIT         ?PR?ZIGBEE_CFG_CMD_HANDLE?SYSTEM



OVERLAY MAP OF MODULE:   .\Objects\HC-MCU-XBR (?C_STARTUP)


SEGMENT                                            DATA_GROUP          XDATA_GROUP
  +--> CALLED SEGMENT                            START    LENGTH     START    LENGTH
------------------------------------------------------------------------------------
?C_C51STARTUP                                    -----    -----      -----    -----
  +--> ?PR?MAIN?HC_MCU_XBR
  +--> ?C_INITSEG

?PR?MAIN?HC_MCU_XBR                              0008H    0001H      -----    -----
  +--> ?PR?ZIGBEE_PROTOCOL_INIT?MCU_API
  +--> ?PR?INITSYS?HC_MCU_XBR
  +--> ?PR?GPIO_INIT?HC_MCU_XBR
  +--> ?PR?TIMER_INIT?HC_MCU_XBR
  +--> ?PR?UART1_INIT?HC_MCU_XBR
  +--> ?PR?ADC_INIT?HC_MCU_XBR
  +--> ?PR?_DELAY_MS?HC_MCU_XBR
  +--> ?PR?_READ_AD?HC_MCU_XBR
  +--> ?PR?SET_VAR?HC_MCU_XBR
  +--> ?PR?_PWM3INIT?HC_MCU_XBR
  +--> ?PR?WAIT1?HC_MCU_XBR
  +--> ?PR?WAIT2?HC_MCU_XBR
  +--> ?PR?RESET_BT_MODULE?PROTOCOL
  +--> ?PR?SAVEVAR?HC_MCU_XBR
  +--> ?PR?ZIGBEE_OTA_VER_REQ_HANDLE?SYSTEM
  +--> ?PR?_MCU_DP_ENUM_UPDATE?MCU_API
  +--> ?PR?_MCU_DP_VALUE_UPDATE?MCU_API
  +--> ?PR?ZIGBEE_UART_SERVICE?MCU_API
  +--> ?PR?XBRHANDLE?HC_MCU_XBR

?PR?ADC_INIT?HC_MCU_XBR                          -----    -----      -----    -----
  +--> ?PR?_DELAY_US?HC_MCU_XBR

?PR?_DELAY_US?HC_MCU_XBR                         -----    -----      -----    -----
BL51 BANKED LINKER/LOCATER V6.22                                                      01/26/2021  09:31:42  PAGE 6


  +--> ?PR?_FLASH_WRITEDATA?HC_MCU_XBR

?PR?_READ_AD?HC_MCU_XBR                          -----    -----      -----    -----
  +--> ?PR?_DELAY_US?HC_MCU_XBR

?PR?SET_VAR?HC_MCU_XBR                           -----    -----      -----    -----
  +--> ?PR?_FLASH_READARR?HC_MCU_XBR
  +--> ?PR?_FLASH_ERASEBLOCK?HC_MCU_XBR
  +--> ?PR?_DELAY_US?HC_MCU_XBR
  +--> ?PR?_FLASH_WRITEDATA?HC_MCU_XBR
  +--> ?PR?RESET_BT_MODULE?PROTOCOL

?PR?_FLASH_READARR?HC_MCU_XBR                    0009H    0005H      -----    -----

?PR?RESET_BT_MODULE?PROTOCOL                     -----    -----      -----    -----
  +--> ?PR?MCU_NETWORK_START?MCU_API

?PR?MCU_NETWORK_START?MCU_API                    -----    -----      -----    -----
  +--> ?PR?_SET_ZIGBEE_UART_BYTE?SYSTEM
  +--> ?PR?_ZIGBEE_UART_WRITE_FRAME?SYSTEM

?PR?_ZIGBEE_UART_WRITE_FRAME?SYSTEM              0030H    0002H      -----    -----
  +--> ?PR?SEQ_NUM_GET?SYSTEM
  +--> ?PR?_SEQ_NUM_SET?SYSTEM
  +--> ?PR?_GET_CHECK_SUM?SYSTEM
  +--> ?PR?_ZIGBEE_UART_WRITE_DATA?SYSTEM

?PR?_GET_CHECK_SUM?SYSTEM                        0032H    0005H      -----    -----

?PR?_ZIGBEE_UART_WRITE_DATA?SYSTEM               0032H    0005H      -----    -----
  +--> ?PR?_UART_TRANSMIT_OUTPUT?PROTOCOL

?PR?_UART_TRANSMIT_OUTPUT?PROTOCOL               -----    -----      -----    -----
  +--> ?PR?_SEND_DATA?HC_MCU_XBR

?PR?_PWM3INIT?HC_MCU_XBR                         000BH    0004H      -----    -----

?PR?WAIT1?HC_MCU_XBR                             0009H    0002H      -----    -----
  +--> ?PR?_DELAY_MS?HC_MCU_XBR

?PR?WAIT2?HC_MCU_XBR                             0009H    0005H      -----    -----

?PR?SAVEVAR?HC_MCU_XBR                           -----    -----      -----    -----
  +--> ?PR?_FLASH_ERASEBLOCK?HC_MCU_XBR
  +--> ?PR?_DELAY_US?HC_MCU_XBR
  +--> ?PR?_FLASH_WRITEDATA?HC_MCU_XBR

?PR?ZIGBEE_OTA_VER_REQ_HANDLE?SYSTEM             0019H    0002H      -----    -----
  +--> ?PR?GET_CURRENT_MCU_FW_VER?SYSTEM
  +--> ?PR?_SET_ZIGBEE_UART_BYTE?SYSTEM
  +--> ?PR?_ZIGBEE_UART_WRITE_FRAME?SYSTEM

?PR?GET_CURRENT_MCU_FW_VER?SYSTEM                001BH    0004H      -----    -----
  +--> ?CO?SYSTEM
  +--> ?PR?_ASSIC_TO_HEX?SYSTEM

?PR?_MCU_DP_ENUM_UPDATE?MCU_API                  0028H    0001H      -----    -----
BL51 BANKED LINKER/LOCATER V6.22                                                      01/26/2021  09:31:42  PAGE 7


  +--> ?PR?_SET_ZIGBEE_UART_BYTE?SYSTEM
  +--> ?PR?_ZIGBEE_UART_WRITE_FRAME?SYSTEM

?PR?_MCU_DP_VALUE_UPDATE?MCU_API                 002BH    0005H      -----    -----
  +--> ?PR?_SET_ZIGBEE_UART_BYTE?SYSTEM
  +--> ?PR?_ZIGBEE_UART_WRITE_FRAME?SYSTEM

?PR?ZIGBEE_UART_SERVICE?MCU_API                  0009H    0008H      -----    -----
  +--> ?PR?GET_QUEUE_TOTAL_DATA?SYSTEM
  +--> ?PR?QUEUE_READ_BYTE?SYSTEM
  +--> ?PR?_GET_CHECK_SUM?SYSTEM
  +--> ?PR?_DATA_HANDLE?SYSTEM
  +--> ?PR?_MY_MEMCPY?MCU_API

?PR?GET_QUEUE_TOTAL_DATA?SYSTEM                  -----    -----      -----    -----
  +--> ?PR?ZIGBEE_PROTOCOL_INIT?MCU_API

?PR?_DATA_HANDLE?SYSTEM                          0011H    0008H      -----    -----
  +--> ?PR?_SEQ_NUM_SET?SYSTEM
  +--> ?PR?_SET_ZIGBEE_STATE?SYSTEM
  +--> ?PR?CMD0?SYSTEM
  +--> ?PR?CMD1?SYSTEM
  +--> ?PR?PRODUCT_INFO_CMD_HANDLE?SYSTEM
  +--> ?PR?_ZIGBEE_STATE_CMD_HANDLE?SYSTEM
  +--> ?PR?ZIGBEE_CFG_CMD_HANDLE?SYSTEM
  +--> ?PR?_ZIGBEE_DATA_POINT_HANDLE?SYSTEM
  +--> ?PR?SAVEVAR?HC_MCU_XBR
  +--> ?PR?_ZIGBEE_DATA_RSP_HANDLE?SYSTEM
  +--> ?PR?ZIGBEE_OTA_VER_REQ_HANDLE?SYSTEM
  +--> ?PR?_ZIGBEE_OTA_END_REQ_SEND?SYSTEM
  +--> ?PR?GO_BOOTLOADER_OTA?PROTOCOL
  +--> ?PR?_ZIGBEE_TIME_GET_HANDLE?SYSTEM

?PR?_SET_ZIGBEE_STATE?SYSTEM                     -----    -----      -----    -----
  +--> ?PR?ALL_DATA_UPDATE?PROTOCOL
  +--> ?PR?SAVEVAR?HC_MCU_XBR

?PR?ALL_DATA_UPDATE?PROTOCOL                     0019H    0001H      -----    -----
  +--> ?PR?_MCU_DP_BOOL_UPDATE?MCU_API
  +--> ?PR?_MCU_DP_VALUE_UPDATE?MCU_API
  +--> ?PR?_MCU_DP_ENUM_UPDATE?MCU_API

?PR?_MCU_DP_BOOL_UPDATE?MCU_API                  0028H    0001H      -----    -----
  +--> ?PR?_SET_ZIGBEE_UART_BYTE?SYSTEM
  +--> ?PR?_ZIGBEE_UART_WRITE_FRAME?SYSTEM

?PR?CMD0?SYSTEM                                  -----    -----      -----    -----
  +--> ?PR?_SET_ZIGBEE_UART_BYTE?SYSTEM
  +--> ?PR?_ZIGBEE_UART_WRITE_FRAME?SYSTEM

?PR?CMD1?SYSTEM                                  -----    -----      -----    -----
  +--> ?PR?_ZIGBEE_UART_WRITE_FRAME?SYSTEM

?PR?PRODUCT_INFO_CMD_HANDLE?SYSTEM               0019H    0001H      -----    -----
  +--> ?CO?SYSTEM
  +--> ?PR?_MY_STRLEN?MCU_API
  +--> ?PR?_SET_ZIGBEE_UART_BUFFER?SYSTEM
BL51 BANKED LINKER/LOCATER V6.22                                                      01/26/2021  09:31:42  PAGE 8


  +--> ?PR?_ZIGBEE_UART_WRITE_FRAME?SYSTEM

?PR?_MY_STRLEN?MCU_API                           001AH    0007H      -----    -----

?PR?_SET_ZIGBEE_UART_BUFFER?SYSTEM               001AH    0007H      -----    -----
  +--> ?PR?_MY_MEMCPY?MCU_API

?PR?_MY_MEMCPY?MCU_API                           0021H    0010H      -----    -----

?PR?_ZIGBEE_STATE_CMD_HANDLE?SYSTEM              0019H    0001H      -----    -----
  +--> ?PR?_ZIGBEE_UART_WRITE_FRAME?SYSTEM

?PR?_ZIGBEE_DATA_POINT_HANDLE?SYSTEM             0019H    0007H      -----    -----
  +--> ?PR?_GET_DOWMLOAD_DPID_INDEX?SYSTEM
  +--> ?PR?_DP_DOWNLOAD_HANDLE?PROTOCOL

?PR?_GET_DOWMLOAD_DPID_INDEX?SYSTEM              0020H    0001H      -----    -----
  +--> ?PR?GET_DOWNLOAD_CMD_TOTAL?PROTOCOL

?PR?_DP_DOWNLOAD_HANDLE?PROTOCOL                 0020H    0007H      -----    -----
  +--> ?PR?_DP_DOWNLOAD_SWITCH_LED_HANDLE?PR...
  +--> ?PR?_DP_DOWNLOAD_BRIGHT_VALUE_HANDLE?...
  +--> ?PR?_DP_DOWNLOAD_CDS_HANDLE?PROTOCOL
  +--> ?PR?_DP_DOWNLOAD_PIR_DELAY_HANDLE?PRO...
  +--> ?PR?_DP_DOWNLOAD_SWITCH_XBR_HANDLE?PR...
  +--> ?PR?_DP_DOWNLOAD_STANDBY_TIME_HANDLE?...
  +--> ?PR?_DP_DOWNLOAD_SENSE_STRESS_HANDLE?...
  +--> ?PR?_DP_DOWNLOAD_SWITCH_LED2_HANDLE?P...
  +--> ?PR?_DP_DOWNLOAD_SWITCH_LINKAGE_HANDL...
  +--> ?PR?_DP_DOWNLOAD_ALL_DAY_MICRO_LIGHT_...
  +--> ?PR?_DP_DOWNLOAD_CLEAR_TRIGGER_NUMBER...
  +--> ?PR?_DP_DOWNLOAD_FACTORY_OP_HANDLE?PR...

?PR?_DP_DOWNLOAD_SWITCH_LED_HANDLE?PR...         0027H    0001H      -----    -----
  +--> ?PR?_MCU_GET_DP_DOWNLOAD_BOOL?MCU_API
  +--> ?PR?_MCU_DP_BOOL_UPDATE?MCU_API

?PR?_MCU_GET_DP_DOWNLOAD_BOOL?MCU_API            0028H    0002H      -----    -----

?PR?_DP_DOWNLOAD_BRIGHT_VALUE_HANDLE?...         0027H    0004H      -----    -----
  +--> ?PR?_MCU_GET_DP_DOWNLOAD_VALUE?MCU_API
  +--> ?PR?SAVEVAR?HC_MCU_XBR
  +--> ?PR?_MCU_DP_VALUE_UPDATE?MCU_API

?PR?_MCU_GET_DP_DOWNLOAD_VALUE?MCU_API           002BH    0002H      -----    -----
  +--> ?PR?_BYTE_TO_INT?MCU_API

?PR?_BYTE_TO_INT?MCU_API                         002DH    0004H      -----    -----

?PR?_DP_DOWNLOAD_CDS_HANDLE?PROTOCOL             -----    -----      -----    -----
  +--> ?PR?_MCU_GET_DP_DOWNLOAD_ENUM?MCU_API
  +--> ?PR?SAVEVAR?HC_MCU_XBR
  +--> ?PR?_MCU_DP_ENUM_UPDATE?MCU_API

?PR?_MCU_GET_DP_DOWNLOAD_ENUM?MCU_API            0028H    0002H      -----    -----

?PR?_DP_DOWNLOAD_PIR_DELAY_HANDLE?PRO...         0027H    0004H      -----    -----
BL51 BANKED LINKER/LOCATER V6.22                                                      01/26/2021  09:31:42  PAGE 9


  +--> ?PR?_MCU_GET_DP_DOWNLOAD_VALUE?MCU_API
  +--> ?PR?SAVEVAR?HC_MCU_XBR
  +--> ?PR?_MCU_DP_VALUE_UPDATE?MCU_API

?PR?_DP_DOWNLOAD_SWITCH_XBR_HANDLE?PR...         -----    -----      -----    -----
  +--> ?PR?_MCU_GET_DP_DOWNLOAD_BOOL?MCU_API
  +--> ?PR?SAVEVAR?HC_MCU_XBR
  +--> ?PR?_MCU_DP_BOOL_UPDATE?MCU_API

?PR?_DP_DOWNLOAD_STANDBY_TIME_HANDLE?...         0027H    0004H      -----    -----
  +--> ?PR?_MCU_GET_DP_DOWNLOAD_VALUE?MCU_API
  +--> ?PR?SAVEVAR?HC_MCU_XBR
  +--> ?PR?_MCU_DP_VALUE_UPDATE?MCU_API

?PR?_DP_DOWNLOAD_SENSE_STRESS_HANDLE?...         0027H    0004H      -----    -----
  +--> ?PR?_MCU_GET_DP_DOWNLOAD_VALUE?MCU_API
  +--> ?PR?SAVEVAR?HC_MCU_XBR
  +--> ?PR?_MCU_DP_VALUE_UPDATE?MCU_API

?PR?_DP_DOWNLOAD_SWITCH_LED2_HANDLE?P...         -----    -----      -----    -----
  +--> ?PR?_MCU_GET_DP_DOWNLOAD_BOOL?MCU_API
  +--> ?PR?_MCU_DP_BOOL_UPDATE?MCU_API

?PR?_DP_DOWNLOAD_SWITCH_LINKAGE_HANDL...         -----    -----      -----    -----
  +--> ?PR?_MCU_GET_DP_DOWNLOAD_BOOL?MCU_API
  +--> ?PR?_MCU_DP_BOOL_UPDATE?MCU_API

?PR?_DP_DOWNLOAD_ALL_DAY_MICRO_LIGHT_...         -----    -----      -----    -----
  +--> ?PR?_MCU_GET_DP_DOWNLOAD_BOOL?MCU_API
  +--> ?PR?_MCU_DP_BOOL_UPDATE?MCU_API

?PR?_DP_DOWNLOAD_CLEAR_TRIGGER_NUMBER...         -----    -----      -----    -----
  +--> ?PR?_MCU_GET_DP_DOWNLOAD_BOOL?MCU_API
  +--> ?PR?_MCU_DP_VALUE_UPDATE?MCU_API

?PR?_DP_DOWNLOAD_FACTORY_OP_HANDLE?PR...         0027H    0001H      -----    -----
  +--> ?PR?_MCU_GET_DP_DOWNLOAD_ENUM?MCU_API
  +--> ?PR?SOFT_RESET_MCU?PROTOCOL
  +--> ?PR?GO_BOOTLOADER_OTA?PROTOCOL
  +--> ?PR?TUYA_RE_CONFIG_NETWORK?PROTOCOL
  +--> ?PR?TUYA_RESET_MODULE?PROTOCOL
  +--> ?PR?TUYA_RETRY_OTA?PROTOCOL
  +--> ?PR?RESET_DEFAULT_PARAMETER?PROTOCOL
  +--> ?PR?_MCU_DP_ENUM_UPDATE?MCU_API

?PR?SOFT_RESET_MCU?PROTOCOL                      -----    -----      -----    -----
  +--> ?PR?IAR_SOFT_RST_NO_OPTION?PROTOCOL

?PR?GO_BOOTLOADER_OTA?PROTOCOL                   -----    -----      -----    -----
  +--> ?PR?_FLASH_ERASEBLOCK?HC_MCU_XBR
  +--> ?PR?_FLASH_WRITEDATA?HC_MCU_XBR
  +--> ?PR?IAR_SOFT_RST_OPTION?PROTOCOL

?PR?TUYA_RE_CONFIG_NETWORK?PROTOCOL              -----    -----      -----    -----
  +--> ?PR?MCU_NETWORK_START?MCU_API

?PR?TUYA_RESET_MODULE?PROTOCOL                   -----    -----      -----    -----
BL51 BANKED LINKER/LOCATER V6.22                                                      01/26/2021  09:31:42  PAGE 10


  +--> ?PR?MCU_RESET_ZIGBEE?MCU_API

?PR?MCU_RESET_ZIGBEE?MCU_API                     -----    -----      -----    -----
  +--> ?PR?_SET_ZIGBEE_UART_BYTE?SYSTEM
  +--> ?PR?_ZIGBEE_UART_WRITE_FRAME?SYSTEM

?PR?_ZIGBEE_DATA_RSP_HANDLE?SYSTEM               0019H    0001H      -----    -----

?PR?_ZIGBEE_OTA_END_REQ_SEND?SYSTEM              0019H    0006H      -----    -----
  +--> ?CO?SYSTEM
  +--> ?PR?_SET_ZIGBEE_UART_BYTE?SYSTEM
  +--> ?PR?_ZIGBEE_UART_WRITE_FRAME?SYSTEM

?PR?_ZIGBEE_TIME_GET_HANDLE?SYSTEM               0019H    000DH      00F1H    0010H
  +--> ?PR?_MY_MEMSET?MCU_API
  +--> ?PR?_ZIGBEE_TIME_CONVERT?SYSTEM
  +--> ?PR?_MCU_WRITE_RTCTIME?PROTOCOL

?PR?_MY_MEMSET?MCU_API                           0026H    0009H      -----    -----

?PR?_ZIGBEE_TIME_CONVERT?SYSTEM                  0026H    0016H      -----    -----
  +--> ?CO?SYSTEM

?PR?_MCU_WRITE_RTCTIME?PROTOCOL                  0026H    0003H      -----    -----

?PR?XBRHANDLE?HC_MCU_XBR                         0009H    0002H      -----    -----
  +--> ?PR?_PWM3INIT?HC_MCU_XBR
  +--> ?PR?_READ_AD?HC_MCU_XBR
  +--> ?PR?_DELAY_MS?HC_MCU_XBR

*** NEW ROOT ***************************************************

?PR?UART1_RPT?HC_MCU_XBR                         -----    -----      -----    -----
  +--> ?PR?_UART_RECEIVE_INPUT?MCU_API



SYMBOL TABLE OF MODULE:  .\Objects\HC-MCU-XBR (?C_STARTUP)

  VALUE           TYPE          NAME
  ----------------------------------

  -------         MODULE        ?C_STARTUP
  C:1EA3H         SEGMENT       ?C_C51STARTUP
  I:0051H         SEGMENT       ?STACK
  C:0000H         PUBLIC        ?C_STARTUP
  D:00E0H         SYMBOL        ACC
  D:00F0H         SYMBOL        B
  D:0083H         SYMBOL        DPH
  D:0082H         SYMBOL        DPL
  N:0000H         SYMBOL        IBPSTACK
  N:0100H         SYMBOL        IBPSTACKTOP
  N:0080H         SYMBOL        IDATALEN
  C:1EA6H         SYMBOL        IDATALOOP
  N:0000H         SYMBOL        PBPSTACK
  N:0100H         SYMBOL        PBPSTACKTOP
  N:0000H         SYMBOL        PDATALEN
BL51 BANKED LINKER/LOCATER V6.22                                                      01/26/2021  09:31:42  PAGE 11


  N:0000H         SYMBOL        PDATASTART
  N:0000H         SYMBOL        PPAGE
  N:0000H         SYMBOL        PPAGEENABLE
  D:00A0H         SYMBOL        PPAGE_SFR
  D:0081H         SYMBOL        SP
  C:1EA3H         SYMBOL        STARTUP1
  N:0000H         SYMBOL        XBPSTACK
  N:0000H         SYMBOL        XBPSTACKTOP
  N:0000H         SYMBOL        XDATALEN
  N:0000H         SYMBOL        XDATASTART
  C:0000H         LINE#         126
  C:1EA3H         LINE#         133
  C:1EA5H         LINE#         134
  C:1EA6H         LINE#         135
  C:1EA7H         LINE#         136
  C:1EA9H         LINE#         185
  C:1EACH         LINE#         196
  -------         ENDMOD        ?C_STARTUP

  -------         MODULE        HC_MCU_XBR
  C:0000H         SYMBOL        _ICE_DUMMY_
  X:FF08H         PUBLIC        P1M0
  X:FF01H         PUBLIC        P0M1
  X:0000H         PUBLIC        Light_on_flagpre
  X:FF10H         PUBLIC        P2M0
  X:FF02H         PUBLIC        P0M2
  D:0080H         PUBLIC        P0
  X:FF11H         PUBLIC        P2M1
  X:FF03H         PUBLIC        P0M3
  D:0090H         PUBLIC        P1
  X:FF12H         PUBLIC        P2M2
  D:00A0H         PUBLIC        P2
  X:0001H         PUBLIC        check_light_times
  X:FF13H         PUBLIC        P2M3
  X:0002H         PUBLIC        radar_number_send_flag
  X:0003H         PUBLIC        lowlight1minflag
  X:0004H         PUBLIC        light_status_xxx_last
  B:00A8H.7       PUBLIC        EA
  C:24DEH         PUBLIC        UART1_Rpt
  X:0005H         PUBLIC        radar_number_count
  X:FE94H         PUBLIC        XTALCFG
  X:0007H         PUBLIC        SUM1_counter
  D:00A8H         PUBLIC        IE
  B:0080H.0       PUBLIC        P0_0
  D:00FCH         PUBLIC        IAP_CMD
  X:0008H         PUBLIC        guc_Read_a1
  D:00F8H         PUBLIC        RSTFR
  B:0080H.4       PUBLIC        P0_4
  X:000AH         PUBLIC        lowlight1mincount
  X:000CH         PUBLIC        alarm_times
  X:FF91H         PUBLIC        PWM01_MAP
  C:2A75H         PUBLIC        InitSYS
  X:000DH         PUBLIC        LIGHT_off
  X:FF95H         PUBLIC        PWM11_MAP
  X:FF99H         PUBLIC        PWM21_MAP
  X:FE89H         PUBLIC        S2CON2
  D:00B6H         PUBLIC        ADCR
BL51 BANKED LINKER/LOCATER V6.22                                                      01/26/2021  09:31:42  PAGE 12


  X:000FH         PUBLIC        TH
  X:FEA2H         PUBLIC        CRCC
  X:FE85H         PUBLIC        T5CON1
  X:0013H         PUBLIC        all_day_micro_light_enable
  X:FFA5H         PUBLIC        SCK_MAP
  X:0014H         PUBLIC        SWITCHflag2
  X:0015H         PUBLIC        times
  X:0017H         PUBLIC        SUM0
  C:0F8EH         PUBLIC        main
  C:2A3EH         PUBLIC        GPIO_Init
  X:001BH         PUBLIC        SUM1
  X:FEA4H         PUBLIC        BORC
  X:001FH         PUBLIC        SUM2
  C:2B32H         PUBLIC        _send_data
  X:0023H         PUBLIC        SWITCHfXBR
  D:00BBH         PUBLIC        LVDC
  X:0024H         PUBLIC        radar_trig_times
  X:FFA1H         PUBLIC        RXD_MAP
  X:FEA5H         PUBLIC        BORDBC
  X:FFA0H         PUBLIC        TXD_MAP
  X:FEA7H         PUBLIC        LVDDBC
  D:0099H         PUBLIC        SBUF
  X:FEB8H         PUBLIC        PINTE0
  C:28E1H         PUBLIC        _Delay_ms
  C:2956H         PUBLIC        _Flash_EraseBlock
  X:0026H         PUBLIC        lowlightDELAY_NUM
  X:0027H         PUBLIC        MAX_DELTA
  X:FEB9H         PUBLIC        PINTE1
  D:00BDH         PUBLIC        WDTC
  X:002BH         PUBLIC        zigbee_join_cnt
  D:0098H         PUBLIC        SCON
  D:0089H         PUBLIC        TMOD
  D:0088H         PUBLIC        TCON
  X:002CH         PUBLIC        Light_on_flag
  X:002DH         PUBLIC        radar_number_send_flag2
  X:002EH         PUBLIC        start_times
  X:FE95H         PUBLIC        SPOV_RSTEN
  C:2A63H         PUBLIC        _Delay_us
  X:0030H         PUBLIC        Linkage_flag
  X:0031H         PUBLIC        lightvalue
  D:00B4H         PUBLIC        ADCC0
  C:0026H         PUBLIC        XBRHandle
  D:00B5H         PUBLIC        ADCC1
  X:FE9BH         PUBLIC        ADCC2
  C:2A8CH         PUBLIC        ADC_Init
  X:FE91H         PUBLIC        CLKDIV
  D:00B8H         PUBLIC        IE1
  X:0032H         PUBLIC        person_in_range_flag
  X:0033H         PUBLIC        light_ad
  D:0044H         PUBLIC        upload_disable
  X:0034H         PUBLIC        DELAY_NUM
  X:0036H         PUBLIC        radar_trig_times_last
  X:FF80H         PUBLIC        T0_MAP
  C:256BH         PUBLIC        _read_ad
  X:FF81H         PUBLIC        T1_MAP
  X:FEAAH         PUBLIC        RSTDBC
  X:0038H         PUBLIC        resetbtcnt
BL51 BANKED LINKER/LOCATER V6.22                                                      01/26/2021  09:31:42  PAGE 13


  X:FF83H         PUBLIC        T3_MAP
  X:FF84H         PUBLIC        T4_MAP
  X:FF85H         PUBLIC        T5_MAP
  D:0045H         PUBLIC        Timer_Counter
  X:FEA0H         PUBLIC        WDTCCR
  D:0049H         PUBLIC        while_1flag
  D:004AH         PUBLIC        while_2flag
  C:1C85H         PUBLIC        TIMER1_Rpt
  D:008CH         PUBLIC        TH0
  D:008DH         PUBLIC        TH1
  X:0039H         PUBLIC        stop_times
  X:003AH         PUBLIC        XRBoffbrightvalue
  D:00CEH         PUBLIC        TH4
  D:008AH         PUBLIC        TL0
  D:008BH         PUBLIC        TL1
  X:FE93H         PUBLIC        CLKOUT
  D:00CDH         PUBLIC        TL4
  D:00FBH         PUBLIC        IAP_DATA
  X:003BH         PUBLIC        SUM10
  X:003FH         PUBLIC        SUM01
  D:00F9H         PUBLIC        IAP_ADDR
  X:0043H         PUBLIC        person_in_range_flag_last
  X:0044H         PUBLIC        SUM0_num
  D:008EH         PUBLIC        CLKSWR
  X:0045H         PUBLIC        SUM1_num
  C:2909H         PUBLIC        _FLASH_WriteData
  X:0046H         PUBLIC        slowchcnt
  X:0047H         PUBLIC        calc_average_times
  I:004DH         PUBLIC        light1sflag
  X:0048H         PUBLIC        switchcnt
  X:0049H         PUBLIC        SUM16
  C:2131H         PUBLIC        _PWM3init
  X:004DH         PUBLIC        average
  X:004FH         PUBLIC        guc_Read_a
  X:FFA9H         PUBLIC        RXD2_MAP
  X:005BH         PUBLIC        ALL_SUM1
  X:FFA8H         PUBLIC        TXD2_MAP
  X:FE98H         PUBLIC        ADCWC
  X:FE8AH         PUBLIC        S2BUF
  X:FF90H         PUBLIC        PWM0_MAP
  C:282AH         PUBLIC        UART1_Init
  X:FFA4H         PUBLIC        SS_MAP
  X:FF94H         PUBLIC        PWM1_MAP
  X:FF98H         PUBLIC        PWM2_MAP
  X:FE88H         PUBLIC        S2CON
  X:FE80H         PUBLIC        TCON1
  D:009EH         PUBLIC        SCON2
  X:FF9CH         PUBLIC        PWM3_MAP
  C:2219H         PUBLIC        wait1
  C:2283H         PUBLIC        wait2
  X:FF8FH         PUBLIC        CLKO_MAP
  X:FEBCH         PUBLIC        INT01_PINS
  D:00CCH         PUBLIC        T4CON
  X:FE92H         PUBLIC        FREQ_CLK
  D:00DDH         PUBLIC        PWM3C
  D:00DFH         PUBLIC        PWM3D
  I:004FH         PUBLIC        light1scount
BL51 BANKED LINKER/LOCATER V6.22                                                      01/26/2021  09:31:42  PAGE 14


  X:005FH         PUBLIC        light_status_xxx
  X:0060H         PUBLIC        light_ad0
  X:FEB0H         PUBLIC        PITS0
  X:FF05H         PUBLIC        P0LPU
  X:FEB1H         PUBLIC        PITS1
  X:FEB2H         PUBLIC        PITS2
  X:FEB3H         PUBLIC        PITS3
  X:0061H         PUBLIC        SUM
  C:27C6H         PUBLIC        _Flash_ReadArr
  X:0065H         PUBLIC        LIGHT_TH
  C:1399H         PUBLIC        set_var
  X:FFA7H         PUBLIC        MISO_MAP
  X:FFA6H         PUBLIC        MOSI_MAP
  D:00DEH         PUBLIC        PWM3P
  X:0066H         PUBLIC        LIGHT
  C:2A02H         PUBLIC        Timer_Init
  X:FF40H         PUBLIC        P00DBC
  D:00D0H         PUBLIC        PSW
  X:FF41H         PUBLIC        P01DBC
  C:1D48H         PUBLIC        savevar
  X:FF42H         PUBLIC        P02DBC
  X:FF00H         PUBLIC        P0M0
  -------         PROC          _FLASH_READARR
  D:0009H         SYMBOL        fui_Address
  D:0005H         SYMBOL        fuc_Length
  D:000BH         SYMBOL        fucp_SaveArr
  C:27C6H         LINE#         109
  C:27D0H         LINE#         110
  C:27D0H         LINE#         111
  C:27D6H         LINE#         112
  C:27F7H         LINE#         113
  -------         ENDPROC       _FLASH_READARR
  -------         PROC          _DELAY_MS
  D:0082H         SYMBOL        t
  C:28E1H         LINE#         115
  C:28E5H         LINE#         116
  C:28E5H         LINE#         117
  C:28EEH         LINE#         118
  C:2903H         LINE#         119
  C:2903H         LINE#         120
  C:2906H         LINE#         121
  C:2908H         LINE#         122
  -------         ENDPROC       _DELAY_MS
  C:2A5CH         SYMBOL        L?0192
  -------         PROC          L?0191
  -------         ENDPROC       L?0191
  C:2A5CH         SYMBOL        L?0192
  -------         PROC          _DELAY_US
  D:0006H         SYMBOL        q1
  -------         DO            
  D:0004H         SYMBOL        j
  -------         ENDDO         
  C:2A63H         LINE#         124
  C:2A63H         LINE#         125
  C:2A63H         LINE#         127
  C:2A6DH         LINE#         128
  C:2A6DH         LINE#         130
BL51 BANKED LINKER/LOCATER V6.22                                                      01/26/2021  09:31:42  PAGE 15


  C:2A74H         LINE#         131
  -------         ENDPROC       _DELAY_US
  -------         PROC          INITSYS
  C:2A75H         LINE#         139
  C:2A75H         LINE#         140
  C:2A75H         LINE#         143
  C:2A78H         LINE#         144
  C:2A7EH         LINE#         145
  C:2A82H         LINE#         153
  C:2A85H         LINE#         154
  C:2A8BH         LINE#         156
  -------         ENDPROC       INITSYS
  -------         PROC          TIMER_INIT
  C:2A02H         LINE#         164
  C:2A02H         LINE#         165
  C:2A02H         LINE#         167
  C:2A07H         LINE#         168
  C:2A0AH         LINE#         180
  C:2A0DH         LINE#         181
  C:2A10H         LINE#         182
  C:2A13H         LINE#         183
  C:2A16H         LINE#         185
  C:2A19H         LINE#         186
  C:2A1CH         LINE#         188
  C:2A1FH         LINE#         189
  -------         ENDPROC       TIMER_INIT
  -------         PROC          UART1_INIT
  C:282AH         LINE#         197
  C:282AH         LINE#         198
  C:282AH         LINE#         200
  C:2833H         LINE#         201
  C:283CH         LINE#         202
  C:283EH         LINE#         203
  C:2844H         LINE#         204
  C:2848H         LINE#         205
  C:284BH         LINE#         221
  C:284EH         LINE#         222
  C:2851H         LINE#         223
  C:2854H         LINE#         224
  C:2857H         LINE#         225
  C:285AH         LINE#         227
  -------         ENDPROC       UART1_INIT
  -------         PROC          ADC_INIT
  C:2A8CH         LINE#         235
  C:2A8CH         LINE#         236
  C:2A8CH         LINE#         238
  C:2A8FH         LINE#         239
  C:2A92H         LINE#         240
  C:2A99H         LINE#         251
  C:2A9CH         LINE#         254
  C:2AA2H         LINE#         255
  -------         ENDPROC       ADC_INIT
  -------         PROC          GPIO_INIT
  C:2A3EH         LINE#         263
  C:2A3EH         LINE#         264
  C:2A3EH         LINE#         304
  C:2A47H         LINE#         306
BL51 BANKED LINKER/LOCATER V6.22                                                      01/26/2021  09:31:42  PAGE 16


  C:2A50H         LINE#         308
  C:2A59H         LINE#         343
  -------         ENDPROC       GPIO_INIT
  -------         PROC          _SEND_DATA
  D:0007H         SYMBOL        d
  C:2B32H         LINE#         345
  C:2B32H         LINE#         346
  C:2B32H         LINE#         347
  C:2B34H         LINE#         348
  C:2B39H         LINE#         350
  C:2B3CH         LINE#         351
  -------         ENDPROC       _SEND_DATA
  -------         PROC          _READ_AD
  D:0007H         SYMBOL        ch
  -------         DO            
  D:0001H         SYMBOL        i
  D:0002H         SYMBOL        ad_sum
  -------         ENDDO         
  C:256BH         LINE#         354
  C:256BH         LINE#         355
  C:256BH         LINE#         359
  C:256DH         LINE#         360
  C:2570H         LINE#         361
  C:2575H         LINE#         363
  C:2578H         LINE#         365
  C:257FH         LINE#         367
  C:2582H         LINE#         369
  C:2583H         LINE#         370
  C:2583H         LINE#         371
  C:2586H         LINE#         372
  C:258BH         LINE#         374
  C:258EH         LINE#         375
  C:2596H         LINE#         377
  C:259DH         LINE#         378
  C:25A1H         LINE#         389
  C:25A4H         LINE#         392
  C:25A6H         LINE#         394
  C:25ADH         LINE#         395
  C:25AFH         LINE#         396
  -------         ENDPROC       _READ_AD
  -------         PROC          SET_VAR
  C:1399H         LINE#         398
  C:1399H         LINE#         399
  C:1399H         LINE#         401
  C:13A8H         LINE#         403
  C:13B7H         LINE#         404
  C:13C8H         LINE#         405
  C:13E0H         LINE#         406
  C:13F6H         LINE#         407
  C:141DH         LINE#         408
  C:1427H         LINE#         410
  C:142FH         LINE#         412
  C:1431H         LINE#         413
  C:1433H         LINE#         414
  C:143AH         LINE#         415
  C:143DH         LINE#         417
  C:144AH         LINE#         418
BL51 BANKED LINKER/LOCATER V6.22                                                      01/26/2021  09:31:42  PAGE 17


  C:1453H         LINE#         419
  C:1461H         LINE#         420
  C:1475H         LINE#         421
  C:147EH         LINE#         424
  C:1486H         LINE#         426
  C:148AH         LINE#         428
  C:1492H         LINE#         429
  C:149AH         LINE#         430
  C:14A0H         LINE#         432
  C:14ABH         LINE#         434
  C:14B5H         LINE#         436
  C:14BFH         LINE#         438
  C:14C9H         LINE#         440
  C:14D8H         LINE#         441
  C:14E0H         LINE#         442
  C:14E8H         LINE#         444
  C:14EFH         LINE#         445
  C:14F6H         LINE#         447
  C:14FCH         LINE#         449
  C:1505H         LINE#         450
  C:150CH         LINE#         452
  C:1512H         LINE#         453
  C:1512H         LINE#         454
  C:1515H         LINE#         455
  C:1515H         LINE#         456
  C:151DH         LINE#         457
  C:151DH         LINE#         458
  C:1524H         LINE#         459
  C:152BH         LINE#         460
  C:152BH         LINE#         461
  -------         ENDPROC       SET_VAR
  -------         PROC          XBRHANDLE
  -------         DO            
  D:0009H         SYMBOL        k
  -------         ENDDO         
  C:0026H         LINE#         463
  C:0026H         LINE#         464
  C:0026H         LINE#         467
  C:002DH         LINE#         468
  C:002DH         LINE#         480
  C:0030H         LINE#         481
  C:0035H         LINE#         483
  C:0038H         LINE#         484
  C:003EH         LINE#         486
  C:0048H         LINE#         488
  C:005EH         LINE#         491
  C:006EH         LINE#         492
  C:006EH         LINE#         493
  C:0079H         LINE#         494
  C:007BH         LINE#         496
  C:007BH         LINE#         497
  C:0086H         LINE#         498
  C:0086H         LINE#         499
  C:009CH         LINE#         501
  C:00A8H         LINE#         502
  C:00A8H         LINE#         503
  C:00B7H         LINE#         504
BL51 BANKED LINKER/LOCATER V6.22                                                      01/26/2021  09:31:42  PAGE 18


  C:00B7H         LINE#         518
  C:00BDH         LINE#         520
  C:00BEH         LINE#         521
  C:00C0H         LINE#         522
  C:00CCH         LINE#         523
  C:00CCH         LINE#         533
  C:00D5H         LINE#         535
  C:00D8H         LINE#         536
  C:00D8H         LINE#         537
  C:00D8H         LINE#         539
  C:00E4H         LINE#         540
  C:00E4H         LINE#         542
  C:00E7H         LINE#         544
  C:00EBH         LINE#         546
  C:00F1H         LINE#         548
  C:0106H         LINE#         550
  C:010FH         LINE#         551
  C:010FH         LINE#         552
  C:0111H         LINE#         554
  C:0122H         LINE#         556
  C:0131H         LINE#         557
  C:013CH         LINE#         558
  C:0146H         LINE#         559
  C:0146H         LINE#         561
  C:014FH         LINE#         562
  C:014FH         LINE#         563
  C:0152H         LINE#         564
  C:0154H         LINE#         566
  C:0154H         LINE#         567
  C:015EH         LINE#         568
  C:015EH         LINE#         579
  C:0168H         LINE#         582
  C:0195H         LINE#         583
  C:019DH         LINE#         585
  C:01A5H         LINE#         587
  C:01AAH         LINE#         588
  C:01AAH         LINE#         589
  C:01AAH         LINE#         591
  C:01BBH         LINE#         592
  C:01BBH         LINE#         593
  C:01D5H         LINE#         594
  C:01F2H         LINE#         595
  C:01FCH         LINE#         596
  C:01FCH         LINE#         598
  C:0202H         LINE#         599
  C:0202H         LINE#         600
  C:020EH         LINE#         601
  C:0218H         LINE#         603
  C:0218H         LINE#         605
  C:0254H         LINE#         606
  C:0254H         LINE#         607
  C:025AH         LINE#         608
  C:026FH         LINE#         609
  C:0288H         LINE#         610
  C:0299H         LINE#         611
  C:02ACH         LINE#         612
  C:02B6H         LINE#         613
BL51 BANKED LINKER/LOCATER V6.22                                                      01/26/2021  09:31:42  PAGE 19


  C:02C9H         LINE#         614
  C:02D3H         LINE#         616
  C:02E5H         LINE#         617
  C:02E5H         LINE#         618
  C:02FAH         LINE#         619
  C:030EH         LINE#         620
  C:0316H         LINE#         621
  C:032CH         LINE#         622
  C:0331H         LINE#         627
  C:0331H         LINE#         628
  C:0337H         LINE#         629
  C:0337H         LINE#         631
  C:0356H         LINE#         632
  C:0356H         LINE#         633
  C:0361H         LINE#         634
  C:0361H         LINE#         635
  C:036AH         LINE#         636
  C:0372H         LINE#         637
  C:0392H         LINE#         638
  C:0392H         LINE#         639
  C:03A7H         LINE#         640
  C:03BCH         LINE#         641
  C:03BCH         LINE#         642
  C:03BCH         LINE#         643
  C:03BCH         LINE#         644
  C:03BCH         LINE#         645
  C:03BFH         LINE#         647
  C:03CFH         LINE#         648
  C:03CFH         LINE#         656
  C:03F2H         LINE#         657
  C:03F2H         LINE#         658
  C:0407H         LINE#         660
  C:0432H         LINE#         662
  C:0432H         LINE#         663
  C:043AH         LINE#         664
  C:043AH         LINE#         665
  C:043AH         LINE#         666
  C:043AH         LINE#         667
  C:043CH         LINE#         669
  C:043CH         LINE#         670
  C:0450H         LINE#         671
  C:0458H         LINE#         672
  C:046FH         LINE#         673
  C:0474H         LINE#         675
  C:0477H         LINE#         676
  C:0484H         LINE#         677
  C:0484H         LINE#         678
  C:0499H         LINE#         679
  C:04AEH         LINE#         680
  C:04AEH         LINE#         681
  C:04AEH         LINE#         682
  C:04AEH         LINE#         683
  C:04AEH         LINE#         690
  C:04BBH         LINE#         691
  C:04BBH         LINE#         692
  C:04BCH         LINE#         693
  C:04BCH         LINE#         694
BL51 BANKED LINKER/LOCATER V6.22                                                      01/26/2021  09:31:42  PAGE 20


  C:04BCH         LINE#         695
  C:04BCH         LINE#         696
  C:04BEH         LINE#         698
  C:04BEH         LINE#         699
  C:04C3H         LINE#         700
  C:04CDH         LINE#         701
  C:04CDH         LINE#         703
  C:04D6H         LINE#         704
  C:04D6H         LINE#         705
  C:04D9H         LINE#         706
  C:051FH         LINE#         707
  C:0539H         LINE#         708
  C:053CH         LINE#         710
  C:053CH         LINE#         712
  C:054BH         LINE#         713
  C:054BH         LINE#         714
  C:0552H         LINE#         716
  C:0561H         LINE#         717
  C:0561H         LINE#         725
  C:0575H         LINE#         726
  C:0575H         LINE#         727
  C:057FH         LINE#         728
  C:0581H         LINE#         730
  C:0581H         LINE#         731
  C:0596H         LINE#         732
  C:05AAH         LINE#         733
  C:05AAH         LINE#         734
  C:05C6H         LINE#         735
  C:05C6H         LINE#         737
  C:05C6H         LINE#         738
  C:05C6H         LINE#         740
  C:05C6H         LINE#         746
  C:05C6H         LINE#         747
  C:05C6H         LINE#         749
  C:05E1H         LINE#         750
  C:05E1H         LINE#         755
  C:05FDH         LINE#         756
  C:05FDH         LINE#         764
  C:05FDH         LINE#         765
  C:0607H         LINE#         766
  C:0613H         LINE#         767
  C:061BH         LINE#         768
  C:061FH         LINE#         787
  C:0629H         LINE#         789
  C:062FH         LINE#         791
  C:0635H         LINE#         792
  C:063CH         LINE#         793
  C:0641H         LINE#         794
  C:0646H         LINE#         796
  C:0646H         LINE#         797
  C:0646H         LINE#         798
  C:0646H         LINE#         799
  C:0646H         LINE#         801
  C:0652H         LINE#         810
  C:065CH         LINE#         811
  C:0666H         LINE#         813
  C:0676H         LINE#         814
BL51 BANKED LINKER/LOCATER V6.22                                                      01/26/2021  09:31:42  PAGE 21


  C:0676H         LINE#         825
  C:0685H         LINE#         826
  C:0685H         LINE#         827
  C:068CH         LINE#         828
  C:068FH         LINE#         829
  C:0693H         LINE#         830
  C:0697H         LINE#         833
  C:0697H         LINE#         834
  C:0697H         LINE#         835
  C:0697H         LINE#         836
  C:0698H         LINE#         838
  C:0698H         LINE#         839
  C:06A0H         LINE#         840
  C:06A3H         LINE#         850
  C:06A9H         LINE#         851
  C:06ADH         LINE#         855
  C:06B3H         LINE#         861
  C:06BDH         LINE#         862
  C:06C2H         LINE#         863
  C:06C8H         LINE#         865
  C:06CEH         LINE#         867
  C:06D4H         LINE#         869
  C:06D9H         LINE#         870
  C:06E3H         LINE#         874
  C:06E3H         LINE#         875
  -------         ENDPROC       XBRHANDLE
  -------         PROC          WAIT1
  -------         DO            
  D:0009H         SYMBOL        i
  D:000AH         SYMBOL        j
  -------         ENDDO         
  C:2219H         LINE#         877
  C:2219H         LINE#         878
  C:2219H         LINE#         882
  C:221CH         LINE#         883
  C:221CH         LINE#         884
  C:221CH         LINE#         885
  C:2226H         LINE#         903
  C:2229H         LINE#         904
  C:2229H         LINE#         906
  C:222CH         LINE#         907
  C:2231H         LINE#         909
  C:2234H         LINE#         912
  C:224AH         LINE#         913
  C:2251H         LINE#         932
  C:2258H         LINE#         936
  C:2265H         LINE#         937
  C:2278H         LINE#         938
  C:2278H         LINE#         940
  C:227AH         LINE#         942
  C:2281H         LINE#         943
  C:2282H         LINE#         945
  -------         ENDPROC       WAIT1
  -------         PROC          WAIT2
  -------         DO            
  D:0009H         SYMBOL        i
  D:000AH         SYMBOL        k
BL51 BANKED LINKER/LOCATER V6.22                                                      01/26/2021  09:31:42  PAGE 22


  D:000CH         SYMBOL        t
  -------         ENDDO         
  C:2283H         LINE#         946
  C:2283H         LINE#         947
  C:2283H         LINE#         952
  C:228DH         LINE#         954
  C:2290H         LINE#         955
  C:2290H         LINE#         956
  C:2295H         LINE#         957
  C:2295H         LINE#         968
  C:2298H         LINE#         969
  C:229DH         LINE#         971
  C:22A0H         LINE#         972
  C:22A6H         LINE#         974
  C:22BCH         LINE#         975
  C:22CCH         LINE#         976
  C:22CFH         LINE#         977
  C:22D6H         LINE#         979
  C:22E9H         LINE#         985
  -------         ENDPROC       WAIT2
  -------         PROC          _PWM3INIT
  D:0007H         SYMBOL        ab
  -------         DO            
  D:000BH         SYMBOL        i11
  D:0006H         SYMBOL        j11
  -------         ENDDO         
  C:2131H         LINE#         987
  C:2131H         LINE#         988
  C:2131H         LINE#         992
  C:2134H         LINE#         993
  C:2134H         LINE#         994
  C:2138H         LINE#         995
  C:2138H         LINE#         996
  C:213AH         LINE#         997
  C:213DH         LINE#         998
  C:213DH         LINE#         999
  C:2142H         LINE#         1000
  C:2147H         LINE#         1001
  C:2149H         LINE#         1003
  C:2149H         LINE#         1004
  C:214FH         LINE#         1005
  C:2154H         LINE#         1006
  C:2154H         LINE#         1008
  C:2157H         LINE#         1009
  C:2157H         LINE#         1010
  C:2159H         LINE#         1011
  C:215BH         LINE#         1013
  C:215BH         LINE#         1014
  C:217EH         LINE#         1015
  C:2194H         LINE#         1016
  C:2194H         LINE#         1031
  C:219AH         LINE#         1049
  C:219DH         LINE#         1056
  C:219FH         LINE#         1057
  C:21A2H         LINE#         1059
  C:21A4H         LINE#         1060
  -------         ENDPROC       _PWM3INIT
BL51 BANKED LINKER/LOCATER V6.22                                                      01/26/2021  09:31:42  PAGE 23


  -------         PROC          MAIN
  -------         DO            
  D:0008H         SYMBOL        i
  -------         ENDDO         
  C:0F8EH         LINE#         1070
  C:0F8EH         LINE#         1071
  C:0F8EH         LINE#         1073
  C:0F91H         LINE#         1074
  C:0F94H         LINE#         1075
  C:0F97H         LINE#         1079
  C:0F9AH         LINE#         1080
  C:0F9DH         LINE#         1081
  C:0FA0H         LINE#         1083
  C:0FA3H         LINE#         1087
  C:0FA9H         LINE#         1088
  C:0FACH         LINE#         1090
  C:0FAEH         LINE#         1092
  C:0FB5H         LINE#         1108
  C:0FBFH         LINE#         1111
  C:0FC3H         LINE#         1113
  C:0FC5H         LINE#         1114
  C:0FC8H         LINE#         1116
  C:0FCDH         LINE#         1118
  C:0FCFH         LINE#         1120
  C:0FD2H         LINE#         1122
  C:0FDBH         LINE#         1124
  C:0FDEH         LINE#         1127
  C:0FE5H         LINE#         1129
  C:0FE8H         LINE#         1131
  C:0FF2H         LINE#         1133
  C:0FFBH         LINE#         1134
  C:0FFBH         LINE#         1135
  C:0FFDH         LINE#         1136
  C:1000H         LINE#         1137
  C:1002H         LINE#         1139
  C:1002H         LINE#         1140
  C:1005H         LINE#         1141
  C:1005H         LINE#         1143
  C:1008H         LINE#         1144
  C:100BH         LINE#         1145
  C:100EH         LINE#         1147
  C:100EH         LINE#         1148
  C:100EH         LINE#         1149
  C:1015H         LINE#         1150
  C:1015H         LINE#         1151
  C:1022H         LINE#         1152
  C:1022H         LINE#         1153
  C:1027H         LINE#         1154
  C:102FH         LINE#         1155
  C:102FH         LINE#         1157
  C:103CH         LINE#         1158
  C:103CH         LINE#         1159
  C:1041H         LINE#         1160
  C:1049H         LINE#         1161
  C:1049H         LINE#         1163
  C:1051H         LINE#         1164
  C:1051H         LINE#         1165
BL51 BANKED LINKER/LOCATER V6.22                                                      01/26/2021  09:31:42  PAGE 24


  C:1058H         LINE#         1166
  C:1058H         LINE#         1167
  C:105DH         LINE#         1168
  C:1061H         LINE#         1169
  C:1075H         LINE#         1170
  C:1075H         LINE#         1171
  C:1083H         LINE#         1172
  C:1092H         LINE#         1173
  C:1092H         LINE#         1174
  C:1092H         LINE#         1175
  C:1092H         LINE#         1176
  C:1092H         LINE#         1178
  C:1095H         LINE#         1180
  C:1099H         LINE#         1181
  C:1099H         LINE#         1182
  C:10A1H         LINE#         1183
  C:10A4H         LINE#         1184
  C:10A4H         LINE#         1186
  C:10AFH         LINE#         1187
  C:10AFH         LINE#         1188
  C:10B3H         LINE#         1189
  C:10B3H         LINE#         1190
  C:10B5H         LINE#         1192
  C:10B8H         LINE#         1193
  C:10C0H         LINE#         1195
  C:10CAH         LINE#         1196
  C:10CFH         LINE#         1197
  C:10D5H         LINE#         1199
  C:10DBH         LINE#         1201
  C:10E1H         LINE#         1203
  C:10E6H         LINE#         1204
  C:10F0H         LINE#         1205
  C:10F0H         LINE#         1207
  C:10F3H         LINE#         1209
  C:1102H         LINE#         1210
  C:1102H         LINE#         1211
  C:1109H         LINE#         1212
  C:1109H         LINE#         1213
  C:110BH         LINE#         1214
  C:1114H         LINE#         1215
  C:1127H         LINE#         1216
  C:1127H         LINE#         1217
  C:112BH         LINE#         1218
  C:1133H         LINE#         1219
  C:1133H         LINE#         1221
  C:1133H         LINE#         1223
  C:1133H         LINE#         1224
  C:1138H         LINE#         1225
  C:1138H         LINE#         1226
  C:1138H         LINE#         1227
  C:1138H         LINE#         1228
  C:1138H         LINE#         1229
  C:1147H         LINE#         1230
  C:1147H         LINE#         1231
  C:1150H         LINE#         1232
  C:1150H         LINE#         1233
  C:1153H         LINE#         1234
BL51 BANKED LINKER/LOCATER V6.22                                                      01/26/2021  09:31:42  PAGE 25


  C:1159H         LINE#         1241
  C:1159H         LINE#         1242
  C:1159H         LINE#         1245
  C:1164H         LINE#         1246
  C:1164H         LINE#         1247
  C:1173H         LINE#         1248
  C:1173H         LINE#         1249
  C:1175H         LINE#         1250
  C:117DH         LINE#         1252
  C:118AH         LINE#         1253
  C:118AH         LINE#         1256
  C:118EH         LINE#         1257
  C:118EH         LINE#         1258
  C:118EH         LINE#         1259
  C:118EH         LINE#         1261
  C:118EH         LINE#         1262
  C:1191H         LINE#         1263
  C:1197H         LINE#         1264
  C:1197H         LINE#         1265
  C:119BH         LINE#         1266
  C:119EH         LINE#         1268
  C:119EH         LINE#         1269
  C:11A6H         LINE#         1271
  C:11A9H         LINE#         1273
  C:11B1H         LINE#         1276
  C:11BBH         LINE#         1277
  C:11C0H         LINE#         1278
  C:11C6H         LINE#         1280
  C:11CCH         LINE#         1282
  C:11D2H         LINE#         1284
  C:11D7H         LINE#         1285
  C:11E1H         LINE#         1286
  C:11E1H         LINE#         1287
  C:11E1H         LINE#         1288
  -------         ENDPROC       MAIN
  -------         PROC          TIMER1_RPT
  C:1C85H         LINE#         1297
  C:1CA2H         LINE#         1300
  C:1CBEH         LINE#         1302
  C:1CC8H         LINE#         1303
  C:1CDFH         LINE#         1304
  C:1CDFH         LINE#         1305
  C:1CE6H         LINE#         1306
  C:1CEBH         LINE#         1307
  C:1CEBH         LINE#         1308
  C:1CF3H         LINE#         1309
  C:1CFFH         LINE#         1310
  C:1CFFH         LINE#         1312
  C:1D04H         LINE#         1313
  C:1D0BH         LINE#         1314
  C:1D0BH         LINE#         1315
  C:1D15H         LINE#         1316
  C:1D24H         LINE#         1317
  C:1D24H         LINE#         1318
  C:1D28H         LINE#         1319
  C:1D2DH         LINE#         1320
  C:1D2DH         LINE#         1321
BL51 BANKED LINKER/LOCATER V6.22                                                      01/26/2021  09:31:42  PAGE 26


  -------         ENDPROC       TIMER1_RPT
  -------         PROC          UART1_RPT
  -------         DO            
  D:0007H         SYMBOL        i
  -------         ENDDO         
  C:24DEH         LINE#         1330
  C:24FBH         LINE#         1335
  C:2500H         LINE#         1336
  C:2500H         LINE#         1337
  C:2502H         LINE#         1338
  C:2505H         LINE#         1339
  C:2508H         LINE#         1340
  C:250AH         LINE#         1341
  C:250AH         LINE#         1342
  -------         ENDPROC       UART1_RPT
  -------         PROC          _FLASH_ERASEBLOCK
  D:0006H         SYMBOL        fui_Address
  C:2956H         LINE#         1344
  C:2956H         LINE#         1345
  C:2956H         LINE#         1346
  C:2956H         LINE#         1347
  C:2956H         LINE#         1348
  C:2959H         LINE#         1349
  C:295BH         LINE#         1350
  C:2960H         LINE#         1351
  C:2960H         LINE#         1353
  C:2962H         LINE#         1354
  C:2964H         LINE#         1355
  C:296AH         LINE#         1356
  C:296EH         LINE#         1357
  C:2974H         LINE#         1358
  C:297AH         LINE#         1360
  -------         ENDPROC       _FLASH_ERASEBLOCK
  -------         PROC          _FLASH_WRITEDATA
  D:0007H         SYMBOL        fuc_SaveData
  D:0004H         SYMBOL        fui_Address
  C:2909H         LINE#         1370
  C:2909H         LINE#         1371
  C:2909H         LINE#         1372
  C:2909H         LINE#         1373
  C:2909H         LINE#         1374
  C:290CH         LINE#         1375
  C:290EH         LINE#         1376
  C:2913H         LINE#         1377
  C:2913H         LINE#         1379
  C:2915H         LINE#         1380
  C:2917H         LINE#         1381
  C:2919H         LINE#         1382
  C:291FH         LINE#         1383
  C:2923H         LINE#         1384
  C:2929H         LINE#         1385
  C:292FH         LINE#         1387
  -------         ENDPROC       _FLASH_WRITEDATA
  -------         PROC          SAVEVAR
  -------         DO            
  D:0007H         SYMBOL        i
  -------         ENDDO         
BL51 BANKED LINKER/LOCATER V6.22                                                      01/26/2021  09:31:42  PAGE 27


  C:1D48H         LINE#         1422
  C:1D48H         LINE#         1423
  C:1D48H         LINE#         1425
  C:1D4FH         LINE#         1426
  C:1D56H         LINE#         1428
  C:1D6BH         LINE#         1429
  C:1D72H         LINE#         1430
  C:1D79H         LINE#         1432
  C:1D89H         LINE#         1433
  C:1D90H         LINE#         1434
  C:1D97H         LINE#         1436
  C:1D9AH         LINE#         1437
  C:1D9CH         LINE#         1438
  C:1D9FH         LINE#         1440
  C:1DA2H         LINE#         1441
  C:1DA4H         LINE#         1442
  C:1DA7H         LINE#         1443
  C:1DAAH         LINE#         1444
  C:1DACH         LINE#         1445
  C:1DAFH         LINE#         1447
  C:1DB4H         LINE#         1448
  C:1DB6H         LINE#         1449
  C:1DB9H         LINE#         1451
  C:1DBEH         LINE#         1452
  C:1DC0H         LINE#         1453
  C:1DC3H         LINE#         1455
  C:1DC9H         LINE#         1456
  C:1DCBH         LINE#         1457
  C:1DCEH         LINE#         1459
  C:1DD3H         LINE#         1460
  C:1DD5H         LINE#         1461
  C:1DD8H         LINE#         1463
  C:1DDDH         LINE#         1464
  C:1DDFH         LINE#         1465
  C:1DE2H         LINE#         1467
  C:1DE7H         LINE#         1468
  C:1DE9H         LINE#         1469
  C:1DECH         LINE#         1473
  C:1DF3H         LINE#         1474
  C:1DFAH         LINE#         1475
  C:1E03H         LINE#         1476
  C:1E08H         LINE#         1478
  C:1E0AH         LINE#         1480
  -------         ENDPROC       SAVEVAR
  -------         ENDMOD        HC_MCU_XBR

  -------         MODULE        MCU_API
  C:0000H         SYMBOL        _ICE_DUMMY_
  C:26ABH         PUBLIC        _uart_receive_input
  C:2AF1H         PUBLIC        mcu_reset_zigbee
  C:1E0BH         PUBLIC        _byte_to_int
  C:2ADFH         PUBLIC        mcu_network_start
  C:1AEFH         PUBLIC        _my_memcpy
  C:2723H         PUBLIC        _my_memset
  C:2B6BH         PUBLIC        _mcu_get_dp_download_value
  C:239BH         PUBLIC        _my_strlen
  C:1FBBH         PUBLIC        _mcu_dp_value_update
BL51 BANKED LINKER/LOCATER V6.22                                                      01/26/2021  09:31:42  PAGE 28


  C:0003H         PUBLIC        zigbee_protocol_init
  C:2B47H         PUBLIC        _mcu_get_dp_download_bool
  C:11E4H         PUBLIC        zigbee_uart_service
  C:25B0H         PUBLIC        _mcu_dp_bool_update
  C:2B50H         PUBLIC        _mcu_get_dp_download_enum
  C:2791H         PUBLIC        _mcu_dp_enum_update
  -------         PROC          _MY_STRLEN
  D:001AH         SYMBOL        str
  -------         DO            
  D:001DH         SYMBOL        len
  -------         ENDDO         
  C:239BH         LINE#         47
  C:23A1H         LINE#         48
  C:23A1H         LINE#         49
  C:23AAH         LINE#         50
  C:23AFH         LINE#         51
  C:23AFH         LINE#         52
  C:23B4H         LINE#         53
  C:23B4H         LINE#         55
  C:23CBH         LINE#         56
  C:23CBH         LINE#         57
  C:23E3H         LINE#         58
  C:23E5H         LINE#         60
  C:23EDH         LINE#         61
  -------         ENDPROC       _MY_STRLEN
  -------         PROC          _MY_MEMSET
  D:0026H         SYMBOL        src
  D:0005H         SYMBOL        ch
  D:002AH         SYMBOL        count
  -------         DO            
  D:002CH         SYMBOL        tmp
  -------         ENDDO         
  C:2723H         LINE#         70
  C:2729H         LINE#         71
  C:2729H         LINE#         72
  C:272FH         LINE#         74
  C:2734H         LINE#         75
  C:2734H         LINE#         76
  C:2738H         LINE#         77
  C:2738H         LINE#         79
  C:2745H         LINE#         80
  C:2745H         LINE#         81
  C:2752H         LINE#         82
  C:2754H         LINE#         84
  C:275AH         LINE#         85
  -------         ENDPROC       _MY_MEMSET
  -------         PROC          _MY_MEMCPY
  D:0021H         SYMBOL        dest
  D:0024H         SYMBOL        src
  D:0027H         SYMBOL        count
  -------         DO            
  D:0029H         SYMBOL        pdest
  D:002CH         SYMBOL        psrc
  D:002FH         SYMBOL        i
  -------         ENDDO         
  C:1AEFH         LINE#         94
  C:1AF5H         LINE#         95
BL51 BANKED LINKER/LOCATER V6.22                                                      01/26/2021  09:31:42  PAGE 29


  C:1AF5H         LINE#         96
  C:1AFBH         LINE#         97
  C:1B04H         LINE#         100
  C:1B11H         LINE#         101
  C:1B11H         LINE#         102
  C:1B18H         LINE#         103
  C:1B18H         LINE#         105
  C:1B42H         LINE#         106
  C:1B42H         LINE#         107
  C:1B52H         LINE#         108
  C:1B52H         LINE#         109
  C:1B70H         LINE#         110
  C:1B7AH         LINE#         111
  C:1B7AH         LINE#         113
  C:1B7AH         LINE#         114
  C:1B8BH         LINE#         115
  C:1B8BH         LINE#         116
  C:1BAFH         LINE#         117
  C:1BB9H         LINE#         118
  C:1BB9H         LINE#         120
  C:1BBFH         LINE#         121
  -------         ENDPROC       _MY_MEMCPY
  -------         PROC          _BYTE_TO_INT
  D:0001H         SYMBOL        value
  -------         DO            
  D:002DH         SYMBOL        nubmer
  -------         ENDDO         
  C:1E0BH         LINE#         174
  C:1E0BH         LINE#         175
  C:1E0BH         LINE#         176
  C:1E14H         LINE#         178
  C:1E21H         LINE#         179
  C:1E34H         LINE#         180
  C:1E4FH         LINE#         181
  C:1E5DH         LINE#         182
  C:1E78H         LINE#         183
  C:1E86H         LINE#         184
  C:1EA1H         LINE#         186
  C:1EA2H         LINE#         187
  -------         ENDPROC       _BYTE_TO_INT
  -------         PROC          MCU_RESET_ZIGBEE
  -------         DO            
  D:0004H         SYMBOL        length
  -------         ENDDO         
  C:2AF1H         LINE#         196
  C:2AF1H         LINE#         197
  C:2AF1H         LINE#         198
  C:2AF4H         LINE#         200
  C:2AFDH         LINE#         201
  -------         ENDPROC       MCU_RESET_ZIGBEE
  -------         PROC          MCU_NETWORK_START
  -------         DO            
  D:0004H         SYMBOL        length
  -------         ENDDO         
  C:2ADFH         LINE#         211
  C:2ADFH         LINE#         212
  C:2ADFH         LINE#         213
BL51 BANKED LINKER/LOCATER V6.22                                                      01/26/2021  09:31:42  PAGE 30


  C:2AE2H         LINE#         215
  C:2AECH         LINE#         216
  -------         ENDPROC       MCU_NETWORK_START
  -------         PROC          _MCU_DP_BOOL_UPDATE
  D:0003H         SYMBOL        dpid
  D:0028H         SYMBOL        value
  -------         DO            
  D:0004H         SYMBOL        length
  -------         ENDDO         
  C:25B0H         LINE#         250
  C:25B4H         LINE#         251
  C:25B4H         LINE#         252
  C:25B6H         LINE#         254
  C:25BFH         LINE#         255
  C:25C6H         LINE#         257
  C:25CDH         LINE#         258
  C:25D6H         LINE#         260
  C:25DAH         LINE#         261
  C:25DAH         LINE#         262
  C:25DBH         LINE#         263
  C:25DDH         LINE#         265
  C:25DDH         LINE#         266
  C:25EAH         LINE#         267
  C:25EAH         LINE#         269
  C:25EFH         LINE#         271
  C:25F1H         LINE#         272
  -------         ENDPROC       _MCU_DP_BOOL_UPDATE
  -------         PROC          _MCU_DP_VALUE_UPDATE
  D:0003H         SYMBOL        dpid
  D:002CH         SYMBOL        value
  -------         DO            
  D:0004H         SYMBOL        length
  -------         ENDDO         
  C:1FBBH         LINE#         280
  C:1FBDH         LINE#         281
  C:1FBDH         LINE#         282
  C:1FBFH         LINE#         284
  C:1FC8H         LINE#         285
  C:1FCFH         LINE#         287
  C:1FD6H         LINE#         288
  C:1FDBH         LINE#         290
  C:1FF5H         LINE#         291
  C:200FH         LINE#         292
  C:202BH         LINE#         293
  C:203CH         LINE#         295
  C:2041H         LINE#         297
  C:2043H         LINE#         298
  -------         ENDPROC       _MCU_DP_VALUE_UPDATE
  -------         PROC          _MCU_DP_ENUM_UPDATE
  D:0003H         SYMBOL        dpid
  D:0028H         SYMBOL        value
  -------         DO            
  D:0004H         SYMBOL        length
  -------         ENDDO         
  C:2791H         LINE#         330
  C:2795H         LINE#         331
  C:2795H         LINE#         332
BL51 BANKED LINKER/LOCATER V6.22                                                      01/26/2021  09:31:42  PAGE 31


  C:2797H         LINE#         334
  C:27A0H         LINE#         335
  C:27A7H         LINE#         337
  C:27AEH         LINE#         338
  C:27B5H         LINE#         340
  C:27BEH         LINE#         342
  C:27C3H         LINE#         344
  C:27C5H         LINE#         345
  -------         ENDPROC       _MCU_DP_ENUM_UPDATE
  -------         PROC          _MCU_GET_DP_DOWNLOAD_BOOL
  D:0001H         SYMBOL        value
  D:0004H         SYMBOL        len
  -------         DO            
  D:0028H         SYMBOL        i
  -------         ENDDO         
  C:2B47H         LINE#         393
  C:2B47H         LINE#         394
  C:2B47H         LINE#         396
  C:2B4BH         LINE#         397
  C:2B4FH         LINE#         398
  -------         ENDPROC       _MCU_GET_DP_DOWNLOAD_BOOL
  -------         PROC          _MCU_GET_DP_DOWNLOAD_ENUM
  D:0001H         SYMBOL        value
  D:0004H         SYMBOL        len
  -------         DO            
  D:0028H         SYMBOL        i
  -------         ENDDO         
  C:2B50H         LINE#         406
  C:2B50H         LINE#         407
  C:2B50H         LINE#         409
  C:2B54H         LINE#         410
  C:2B58H         LINE#         411
  -------         ENDPROC       _MCU_GET_DP_DOWNLOAD_ENUM
  -------         PROC          _MCU_GET_DP_DOWNLOAD_VALUE
  D:0001H         SYMBOL        value
  D:0004H         SYMBOL        len
  -------         DO            
  D:002BH         SYMBOL        i
  -------         ENDDO         
  C:2B6BH         LINE#         419
  C:2B6BH         LINE#         420
  C:2B6BH         LINE#         422
  C:2B6FH         LINE#         423
  C:2B72H         LINE#         424
  -------         ENDPROC       _MCU_GET_DP_DOWNLOAD_VALUE
  -------         PROC          ZIGBEE_PROTOCOL_INIT
  C:0003H         LINE#         433
  C:0003H         LINE#         434
  C:0003H         LINE#         436
  C:000CH         LINE#         437
  C:0015H         LINE#         438
  C:001AH         LINE#         439
  -------         ENDPROC       ZIGBEE_PROTOCOL_INIT
  -------         PROC          _UART_RECEIVE_INPUT
  D:0007H         SYMBOL        value
  C:26ABH         LINE#         448
  C:26ABH         LINE#         449
BL51 BANKED LINKER/LOCATER V6.22                                                      01/26/2021  09:31:42  PAGE 32


  C:26ABH         LINE#         452
  C:26B6H         LINE#         453
  C:26B6H         LINE#         455
  C:26C4H         LINE#         456
  C:26C4H         LINE#         457
  C:26D1H         LINE#         458
  C:26D1H         LINE#         460
  C:26DEH         LINE#         461
  C:26E6H         LINE#         462
  C:26E6H         LINE#         464
  C:26E6H         LINE#         466
  C:26E6H         LINE#         467
  -------         ENDPROC       _UART_RECEIVE_INPUT
  -------         PROC          ZIGBEE_UART_SERVICE
  -------         DO            
  D:004BH         SYMBOL        rx_in
[...]
  C:2B2AH         LINE#         212
  C:2B2AH         LINE#         213
  C:2B2DH         LINE#         214
  C:2B2DH         LINE#         215
  C:2B31H         LINE#         216
  -------         ENDPROC       GET_QUEUE_TOTAL_DATA
  -------         PROC          QUEUE_READ_BYTE
  -------         DO            
  D:0007H         SYMBOL        value
  -------         ENDDO         
  C:266EH         LINE#         226
  C:266EH         LINE#         227
  C:266EH         LINE#         228
  C:2670H         LINE#         230
  C:267BH         LINE#         231
  C:267BH         LINE#         233
  C:2688H         LINE#         234
  C:2688H         LINE#         236
  C:2695H         LINE#         237
  C:2695H         LINE#         238
  C:26A2H         LINE#         239
  C:26AAH         LINE#         240
  C:26AAH         LINE#         241
  C:26AAH         LINE#         242
  -------         ENDPROC       QUEUE_READ_BYTE
  -------         PROC          _ZIGBEE_TIME_CONVERT
  D:0026H         SYMBOL        time
  D:002AH         SYMBOL        convert_time
  -------         DO            
  D:002CH         SYMBOL        days
  D:0038H         SYMBOL        pass4_year
  D:003AH         SYMBOL        hours_per_year
  -------         ENDDO         
  C:0CFDH         LINE#         251
BL51 BANKED LINKER/LOCATER V6.22                                                      01/26/2021  09:31:42  PAGE 48


  C:0D05H         LINE#         252
  C:0D05H         LINE#         253
  C:0D18H         LINE#         254
  C:0D21H         LINE#         256
  C:0D39H         LINE#         257
  C:0D39H         LINE#         258
  C:0D40H         LINE#         259
  C:0D40H         LINE#         261
  C:0D63H         LINE#         262
  C:0D7CH         LINE#         263
  C:0D92H         LINE#         264
  C:0DABH         LINE#         266
  C:0DB9H         LINE#         267
  C:0DD4H         LINE#         269
  C:0DF6H         LINE#         271
  C:0DF6H         LINE#         272
  C:0DF6H         LINE#         273
  C:0DFCH         LINE#         274
  C:0E08H         LINE#         275
  C:0E08H         LINE#         276
  C:0E13H         LINE#         277
  C:0E13H         LINE#         279
  C:0E28H         LINE#         280
  C:0E28H         LINE#         281
  C:0E28H         LINE#         282
  C:0E28H         LINE#         284
  C:0E35H         LINE#         285
  C:0E57H         LINE#         286
  C:0E59H         LINE#         288
  C:0E77H         LINE#         289
  C:0E90H         LINE#         290
  C:0EA4H         LINE#         291
  C:0EB0H         LINE#         292
  C:0EB0H         LINE#         293
  C:0EC3H         LINE#         294
  C:0EC3H         LINE#         295
  C:0EDEH         LINE#         296
  C:0EE0H         LINE#         298
  C:0EE0H         LINE#         299
  C:0EF4H         LINE#         300
  C:0EF4H         LINE#         301
  C:0EFEH         LINE#         302
  C:0F09H         LINE#         303
  C:0F0BH         LINE#         304
  C:0F0BH         LINE#         305
  C:0F0BH         LINE#         306
  C:0F0BH         LINE#         309
  C:0F37H         LINE#         310
  C:0F37H         LINE#         311
  C:0F63H         LINE#         312
  C:0F70H         LINE#         313
  C:0F7BH         LINE#         314
  C:0F87H         LINE#         315
  C:0F8DH         LINE#         316
  -------         ENDPROC       _ZIGBEE_TIME_CONVERT
  -------         PROC          _ZIGBEE_OTA_END_REQ_SEND
  D:0019H         SYMBOL        status
BL51 BANKED LINKER/LOCATER V6.22                                                      01/26/2021  09:31:42  PAGE 49


  -------         DO            
  D:0004H         SYMBOL        length
  D:001AH         SYMBOL        pid_len
  D:001CH         SYMBOL        pid
  -------         ENDDO         
  C:2440H         LINE#         390
  C:2442H         LINE#         391
  C:2442H         LINE#         392
  C:2449H         LINE#         395
  C:2452H         LINE#         397
  C:2458H         LINE#         398
  C:2465H         LINE#         399
  C:2465H         LINE#         400
  C:247DH         LINE#         401
  C:247FH         LINE#         403
  C:248CH         LINE#         404
  -------         ENDPROC       _ZIGBEE_OTA_END_REQ_SEND
  -------         PROC          PRODUCT_INFO_CMD_HANDLE
  -------         DO            
  D:0019H         SYMBOL        length
  -------         ENDDO         
  C:1F2FH         LINE#         417
  C:1F2FH         LINE#         418
  C:1F2FH         LINE#         419
  C:1F32H         LINE#         421
  C:1F48H         LINE#         422
  C:1F5EH         LINE#         423
  C:1F7AH         LINE#         424
  C:1F96H         LINE#         425
  C:1FB2H         LINE#         427
  -------         ENDPROC       PRODUCT_INFO_CMD_HANDLE
  -------         PROC          _ZIGBEE_STATE_CMD_HANDLE
  D:0007H         SYMBOL        current_state
  -------         DO            
  D:0019H         SYMBOL        temp
  -------         ENDDO         
  C:2B3DH         LINE#         436
  C:2B3DH         LINE#         437
  C:2B3DH         LINE#         438
  C:2B3FH         LINE#         439
  -------         ENDPROC       _ZIGBEE_STATE_CMD_HANDLE
  -------         PROC          ZIGBEE_CFG_CMD_HANDLE
  C:2B94H         LINE#         448
  C:2B94H         LINE#         449
  C:2B94H         LINE#         451
  -------         ENDPROC       ZIGBEE_CFG_CMD_HANDLE
  -------         PROC          _ZIGBEE_DATA_POINT_HANDLE
  D:0019H         SYMBOL        value
  -------         DO            
  D:001CH         SYMBOL        dp_id
  D:0007H         SYMBOL        index
  D:001DH         SYMBOL        dp_type
  D:0007H         SYMBOL        ret
  D:001EH         SYMBOL        dp_len
  -------         ENDDO         
  C:22EAH         LINE#         459
  C:22F0H         LINE#         460
BL51 BANKED LINKER/LOCATER V6.22                                                      01/26/2021  09:31:42  PAGE 50


  C:22F0H         LINE#         466
  C:22F5H         LINE#         467
  C:22FDH         LINE#         468
  C:2308H         LINE#         469
  C:2317H         LINE#         472
  C:231CH         LINE#         474
  C:232BH         LINE#         475
  C:232BH         LINE#         477
  C:232EH         LINE#         478
  C:232EH         LINE#         480
  C:232EH         LINE#         481
  C:2344H         LINE#         482
  C:2344H         LINE#         484
  C:2344H         LINE#         485
  -------         ENDPROC       _ZIGBEE_DATA_POINT_HANDLE
  -------         PROC          _ZIGBEE_DATA_RSP_HANDLE
  D:0007H         SYMBOL        rsp_status
  -------         DO            
  D:0019H         SYMBOL        temp
  -------         ENDDO         
  C:2B91H         LINE#         493
  C:2B91H         LINE#         494
  C:2B91H         LINE#         497
  C:2B93H         LINE#         498
  -------         ENDPROC       _ZIGBEE_DATA_RSP_HANDLE
  -------         PROC          ZIGBEE_OTA_VER_REQ_HANDLE
  -------         DO            
  D:0019H         SYMBOL        length
  -------         ENDDO         
  C:2A20H         LINE#         542
  C:2A20H         LINE#         543
  C:2A20H         LINE#         544
  C:2A25H         LINE#         545
  C:2A35H         LINE#         546
  -------         ENDPROC       ZIGBEE_OTA_VER_REQ_HANDLE
  -------         PROC          GET_CURRENT_MCU_FW_VER
  -------         DO            
  D:001BH         SYMBOL        fw_ver
  D:001EH         SYMBOL        current_mcu_fw_ver
  -------         ENDDO         
  C:275BH         LINE#         549
  C:275BH         LINE#         550
  C:275BH         LINE#         551
  C:2767H         LINE#         552
  C:276AH         LINE#         553
  C:2779H         LINE#         554
  C:2785H         LINE#         555
  C:278EH         LINE#         556
  C:2790H         LINE#         557
  -------         ENDPROC       GET_CURRENT_MCU_FW_VER
  -------         PROC          L?0104
  -------         ENDPROC       L?0104
  -------         PROC          _ASSIC_TO_HEX
  D:0007H         SYMBOL        assic_num
  C:29ECH         LINE#         559
  C:29ECH         LINE#         560
  C:29ECH         LINE#         561
BL51 BANKED LINKER/LOCATER V6.22                                                      01/26/2021  09:31:42  PAGE 51


  C:29F7H         LINE#         562
  C:29FAH         LINE#         564
  C:2A01H         LINE#         565
  -------         ENDPROC       _ASSIC_TO_HEX
  -------         PROC          _ZIGBEE_TIME_GET_HANDLE
  D:0001H         SYMBOL        data0
  D:0019H         SYMBOL        data_len
  -------         DO            
  D:001AH         SYMBOL        time1
  D:001EH         SYMBOL        time2
  X:00F1H         SYMBOL        localTime
  X:00F9H         SYMBOL        utcTime
  D:0022H         SYMBOL        i
  D:0023H         SYMBOL        ptr
  -------         ENDDO         
  C:169BH         LINE#         598
  C:169DH         LINE#         599
  C:169DH         LINE#         600
  C:16AEH         LINE#         602
  C:16B0H         LINE#         603
  C:16B6H         LINE#         605
  C:16C0H         LINE#         606
  C:16C0H         LINE#         608
  C:16C0H         LINE#         610
  C:16D1H         LINE#         611
  C:16E2H         LINE#         613
  C:16E5H         LINE#         614
  C:16E5H         LINE#         615
  C:1706H         LINE#         616
  C:1714H         LINE#         617
  C:171BH         LINE#         618
  C:173CH         LINE#         620
  C:173FH         LINE#         621
  C:173FH         LINE#         622
  C:1760H         LINE#         623
  C:176EH         LINE#         624
  C:1775H         LINE#         625
  C:1796H         LINE#         627
  C:17A7H         LINE#         628
  C:17B8H         LINE#         630
  C:17C1H         LINE#         631
  C:17CAH         LINE#         632
  -------         ENDPROC       _ZIGBEE_TIME_GET_HANDLE
  -------         PROC          _SET_ZIGBEE_STATE
  D:0007H         SYMBOL        state
  C:299FH         LINE#         640
  C:299FH         LINE#         641
  C:299FH         LINE#         642
  C:29A4H         LINE#         643
  C:29A6H         LINE#         644
  C:29A6H         LINE#         645
  C:29A6H         LINE#         646
  C:29ADH         LINE#         647
  C:29ADH         LINE#         648
  C:29B0H         LINE#         649
  C:29B3H         LINE#         650
  C:29B6H         LINE#         651
BL51 BANKED LINKER/LOCATER V6.22                                                      01/26/2021  09:31:42  PAGE 52


  C:29B6H         LINE#         652
  C:29BDH         LINE#         653
  C:29BDH         LINE#         654
  C:29C0H         LINE#         655
  C:29C0H         LINE#         656
  -------         ENDPROC       _SET_ZIGBEE_STATE
  -------         PROC          _DATA_HANDLE
  D:0011H         SYMBOL        offset
  -------         DO            
  D:0005H         SYMBOL        cmd_type
  D:0013H         SYMBOL        total_len
  D:0006H         SYMBOL        seq_num
  -------         DO            
  D:0015H         SYMBOL        current_state
  D:0015H         SYMBOL        current_state
  D:0015H         SYMBOL        i
  D:0016H         SYMBOL        ret
  D:0017H         SYMBOL        dp_len
  D:0015H         SYMBOL        rsp_status
  -------         ENDDO         
  -------         DO            
  D:0015H         SYMBOL        current_state
  D:0015H         SYMBOL        i
  D:0016H         SYMBOL        ret
  D:0017H         SYMBOL        dp_len
  D:0015H         SYMBOL        rsp_status
  -------         ENDDO         
  -------         DO            
  D:0015H         SYMBOL        i
  D:0016H         SYMBOL        ret
  D:0017H         SYMBOL        dp_len
  D:0015H         SYMBOL        rsp_status
  -------         ENDDO         
  -------         DO            
  D:0015H         SYMBOL        rsp_status
  -------         ENDDO         
  -------         ENDDO         
  C:152CH         LINE#         676
  C:1530H         LINE#         677
  C:1530H         LINE#         678
  C:1531H         LINE#         679
  C:1535H         LINE#         681
  C:1543H         LINE#         682
  C:1555H         LINE#         683
  C:156BH         LINE#         685
  C:157BH         LINE#         686
  C:158DH         LINE#         687
  C:1590H         LINE#         689
  C:15BCH         LINE#         690
  C:15BCH         LINE#         691
  C:15BCH         LINE#         692
  C:15BCH         LINE#         693
  C:15CBH         LINE#         694
  C:15CFH         LINE#         695
  C:15CFH         LINE#         696
  C:15CFH         LINE#         697
  C:15CFH         LINE#         699
BL51 BANKED LINKER/LOCATER V6.22                                                      01/26/2021  09:31:42  PAGE 53


  C:15D2H         LINE#         700
  C:15D2H         LINE#         701
  C:15D2H         LINE#         703
  C:15D5H         LINE#         704
  C:15D5H         LINE#         705
  C:15D5H         LINE#         706
  C:15D8H         LINE#         707
  C:15D8H         LINE#         709
  C:15D8H         LINE#         710
  C:15D8H         LINE#         711
  C:15E7H         LINE#         712
  C:15EBH         LINE#         713
  C:15F0H         LINE#         714
  C:15F0H         LINE#         715
  C:15F0H         LINE#         717
  C:15F0H         LINE#         718
  C:15F3H         LINE#         719
  C:15F3H         LINE#         721
  C:15F3H         LINE#         722
  C:15F3H         LINE#         723
  C:15F6H         LINE#         724
  C:15FAH         LINE#         726
  C:160CH         LINE#         727
  C:160CH         LINE#         728
  C:1624H         LINE#         729
  C:1638H         LINE#         731
  C:164FH         LINE#         733
  C:1654H         LINE#         734
  C:1654H         LINE#         736
  C:1657H         LINE#         737
  C:1657H         LINE#         739
  C:1657H         LINE#         741
  C:1657H         LINE#         742
  C:165FH         LINE#         743
  C:1661H         LINE#         744
  C:1661H         LINE#         745
  C:1661H         LINE#         747
  C:1661H         LINE#         748
  C:1661H         LINE#         749
  C:1661H         LINE#         750
  C:1670H         LINE#         751
  C:1674H         LINE#         752
  C:1674H         LINE#         753
  C:1674H         LINE#         768
  C:1674H         LINE#         769
  C:1674H         LINE#         773
  C:1674H         LINE#         774
  C:1674H         LINE#         775
  C:1674H         LINE#         776
  C:1674H         LINE#         777
  C:1677H         LINE#         778
  C:1677H         LINE#         779
  C:1677H         LINE#         781
  C:1677H         LINE#         782
  C:1677H         LINE#         784
  C:167CH         LINE#         785
  C:1681H         LINE#         786
BL51 BANKED LINKER/LOCATER V6.22                                                      01/26/2021  09:31:42  PAGE 54


  C:1686H         LINE#         787
  C:1689H         LINE#         788
  C:1689H         LINE#         789
  C:1689H         LINE#         791
  C:1689H         LINE#         792
  C:1689H         LINE#         794
  C:1689H         LINE#         795
  C:1689H         LINE#         796
  C:1689H         LINE#         797
  C:169AH         LINE#         798
  C:169AH         LINE#         800
  C:169AH         LINE#         801
  C:169AH         LINE#         802
  C:169AH         LINE#         803
  -------         ENDPROC       _DATA_HANDLE
  -------         ENDMOD        SYSTEM

  -------         MODULE        ?C?FPADD
  C:06EBH         PUBLIC        ?C?FPADD
  C:06E7H         PUBLIC        ?C?FPSUB
  -------         ENDMOD        ?C?FPADD

  -------         MODULE        ?C?FPDIV
  C:07DFH         PUBLIC        ?C?FPDIV
  -------         ENDMOD        ?C?FPDIV

  -------         MODULE        ?C?FCAST
  C:0886H         PUBLIC        ?C?FCASTC
  C:0881H         PUBLIC        ?C?FCASTI
  C:087CH         PUBLIC        ?C?FCASTL
  -------         ENDMOD        ?C?FCAST

  -------         MODULE        ?C?CASTF
  C:08BAH         PUBLIC        ?C?CASTF
  -------         ENDMOD        ?C?CASTF

  -------         MODULE        ?C?COPY
  C:0A0BH         PUBLIC        ?C?COPY
  -------         ENDMOD        ?C?COPY

  -------         MODULE        ?C?CLDPTR
  C:0A31H         PUBLIC        ?C?CLDPTR
  -------         ENDMOD        ?C?CLDPTR

  -------         MODULE        ?C?CLDOPTR
  C:0A4AH         PUBLIC        ?C?CLDOPTR
  -------         ENDMOD        ?C?CLDOPTR

  -------         MODULE        ?C?CSTPTR
  C:0A77H         PUBLIC        ?C?CSTPTR
  -------         ENDMOD        ?C?CSTPTR

  -------         MODULE        ?C?CSTOPTR
  C:0A89H         PUBLIC        ?C?CSTOPTR
  -------         ENDMOD        ?C?CSTOPTR

  -------         MODULE        ?C?IMUL
BL51 BANKED LINKER/LOCATER V6.22                                                      01/26/2021  09:31:42  PAGE 55


  C:0AABH         PUBLIC        ?C?IMUL
  -------         ENDMOD        ?C?IMUL

  -------         MODULE        ?C?IILDX
  C:0ABDH         PUBLIC        ?C?IILDX
  -------         ENDMOD        ?C?IILDX

  -------         MODULE        ?C?LADD
  C:0AD3H         PUBLIC        ?C?LADD
  -------         ENDMOD        ?C?LADD

  -------         MODULE        ?C?LSUB
  C:0AE0H         PUBLIC        ?C?LSUB
  -------         ENDMOD        ?C?LSUB

  -------         MODULE        ?C?LMUL
  C:0AEEH         PUBLIC        ?C?LMUL
  -------         ENDMOD        ?C?LMUL

  -------         MODULE        ?C?ULDIV
  C:0B79H         PUBLIC        ?C?ULDIV
  -------         ENDMOD        ?C?ULDIV

  -------         MODULE        ?C?LNEG
  C:0C0BH         PUBLIC        ?C?LNEG
  -------         ENDMOD        ?C?LNEG

  -------         MODULE        ?C?SLCMP
  C:0C19H         PUBLIC        ?C?SLCMP
  -------         ENDMOD        ?C?SLCMP

  -------         MODULE        ?C?ULCMP
  C:0C2FH         PUBLIC        ?C?ULCMP
  -------         ENDMOD        ?C?ULCMP

  -------         MODULE        ?C?ULSHR
  C:0C40H         PUBLIC        ?C?ULSHR
  -------         ENDMOD        ?C?ULSHR

  -------         MODULE        ?C?LSHL
  C:0C53H         PUBLIC        ?C?LSHL
  -------         ENDMOD        ?C?LSHL

  -------         MODULE        ?C?LLDXDATA
  C:0C66H         PUBLIC        ?C?LLDXDATA
  -------         ENDMOD        ?C?LLDXDATA

  -------         MODULE        ?C?LLDXDATA0
  C:0C72H         PUBLIC        ?C?LLDXDATA0
  -------         ENDMOD        ?C?LLDXDATA0

  -------         MODULE        ?C?LSTXDATA
  C:0C7EH         PUBLIC        ?C?LSTXDATA
  -------         ENDMOD        ?C?LSTXDATA

  -------         MODULE        ?C?LSTKXDATA
  C:0C8AH         PUBLIC        ?C?LSTKXDATA
BL51 BANKED LINKER/LOCATER V6.22                                                      01/26/2021  09:31:42  PAGE 56


  -------         ENDMOD        ?C?LSTKXDATA

  -------         MODULE        ?C?OFFXADD
  C:0CBBH         PUBLIC        ?C?OFFXADD
  -------         ENDMOD        ?C?OFFXADD

  -------         MODULE        ?C?PLDIIDATA
  C:0CC7H         PUBLIC        ?C?PLDIIDATA
  -------         ENDMOD        ?C?PLDIIDATA

  -------         MODULE        ?C?CCASE
  C:0CD7H         PUBLIC        ?C?CCASE
  -------         ENDMOD        ?C?CCASE

Program Size: data=82.0 xdata=316 code=11157
LINK/LOCATE RUN COMPLETE.  0 WARNING(S),  0 ERROR(S)
