BL51 BANKED LINKER/LOCATER V6.22                                                        01/25/2021  17:18:32  PAGE 1


BL51 BANKED LINKER/LOCATER V6.22, INVOKED BY:
D:\CCCC2020\TOOL\KEIL\C51\BIN\BL51.EXE .\Objects\STARTUP.obj, .\Objects\HC-MCU-XBR.obj, .\Objects\mcu_api.obj, .\Objects
>> \protocol.obj, .\Objects\system.obj TO .\Objects\HC-MCU-XBR PRINT (.\Listings\HC-MCU-XBR.m51) RAMSIZE (256) CODE (0X0
>> 000-0X2FFF) XDATA (0X0000-0X07FF)


MEMORY MODEL: SMALL WITH FLOATING POINT ARITHMETIC


INPUT MODULES INCLUDED:
  .\Objects\STARTUP.obj (?C_STARTUP)
  .\Objects\HC-MCU-XBR.obj (HC_MCU_XBR)
  .\Objects\mcu_api.obj (MCU_API)
  .\Objects\protocol.obj (PROTOCOL)
  .\Objects\system.obj (SYSTEM)
  D:\CCCC2020\TOOL\KEIL\C51\LIB\C51FPS.LIB (?C?FPADD)
  D:\CCCC2020\TOOL\KEIL\C51\LIB\C51FPS.LIB (?C?FPDIV)
  D:\CCCC2020\TOOL\KEIL\C51\LIB\C51FPS.LIB (?C?FCAST)
  D:\CCCC2020\TOOL\KEIL\C51\LIB\C51FPS.LIB (?C?CASTF)
  D:\CCCC2020\TOOL\KEIL\C51\LIB\C51FPS.LIB (?C?FPGETOPN)
  D:\CCCC2020\TOOL\KEIL\C51\LIB\C51S.LIB (?C_INIT)
  D:\CCCC2020\TOOL\KEIL\C51\LIB\C51S.LIB (?C?COPY)
  D:\CCCC2020\TOOL\KEIL\C51\LIB\C51S.LIB (?C?CLDPTR)
  D:\CCCC2020\TOOL\KEIL\C51\LIB\C51S.LIB (?C?CLDOPTR)
  D:\CCCC2020\TOOL\KEIL\C51\LIB\C51S.LIB (?C?CSTPTR)
  D:\CCCC2020\TOOL\KEIL\C51\LIB\C51S.LIB (?C?CSTOPTR)
  D:\CCCC2020\TOOL\KEIL\C51\LIB\C51S.LIB (?C?IMUL)
  D:\CCCC2020\TOOL\KEIL\C51\LIB\C51S.LIB (?C?IILDX)
  D:\CCCC2020\TOOL\KEIL\C51\LIB\C51S.LIB (?C?LADD)
  D:\CCCC2020\TOOL\KEIL\C51\LIB\C51S.LIB (?C?LSUB)
  D:\CCCC2020\TOOL\KEIL\C51\LIB\C51S.LIB (?C?LMUL)
  D:\CCCC2020\TOOL\KEIL\C51\LIB\C51S.LIB (?C?ULDIV)
  D:\CCCC2020\TOOL\KEIL\C51\LIB\C51S.LIB (?C?LNEG)
  D:\CCCC2020\TOOL\KEIL\C51\LIB\C51S.LIB (?C?SLCMP)
  D:\CCCC2020\TOOL\KEIL\C51\LIB\C51S.LIB (?C?ULCMP)
  D:\CCCC2020\TOOL\KEIL\C51\LIB\C51S.LIB (?C?ULSHR)
  D:\CCCC2020\TOOL\KEIL\C51\LIB\C51S.LIB (?C?LSHL)
  D:\CCCC2020\TOOL\KEIL\C51\LIB\C51S.LIB (?C?LLDXDATA)
  D:\CCCC2020\TOOL\KEIL\C51\LIB\C51S.LIB (?C?LLDXDATA0)
  D:\CCCC2020\TOOL\KEIL\C51\LIB\C51S.LIB (?C?LSTXDATA)
  D:\CCCC2020\TOOL\KEIL\C51\LIB\C51S.LIB (?C?LSTKXDATA)
  D:\CCCC2020\TOOL\KEIL\C51\LIB\C51S.LIB (?C?OFFXADD)
  D:\CCCC2020\TOOL\KEIL\C51\LIB\C51S.LIB (?C?PLDIIDATA)
  D:\CCCC2020\TOOL\KEIL\C51\LIB\C51S.LIB (?C?CCASE)


LINK MAP OF MODULE:  .\Objects\HC-MCU-XBR (?C_STARTUP)


            TYPE    BASE      LENGTH    RELOCATION   SEGMENT NAME
            -----------------------------------------------------

            * * * * * * *   D A T A   M E M O R Y   * * * * * * *
            REG     0000H     0008H     ABSOLUTE     "REG BANK 0"
            DATA    0008H     0034H     UNIT         _DATA_GROUP_
            DATA    003CH     0008H     UNIT         ?DT?SYSTEM
            DATA    0044H     0006H     UNIT         ?DT?HC_MCU_XBR
            DATA    004AH     0002H     UNIT         ?DT?MCU_API
BL51 BANKED LINKER/LOCATER V6.22                                                      01/25/2021  17:18:32  PAGE 2


            IDATA   004CH     0004H     UNIT         ?ID?HC_MCU_XBR
            IDATA   0050H     0001H     UNIT         ?STACK

            * * * * * * *  X D A T A   M E M O R Y  * * * * * * *
            XDATA   0000H     0068H     UNIT         ?XD?HC_MCU_XBR
            XDATA   0068H     0066H     UNIT         ?XD?SYSTEM
            XDATA   00CEH     0023H     UNIT         ?XD?PROTOCOL
            XDATA   00F1H     0010H     UNIT         _XDATA_GROUP_
                    0101H     FD7FH                  *** GAP ***
            XDATA   FE80H     0001H     ABSOLUTE     
                    FE81H     0004H                  *** GAP ***
            XDATA   FE85H     0001H     ABSOLUTE     
                    FE86H     0002H                  *** GAP ***
            XDATA   FE88H     0001H     ABSOLUTE     
            XDATA   FE89H     0001H     ABSOLUTE     
            XDATA   FE8AH     0001H     ABSOLUTE     
                    FE8BH     0006H                  *** GAP ***
            XDATA   FE91H     0001H     ABSOLUTE     
            XDATA   FE92H     0001H     ABSOLUTE     
            XDATA   FE93H     0001H     ABSOLUTE     
            XDATA   FE94H     0001H     ABSOLUTE     
            XDATA   FE95H     0001H     ABSOLUTE     
                    FE96H     0002H                  *** GAP ***
            XDATA   FE98H     0001H     ABSOLUTE     
                    FE99H     0002H                  *** GAP ***
            XDATA   FE9BH     0001H     ABSOLUTE     
                    FE9CH     0004H                  *** GAP ***
            XDATA   FEA0H     0001H     ABSOLUTE     
                    FEA1H     0001H                  *** GAP ***
            XDATA   FEA2H     0001H     ABSOLUTE     
                    FEA3H     0001H                  *** GAP ***
            XDATA   FEA4H     0001H     ABSOLUTE     
            XDATA   FEA5H     0001H     ABSOLUTE     
                    FEA6H     0001H                  *** GAP ***
            XDATA   FEA7H     0001H     ABSOLUTE     
                    FEA8H     0002H                  *** GAP ***
            XDATA   FEAAH     0001H     ABSOLUTE     
                    FEABH     0005H                  *** GAP ***
            XDATA   FEB0H     0001H     ABSOLUTE     
            XDATA   FEB1H     0001H     ABSOLUTE     
            XDATA   FEB2H     0001H     ABSOLUTE     
            XDATA   FEB3H     0001H     ABSOLUTE     
                    FEB4H     0004H                  *** GAP ***
            XDATA   FEB8H     0001H     ABSOLUTE     
            XDATA   FEB9H     0001H     ABSOLUTE     
                    FEBAH     0002H                  *** GAP ***
            XDATA   FEBCH     0001H     ABSOLUTE     
                    FEBDH     0043H                  *** GAP ***
            XDATA   FF00H     0001H     ABSOLUTE     
            XDATA   FF01H     0001H     ABSOLUTE     
            XDATA   FF02H     0001H     ABSOLUTE     
            XDATA   FF03H     0001H     ABSOLUTE     
                    FF04H     0001H                  *** GAP ***
            XDATA   FF05H     0001H     ABSOLUTE     
                    FF06H     0002H                  *** GAP ***
            XDATA   FF08H     0001H     ABSOLUTE     
                    FF09H     0007H                  *** GAP ***
BL51 BANKED LINKER/LOCATER V6.22                                                      01/25/2021  17:18:32  PAGE 3


            XDATA   FF10H     0001H     ABSOLUTE     
            XDATA   FF11H     0001H     ABSOLUTE     
            XDATA   FF12H     0001H     ABSOLUTE     
            XDATA   FF13H     0001H     ABSOLUTE     
                    FF14H     002CH                  *** GAP ***
            XDATA   FF40H     0001H     ABSOLUTE     
            XDATA   FF41H     0001H     ABSOLUTE     
            XDATA   FF42H     0001H     ABSOLUTE     
                    FF43H     003DH                  *** GAP ***
            XDATA   FF80H     0001H     ABSOLUTE     
            XDATA   FF81H     0001H     ABSOLUTE     
                    FF82H     0001H                  *** GAP ***
            XDATA   FF83H     0001H     ABSOLUTE     
            XDATA   FF84H     0001H     ABSOLUTE     
            XDATA   FF85H     0001H     ABSOLUTE     
                    FF86H     0009H                  *** GAP ***
            XDATA   FF8FH     0001H     ABSOLUTE     
            XDATA   FF90H     0001H     ABSOLUTE     
            XDATA   FF91H     0001H     ABSOLUTE     
                    FF92H     0002H                  *** GAP ***
            XDATA   FF94H     0001H     ABSOLUTE     
            XDATA   FF95H     0001H     ABSOLUTE     
                    FF96H     0002H                  *** GAP ***
            XDATA   FF98H     0001H     ABSOLUTE     
            XDATA   FF99H     0001H     ABSOLUTE     
                    FF9AH     0002H                  *** GAP ***
            XDATA   FF9CH     0001H     ABSOLUTE     
                    FF9DH     0003H                  *** GAP ***
            XDATA   FFA0H     0001H     ABSOLUTE     
            XDATA   FFA1H     0001H     ABSOLUTE     
                    FFA2H     0002H                  *** GAP ***
            XDATA   FFA4H     0001H     ABSOLUTE     
            XDATA   FFA5H     0001H     ABSOLUTE     
            XDATA   FFA6H     0001H     ABSOLUTE     
            XDATA   FFA7H     0001H     ABSOLUTE     
            XDATA   FFA8H     0001H     ABSOLUTE     
            XDATA   FFA9H     0001H     ABSOLUTE     

            * * * * * * *   C O D E   M E M O R Y   * * * * * * *
            CODE    0000H     0003H     ABSOLUTE     
            CODE    0003H     0018H     UNIT         ?PR?ZIGBEE_PROTOCOL_INIT?MCU_API
            CODE    001BH     0003H     ABSOLUTE     
            CODE    001EH     0003H     UNIT         ?PR?RESET_BT_MODULE?PROTOCOL
            CODE    0021H     0001H     UNIT         ?PR?TUYA_RETRY_OTA?PROTOCOL
            CODE    0022H     0001H     UNIT         ?PR?RESET_DEFAULT_PARAMETER?PROTOCOL
            CODE    0023H     0003H     ABSOLUTE     
            CODE    0026H     06BEH     UNIT         ?PR?XBRHANDLE?HC_MCU_XBR
            CODE    06E4H     0619H     UNIT         ?C?LIB_CODE
            CODE    0CFDH     0291H     UNIT         ?PR?_ZIGBEE_TIME_CONVERT?SYSTEM
            CODE    0F8EH     0246H     UNIT         ?PR?MAIN?HC_MCU_XBR
            CODE    11D4H     01B5H     UNIT         ?PR?ZIGBEE_UART_SERVICE?MCU_API
            CODE    1389H     0193H     UNIT         ?PR?SET_VAR?HC_MCU_XBR
            CODE    151CH     0151H     UNIT         ?PR?_DATA_HANDLE?SYSTEM
            CODE    166DH     0130H     UNIT         ?PR?_ZIGBEE_TIME_GET_HANDLE?SYSTEM
            CODE    179DH     011EH     UNIT         ?C_INITSEG
            CODE    18BBH     0112H     UNIT         ?PR?_DP_DOWNLOAD_HANDLE?PROTOCOL
            CODE    19CDH     00F1H     UNIT         ?PR?ALL_DATA_UPDATE?PROTOCOL
BL51 BANKED LINKER/LOCATER V6.22                                                      01/25/2021  17:18:32  PAGE 4


            CODE    1ABEH     00D1H     UNIT         ?PR?_MY_MEMCPY?MCU_API
            CODE    1B8FH     00C5H     UNIT         ?PR?CMD0?SYSTEM
            CODE    1C54H     00C3H     UNIT         ?PR?TIMER1_RPT?HC_MCU_XBR
            CODE    1D17H     00C3H     UNIT         ?PR?SAVEVAR?HC_MCU_XBR
            CODE    1DDAH     0098H     UNIT         ?PR?_BYTE_TO_INT?MCU_API
            CODE    1E72H     008CH     UNIT         ?C_C51STARTUP
            CODE    1EFEH     008CH     UNIT         ?PR?PRODUCT_INFO_CMD_HANDLE?SYSTEM
            CODE    1F8AH     0089H     UNIT         ?PR?_MCU_DP_VALUE_UPDATE?MCU_API
            CODE    2013H     0077H     UNIT         ?PR?_ZIGBEE_UART_WRITE_FRAME?SYSTEM
            CODE    208AH     0076H     UNIT         ?PR?_DP_DOWNLOAD_CDS_HANDLE?PROTOCOL
            CODE    2100H     0074H     UNIT         ?PR?_PWM3INIT?HC_MCU_XBR
            CODE    2174H     0074H     UNIT         ?PR?_DP_DOWNLOAD_SENSE_STRESS_HANDLE?PROTOCOL
            CODE    21E8H     006AH     UNIT         ?PR?WAIT1?HC_MCU_XBR
            CODE    2252H     0067H     UNIT         ?PR?WAIT2?HC_MCU_XBR
            CODE    22B9H     005BH     UNIT         ?PR?_ZIGBEE_DATA_POINT_HANDLE?SYSTEM
            CODE    2314H     0056H     UNIT         ?PR?_DP_DOWNLOAD_PIR_DELAY_HANDLE?PROTOCOL
            CODE    236AH     0053H     UNIT         ?PR?_MY_STRLEN?MCU_API
            CODE    23BDH     0052H     UNIT         ?PR?_DP_DOWNLOAD_BRIGHT_VALUE_HANDLE?PROTOCOL
            CODE    240FH     004DH     UNIT         ?PR?_DP_DOWNLOAD_STANDBY_TIME_HANDLE?PROTOCOL
            CODE    245CH     0047H     UNIT         ?PR?UART1_RPT?HC_MCU_XBR
            CODE    24A3H     0046H     UNIT         ?PR?_DP_DOWNLOAD_FACTORY_OP_HANDLE?PROTOCOL
            CODE    24E9H     0045H     UNIT         ?PR?_READ_AD?HC_MCU_XBR
            CODE    252EH     0042H     UNIT         ?PR?_MCU_DP_BOOL_UPDATE?MCU_API
            CODE    2570H     003FH     UNIT         ?PR?_DP_DOWNLOAD_SWITCH_LED2_HANDLE?PROTOCOL
            CODE    25AFH     003DH     UNIT         ?PR?_ZIGBEE_UART_WRITE_DATA?SYSTEM
            CODE    25ECH     003DH     UNIT         ?PR?QUEUE_READ_BYTE?SYSTEM
            CODE    2629H     003CH     UNIT         ?PR?_UART_RECEIVE_INPUT?MCU_API
            CODE    2665H     003CH     UNIT         ?PR?_SET_ZIGBEE_UART_BUFFER?SYSTEM
            CODE    26A1H     0038H     UNIT         ?PR?_MY_MEMSET?MCU_API
            CODE    26D9H     0035H     UNIT         ?PR?_MCU_DP_ENUM_UPDATE?MCU_API
            CODE    270EH     0032H     UNIT         ?PR?_FLASH_READARR?HC_MCU_XBR
            CODE    2740H     0032H     UNIT         ?PR?_DP_DOWNLOAD_SWITCH_XBR_HANDLE?PROTOCOL
            CODE    2772H     0031H     UNIT         ?PR?UART1_INIT?HC_MCU_XBR
            CODE    27A3H     002DH     UNIT         ?PR?_GET_CHECK_SUM?SYSTEM
            CODE    27D0H     002DH     UNIT         ?CO?SYSTEM
            CODE    27FDH     002CH     UNIT         ?PR?_DP_DOWNLOAD_SWITCH_LINKAGE_HANDLE?PROTOCOL
            CODE    2829H     0028H     UNIT         ?PR?_DELAY_MS?HC_MCU_XBR
            CODE    2851H     0027H     UNIT         ?PR?_FLASH_WRITEDATA?HC_MCU_XBR
            CODE    2878H     0026H     UNIT         ?PR?_DP_DOWNLOAD_CLEAR_TRIGGER_NUMBER_HANDLE?PROTOCOL
            CODE    289EH     0025H     UNIT         ?PR?_FLASH_ERASEBLOCK?HC_MCU_XBR
            CODE    28C3H     0024H     UNIT         ?PR?_DP_DOWNLOAD_ALL_DAY_MICRO_LIGHT_HANDLE?PROTOCOL
            CODE    28E7H     0021H     UNIT         ?PR?_GET_DOWMLOAD_DPID_INDEX?SYSTEM
            CODE    2908H     001EH     UNIT         ?PR?TIMER_INIT?HC_MCU_XBR
            CODE    2926H     001CH     UNIT         ?PR?GPIO_INIT?HC_MCU_XBR
            CODE    2942H     001BH     UNIT         ?PR?_DELAY_US?HC_MCU_XBR
            CODE    295DH     0017H     UNIT         ?PR?INITSYS?HC_MCU_XBR
            CODE    2974H     0017H     UNIT         ?PR?ADC_INIT?HC_MCU_XBR
            CODE    298BH     0015H     UNIT         ?PR?_DP_DOWNLOAD_SWITCH_LED_HANDLE?PROTOCOL
            CODE    29A0H     0015H     UNIT         ?PR?_SET_ZIGBEE_STATE?SYSTEM
            CODE    29B5H     0014H     UNIT         ?PR?_SET_ZIGBEE_UART_BYTE?SYSTEM
            CODE    29C9H     0013H     UNIT         ?PR?GO_BOOTLOADER_OTA?PROTOCOL
            CODE    29DCH     0012H     UNIT         ?PR?MCU_NETWORK_START?MCU_API
            CODE    29EEH     0011H     UNIT         ?PR?MCU_RESET_ZIGBEE?MCU_API
            CODE    29FFH     0011H     UNIT         ?PR?IAR_SOFT_RST_NO_OPTION?PROTOCOL
            CODE    2A10H     0011H     UNIT         ?PR?IAR_SOFT_RST_OPTION?PROTOCOL
            CODE    2A21H     000EH     UNIT         ?PR?GET_QUEUE_TOTAL_DATA?SYSTEM
            CODE    2A2FH     000BH     UNIT         ?PR?_SEND_DATA?HC_MCU_XBR
BL51 BANKED LINKER/LOCATER V6.22                                                      01/25/2021  17:18:32  PAGE 5


            CODE    2A3AH     000AH     UNIT         ?PR?_ZIGBEE_STATE_CMD_HANDLE?SYSTEM
            CODE    2A44H     0009H     UNIT         ?PR?_MCU_GET_DP_DOWNLOAD_BOOL?MCU_API
            CODE    2A4DH     0009H     UNIT         ?PR?_MCU_GET_DP_DOWNLOAD_ENUM?MCU_API
            CODE    2A56H     0009H     UNIT         ?PR?_SEQ_NUM_SET?SYSTEM
            CODE    2A5FH     0009H     UNIT         ?PR?SEQ_NUM_GET?SYSTEM
            CODE    2A68H     0008H     UNIT         ?PR?_MCU_GET_DP_DOWNLOAD_VALUE?MCU_API
            CODE    2A70H     0008H     UNIT         ?PR?CMD1?SYSTEM
            CODE    2A78H     0007H     UNIT         ?PR?_MCU_WRITE_RTCTIME?PROTOCOL
            CODE    2A7FH     0003H     UNIT         ?PR?_UART_TRANSMIT_OUTPUT?PROTOCOL
            CODE    2A82H     0003H     UNIT         ?PR?GET_DOWNLOAD_CMD_TOTAL?PROTOCOL
            CODE    2A85H     0003H     UNIT         ?PR?SOFT_RESET_MCU?PROTOCOL
            CODE    2A88H     0003H     UNIT         ?PR?TUYA_RE_CONFIG_NETWORK?PROTOCOL
            CODE    2A8BH     0003H     UNIT         ?PR?TUYA_RESET_MODULE?PROTOCOL
            CODE    2A8EH     0003H     UNIT         ?PR?_ZIGBEE_DATA_RSP_HANDLE?SYSTEM
            CODE    2A91H     0001H     UNIT         ?PR?ZIGBEE_CFG_CMD_HANDLE?SYSTEM



OVERLAY MAP OF MODULE:   .\Objects\HC-MCU-XBR (?C_STARTUP)


SEGMENT                                            DATA_GROUP          XDATA_GROUP
  +--> CALLED SEGMENT                            START    LENGTH     START    LENGTH
------------------------------------------------------------------------------------
?C_C51STARTUP                                    -----    -----      -----    -----
  +--> ?PR?MAIN?HC_MCU_XBR
  +--> ?C_INITSEG

?PR?MAIN?HC_MCU_XBR                              0008H    0001H      -----    -----
  +--> ?PR?ZIGBEE_PROTOCOL_INIT?MCU_API
  +--> ?PR?INITSYS?HC_MCU_XBR
  +--> ?PR?GPIO_INIT?HC_MCU_XBR
  +--> ?PR?TIMER_INIT?HC_MCU_XBR
  +--> ?PR?UART1_INIT?HC_MCU_XBR
  +--> ?PR?ADC_INIT?HC_MCU_XBR
  +--> ?PR?_DELAY_MS?HC_MCU_XBR
  +--> ?PR?_READ_AD?HC_MCU_XBR
  +--> ?PR?SET_VAR?HC_MCU_XBR
  +--> ?PR?_PWM3INIT?HC_MCU_XBR
  +--> ?PR?WAIT1?HC_MCU_XBR
  +--> ?PR?WAIT2?HC_MCU_XBR
  +--> ?PR?RESET_BT_MODULE?PROTOCOL
  +--> ?PR?SAVEVAR?HC_MCU_XBR
  +--> ?PR?_MCU_DP_ENUM_UPDATE?MCU_API
  +--> ?PR?_MCU_DP_VALUE_UPDATE?MCU_API
  +--> ?PR?ZIGBEE_UART_SERVICE?MCU_API
  +--> ?PR?XBRHANDLE?HC_MCU_XBR

?PR?ADC_INIT?HC_MCU_XBR                          -----    -----      -----    -----
  +--> ?PR?_DELAY_US?HC_MCU_XBR

?PR?_DELAY_US?HC_MCU_XBR                         -----    -----      -----    -----
  +--> ?PR?_FLASH_WRITEDATA?HC_MCU_XBR

?PR?_READ_AD?HC_MCU_XBR                          -----    -----      -----    -----
  +--> ?PR?_DELAY_US?HC_MCU_XBR

BL51 BANKED LINKER/LOCATER V6.22                                                      01/25/2021  17:18:32  PAGE 6


?PR?SET_VAR?HC_MCU_XBR                           -----    -----      -----    -----
  +--> ?PR?_FLASH_READARR?HC_MCU_XBR
  +--> ?PR?_FLASH_ERASEBLOCK?HC_MCU_XBR
  +--> ?PR?_DELAY_US?HC_MCU_XBR
  +--> ?PR?_FLASH_WRITEDATA?HC_MCU_XBR
  +--> ?PR?RESET_BT_MODULE?PROTOCOL

?PR?_FLASH_READARR?HC_MCU_XBR                    0009H    0005H      -----    -----

?PR?RESET_BT_MODULE?PROTOCOL                     -----    -----      -----    -----
  +--> ?PR?MCU_NETWORK_START?MCU_API

?PR?MCU_NETWORK_START?MCU_API                    -----    -----      -----    -----
  +--> ?PR?_SET_ZIGBEE_UART_BYTE?SYSTEM
  +--> ?PR?_ZIGBEE_UART_WRITE_FRAME?SYSTEM

?PR?_ZIGBEE_UART_WRITE_FRAME?SYSTEM              0030H    0002H      -----    -----
  +--> ?PR?SEQ_NUM_GET?SYSTEM
  +--> ?PR?_SEQ_NUM_SET?SYSTEM
  +--> ?PR?_GET_CHECK_SUM?SYSTEM
  +--> ?PR?_ZIGBEE_UART_WRITE_DATA?SYSTEM

?PR?_GET_CHECK_SUM?SYSTEM                        0032H    0005H      -----    -----

?PR?_ZIGBEE_UART_WRITE_DATA?SYSTEM               0032H    0005H      -----    -----
  +--> ?PR?_UART_TRANSMIT_OUTPUT?PROTOCOL

?PR?_UART_TRANSMIT_OUTPUT?PROTOCOL               -----    -----      -----    -----
  +--> ?PR?_SEND_DATA?HC_MCU_XBR

?PR?_PWM3INIT?HC_MCU_XBR                         000BH    0004H      -----    -----

?PR?WAIT1?HC_MCU_XBR                             0009H    0002H      -----    -----
  +--> ?PR?_DELAY_MS?HC_MCU_XBR

?PR?WAIT2?HC_MCU_XBR                             0009H    0005H      -----    -----

?PR?SAVEVAR?HC_MCU_XBR                           -----    -----      -----    -----
  +--> ?PR?_FLASH_ERASEBLOCK?HC_MCU_XBR
  +--> ?PR?_DELAY_US?HC_MCU_XBR
  +--> ?PR?_FLASH_WRITEDATA?HC_MCU_XBR

?PR?_MCU_DP_ENUM_UPDATE?MCU_API                  0028H    0001H      -----    -----
  +--> ?PR?_SET_ZIGBEE_UART_BYTE?SYSTEM
  +--> ?PR?_ZIGBEE_UART_WRITE_FRAME?SYSTEM

?PR?_MCU_DP_VALUE_UPDATE?MCU_API                 002BH    0005H      -----    -----
  +--> ?PR?_SET_ZIGBEE_UART_BYTE?SYSTEM
  +--> ?PR?_ZIGBEE_UART_WRITE_FRAME?SYSTEM

?PR?ZIGBEE_UART_SERVICE?MCU_API                  0009H    0008H      -----    -----
  +--> ?PR?GET_QUEUE_TOTAL_DATA?SYSTEM
  +--> ?PR?QUEUE_READ_BYTE?SYSTEM
  +--> ?PR?_GET_CHECK_SUM?SYSTEM
  +--> ?PR?_DATA_HANDLE?SYSTEM
  +--> ?PR?_MY_MEMCPY?MCU_API

BL51 BANKED LINKER/LOCATER V6.22                                                      01/25/2021  17:18:32  PAGE 7


?PR?GET_QUEUE_TOTAL_DATA?SYSTEM                  -----    -----      -----    -----
  +--> ?PR?ZIGBEE_PROTOCOL_INIT?MCU_API

?PR?_DATA_HANDLE?SYSTEM                          0011H    0008H      -----    -----
  +--> ?PR?_SEQ_NUM_SET?SYSTEM
  +--> ?PR?_SET_ZIGBEE_STATE?SYSTEM
  +--> ?PR?CMD0?SYSTEM
  +--> ?PR?CMD1?SYSTEM
  +--> ?PR?PRODUCT_INFO_CMD_HANDLE?SYSTEM
  +--> ?PR?_ZIGBEE_STATE_CMD_HANDLE?SYSTEM
  +--> ?PR?ZIGBEE_CFG_CMD_HANDLE?SYSTEM
  +--> ?PR?_ZIGBEE_DATA_POINT_HANDLE?SYSTEM
  +--> ?PR?SAVEVAR?HC_MCU_XBR
  +--> ?PR?_ZIGBEE_DATA_RSP_HANDLE?SYSTEM
  +--> ?PR?_ZIGBEE_TIME_GET_HANDLE?SYSTEM

?PR?_SET_ZIGBEE_STATE?SYSTEM                     -----    -----      -----    -----
  +--> ?PR?ALL_DATA_UPDATE?PROTOCOL
  +--> ?PR?SAVEVAR?HC_MCU_XBR

?PR?ALL_DATA_UPDATE?PROTOCOL                     0019H    0001H      -----    -----
  +--> ?PR?_MCU_DP_BOOL_UPDATE?MCU_API
  +--> ?PR?_MCU_DP_VALUE_UPDATE?MCU_API
  +--> ?PR?_MCU_DP_ENUM_UPDATE?MCU_API

?PR?_MCU_DP_BOOL_UPDATE?MCU_API                  0028H    0001H      -----    -----
  +--> ?PR?_SET_ZIGBEE_UART_BYTE?SYSTEM
  +--> ?PR?_ZIGBEE_UART_WRITE_FRAME?SYSTEM

?PR?CMD0?SYSTEM                                  -----    -----      -----    -----
  +--> ?PR?_SET_ZIGBEE_UART_BYTE?SYSTEM
  +--> ?PR?_ZIGBEE_UART_WRITE_FRAME?SYSTEM

?PR?CMD1?SYSTEM                                  -----    -----      -----    -----
  +--> ?PR?_ZIGBEE_UART_WRITE_FRAME?SYSTEM

?PR?PRODUCT_INFO_CMD_HANDLE?SYSTEM               0019H    0001H      -----    -----
  +--> ?CO?SYSTEM
  +--> ?PR?_MY_STRLEN?MCU_API
  +--> ?PR?_SET_ZIGBEE_UART_BUFFER?SYSTEM
  +--> ?PR?_ZIGBEE_UART_WRITE_FRAME?SYSTEM

?PR?_MY_STRLEN?MCU_API                           001AH    0007H      -----    -----

?PR?_SET_ZIGBEE_UART_BUFFER?SYSTEM               001AH    0007H      -----    -----
  +--> ?PR?_MY_MEMCPY?MCU_API

?PR?_MY_MEMCPY?MCU_API                           0021H    0010H      -----    -----

?PR?_ZIGBEE_STATE_CMD_HANDLE?SYSTEM              0019H    0001H      -----    -----
  +--> ?PR?_ZIGBEE_UART_WRITE_FRAME?SYSTEM

?PR?_ZIGBEE_DATA_POINT_HANDLE?SYSTEM             0019H    0007H      -----    -----
  +--> ?PR?_GET_DOWMLOAD_DPID_INDEX?SYSTEM
  +--> ?PR?_DP_DOWNLOAD_HANDLE?PROTOCOL

?PR?_GET_DOWMLOAD_DPID_INDEX?SYSTEM              0020H    0001H      -----    -----
BL51 BANKED LINKER/LOCATER V6.22                                                      01/25/2021  17:18:32  PAGE 8


  +--> ?PR?GET_DOWNLOAD_CMD_TOTAL?PROTOCOL

?PR?_DP_DOWNLOAD_HANDLE?PROTOCOL                 0020H    0007H      -----    -----
  +--> ?PR?_DP_DOWNLOAD_SWITCH_LED_HANDLE?PR...
  +--> ?PR?_DP_DOWNLOAD_BRIGHT_VALUE_HANDLE?...
  +--> ?PR?_DP_DOWNLOAD_CDS_HANDLE?PROTOCOL
  +--> ?PR?_DP_DOWNLOAD_PIR_DELAY_HANDLE?PRO...
  +--> ?PR?_DP_DOWNLOAD_SWITCH_XBR_HANDLE?PR...
  +--> ?PR?_DP_DOWNLOAD_STANDBY_TIME_HANDLE?...
  +--> ?PR?_DP_DOWNLOAD_SENSE_STRESS_HANDLE?...
  +--> ?PR?_DP_DOWNLOAD_SWITCH_LED2_HANDLE?P...
  +--> ?PR?_DP_DOWNLOAD_SWITCH_LINKAGE_HANDL...
  +--> ?PR?_DP_DOWNLOAD_ALL_DAY_MICRO_LIGHT_...
  +--> ?PR?_DP_DOWNLOAD_CLEAR_TRIGGER_NUMBER...
  +--> ?PR?_DP_DOWNLOAD_FACTORY_OP_HANDLE?PR...

?PR?_DP_DOWNLOAD_SWITCH_LED_HANDLE?PR...         0027H    0001H      -----    -----
  +--> ?PR?_MCU_GET_DP_DOWNLOAD_BOOL?MCU_API
  +--> ?PR?_MCU_DP_BOOL_UPDATE?MCU_API

?PR?_MCU_GET_DP_DOWNLOAD_BOOL?MCU_API            0028H    0002H      -----    -----

?PR?_DP_DOWNLOAD_BRIGHT_VALUE_HANDLE?...         0027H    0004H      -----    -----
  +--> ?PR?_MCU_GET_DP_DOWNLOAD_VALUE?MCU_API
  +--> ?PR?SAVEVAR?HC_MCU_XBR
  +--> ?PR?_MCU_DP_VALUE_UPDATE?MCU_API

?PR?_MCU_GET_DP_DOWNLOAD_VALUE?MCU_API           002BH    0002H      -----    -----
  +--> ?PR?_BYTE_TO_INT?MCU_API

?PR?_BYTE_TO_INT?MCU_API                         002DH    0004H      -----    -----

?PR?_DP_DOWNLOAD_CDS_HANDLE?PROTOCOL             -----    -----      -----    -----
  +--> ?PR?_MCU_GET_DP_DOWNLOAD_ENUM?MCU_API
  +--> ?PR?SAVEVAR?HC_MCU_XBR
  +--> ?PR?_MCU_DP_ENUM_UPDATE?MCU_API

?PR?_MCU_GET_DP_DOWNLOAD_ENUM?MCU_API            0028H    0002H      -----    -----

?PR?_DP_DOWNLOAD_PIR_DELAY_HANDLE?PRO...         0027H    0004H      -----    -----
  +--> ?PR?_MCU_GET_DP_DOWNLOAD_VALUE?MCU_API
  +--> ?PR?SAVEVAR?HC_MCU_XBR
  +--> ?PR?_MCU_DP_VALUE_UPDATE?MCU_API

?PR?_DP_DOWNLOAD_SWITCH_XBR_HANDLE?PR...         -----    -----      -----    -----
  +--> ?PR?_MCU_GET_DP_DOWNLOAD_BOOL?MCU_API
  +--> ?PR?SAVEVAR?HC_MCU_XBR
  +--> ?PR?_MCU_DP_BOOL_UPDATE?MCU_API

?PR?_DP_DOWNLOAD_STANDBY_TIME_HANDLE?...         0027H    0004H      -----    -----
  +--> ?PR?_MCU_GET_DP_DOWNLOAD_VALUE?MCU_API
  +--> ?PR?SAVEVAR?HC_MCU_XBR
  +--> ?PR?_MCU_DP_VALUE_UPDATE?MCU_API

?PR?_DP_DOWNLOAD_SENSE_STRESS_HANDLE?...         0027H    0004H      -----    -----
  +--> ?PR?_MCU_GET_DP_DOWNLOAD_VALUE?MCU_API
  +--> ?PR?SAVEVAR?HC_MCU_XBR
BL51 BANKED LINKER/LOCATER V6.22                                                      01/25/2021  17:18:32  PAGE 9


  +--> ?PR?_MCU_DP_VALUE_UPDATE?MCU_API

?PR?_DP_DOWNLOAD_SWITCH_LED2_HANDLE?P...         -----    -----      -----    -----
  +--> ?PR?_MCU_GET_DP_DOWNLOAD_BOOL?MCU_API
  +--> ?PR?_MCU_DP_BOOL_UPDATE?MCU_API

?PR?_DP_DOWNLOAD_SWITCH_LINKAGE_HANDL...         -----    -----      -----    -----
  +--> ?PR?_MCU_GET_DP_DOWNLOAD_BOOL?MCU_API
  +--> ?PR?_MCU_DP_BOOL_UPDATE?MCU_API

?PR?_DP_DOWNLOAD_ALL_DAY_MICRO_LIGHT_...         -----    -----      -----    -----
  +--> ?PR?_MCU_GET_DP_DOWNLOAD_BOOL?MCU_API
  +--> ?PR?_MCU_DP_BOOL_UPDATE?MCU_API

?PR?_DP_DOWNLOAD_CLEAR_TRIGGER_NUMBER...         -----    -----      -----    -----
  +--> ?PR?_MCU_GET_DP_DOWNLOAD_BOOL?MCU_API
  +--> ?PR?_MCU_DP_VALUE_UPDATE?MCU_API

?PR?_DP_DOWNLOAD_FACTORY_OP_HANDLE?PR...         0027H    0001H      -----    -----
  +--> ?PR?_MCU_GET_DP_DOWNLOAD_ENUM?MCU_API
  +--> ?PR?SOFT_RESET_MCU?PROTOCOL
  +--> ?PR?GO_BOOTLOADER_OTA?PROTOCOL
  +--> ?PR?TUYA_RE_CONFIG_NETWORK?PROTOCOL
  +--> ?PR?TUYA_RESET_MODULE?PROTOCOL
  +--> ?PR?TUYA_RETRY_OTA?PROTOCOL
  +--> ?PR?RESET_DEFAULT_PARAMETER?PROTOCOL
  +--> ?PR?_MCU_DP_ENUM_UPDATE?MCU_API

?PR?SOFT_RESET_MCU?PROTOCOL                      -----    -----      -----    -----
  +--> ?PR?IAR_SOFT_RST_NO_OPTION?PROTOCOL

?PR?GO_BOOTLOADER_OTA?PROTOCOL                   -----    -----      -----    -----
  +--> ?PR?_FLASH_ERASEBLOCK?HC_MCU_XBR
  +--> ?PR?_FLASH_WRITEDATA?HC_MCU_XBR
  +--> ?PR?IAR_SOFT_RST_OPTION?PROTOCOL

?PR?TUYA_RE_CONFIG_NETWORK?PROTOCOL              -----    -----      -----    -----
  +--> ?PR?MCU_NETWORK_START?MCU_API

?PR?TUYA_RESET_MODULE?PROTOCOL                   -----    -----      -----    -----
  +--> ?PR?MCU_RESET_ZIGBEE?MCU_API

?PR?MCU_RESET_ZIGBEE?MCU_API                     -----    -----      -----    -----
  +--> ?PR?_SET_ZIGBEE_UART_BYTE?SYSTEM
  +--> ?PR?_ZIGBEE_UART_WRITE_FRAME?SYSTEM

?PR?_ZIGBEE_DATA_RSP_HANDLE?SYSTEM               0019H    0001H      -----    -----

?PR?_ZIGBEE_TIME_GET_HANDLE?SYSTEM               0019H    000DH      00F1H    0010H
  +--> ?PR?_MY_MEMSET?MCU_API
  +--> ?PR?_ZIGBEE_TIME_CONVERT?SYSTEM
  +--> ?PR?_MCU_WRITE_RTCTIME?PROTOCOL

?PR?_MY_MEMSET?MCU_API                           0026H    0009H      -----    -----

?PR?_ZIGBEE_TIME_CONVERT?SYSTEM                  0026H    0016H      -----    -----
  +--> ?CO?SYSTEM
BL51 BANKED LINKER/LOCATER V6.22                                                      01/25/2021  17:18:32  PAGE 10



?PR?_MCU_WRITE_RTCTIME?PROTOCOL                  0026H    0003H      -----    -----

?PR?XBRHANDLE?HC_MCU_XBR                         0009H    0002H      -----    -----
  +--> ?PR?_PWM3INIT?HC_MCU_XBR
  +--> ?PR?_READ_AD?HC_MCU_XBR
  +--> ?PR?_DELAY_MS?HC_MCU_XBR

*** NEW ROOT ***************************************************

?PR?UART1_RPT?HC_MCU_XBR                         -----    -----      -----    -----
  +--> ?PR?_UART_RECEIVE_INPUT?MCU_API



SYMBOL TABLE OF MODULE:  .\Objects\HC-MCU-XBR (?C_STARTUP)

  VALUE           TYPE          NAME
  ----------------------------------

  -------         MODULE        ?C_STARTUP
  C:1E72H         SEGMENT       ?C_C51STARTUP
  I:0050H         SEGMENT       ?STACK
  C:0000H         PUBLIC        ?C_STARTUP
  D:00E0H         SYMBOL        ACC
  D:00F0H         SYMBOL        B
  D:0083H         SYMBOL        DPH
  D:0082H         SYMBOL        DPL
  N:0000H         SYMBOL        IBPSTACK
  N:0100H         SYMBOL        IBPSTACKTOP
  N:0080H         SYMBOL        IDATALEN
  C:1E75H         SYMBOL        IDATALOOP
  N:0000H         SYMBOL        PBPSTACK
  N:0100H         SYMBOL        PBPSTACKTOP
  N:0000H         SYMBOL        PDATALEN
  N:0000H         SYMBOL        PDATASTART
  N:0000H         SYMBOL        PPAGE
  N:0000H         SYMBOL        PPAGEENABLE
  D:00A0H         SYMBOL        PPAGE_SFR
  D:0081H         SYMBOL        SP
  C:1E72H         SYMBOL        STARTUP1
  N:0000H         SYMBOL        XBPSTACK
  N:0000H         SYMBOL        XBPSTACKTOP
  N:0000H         SYMBOL        XDATALEN
  N:0000H         SYMBOL        XDATASTART
  C:0000H         LINE#         126
  C:1E72H         LINE#         133
  C:1E74H         LINE#         134
  C:1E75H         LINE#         135
  C:1E76H         LINE#         136
  C:1E78H         LINE#         185
  C:1E7BH         LINE#         196
  -------         ENDMOD        ?C_STARTUP

  -------         MODULE        HC_MCU_XBR
  C:0000H         SYMBOL        _ICE_DUMMY_
  X:FF08H         PUBLIC        P1M0
BL51 BANKED LINKER/LOCATER V6.22                                                      01/25/2021  17:18:32  PAGE 11


  X:FF01H         PUBLIC        P0M1
  X:0000H         PUBLIC        Light_on_flagpre
  X:FF10H         PUBLIC        P2M0
  X:FF02H         PUBLIC        P0M2
  D:0080H         PUBLIC        P0
  X:FF11H         PUBLIC        P2M1
  X:FF03H         PUBLIC        P0M3
  D:0090H         PUBLIC        P1
  X:FF12H         PUBLIC        P2M2
  D:00A0H         PUBLIC        P2
  X:0001H         PUBLIC        check_light_times
  X:FF13H         PUBLIC        P2M3
  X:0002H         PUBLIC        radar_number_send_flag
  X:0003H         PUBLIC        lowlight1minflag
  X:0004H         PUBLIC        light_status_xxx_last
  B:00A8H.7       PUBLIC        EA
  C:245CH         PUBLIC        UART1_Rpt
  X:0005H         PUBLIC        radar_number_count
  X:FE94H         PUBLIC        XTALCFG
  X:0007H         PUBLIC        SUM1_counter
  D:00A8H         PUBLIC        IE
  B:0080H.0       PUBLIC        P0_0
  D:00FCH         PUBLIC        IAP_CMD
  X:0008H         PUBLIC        guc_Read_a1
  D:00F8H         PUBLIC        RSTFR
  B:0080H.4       PUBLIC        P0_4
  X:000AH         PUBLIC        lowlight1mincount
  X:000CH         PUBLIC        alarm_times
  X:FF91H         PUBLIC        PWM01_MAP
  C:295DH         PUBLIC        InitSYS
  X:000DH         PUBLIC        LIGHT_off
  X:FF95H         PUBLIC        PWM11_MAP
  X:FF99H         PUBLIC        PWM21_MAP
  X:FE89H         PUBLIC        S2CON2
  D:00B6H         PUBLIC        ADCR
  X:000FH         PUBLIC        TH
  X:FEA2H         PUBLIC        CRCC
  X:FE85H         PUBLIC        T5CON1
  X:0013H         PUBLIC        all_day_micro_light_enable
  X:FFA5H         PUBLIC        SCK_MAP
  X:0014H         PUBLIC        SWITCHflag2
  X:0015H         PUBLIC        times
  X:0017H         PUBLIC        SUM0
  C:0F8EH         PUBLIC        main
  C:2926H         PUBLIC        GPIO_Init
  X:001BH         PUBLIC        SUM1
  X:FEA4H         PUBLIC        BORC
  X:001FH         PUBLIC        SUM2
  C:2A2FH         PUBLIC        _send_data
  X:0023H         PUBLIC        SWITCHfXBR
  D:00BBH         PUBLIC        LVDC
  X:0024H         PUBLIC        radar_trig_times
  X:FFA1H         PUBLIC        RXD_MAP
  X:FEA5H         PUBLIC        BORDBC
  X:FFA0H         PUBLIC        TXD_MAP
  X:FEA7H         PUBLIC        LVDDBC
  D:0099H         PUBLIC        SBUF
BL51 BANKED LINKER/LOCATER V6.22                                                      01/25/2021  17:18:32  PAGE 12


  X:FEB8H         PUBLIC        PINTE0
  C:2829H         PUBLIC        _Delay_ms
  C:289EH         PUBLIC        _Flash_EraseBlock
  X:0026H         PUBLIC        lowlightDELAY_NUM
  X:0027H         PUBLIC        MAX_DELTA
  X:FEB9H         PUBLIC        PINTE1
  D:00BDH         PUBLIC        WDTC
  X:002BH         PUBLIC        zigbee_join_cnt
  D:0098H         PUBLIC        SCON
  D:0089H         PUBLIC        TMOD
  D:0088H         PUBLIC        TCON
  X:002CH         PUBLIC        Light_on_flag
  X:002DH         PUBLIC        radar_number_send_flag2
  X:002EH         PUBLIC        start_times
  X:FE95H         PUBLIC        SPOV_RSTEN
  C:294BH         PUBLIC        _Delay_us
  X:0030H         PUBLIC        Linkage_flag
  X:0031H         PUBLIC        lightvalue
  D:00B4H         PUBLIC        ADCC0
  C:0026H         PUBLIC        XBRHandle
  D:00B5H         PUBLIC        ADCC1
  X:FE9BH         PUBLIC        ADCC2
  C:2974H         PUBLIC        ADC_Init
  X:FE91H         PUBLIC        CLKDIV
  D:00B8H         PUBLIC        IE1
  X:0032H         PUBLIC        person_in_range_flag
  X:0033H         PUBLIC        light_ad
  X:0034H         PUBLIC        DELAY_NUM
  X:0036H         PUBLIC        radar_trig_times_last
  X:FF80H         PUBLIC        T0_MAP
  C:24E9H         PUBLIC        _read_ad
  X:FF81H         PUBLIC        T1_MAP
  X:FEAAH         PUBLIC        RSTDBC
  X:0038H         PUBLIC        resetbtcnt
  X:FF83H         PUBLIC        T3_MAP
  X:FF84H         PUBLIC        T4_MAP
  X:FF85H         PUBLIC        T5_MAP
  D:0044H         PUBLIC        Timer_Counter
  X:FEA0H         PUBLIC        WDTCCR
  D:0048H         PUBLIC        while_1flag
  D:0049H         PUBLIC        while_2flag
  C:1C54H         PUBLIC        TIMER1_Rpt
  D:008CH         PUBLIC        TH0
  D:008DH         PUBLIC        TH1
  X:0039H         PUBLIC        stop_times
  X:003AH         PUBLIC        XRBoffbrightvalue
  D:00CEH         PUBLIC        TH4
  D:008AH         PUBLIC        TL0
  D:008BH         PUBLIC        TL1
  X:FE93H         PUBLIC        CLKOUT
  D:00CDH         PUBLIC        TL4
  D:00FBH         PUBLIC        IAP_DATA
  X:003BH         PUBLIC        SUM10
  X:003FH         PUBLIC        SUM01
  D:00F9H         PUBLIC        IAP_ADDR
  X:0043H         PUBLIC        person_in_range_flag_last
  X:0044H         PUBLIC        SUM0_num
BL51 BANKED LINKER/LOCATER V6.22                                                      01/25/2021  17:18:32  PAGE 13


  D:008EH         PUBLIC        CLKSWR
  X:0045H         PUBLIC        SUM1_num
  C:2851H         PUBLIC        _FLASH_WriteData
  X:0046H         PUBLIC        slowchcnt
  X:0047H         PUBLIC        calc_average_times
  I:004CH         PUBLIC        light1sflag
  X:0048H         PUBLIC        switchcnt
  X:0049H         PUBLIC        SUM16
  C:2100H         PUBLIC        _PWM3init
  X:004DH         PUBLIC        average
  X:004FH         PUBLIC        guc_Read_a
  X:FFA9H         PUBLIC        RXD2_MAP
  X:005BH         PUBLIC        ALL_SUM1
  X:FFA8H         PUBLIC        TXD2_MAP
  X:FE98H         PUBLIC        ADCWC
  X:FE8AH         PUBLIC        S2BUF
  X:FF90H         PUBLIC        PWM0_MAP
  C:2772H         PUBLIC        UART1_Init
  X:FFA4H         PUBLIC        SS_MAP
  X:FF94H         PUBLIC        PWM1_MAP
  X:FF98H         PUBLIC        PWM2_MAP
  X:FE88H         PUBLIC        S2CON
  X:FE80H         PUBLIC        TCON1
  D:009EH         PUBLIC        SCON2
  X:FF9CH         PUBLIC        PWM3_MAP
  C:21E8H         PUBLIC        wait1
  C:2252H         PUBLIC        wait2
  X:FF8FH         PUBLIC        CLKO_MAP
  X:FEBCH         PUBLIC        INT01_PINS
  D:00CCH         PUBLIC        T4CON
  X:FE92H         PUBLIC        FREQ_CLK
  D:00DDH         PUBLIC        PWM3C
  D:00DFH         PUBLIC        PWM3D
  I:004EH         PUBLIC        light1scount
  X:005FH         PUBLIC        light_status_xxx
  X:0060H         PUBLIC        light_ad0
  X:FEB0H         PUBLIC        PITS0
  X:FF05H         PUBLIC        P0LPU
  X:FEB1H         PUBLIC        PITS1
  X:FEB2H         PUBLIC        PITS2
  X:FEB3H         PUBLIC        PITS3
  X:0061H         PUBLIC        SUM
  C:270EH         PUBLIC        _Flash_ReadArr
  X:0065H         PUBLIC        LIGHT_TH
  C:1389H         PUBLIC        set_var
  X:FFA7H         PUBLIC        MISO_MAP
  X:FFA6H         PUBLIC        MOSI_MAP
  D:00DEH         PUBLIC        PWM3P
  X:0066H         PUBLIC        LIGHT
  C:2908H         PUBLIC        Timer_Init
  X:FF40H         PUBLIC        P00DBC
  D:00D0H         PUBLIC        PSW
  X:FF41H         PUBLIC        P01DBC
  C:1D17H         PUBLIC        savevar
  X:FF42H         PUBLIC        P02DBC
  X:FF00H         PUBLIC        P0M0
  -------         PROC          _FLASH_READARR
BL51 BANKED LINKER/LOCATER V6.22                                                      01/25/2021  17:18:32  PAGE 14


  D:0009H         SYMBOL        fui_Address
  D:0005H         SYMBOL        fuc_Length
  D:000BH         SYMBOL        fucp_SaveArr
  C:270EH         LINE#         106
  C:2718H         LINE#         107
  C:2718H         LINE#         108
  C:271EH         LINE#         109
  C:273FH         LINE#         110
  -------         ENDPROC       _FLASH_READARR
  -------         PROC          _DELAY_MS
  D:0082H         SYMBOL        t
  C:2829H         LINE#         112
  C:282DH         LINE#         113
  C:282DH         LINE#         114
  C:2836H         LINE#         115
  C:284BH         LINE#         116
  C:284BH         LINE#         117
  C:284EH         LINE#         118
  C:2850H         LINE#         119
  -------         ENDPROC       _DELAY_MS
  C:2944H         SYMBOL        L?0191
  -------         PROC          L?0190
  -------         ENDPROC       L?0190
  C:2944H         SYMBOL        L?0191
  -------         PROC          _DELAY_US
  D:0006H         SYMBOL        q1
  -------         DO            
  D:0004H         SYMBOL        j
  -------         ENDDO         
  C:294BH         LINE#         121
  C:294BH         LINE#         122
  C:294BH         LINE#         124
  C:2955H         LINE#         125
  C:2955H         LINE#         127
  C:295CH         LINE#         128
  -------         ENDPROC       _DELAY_US
  -------         PROC          INITSYS
  C:295DH         LINE#         136
  C:295DH         LINE#         137
  C:295DH         LINE#         140
  C:2960H         LINE#         141
  C:2966H         LINE#         142
  C:296AH         LINE#         150
  C:296DH         LINE#         151
  C:2973H         LINE#         153
  -------         ENDPROC       INITSYS
  -------         PROC          TIMER_INIT
  C:2908H         LINE#         161
  C:2908H         LINE#         162
  C:2908H         LINE#         164
  C:290DH         LINE#         165
  C:2910H         LINE#         177
  C:2913H         LINE#         178
  C:2916H         LINE#         179
  C:2919H         LINE#         180
  C:291CH         LINE#         182
  C:291FH         LINE#         183
BL51 BANKED LINKER/LOCATER V6.22                                                      01/25/2021  17:18:32  PAGE 15


  C:2922H         LINE#         185
  C:2925H         LINE#         186
  -------         ENDPROC       TIMER_INIT
  -------         PROC          UART1_INIT
  C:2772H         LINE#         194
  C:2772H         LINE#         195
  C:2772H         LINE#         197
  C:277BH         LINE#         198
  C:2784H         LINE#         199
  C:2786H         LINE#         200
  C:278CH         LINE#         201
  C:2790H         LINE#         202
  C:2793H         LINE#         218
  C:2796H         LINE#         219
  C:2799H         LINE#         220
  C:279CH         LINE#         221
  C:279FH         LINE#         222
  C:27A2H         LINE#         224
  -------         ENDPROC       UART1_INIT
  -------         PROC          ADC_INIT
  C:2974H         LINE#         232
  C:2974H         LINE#         233
  C:2974H         LINE#         235
  C:2977H         LINE#         236
  C:297AH         LINE#         237
  C:2981H         LINE#         248
  C:2984H         LINE#         251
  C:298AH         LINE#         252
  -------         ENDPROC       ADC_INIT
  -------         PROC          GPIO_INIT
  C:2926H         LINE#         260
  C:2926H         LINE#         261
  C:2926H         LINE#         301
  C:292FH         LINE#         303
  C:2938H         LINE#         305
  C:2941H         LINE#         340
  -------         ENDPROC       GPIO_INIT
  -------         PROC          _SEND_DATA
  D:0007H         SYMBOL        d
  C:2A2FH         LINE#         342
  C:2A2FH         LINE#         343
  C:2A2FH         LINE#         344
  C:2A31H         LINE#         345
  C:2A36H         LINE#         347
  C:2A39H         LINE#         348
  -------         ENDPROC       _SEND_DATA
  -------         PROC          _READ_AD
  D:0007H         SYMBOL        ch
  -------         DO            
  D:0001H         SYMBOL        i
  D:0002H         SYMBOL        ad_sum
  -------         ENDDO         
  C:24E9H         LINE#         351
  C:24E9H         LINE#         352
  C:24E9H         LINE#         356
  C:24EBH         LINE#         357
  C:24EEH         LINE#         358
BL51 BANKED LINKER/LOCATER V6.22                                                      01/25/2021  17:18:32  PAGE 16


  C:24F3H         LINE#         360
  C:24F6H         LINE#         362
  C:24FDH         LINE#         364
  C:2500H         LINE#         366
  C:2501H         LINE#         367
  C:2501H         LINE#         368
  C:2504H         LINE#         369
  C:2509H         LINE#         371
  C:250CH         LINE#         372
  C:2514H         LINE#         374
  C:251BH         LINE#         375
  C:251FH         LINE#         386
  C:2522H         LINE#         389
  C:2524H         LINE#         391
  C:252BH         LINE#         392
  C:252DH         LINE#         393
  -------         ENDPROC       _READ_AD
  -------         PROC          SET_VAR
  C:1389H         LINE#         395
  C:1389H         LINE#         396
  C:1389H         LINE#         398
  C:1398H         LINE#         400
  C:13A7H         LINE#         401
  C:13B8H         LINE#         402
  C:13D0H         LINE#         403
  C:13E6H         LINE#         404
  C:140DH         LINE#         405
  C:1417H         LINE#         407
  C:141FH         LINE#         409
  C:1421H         LINE#         410
  C:1423H         LINE#         411
  C:142AH         LINE#         412
  C:142DH         LINE#         414
  C:143AH         LINE#         415
  C:1443H         LINE#         416
  C:1451H         LINE#         417
  C:1465H         LINE#         418
  C:146EH         LINE#         421
  C:1476H         LINE#         423
  C:147AH         LINE#         425
  C:1482H         LINE#         426
  C:148AH         LINE#         427
  C:1490H         LINE#         429
  C:149BH         LINE#         431
  C:14A5H         LINE#         433
  C:14AFH         LINE#         435
  C:14B9H         LINE#         437
  C:14C8H         LINE#         438
  C:14D0H         LINE#         439
  C:14D8H         LINE#         441
  C:14DFH         LINE#         442
  C:14E6H         LINE#         444
  C:14ECH         LINE#         446
  C:14F5H         LINE#         447
  C:14FCH         LINE#         449
  C:1502H         LINE#         450
  C:1502H         LINE#         451
BL51 BANKED LINKER/LOCATER V6.22                                                      01/25/2021  17:18:32  PAGE 17


  C:1505H         LINE#         452
  C:1505H         LINE#         453
  C:150DH         LINE#         454
  C:150DH         LINE#         455
  C:1514H         LINE#         456
  C:151BH         LINE#         457
  C:151BH         LINE#         458
  -------         ENDPROC       SET_VAR
  -------         PROC          XBRHANDLE
  -------         DO            
  D:0009H         SYMBOL        k
  -------         ENDDO         
  C:0026H         LINE#         460
  C:0026H         LINE#         461
  C:0026H         LINE#         464
  C:002DH         LINE#         465
  C:002DH         LINE#         477
  C:0030H         LINE#         478
  C:0035H         LINE#         480
  C:0038H         LINE#         481
  C:003EH         LINE#         483
  C:0048H         LINE#         485
  C:005EH         LINE#         488
  C:006EH         LINE#         489
  C:006EH         LINE#         490
  C:0079H         LINE#         491
  C:007BH         LINE#         493
  C:007BH         LINE#         494
  C:0086H         LINE#         495
  C:0086H         LINE#         496
  C:009CH         LINE#         498
  C:00A8H         LINE#         499
  C:00A8H         LINE#         500
  C:00B7H         LINE#         501
  C:00B7H         LINE#         515
  C:00BDH         LINE#         517
  C:00BEH         LINE#         518
  C:00C0H         LINE#         519
  C:00CCH         LINE#         520
  C:00CCH         LINE#         530
  C:00D5H         LINE#         532
  C:00D8H         LINE#         533
  C:00D8H         LINE#         534
  C:00D8H         LINE#         536
  C:00E4H         LINE#         537
  C:00E4H         LINE#         539
  C:00E7H         LINE#         541
  C:00EBH         LINE#         543
  C:00F1H         LINE#         545
  C:0106H         LINE#         547
  C:010FH         LINE#         548
  C:010FH         LINE#         549
  C:0111H         LINE#         551
  C:0122H         LINE#         553
  C:0131H         LINE#         554
  C:013CH         LINE#         555
  C:0146H         LINE#         556
BL51 BANKED LINKER/LOCATER V6.22                                                      01/25/2021  17:18:32  PAGE 18


  C:0146H         LINE#         558
  C:014FH         LINE#         559
  C:014FH         LINE#         560
  C:0152H         LINE#         561
  C:0154H         LINE#         563
  C:0154H         LINE#         564
  C:015EH         LINE#         565
  C:015EH         LINE#         576
  C:0168H         LINE#         579
  C:0195H         LINE#         580
  C:019DH         LINE#         582
  C:01A5H         LINE#         584
  C:01AAH         LINE#         585
  C:01AAH         LINE#         586
  C:01AAH         LINE#         588
  C:01BBH         LINE#         589
  C:01BBH         LINE#         590
  C:01D5H         LINE#         591
  C:01F2H         LINE#         592
  C:01FCH         LINE#         593
  C:01FCH         LINE#         595
  C:0202H         LINE#         596
  C:0202H         LINE#         597
  C:020EH         LINE#         598
  C:0218H         LINE#         600
  C:0218H         LINE#         602
  C:0254H         LINE#         603
  C:0254H         LINE#         604
  C:025AH         LINE#         605
  C:026FH         LINE#         606
  C:0288H         LINE#         607
  C:0299H         LINE#         608
  C:02ACH         LINE#         609
  C:02B6H         LINE#         610
  C:02C9H         LINE#         611
  C:02D3H         LINE#         613
  C:02E5H         LINE#         614
  C:02E5H         LINE#         615
  C:02FAH         LINE#         616
  C:030EH         LINE#         617
  C:0316H         LINE#         618
  C:032CH         LINE#         619
  C:0331H         LINE#         624
  C:0331H         LINE#         625
  C:0337H         LINE#         626
  C:0337H         LINE#         628
  C:0356H         LINE#         629
  C:0356H         LINE#         630
  C:0361H         LINE#         631
  C:0361H         LINE#         632
  C:036AH         LINE#         633
  C:0372H         LINE#         634
  C:0392H         LINE#         635
  C:0392H         LINE#         636
  C:03A7H         LINE#         637
  C:03BCH         LINE#         638
  C:03BCH         LINE#         639
BL51 BANKED LINKER/LOCATER V6.22                                                      01/25/2021  17:18:32  PAGE 19


  C:03BCH         LINE#         640
  C:03BCH         LINE#         641
  C:03BCH         LINE#         642
  C:03BFH         LINE#         644
  C:03CFH         LINE#         645
  C:03CFH         LINE#         653
  C:03F2H         LINE#         654
  C:03F2H         LINE#         655
  C:0407H         LINE#         657
  C:0432H         LINE#         659
  C:0432H         LINE#         660
  C:043AH         LINE#         661
  C:043AH         LINE#         662
  C:043AH         LINE#         663
  C:043AH         LINE#         664
  C:043CH         LINE#         666
  C:043CH         LINE#         667
  C:0450H         LINE#         668
  C:0458H         LINE#         669
  C:046FH         LINE#         670
  C:0474H         LINE#         672
  C:0477H         LINE#         673
  C:0484H         LINE#         674
  C:0484H         LINE#         675
  C:0499H         LINE#         676
  C:04AEH         LINE#         677
  C:04AEH         LINE#         678
  C:04AEH         LINE#         679
  C:04AEH         LINE#         680
  C:04AEH         LINE#         687
  C:04BBH         LINE#         688
  C:04BBH         LINE#         689
  C:04BCH         LINE#         690
  C:04BCH         LINE#         691
  C:04BCH         LINE#         692
  C:04BCH         LINE#         693
  C:04BEH         LINE#         695
  C:04BEH         LINE#         696
  C:04C3H         LINE#         697
  C:04CDH         LINE#         698
  C:04CDH         LINE#         700
  C:04D6H         LINE#         701
  C:04D6H         LINE#         702
  C:04D9H         LINE#         703
  C:051FH         LINE#         704
  C:0539H         LINE#         705
  C:053CH         LINE#         707
  C:053CH         LINE#         709
  C:054BH         LINE#         710
  C:054BH         LINE#         711
  C:0552H         LINE#         713
  C:0561H         LINE#         714
  C:0561H         LINE#         722
  C:0575H         LINE#         723
  C:0575H         LINE#         724
  C:057FH         LINE#         725
  C:0581H         LINE#         727
BL51 BANKED LINKER/LOCATER V6.22                                                      01/25/2021  17:18:32  PAGE 20


  C:0581H         LINE#         728
  C:0596H         LINE#         729
  C:05AAH         LINE#         730
  C:05AAH         LINE#         731
  C:05C6H         LINE#         732
  C:05C6H         LINE#         734
  C:05C6H         LINE#         735
  C:05C6H         LINE#         737
  C:05C6H         LINE#         743
  C:05C6H         LINE#         744
  C:05C6H         LINE#         746
  C:05E1H         LINE#         747
  C:05E1H         LINE#         752
  C:05FDH         LINE#         753
  C:05FDH         LINE#         761
  C:05FDH         LINE#         762
  C:0607H         LINE#         763
  C:0613H         LINE#         764
  C:061BH         LINE#         765
  C:061FH         LINE#         784
  C:0629H         LINE#         786
  C:062FH         LINE#         788
  C:0635H         LINE#         789
  C:063CH         LINE#         790
  C:0641H         LINE#         791
  C:0646H         LINE#         793
  C:0646H         LINE#         794
  C:0646H         LINE#         795
  C:0646H         LINE#         796
  C:0646H         LINE#         798
  C:0652H         LINE#         807
  C:065CH         LINE#         808
  C:0666H         LINE#         810
  C:0676H         LINE#         811
  C:0676H         LINE#         822
  C:0685H         LINE#         823
  C:0685H         LINE#         824
  C:068CH         LINE#         825
  C:068FH         LINE#         826
  C:0693H         LINE#         827
  C:0697H         LINE#         830
  C:0697H         LINE#         831
  C:0697H         LINE#         832
  C:0697H         LINE#         833
  C:0698H         LINE#         835
  C:0698H         LINE#         836
  C:06A0H         LINE#         837
  C:06A3H         LINE#         847
  C:06A9H         LINE#         848
  C:06ADH         LINE#         852
  C:06B3H         LINE#         858
  C:06BDH         LINE#         859
  C:06C2H         LINE#         860
  C:06C8H         LINE#         862
  C:06CEH         LINE#         864
  C:06D4H         LINE#         866
  C:06D9H         LINE#         867
BL51 BANKED LINKER/LOCATER V6.22                                                      01/25/2021  17:18:32  PAGE 21


  C:06E3H         LINE#         871
  C:06E3H         LINE#         872
  -------         ENDPROC       XBRHANDLE
  -------         PROC          WAIT1
  -------         DO            
  D:0009H         SYMBOL        i
  D:000AH         SYMBOL        j
  -------         ENDDO         
  C:21E8H         LINE#         874
  C:21E8H         LINE#         875
  C:21E8H         LINE#         879
  C:21EBH         LINE#         880
  C:21EBH         LINE#         881
  C:21EBH         LINE#         882
  C:21F5H         LINE#         900
  C:21F8H         LINE#         901
  C:21F8H         LINE#         903
  C:21FBH         LINE#         904
  C:2200H         LINE#         906
  C:2203H         LINE#         909
  C:2219H         LINE#         910
  C:2220H         LINE#         929
  C:2227H         LINE#         933
  C:2234H         LINE#         934
  C:2247H         LINE#         935
  C:2247H         LINE#         937
  C:2249H         LINE#         939
  C:2250H         LINE#         940
  C:2251H         LINE#         942
  -------         ENDPROC       WAIT1
  -------         PROC          WAIT2
  -------         DO            
  D:0009H         SYMBOL        i
  D:000AH         SYMBOL        k
  D:000CH         SYMBOL        t
  -------         ENDDO         
  C:2252H         LINE#         943
  C:2252H         LINE#         944
  C:2252H         LINE#         949
  C:225CH         LINE#         951
  C:225FH         LINE#         952
  C:225FH         LINE#         953
  C:2264H         LINE#         954
  C:2264H         LINE#         965
  C:2267H         LINE#         966
  C:226CH         LINE#         968
  C:226FH         LINE#         969
  C:2275H         LINE#         971
  C:228BH         LINE#         972
  C:229BH         LINE#         973
  C:229EH         LINE#         974
  C:22A5H         LINE#         976
  C:22B8H         LINE#         982
  -------         ENDPROC       WAIT2
  -------         PROC          _PWM3INIT
  D:0007H         SYMBOL        ab
  -------         DO            
BL51 BANKED LINKER/LOCATER V6.22                                                      01/25/2021  17:18:32  PAGE 22


  D:000BH         SYMBOL        i11
  D:0006H         SYMBOL        j11
  -------         ENDDO         
  C:2100H         LINE#         984
  C:2100H         LINE#         985
  C:2100H         LINE#         989
  C:2103H         LINE#         990
  C:2103H         LINE#         991
  C:2107H         LINE#         992
  C:2107H         LINE#         993
  C:2109H         LINE#         994
  C:210CH         LINE#         995
  C:210CH         LINE#         996
  C:2111H         LINE#         997
  C:2116H         LINE#         998
  C:2118H         LINE#         1000
  C:2118H         LINE#         1001
  C:211EH         LINE#         1002
  C:2123H         LINE#         1003
  C:2123H         LINE#         1005
  C:2126H         LINE#         1006
  C:2126H         LINE#         1007
  C:2128H         LINE#         1008
  C:212AH         LINE#         1010
  C:212AH         LINE#         1011
  C:214DH         LINE#         1012
  C:2163H         LINE#         1013
  C:2163H         LINE#         1028
  C:2169H         LINE#         1046
  C:216CH         LINE#         1053
  C:216EH         LINE#         1054
  C:2171H         LINE#         1056
  C:2173H         LINE#         1057
  -------         ENDPROC       _PWM3INIT
  -------         PROC          MAIN
  -------         DO            
  D:0008H         SYMBOL        i
  -------         ENDDO         
  C:0F8EH         LINE#         1067
  C:0F8EH         LINE#         1068
  C:0F8EH         LINE#         1070
  C:0F91H         LINE#         1071
  C:0F94H         LINE#         1072
  C:0F97H         LINE#         1076
  C:0F9AH         LINE#         1077
  C:0F9DH         LINE#         1078
  C:0FA0H         LINE#         1080
  C:0FA3H         LINE#         1084
  C:0FA9H         LINE#         1085
  C:0FACH         LINE#         1087
  C:0FAEH         LINE#         1089
  C:0FB5H         LINE#         1105
  C:0FBFH         LINE#         1108
  C:0FC3H         LINE#         1110
  C:0FC5H         LINE#         1111
  C:0FC8H         LINE#         1113
  C:0FCDH         LINE#         1115
BL51 BANKED LINKER/LOCATER V6.22                                                      01/25/2021  17:18:32  PAGE 23


  C:0FCFH         LINE#         1117
  C:0FD2H         LINE#         1119
  C:0FDBH         LINE#         1121
  C:0FDEH         LINE#         1124
  C:0FE5H         LINE#         1126
  C:0FE8H         LINE#         1128
  C:0FF2H         LINE#         1130
  C:0FFBH         LINE#         1131
  C:0FFBH         LINE#         1132
  C:0FFDH         LINE#         1133
  C:1000H         LINE#         1134
  C:1002H         LINE#         1136
  C:1002H         LINE#         1137
  C:1005H         LINE#         1138
  C:1005H         LINE#         1140
  C:1005H         LINE#         1141
  C:1005H         LINE#         1142
  C:1012H         LINE#         1143
  C:1012H         LINE#         1144
  C:1017H         LINE#         1145
  C:101FH         LINE#         1146
  C:101FH         LINE#         1148
  C:102CH         LINE#         1149
  C:102CH         LINE#         1150
  C:1031H         LINE#         1151
  C:1039H         LINE#         1152
  C:1039H         LINE#         1154
  C:1041H         LINE#         1155
  C:1041H         LINE#         1156
  C:1048H         LINE#         1157
  C:1048H         LINE#         1158
  C:104DH         LINE#         1159
  C:1051H         LINE#         1160
  C:1065H         LINE#         1161
  C:1065H         LINE#         1162
  C:1073H         LINE#         1163
  C:1082H         LINE#         1164
  C:1082H         LINE#         1165
  C:1082H         LINE#         1166
  C:1082H         LINE#         1168
  C:1085H         LINE#         1170
  C:1089H         LINE#         1171
  C:1089H         LINE#         1172
  C:1091H         LINE#         1173
  C:1094H         LINE#         1174
  C:1094H         LINE#         1176
  C:109FH         LINE#         1177
  C:109FH         LINE#         1178
  C:10A3H         LINE#         1179
  C:10A3H         LINE#         1180
  C:10A5H         LINE#         1182
  C:10A8H         LINE#         1183
  C:10B0H         LINE#         1185
  C:10BAH         LINE#         1186
  C:10BFH         LINE#         1187
  C:10C5H         LINE#         1189
  C:10CBH         LINE#         1191
BL51 BANKED LINKER/LOCATER V6.22                                                      01/25/2021  17:18:32  PAGE 24


  C:10D1H         LINE#         1193
  C:10D6H         LINE#         1194
  C:10E0H         LINE#         1195
  C:10E0H         LINE#         1197
  C:10E3H         LINE#         1199
  C:10F2H         LINE#         1200
  C:10F2H         LINE#         1201
  C:10F9H         LINE#         1202
  C:10F9H         LINE#         1203
  C:10FBH         LINE#         1204
  C:1104H         LINE#         1205
  C:1117H         LINE#         1206
  C:1117H         LINE#         1207
  C:111BH         LINE#         1208
  C:1123H         LINE#         1209
  C:1123H         LINE#         1211
  C:1123H         LINE#         1213
  C:1123H         LINE#         1214
  C:1128H         LINE#         1215
  C:1128H         LINE#         1216
  C:1128H         LINE#         1217
  C:1128H         LINE#         1218
  C:1128H         LINE#         1219
  C:1137H         LINE#         1220
  C:1137H         LINE#         1221
  C:1140H         LINE#         1222
  C:1140H         LINE#         1223
  C:1143H         LINE#         1224
  C:1149H         LINE#         1231
  C:1149H         LINE#         1232
  C:1149H         LINE#         1235
  C:1154H         LINE#         1236
  C:1154H         LINE#         1237
  C:1163H         LINE#         1238
  C:1163H         LINE#         1239
  C:1165H         LINE#         1240
  C:116DH         LINE#         1242
  C:117AH         LINE#         1243
  C:117AH         LINE#         1246
  C:117EH         LINE#         1247
  C:117EH         LINE#         1248
  C:117EH         LINE#         1249
  C:117EH         LINE#         1251
  C:117EH         LINE#         1252
  C:1181H         LINE#         1253
  C:1187H         LINE#         1254
  C:1187H         LINE#         1255
  C:118BH         LINE#         1256
  C:118EH         LINE#         1258
  C:118EH         LINE#         1259
  C:1196H         LINE#         1261
  C:1199H         LINE#         1263
  C:11A1H         LINE#         1266
  C:11ABH         LINE#         1267
  C:11B0H         LINE#         1268
  C:11B6H         LINE#         1270
  C:11BCH         LINE#         1272
BL51 BANKED LINKER/LOCATER V6.22                                                      01/25/2021  17:18:32  PAGE 25


  C:11C2H         LINE#         1274
  C:11C7H         LINE#         1275
  C:11D1H         LINE#         1276
  C:11D1H         LINE#         1277
  C:11D1H         LINE#         1278
  -------         ENDPROC       MAIN
  -------         PROC          TIMER1_RPT
  C:1C54H         LINE#         1287
  C:1C71H         LINE#         1290
  C:1C8DH         LINE#         1292
  C:1C97H         LINE#         1293
  C:1CAEH         LINE#         1294
  C:1CAEH         LINE#         1295
  C:1CB5H         LINE#         1296
  C:1CBAH         LINE#         1297
  C:1CBAH         LINE#         1298
  C:1CC2H         LINE#         1299
  C:1CCEH         LINE#         1300
  C:1CCEH         LINE#         1302
  C:1CD3H         LINE#         1303
  C:1CDAH         LINE#         1304
  C:1CDAH         LINE#         1305
  C:1CE4H         LINE#         1306
  C:1CF3H         LINE#         1307
  C:1CF3H         LINE#         1308
  C:1CF7H         LINE#         1309
  C:1CFCH         LINE#         1310
  C:1CFCH         LINE#         1311
  -------         ENDPROC       TIMER1_RPT
  -------         PROC          UART1_RPT
  -------         DO            
  D:0007H         SYMBOL        i
  -------         ENDDO         
  C:245CH         LINE#         1320
  C:2479H         LINE#         1325
  C:247EH         LINE#         1326
  C:247EH         LINE#         1327
  C:2480H         LINE#         1328
  C:2483H         LINE#         1329
  C:2486H         LINE#         1330
  C:2488H         LINE#         1331
  C:2488H         LINE#         1332
  -------         ENDPROC       UART1_RPT
  -------         PROC          _FLASH_ERASEBLOCK
  D:0006H         SYMBOL        fui_Address
  C:289EH         LINE#         1334
  C:289EH         LINE#         1335
  C:289EH         LINE#         1336
  C:289EH         LINE#         1337
  C:289EH         LINE#         1338
  C:28A1H         LINE#         1339
  C:28A3H         LINE#         1340
  C:28A8H         LINE#         1341
  C:28A8H         LINE#         1343
  C:28AAH         LINE#         1344
  C:28ACH         LINE#         1345
  C:28B2H         LINE#         1346
BL51 BANKED LINKER/LOCATER V6.22                                                      01/25/2021  17:18:32  PAGE 26


  C:28B6H         LINE#         1347
  C:28BCH         LINE#         1348
  C:28C2H         LINE#         1350
  -------         ENDPROC       _FLASH_ERASEBLOCK
  -------         PROC          _FLASH_WRITEDATA
  D:0007H         SYMBOL        fuc_SaveData
  D:0004H         SYMBOL        fui_Address
  C:2851H         LINE#         1360
  C:2851H         LINE#         1361
  C:2851H         LINE#         1362
  C:2851H         LINE#         1363
  C:2851H         LINE#         1364
  C:2854H         LINE#         1365
  C:2856H         LINE#         1366
  C:285BH         LINE#         1367
  C:285BH         LINE#         1369
  C:285DH         LINE#         1370
  C:285FH         LINE#         1371
  C:2861H         LINE#         1372
  C:2867H         LINE#         1373
  C:286BH         LINE#         1374
  C:2871H         LINE#         1375
  C:2877H         LINE#         1377
  -------         ENDPROC       _FLASH_WRITEDATA
  -------         PROC          SAVEVAR
  -------         DO            
  D:0007H         SYMBOL        i
  -------         ENDDO         
  C:1D17H         LINE#         1412
  C:1D17H         LINE#         1413
  C:1D17H         LINE#         1415
  C:1D1EH         LINE#         1416
  C:1D25H         LINE#         1418
  C:1D3AH         LINE#         1419
  C:1D41H         LINE#         1420
  C:1D48H         LINE#         1422
  C:1D58H         LINE#         1423
  C:1D5FH         LINE#         1424
  C:1D66H         LINE#         1426
  C:1D69H         LINE#         1427
  C:1D6BH         LINE#         1428
  C:1D6EH         LINE#         1430
  C:1D71H         LINE#         1431
  C:1D73H         LINE#         1432
  C:1D76H         LINE#         1433
  C:1D79H         LINE#         1434
  C:1D7BH         LINE#         1435
  C:1D7EH         LINE#         1437
  C:1D83H         LINE#         1438
  C:1D85H         LINE#         1439
  C:1D88H         LINE#         1441
  C:1D8DH         LINE#         1442
  C:1D8FH         LINE#         1443
  C:1D92H         LINE#         1445
  C:1D98H         LINE#         1446
  C:1D9AH         LINE#         1447
  C:1D9DH         LINE#         1449
BL51 BANKED LINKER/LOCATER V6.22                                                      01/25/2021  17:18:32  PAGE 27


  C:1DA2H         LINE#         1450
  C:1DA4H         LINE#         1451
  C:1DA7H         LINE#         1453
  C:1DACH         LINE#         1454
  C:1DAEH         LINE#         1455
  C:1DB1H         LINE#         1457
  C:1DB6H         LINE#         1458
  C:1DB8H         LINE#         1459
  C:1DBBH         LINE#         1463
  C:1DC2H         LINE#         1464
  C:1DC9H         LINE#         1465
  C:1DD2H         LINE#         1466
  C:1DD7H         LINE#         1468
  C:1DD9H         LINE#         1470
  -------         ENDPROC       SAVEVAR
  -------         ENDMOD        HC_MCU_XBR

  -------         MODULE        MCU_API
  C:0000H         SYMBOL        _ICE_DUMMY_
  C:2629H         PUBLIC        _uart_receive_input
  C:29EEH         PUBLIC        mcu_reset_zigbee
  C:1DDAH         PUBLIC        _byte_to_int
  C:29DCH         PUBLIC        mcu_network_start
  C:1ABEH         PUBLIC        _my_memcpy
  C:26A1H         PUBLIC        _my_memset
  C:2A68H         PUBLIC        _mcu_get_dp_download_value
  C:236AH         PUBLIC        _my_strlen
  C:1F8AH         PUBLIC        _mcu_dp_value_update
  C:0003H         PUBLIC        zigbee_protocol_init
  C:2A44H         PUBLIC        _mcu_get_dp_download_bool
  C:11D4H         PUBLIC        zigbee_uart_service
  C:252EH         PUBLIC        _mcu_dp_bool_update
  C:2A4DH         PUBLIC        _mcu_get_dp_download_enum
  C:26D9H         PUBLIC        _mcu_dp_enum_update
  -------         PROC          _MY_STRLEN
  D:001AH         SYMBOL        str
  -------         DO            
  D:001DH         SYMBOL        len
  -------         ENDDO         
  C:236AH         LINE#         47
  C:2370H         LINE#         48
  C:2370H         LINE#         49
  C:2379H         LINE#         50
  C:237EH         LINE#         51
  C:237EH         LINE#         52
  C:2383H         LINE#         53
  C:2383H         LINE#         55
  C:239AH         LINE#         56
  C:239AH         LINE#         57
  C:23B2H         LINE#         58
  C:23B4H         LINE#         60
  C:23BCH         LINE#         61
  -------         ENDPROC       _MY_STRLEN
  -------         PROC          _MY_MEMSET
  D:0026H         SYMBOL        src
  D:0005H         SYMBOL        ch
  D:002AH         SYMBOL        count
BL51 BANKED LINKER/LOCATER V6.22                                                      01/25/2021  17:18:32  PAGE 28


  -------         DO            
  D:002CH         SYMBOL        tmp
  -------         ENDDO         
  C:26A1H         LINE#         70
  C:26A7H         LINE#         71
  C:26A7H         LINE#         72
  C:26ADH         LINE#         74
  C:26B2H         LINE#         75
  C:26B2H         LINE#         76
  C:26B6H         LINE#         77
  C:26B6H         LINE#         79
  C:26C3H         LINE#         80
  C:26C3H         LINE#         81
  C:26D0H         LINE#         82
  C:26D2H         LINE#         84
  C:26D8H         LINE#         85
  -------         ENDPROC       _MY_MEMSET
  -------         PROC          _MY_MEMCPY
  D:0021H         SYMBOL        dest
  D:0024H         SYMBOL        src
  D:0027H         SYMBOL        count
  -------         DO            
  D:0029H         SYMBOL        pdest
  D:002CH         SYMBOL        psrc
  D:002FH         SYMBOL        i
  -------         ENDDO         
  C:1ABEH         LINE#         94
  C:1AC4H         LINE#         95
  C:1AC4H         LINE#         96
  C:1ACAH         LINE#         97
  C:1AD3H         LINE#         100
  C:1AE0H         LINE#         101
  C:1AE0H         LINE#         102
  C:1AE7H         LINE#         103
  C:1AE7H         LINE#         105
  C:1B11H         LINE#         106
  C:1B11H         LINE#         107
  C:1B21H         LINE#         108
  C:1B21H         LINE#         109
  C:1B3FH         LINE#         110
  C:1B49H         LINE#         111
  C:1B49H         LINE#         113
  C:1B49H         LINE#         114
  C:1B5AH         LINE#         115
  C:1B5AH         LINE#         116
  C:1B7EH         LINE#         117
  C:1B88H         LINE#         118
  C:1B88H         LINE#         120
  C:1B8EH         LINE#         121
  -------         ENDPROC       _MY_MEMCPY
  -------         PROC          _BYTE_TO_INT
  D:0001H         SYMBOL        value
  -------         DO            
  D:002DH         SYMBOL        nubmer
  -------         ENDDO         
  C:1DDAH         LINE#         174
  C:1DDAH         LINE#         175
BL51 BANKED LINKER/LOCATER V6.22                                                      01/25/2021  17:18:32  PAGE 29


  C:1DDAH         LINE#         176
  C:1DE3H         LINE#         178
  C:1DF0H         LINE#         179
  C:1E03H         LINE#         180
  C:1E1EH         LINE#         181
  C:1E2CH         LINE#         182
  C:1E47H         LINE#         183
  C:1E55H         LINE#         184
  C:1E70H         LINE#         186
  C:1E71H         LINE#         187
  -------         ENDPROC       _BYTE_TO_INT
  -------         PROC          MCU_RESET_ZIGBEE
  -------         DO            
  D:0004H         SYMBOL        length
  -------         ENDDO         
  C:29EEH         LINE#         196
  C:29EEH         LINE#         197
  C:29EEH         LINE#         198
  C:29F1H         LINE#         200
  C:29FAH         LINE#         201
  -------         ENDPROC       MCU_RESET_ZIGBEE
  -------         PROC          MCU_NETWORK_START
  -------         DO            
  D:0004H         SYMBOL        length
  -------         ENDDO         
  C:29DCH         LINE#         211
  C:29DCH         LINE#         212
  C:29DCH         LINE#         213
  C:29DFH         LINE#         215
  C:29E9H         LINE#         216
  -------         ENDPROC       MCU_NETWORK_START
  -------         PROC          _MCU_DP_BOOL_UPDATE
  D:0003H         SYMBOL        dpid
  D:0028H         SYMBOL        value
  -------         DO            
  D:0004H         SYMBOL        length
  -------         ENDDO         
  C:252EH         LINE#         250
  C:2532H         LINE#         251
  C:2532H         LINE#         252
  C:2534H         LINE#         254
  C:253DH         LINE#         255
  C:2544H         LINE#         257
  C:254BH         LINE#         258
  C:2554H         LINE#         260
  C:2558H         LINE#         261
  C:2558H         LINE#         262
  C:2559H         LINE#         263
  C:255BH         LINE#         265
  C:255BH         LINE#         266
  C:2568H         LINE#         267
  C:2568H         LINE#         269
  C:256DH         LINE#         271
  C:256FH         LINE#         272
  -------         ENDPROC       _MCU_DP_BOOL_UPDATE
  -------         PROC          _MCU_DP_VALUE_UPDATE
  D:0003H         SYMBOL        dpid
BL51 BANKED LINKER/LOCATER V6.22                                                      01/25/2021  17:18:32  PAGE 30


  D:002CH         SYMBOL        value
  -------         DO            
  D:0004H         SYMBOL        length
  -------         ENDDO         
  C:1F8AH         LINE#         280
  C:1F8CH         LINE#         281
  C:1F8CH         LINE#         282
  C:1F8EH         LINE#         284
  C:1F97H         LINE#         285
  C:1F9EH         LINE#         287
  C:1FA5H         LINE#         288
  C:1FAAH         LINE#         290
  C:1FC4H         LINE#         291
  C:1FDEH         LINE#         292
  C:1FFAH         LINE#         293
  C:200BH         LINE#         295
  C:2010H         LINE#         297
  C:2012H         LINE#         298
  -------         ENDPROC       _MCU_DP_VALUE_UPDATE
  -------         PROC          _MCU_DP_ENUM_UPDATE
  D:0003H         SYMBOL        dpid
  D:0028H         SYMBOL        value
  -------         DO            
  D:0004H         SYMBOL        length
  -------         ENDDO         
  C:26D9H         LINE#         330
  C:26DDH         LINE#         331
  C:26DDH         LINE#         332
  C:26DFH         LINE#         334
  C:26E8H         LINE#         335
  C:26EFH         LINE#         337
  C:26F6H         LINE#         338
  C:26FDH         LINE#         340
  C:2706H         LINE#         342
  C:270BH         LINE#         344
  C:270DH         LINE#         345
  -------         ENDPROC       _MCU_DP_ENUM_UPDATE
  -------         PROC          _MCU_GET_DP_DOWNLOAD_BOOL
  D:0001H         SYMBOL        value
  D:0004H         SYMBOL        len
  -------         DO            
  D:0028H         SYMBOL        i
  -------         ENDDO         
  C:2A44H         LINE#         393
  C:2A44H         LINE#         394
  C:2A44H         LINE#         396
  C:2A48H         LINE#         397
  C:2A4CH         LINE#         398
  -------         ENDPROC       _MCU_GET_DP_DOWNLOAD_BOOL
  -------         PROC          _MCU_GET_DP_DOWNLOAD_ENUM
  D:0001H         SYMBOL        value
  D:0004H         SYMBOL        len
  -------         DO            
  D:0028H         SYMBOL        i
  -------         ENDDO         
  C:2A4DH         LINE#         406
  C:2A4DH         LINE#         407
BL51 BANKED LINKER/LOCATER V6.22                                                      01/25/2021  17:18:32  PAGE 31


  C:2A4DH         LINE#         409
  C:2A51H         LINE#         410
  C:2A55H         LINE#         411
  -------         ENDPROC       _MCU_GET_DP_DOWNLOAD_ENUM
  -------         PROC          _MCU_GET_DP_DOWNLOAD_VALUE
  D:0001H         SYMBOL        value
  D:0004H         SYMBOL        len
  -------         DO            
  D:002BH         SYMBOL        i
  -------         ENDDO         
  C:2A68H         LINE#         419
  C:2A68H         LINE#         420
  C:2A68H         LINE#         422
  C:2A6CH         LINE#         423
  C:2A6FH         LINE#         424
  -------         ENDPROC       _MCU_GET_DP_DOWNLOAD_VALUE
  -------         PROC          ZIGBEE_PROTOCOL_INIT
  C:0003H         LINE#         433
  C:0003H         LINE#         434
  C:0003H         LINE#         436
  C:000CH         LINE#         437
  C:0015H         LINE#         438
  C:001AH         LINE#         439
  -------         ENDPROC       ZIGBEE_PROTOCOL_INIT
  -------         PROC          _UART_RECEIVE_INPUT
  D:0007H         SYMBOL        value
  C:2629H         LINE#         448
  C:2629H         LINE#         449
  C:2629H         LINE#         452
  C:2634H         LINE#         453
  C:2634H         LINE#         455
  C:2642H         LINE#         456
  C:2642H         LINE#         457
  C:264FH         LINE#         458
  C:264FH         LINE#         460
  C:265CH         LINE#         461
  C:2664H         LINE#         462
  C:2664H         LINE#         464
  C:2664H         LINE#         466
  C:2664H         LINE#         467
  -------         ENDPROC       _UART_RECEIVE_INPUT
  -------         PROC          ZIGBEE_UART_SERVICE
  -------         DO            
  D:004AH         SYMBOL        rx_in
  D:0009H         SYMBOL        offset
  D:000BH         SYMBOL        rx_value_len
  D:000DH         SYMBOL        protocol_version
  D:000FH         SYMBOL        protocol_head_len
  -------         ENDDO         
  C:11D4H         LINE#         478
  C:11D4H         LINE#         479
  C:11D4H         LINE#         482
  C:11D9H         LINE#         483
  C:11DDH         LINE#         484
  C:11E6H         LINE#         486
  C:11FDH         LINE#         487
  C:11FDH         LINE#         488
BL51 BANKED LINKER/LOCATER V6.22                                                      01/25/2021  17:18:32  PAGE 32


  C:1216H         LINE#         489
  C:1218H         LINE#         491
  C:1226H         LINE#         492
  C:1226H         LINE#         494
  C:1226H         LINE#         496
  C:123DH         LINE#         497
  C:123DH         LINE#         498
  C:124EH         LINE#         499
  C:124EH         LINE#         500
  C:1256H         LINE#         501
  C:1258H         LINE#         502
  C:1258H         LINE#         504
  C:1269H         LINE#         505
  C:1269H         LINE#         506
  C:1271H         LINE#         507
  C:1273H         LINE#         508
  C:1273H         LINE#         510
  C:1285H         LINE#         512
  C:128BH         LINE#         513
  C:128BH         LINE#         514
  C:128DH         LINE#         515
  C:128FH         LINE#         516
[...]
  C:25AFH         LINE#         124
  C:25B9H         LINE#         125
  C:25B9H         LINE#         126
  C:25C4H         LINE#         127
  C:25C4H         LINE#         129
  C:25C4H         LINE#         131
  C:25D1H         LINE#         132
  C:25D1H         LINE#         133
  C:25DEH         LINE#         134
  C:25E9H         LINE#         135
  C:25EBH         LINE#         136
  -------         ENDPROC       _ZIGBEE_UART_WRITE_DATA
  -------         PROC          _GET_CHECK_SUM
  D:0032H         SYMBOL        pack
  D:0035H         SYMBOL        pack_len
  -------         DO            
  D:0004H         SYMBOL        i
  D:0007H         SYMBOL        check_sum
  -------         ENDDO         
  C:27A3H         LINE#         145
  C:27ADH         LINE#         146
  C:27ADH         LINE#         148
  C:27AFH         LINE#         150
  C:27BAH         LINE#         151
  C:27BAH         LINE#         152
  C:27C8H         LINE#         153
  C:27CFH         LINE#         155
  C:27CFH         LINE#         156
  -------         ENDPROC       _GET_CHECK_SUM
  -------         PROC          _ZIGBEE_UART_WRITE_FRAME
  D:0003H         SYMBOL        fr_type
BL51 BANKED LINKER/LOCATER V6.22                                                      01/25/2021  17:18:32  PAGE 46


  D:0030H         SYMBOL        len
  -------         DO            
  D:0007H         SYMBOL        check_sum
  D:0004H         SYMBOL        seq_num
  -------         ENDDO         
  C:2013H         LINE#         165
  C:2019H         LINE#         166
  C:2019H         LINE#         167
  C:201BH         LINE#         168
  C:2022H         LINE#         170
  C:2028H         LINE#         171
  C:202CH         LINE#         172
  C:2030H         LINE#         173
  C:2035H         LINE#         174
  C:203AH         LINE#         175
  C:203DH         LINE#         176
  C:2041H         LINE#         177
  C:2045H         LINE#         179
  C:204AH         LINE#         180
  C:2051H         LINE#         181
  C:205CH         LINE#         182
  C:206FH         LINE#         183
  C:207DH         LINE#         185
  -------         ENDPROC       _ZIGBEE_UART_WRITE_FRAME
  -------         PROC          _GET_DOWMLOAD_DPID_INDEX
  D:0020H         SYMBOL        dpid
  -------         DO            
  D:0006H         SYMBOL        index
  D:0007H         SYMBOL        total
  -------         ENDDO         
  C:28E7H         LINE#         194
  C:28E9H         LINE#         195
  C:28E9H         LINE#         197
  C:28ECH         LINE#         199
  C:28F3H         LINE#         200
  C:28F3H         LINE#         201
  C:2902H         LINE#         202
  C:2902H         LINE#         203
  C:2902H         LINE#         204
  C:2902H         LINE#         205
  C:2905H         LINE#         207
  C:2907H         LINE#         208
  -------         ENDPROC       _GET_DOWMLOAD_DPID_INDEX
  -------         PROC          GET_QUEUE_TOTAL_DATA
  C:2A21H         LINE#         216
  C:2A21H         LINE#         217
  C:2A21H         LINE#         218
  C:2A27H         LINE#         219
  C:2A27H         LINE#         220
  C:2A2AH         LINE#         221
  C:2A2AH         LINE#         222
  C:2A2EH         LINE#         223
  -------         ENDPROC       GET_QUEUE_TOTAL_DATA
  -------         PROC          QUEUE_READ_BYTE
  -------         DO            
  D:0007H         SYMBOL        value
  -------         ENDDO         
BL51 BANKED LINKER/LOCATER V6.22                                                      01/25/2021  17:18:32  PAGE 47


  C:25ECH         LINE#         233
  C:25ECH         LINE#         234
  C:25ECH         LINE#         235
  C:25EEH         LINE#         237
  C:25F9H         LINE#         238
  C:25F9H         LINE#         240
  C:2606H         LINE#         241
  C:2606H         LINE#         243
  C:2613H         LINE#         244
  C:2613H         LINE#         245
  C:2620H         LINE#         246
  C:2628H         LINE#         247
  C:2628H         LINE#         248
  C:2628H         LINE#         249
  -------         ENDPROC       QUEUE_READ_BYTE
  -------         PROC          _ZIGBEE_TIME_CONVERT
  D:0026H         SYMBOL        time
  D:002AH         SYMBOL        convert_time
  -------         DO            
  D:002CH         SYMBOL        days
  D:0038H         SYMBOL        pass4_year
  D:003AH         SYMBOL        hours_per_year
  -------         ENDDO         
  C:0CFDH         LINE#         258
  C:0D05H         LINE#         259
  C:0D05H         LINE#         260
  C:0D18H         LINE#         261
  C:0D21H         LINE#         263
  C:0D39H         LINE#         264
  C:0D39H         LINE#         265
  C:0D40H         LINE#         266
  C:0D40H         LINE#         268
  C:0D63H         LINE#         269
  C:0D7CH         LINE#         270
  C:0D92H         LINE#         271
  C:0DABH         LINE#         273
  C:0DB9H         LINE#         274
  C:0DD4H         LINE#         276
  C:0DF6H         LINE#         278
  C:0DF6H         LINE#         279
  C:0DF6H         LINE#         280
  C:0DFCH         LINE#         281
  C:0E08H         LINE#         282
  C:0E08H         LINE#         283
  C:0E13H         LINE#         284
  C:0E13H         LINE#         286
  C:0E28H         LINE#         287
  C:0E28H         LINE#         288
  C:0E28H         LINE#         289
  C:0E28H         LINE#         291
  C:0E35H         LINE#         292
  C:0E57H         LINE#         293
  C:0E59H         LINE#         295
  C:0E77H         LINE#         296
  C:0E90H         LINE#         297
  C:0EA4H         LINE#         298
  C:0EB0H         LINE#         299
BL51 BANKED LINKER/LOCATER V6.22                                                      01/25/2021  17:18:32  PAGE 48


  C:0EB0H         LINE#         300
  C:0EC3H         LINE#         301
  C:0EC3H         LINE#         302
  C:0EDEH         LINE#         303
  C:0EE0H         LINE#         305
  C:0EE0H         LINE#         306
  C:0EF4H         LINE#         307
  C:0EF4H         LINE#         308
  C:0EFEH         LINE#         309
  C:0F09H         LINE#         310
  C:0F0BH         LINE#         311
  C:0F0BH         LINE#         312
  C:0F0BH         LINE#         313
  C:0F0BH         LINE#         316
  C:0F37H         LINE#         317
  C:0F37H         LINE#         318
  C:0F63H         LINE#         319
  C:0F70H         LINE#         320
  C:0F7BH         LINE#         321
  C:0F87H         LINE#         322
  C:0F8DH         LINE#         323
  -------         ENDPROC       _ZIGBEE_TIME_CONVERT
  -------         PROC          PRODUCT_INFO_CMD_HANDLE
  -------         DO            
  D:0019H         SYMBOL        length
  -------         ENDDO         
  C:1EFEH         LINE#         425
  C:1EFEH         LINE#         426
  C:1EFEH         LINE#         427
  C:1F01H         LINE#         429
  C:1F17H         LINE#         430
  C:1F2DH         LINE#         431
  C:1F49H         LINE#         432
  C:1F65H         LINE#         433
  C:1F81H         LINE#         435
  -------         ENDPROC       PRODUCT_INFO_CMD_HANDLE
  -------         PROC          _ZIGBEE_STATE_CMD_HANDLE
  D:0007H         SYMBOL        current_state
  -------         DO            
  D:0019H         SYMBOL        temp
  -------         ENDDO         
  C:2A3AH         LINE#         444
  C:2A3AH         LINE#         445
  C:2A3AH         LINE#         446
  C:2A3CH         LINE#         447
  -------         ENDPROC       _ZIGBEE_STATE_CMD_HANDLE
  -------         PROC          ZIGBEE_CFG_CMD_HANDLE
  C:2A91H         LINE#         456
  C:2A91H         LINE#         457
  C:2A91H         LINE#         459
  -------         ENDPROC       ZIGBEE_CFG_CMD_HANDLE
  -------         PROC          _ZIGBEE_DATA_POINT_HANDLE
  D:0019H         SYMBOL        value
  -------         DO            
  D:001CH         SYMBOL        dp_id
  D:0007H         SYMBOL        index
  D:001DH         SYMBOL        dp_type
BL51 BANKED LINKER/LOCATER V6.22                                                      01/25/2021  17:18:32  PAGE 49


  D:0007H         SYMBOL        ret
  D:001EH         SYMBOL        dp_len
  -------         ENDDO         
  C:22B9H         LINE#         467
  C:22BFH         LINE#         468
  C:22BFH         LINE#         474
  C:22C4H         LINE#         475
  C:22CCH         LINE#         476
  C:22D7H         LINE#         477
  C:22E6H         LINE#         480
  C:22EBH         LINE#         482
  C:22FAH         LINE#         483
  C:22FAH         LINE#         485
  C:22FDH         LINE#         486
  C:22FDH         LINE#         488
  C:22FDH         LINE#         489
  C:2313H         LINE#         490
  C:2313H         LINE#         492
  C:2313H         LINE#         493
  -------         ENDPROC       _ZIGBEE_DATA_POINT_HANDLE
  -------         PROC          _ZIGBEE_DATA_RSP_HANDLE
  D:0007H         SYMBOL        rsp_status
  -------         DO            
  D:0019H         SYMBOL        temp
  -------         ENDDO         
  C:2A8EH         LINE#         501
  C:2A8EH         LINE#         502
  C:2A8EH         LINE#         505
  C:2A90H         LINE#         506
  -------         ENDPROC       _ZIGBEE_DATA_RSP_HANDLE
  -------         PROC          _ZIGBEE_TIME_GET_HANDLE
  D:0001H         SYMBOL        data0
  D:0019H         SYMBOL        data_len
  -------         DO            
  D:001AH         SYMBOL        time1
  D:001EH         SYMBOL        time2
  X:00F1H         SYMBOL        localTime
  X:00F9H         SYMBOL        utcTime
  D:0022H         SYMBOL        i
  D:0023H         SYMBOL        ptr
  -------         ENDDO         
  C:166DH         LINE#         643
  C:166FH         LINE#         644
  C:166FH         LINE#         645
  C:1680H         LINE#         647
  C:1682H         LINE#         648
  C:1688H         LINE#         650
  C:1692H         LINE#         651
  C:1692H         LINE#         653
  C:1692H         LINE#         655
  C:16A3H         LINE#         656
  C:16B4H         LINE#         658
  C:16B7H         LINE#         659
  C:16B7H         LINE#         660
  C:16D8H         LINE#         661
  C:16E6H         LINE#         662
  C:16EDH         LINE#         663
BL51 BANKED LINKER/LOCATER V6.22                                                      01/25/2021  17:18:32  PAGE 50


  C:170EH         LINE#         665
  C:1711H         LINE#         666
  C:1711H         LINE#         667
  C:1732H         LINE#         668
  C:1740H         LINE#         669
  C:1747H         LINE#         670
  C:1768H         LINE#         672
  C:1779H         LINE#         673
  C:178AH         LINE#         675
  C:1793H         LINE#         676
  C:179CH         LINE#         677
  -------         ENDPROC       _ZIGBEE_TIME_GET_HANDLE
  -------         PROC          _SET_ZIGBEE_STATE
  D:0007H         SYMBOL        state
  C:29A0H         LINE#         685
  C:29A0H         LINE#         686
  C:29A0H         LINE#         687
  C:29A5H         LINE#         688
  C:29A7H         LINE#         689
  C:29A7H         LINE#         690
  C:29A7H         LINE#         691
  C:29AEH         LINE#         692
  C:29AEH         LINE#         693
  C:29B1H         LINE#         694
  C:29B4H         LINE#         695
  C:29B4H         LINE#         696
  -------         ENDPROC       _SET_ZIGBEE_STATE
  -------         PROC          _DATA_HANDLE
  D:0011H         SYMBOL        offset
  -------         DO            
  D:0005H         SYMBOL        cmd_type
  D:0013H         SYMBOL        total_len
  D:0006H         SYMBOL        seq_num
  -------         DO            
  D:0015H         SYMBOL        current_state
  D:0015H         SYMBOL        current_state
  D:0015H         SYMBOL        i
  D:0016H         SYMBOL        ret
  D:0017H         SYMBOL        dp_len
  D:0015H         SYMBOL        rsp_status
  -------         ENDDO         
  -------         DO            
  D:0015H         SYMBOL        current_state
  D:0015H         SYMBOL        i
  D:0016H         SYMBOL        ret
  D:0017H         SYMBOL        dp_len
  D:0015H         SYMBOL        rsp_status
  -------         ENDDO         
  -------         DO            
  D:0015H         SYMBOL        i
  D:0016H         SYMBOL        ret
  D:0017H         SYMBOL        dp_len
  D:0015H         SYMBOL        rsp_status
  -------         ENDDO         
  -------         DO            
  D:0015H         SYMBOL        rsp_status
  -------         ENDDO         
BL51 BANKED LINKER/LOCATER V6.22                                                      01/25/2021  17:18:32  PAGE 51


  -------         ENDDO         
  C:151CH         LINE#         716
  C:1520H         LINE#         717
  C:1520H         LINE#         718
  C:1521H         LINE#         719
  C:1525H         LINE#         721
  C:1533H         LINE#         722
  C:1545H         LINE#         723
  C:155BH         LINE#         725
  C:156BH         LINE#         726
  C:157DH         LINE#         727
  C:1580H         LINE#         729
  C:15A6H         LINE#         730
  C:15A6H         LINE#         731
  C:15A6H         LINE#         732
  C:15A6H         LINE#         733
  C:15B5H         LINE#         734
  C:15B9H         LINE#         735
  C:15B9H         LINE#         736
  C:15B9H         LINE#         737
  C:15B9H         LINE#         739
  C:15BCH         LINE#         740
  C:15BCH         LINE#         741
  C:15BCH         LINE#         743
  C:15BFH         LINE#         744
  C:15BFH         LINE#         745
  C:15BFH         LINE#         746
  C:15C2H         LINE#         747
  C:15C2H         LINE#         749
  C:15C2H         LINE#         750
  C:15C2H         LINE#         751
  C:15D1H         LINE#         752
  C:15D5H         LINE#         753
  C:15DAH         LINE#         754
  C:15DAH         LINE#         755
  C:15DAH         LINE#         757
  C:15DAH         LINE#         758
  C:15DDH         LINE#         759
  C:15DDH         LINE#         761
  C:15DDH         LINE#         762
  C:15DDH         LINE#         763
  C:15E0H         LINE#         764
  C:15E4H         LINE#         766
  C:15F3H         LINE#         767
  C:15F3H         LINE#         768
  C:160BH         LINE#         769
  C:161FH         LINE#         771
  C:1636H         LINE#         773
  C:163BH         LINE#         774
  C:163BH         LINE#         776
  C:163EH         LINE#         777
  C:163EH         LINE#         779
  C:163EH         LINE#         781
  C:163EH         LINE#         782
  C:1646H         LINE#         783
  C:1648H         LINE#         784
  C:1648H         LINE#         785
BL51 BANKED LINKER/LOCATER V6.22                                                      01/25/2021  17:18:32  PAGE 52


  C:1648H         LINE#         787
  C:1648H         LINE#         788
  C:1648H         LINE#         789
  C:1648H         LINE#         790
  C:1657H         LINE#         791
  C:165BH         LINE#         792
  C:165BH         LINE#         793
  C:165BH         LINE#         808
  C:165BH         LINE#         809
  C:165BH         LINE#         813
  C:165BH         LINE#         814
  C:165BH         LINE#         910
  C:165BH         LINE#         911
  C:166CH         LINE#         912
  C:166CH         LINE#         914
  C:166CH         LINE#         915
  C:166CH         LINE#         916
  C:166CH         LINE#         917
  -------         ENDPROC       _DATA_HANDLE
  -------         ENDMOD        SYSTEM

  -------         MODULE        ?C?FPADD
  C:06EBH         PUBLIC        ?C?FPADD
  C:06E7H         PUBLIC        ?C?FPSUB
  -------         ENDMOD        ?C?FPADD

  -------         MODULE        ?C?FPDIV
  C:07DFH         PUBLIC        ?C?FPDIV
  -------         ENDMOD        ?C?FPDIV

  -------         MODULE        ?C?FCAST
  C:0886H         PUBLIC        ?C?FCASTC
  C:0881H         PUBLIC        ?C?FCASTI
  C:087CH         PUBLIC        ?C?FCASTL
  -------         ENDMOD        ?C?FCAST

  -------         MODULE        ?C?CASTF
  C:08BAH         PUBLIC        ?C?CASTF
  -------         ENDMOD        ?C?CASTF

  -------         MODULE        ?C?COPY
  C:0A0BH         PUBLIC        ?C?COPY
  -------         ENDMOD        ?C?COPY

  -------         MODULE        ?C?CLDPTR
  C:0A31H         PUBLIC        ?C?CLDPTR
  -------         ENDMOD        ?C?CLDPTR

  -------         MODULE        ?C?CLDOPTR
  C:0A4AH         PUBLIC        ?C?CLDOPTR
  -------         ENDMOD        ?C?CLDOPTR

  -------         MODULE        ?C?CSTPTR
  C:0A77H         PUBLIC        ?C?CSTPTR
  -------         ENDMOD        ?C?CSTPTR

  -------         MODULE        ?C?CSTOPTR
BL51 BANKED LINKER/LOCATER V6.22                                                      01/25/2021  17:18:32  PAGE 53


  C:0A89H         PUBLIC        ?C?CSTOPTR
  -------         ENDMOD        ?C?CSTOPTR

  -------         MODULE        ?C?IMUL
  C:0AABH         PUBLIC        ?C?IMUL
  -------         ENDMOD        ?C?IMUL

  -------         MODULE        ?C?IILDX
  C:0ABDH         PUBLIC        ?C?IILDX
  -------         ENDMOD        ?C?IILDX

  -------         MODULE        ?C?LADD
  C:0AD3H         PUBLIC        ?C?LADD
  -------         ENDMOD        ?C?LADD

  -------         MODULE        ?C?LSUB
  C:0AE0H         PUBLIC        ?C?LSUB
  -------         ENDMOD        ?C?LSUB

  -------         MODULE        ?C?LMUL
  C:0AEEH         PUBLIC        ?C?LMUL
  -------         ENDMOD        ?C?LMUL

  -------         MODULE        ?C?ULDIV
  C:0B79H         PUBLIC        ?C?ULDIV
  -------         ENDMOD        ?C?ULDIV

  -------         MODULE        ?C?LNEG
  C:0C0BH         PUBLIC        ?C?LNEG
  -------         ENDMOD        ?C?LNEG

  -------         MODULE        ?C?SLCMP
  C:0C19H         PUBLIC        ?C?SLCMP
  -------         ENDMOD        ?C?SLCMP

  -------         MODULE        ?C?ULCMP
  C:0C2FH         PUBLIC        ?C?ULCMP
  -------         ENDMOD        ?C?ULCMP

  -------         MODULE        ?C?ULSHR
  C:0C40H         PUBLIC        ?C?ULSHR
  -------         ENDMOD        ?C?ULSHR

  -------         MODULE        ?C?LSHL
  C:0C53H         PUBLIC        ?C?LSHL
  -------         ENDMOD        ?C?LSHL

  -------         MODULE        ?C?LLDXDATA
  C:0C66H         PUBLIC        ?C?LLDXDATA
  -------         ENDMOD        ?C?LLDXDATA

  -------         MODULE        ?C?LLDXDATA0
  C:0C72H         PUBLIC        ?C?LLDXDATA0
  -------         ENDMOD        ?C?LLDXDATA0

  -------         MODULE        ?C?LSTXDATA
  C:0C7EH         PUBLIC        ?C?LSTXDATA
BL51 BANKED LINKER/LOCATER V6.22                                                      01/25/2021  17:18:32  PAGE 54


  -------         ENDMOD        ?C?LSTXDATA

  -------         MODULE        ?C?LSTKXDATA
  C:0C8AH         PUBLIC        ?C?LSTKXDATA
  -------         ENDMOD        ?C?LSTKXDATA

  -------         MODULE        ?C?OFFXADD
  C:0CBBH         PUBLIC        ?C?OFFXADD
  -------         ENDMOD        ?C?OFFXADD

  -------         MODULE        ?C?PLDIIDATA
  C:0CC7H         PUBLIC        ?C?PLDIIDATA
  -------         ENDMOD        ?C?PLDIIDATA

  -------         MODULE        ?C?CCASE
  C:0CD7H         PUBLIC        ?C?CCASE
  -------         ENDMOD        ?C?CCASE

Program Size: data=81.0 xdata=316 code=10898
LINK/LOCATE RUN COMPLETE.  0 WARNING(S),  0 ERROR(S)
