BL51 BANKED LINKER/LOCATER V6.22                                                        01/29/2021  13:55:02  PAGE 1


BL51 BANKED LINKER/LOCATER V6.22, INVOKED BY:
D:\CCCC2020\TOOL\KEIL\C51\BIN\BL51.EXE .\Objects\STARTUP.obj, .\Objects\HC-MCU-XBR.obj, .\Objects\mcu_api.obj, .\Objects
>> \protocol.obj, .\Objects\system.obj TO .\Objects\HC-MCU-XBR REGFILE (.\Objects\HC-MCU-XBR.ORC) PRINT (.\Listings\HC-M
>> CU-XBR.m51) RAMSIZE (256) CODE (0X0000-0X2E80) XDATA (0X0000-0X07FF)


MEMORY MODEL: SMALL WITH FLOATING POINT ARITHMETIC


INPUT MODULES INCLUDED:
  .\Objects\STARTUP.obj (?C_STARTUP)
  .\Objects\HC-MCU-XBR.obj (HC_MCU_XBR)
  .\Objects\mcu_api.obj (MCU_API)
  .\Objects\protocol.obj (PROTOCOL)
  .\Objects\system.obj (SYSTEM)
  D:\CCCC2020\TOOL\KEIL\C51\LIB\C51FPS.LIB (?C?FPADD)
  D:\CCCC2020\TOOL\KEIL\C51\LIB\C51FPS.LIB (?C?FPDIV)
  D:\CCCC2020\TOOL\KEIL\C51\LIB\C51FPS.LIB (?C?FCAST)
  D:\CCCC2020\TOOL\KEIL\C51\LIB\C51FPS.LIB (?C?CASTF)
  D:\CCCC2020\TOOL\KEIL\C51\LIB\C51FPS.LIB (?C?FPGETOPN)
  D:\CCCC2020\TOOL\KEIL\C51\LIB\C51S.LIB (?C_INIT)
  D:\CCCC2020\TOOL\KEIL\C51\LIB\C51S.LIB (?C?COPY)
  D:\CCCC2020\TOOL\KEIL\C51\LIB\C51S.LIB (?C?CLDPTR)
  D:\CCCC2020\TOOL\KEIL\C51\LIB\C51S.LIB (?C?CLDOPTR)
  D:\CCCC2020\TOOL\KEIL\C51\LIB\C51S.LIB (?C?CSTPTR)
  D:\CCCC2020\TOOL\KEIL\C51\LIB\C51S.LIB (?C?CSTOPTR)
  D:\CCCC2020\TOOL\KEIL\C51\LIB\C51S.LIB (?C?IMUL)
  D:\CCCC2020\TOOL\KEIL\C51\LIB\C51S.LIB (?C?IILDX)
  D:\CCCC2020\TOOL\KEIL\C51\LIB\C51S.LIB (?C?LADD)
  D:\CCCC2020\TOOL\KEIL\C51\LIB\C51S.LIB (?C?LSUB)
  D:\CCCC2020\TOOL\KEIL\C51\LIB\C51S.LIB (?C?LMUL)
  D:\CCCC2020\TOOL\KEIL\C51\LIB\C51S.LIB (?C?ULDIV)
  D:\CCCC2020\TOOL\KEIL\C51\LIB\C51S.LIB (?C?LNEG)
  D:\CCCC2020\TOOL\KEIL\C51\LIB\C51S.LIB (?C?SLCMP)
  D:\CCCC2020\TOOL\KEIL\C51\LIB\C51S.LIB (?C?ULCMP)
  D:\CCCC2020\TOOL\KEIL\C51\LIB\C51S.LIB (?C?ULSHR)
  D:\CCCC2020\TOOL\KEIL\C51\LIB\C51S.LIB (?C?LSHL)
  D:\CCCC2020\TOOL\KEIL\C51\LIB\C51S.LIB (?C?LLDXDATA)
  D:\CCCC2020\TOOL\KEIL\C51\LIB\C51S.LIB (?C?LLDXDATA0)
  D:\CCCC2020\TOOL\KEIL\C51\LIB\C51S.LIB (?C?LSTXDATA)
  D:\CCCC2020\TOOL\KEIL\C51\LIB\C51S.LIB (?C?LSTKXDATA)
  D:\CCCC2020\TOOL\KEIL\C51\LIB\C51S.LIB (?C?OFFXADD)
  D:\CCCC2020\TOOL\KEIL\C51\LIB\C51S.LIB (?C?PLDIIDATA)
  D:\CCCC2020\TOOL\KEIL\C51\LIB\C51S.LIB (?C?CCASE)


LINK MAP OF MODULE:  .\Objects\HC-MCU-XBR (?C_STARTUP)


            TYPE    BASE      LENGTH    RELOCATION   SEGMENT NAME
            -----------------------------------------------------

            * * * * * * *   D A T A   M E M O R Y   * * * * * * *
            REG     0000H     0008H     ABSOLUTE     "REG BANK 0"
            DATA    0008H     0034H     UNIT         _DATA_GROUP_
            DATA    003CH     0008H     UNIT         ?DT?SYSTEM
            DATA    0044H     0007H     UNIT         ?DT?HC_MCU_XBR
            DATA    004BH     0002H     UNIT         ?DT?MCU_API
BL51 BANKED LINKER/LOCATER V6.22                                                      01/29/2021  13:55:02  PAGE 2


            IDATA   004DH     0004H     UNIT         ?ID?HC_MCU_XBR
            IDATA   0051H     0001H     UNIT         ?STACK

            * * * * * * *  X D A T A   M E M O R Y  * * * * * * *
            XDATA   0000H     0068H     UNIT         ?XD?HC_MCU_XBR
            XDATA   0068H     0066H     UNIT         ?XD?SYSTEM
            XDATA   00CEH     0025H     UNIT         ?XD?PROTOCOL
            XDATA   00F3H     0010H     UNIT         _XDATA_GROUP_
                    0103H     FD7DH                  *** GAP ***
            XDATA   FE80H     0001H     ABSOLUTE     
                    FE81H     0004H                  *** GAP ***
            XDATA   FE85H     0001H     ABSOLUTE     
                    FE86H     0002H                  *** GAP ***
            XDATA   FE88H     0001H     ABSOLUTE     
            XDATA   FE89H     0001H     ABSOLUTE     
            XDATA   FE8AH     0001H     ABSOLUTE     
                    FE8BH     0006H                  *** GAP ***
            XDATA   FE91H     0001H     ABSOLUTE     
            XDATA   FE92H     0001H     ABSOLUTE     
            XDATA   FE93H     0001H     ABSOLUTE     
            XDATA   FE94H     0001H     ABSOLUTE     
            XDATA   FE95H     0001H     ABSOLUTE     
                    FE96H     0002H                  *** GAP ***
            XDATA   FE98H     0001H     ABSOLUTE     
                    FE99H     0002H                  *** GAP ***
            XDATA   FE9BH     0001H     ABSOLUTE     
                    FE9CH     0004H                  *** GAP ***
            XDATA   FEA0H     0001H     ABSOLUTE     
                    FEA1H     0001H                  *** GAP ***
            XDATA   FEA2H     0001H     ABSOLUTE     
                    FEA3H     0001H                  *** GAP ***
            XDATA   FEA4H     0001H     ABSOLUTE     
            XDATA   FEA5H     0001H     ABSOLUTE     
                    FEA6H     0001H                  *** GAP ***
            XDATA   FEA7H     0001H     ABSOLUTE     
                    FEA8H     0002H                  *** GAP ***
            XDATA   FEAAH     0001H     ABSOLUTE     
                    FEABH     0005H                  *** GAP ***
            XDATA   FEB0H     0001H     ABSOLUTE     
            XDATA   FEB1H     0001H     ABSOLUTE     
            XDATA   FEB2H     0001H     ABSOLUTE     
            XDATA   FEB3H     0001H     ABSOLUTE     
                    FEB4H     0004H                  *** GAP ***
            XDATA   FEB8H     0001H     ABSOLUTE     
            XDATA   FEB9H     0001H     ABSOLUTE     
                    FEBAH     0002H                  *** GAP ***
            XDATA   FEBCH     0001H     ABSOLUTE     
                    FEBDH     0043H                  *** GAP ***
            XDATA   FF00H     0001H     ABSOLUTE     
            XDATA   FF01H     0001H     ABSOLUTE     
            XDATA   FF02H     0001H     ABSOLUTE     
            XDATA   FF03H     0001H     ABSOLUTE     
                    FF04H     0001H                  *** GAP ***
            XDATA   FF05H     0001H     ABSOLUTE     
                    FF06H     0002H                  *** GAP ***
            XDATA   FF08H     0001H     ABSOLUTE     
                    FF09H     0007H                  *** GAP ***
BL51 BANKED LINKER/LOCATER V6.22                                                      01/29/2021  13:55:02  PAGE 3


            XDATA   FF10H     0001H     ABSOLUTE     
            XDATA   FF11H     0001H     ABSOLUTE     
            XDATA   FF12H     0001H     ABSOLUTE     
            XDATA   FF13H     0001H     ABSOLUTE     
                    FF14H     002CH                  *** GAP ***
            XDATA   FF40H     0001H     ABSOLUTE     
            XDATA   FF41H     0001H     ABSOLUTE     
            XDATA   FF42H     0001H     ABSOLUTE     
                    FF43H     003DH                  *** GAP ***
            XDATA   FF80H     0001H     ABSOLUTE     
            XDATA   FF81H     0001H     ABSOLUTE     
                    FF82H     0001H                  *** GAP ***
            XDATA   FF83H     0001H     ABSOLUTE     
            XDATA   FF84H     0001H     ABSOLUTE     
            XDATA   FF85H     0001H     ABSOLUTE     
                    FF86H     0009H                  *** GAP ***
            XDATA   FF8FH     0001H     ABSOLUTE     
            XDATA   FF90H     0001H     ABSOLUTE     
            XDATA   FF91H     0001H     ABSOLUTE     
                    FF92H     0002H                  *** GAP ***
            XDATA   FF94H     0001H     ABSOLUTE     
            XDATA   FF95H     0001H     ABSOLUTE     
                    FF96H     0002H                  *** GAP ***
            XDATA   FF98H     0001H     ABSOLUTE     
            XDATA   FF99H     0001H     ABSOLUTE     
                    FF9AH     0002H                  *** GAP ***
            XDATA   FF9CH     0001H     ABSOLUTE     
                    FF9DH     0003H                  *** GAP ***
            XDATA   FFA0H     0001H     ABSOLUTE     
            XDATA   FFA1H     0001H     ABSOLUTE     
                    FFA2H     0002H                  *** GAP ***
            XDATA   FFA4H     0001H     ABSOLUTE     
            XDATA   FFA5H     0001H     ABSOLUTE     
            XDATA   FFA6H     0001H     ABSOLUTE     
            XDATA   FFA7H     0001H     ABSOLUTE     
            XDATA   FFA8H     0001H     ABSOLUTE     
            XDATA   FFA9H     0001H     ABSOLUTE     

            * * * * * * *   C O D E   M E M O R Y   * * * * * * *
            CODE    0000H     0003H     ABSOLUTE     
            CODE    0003H     0017H     UNIT         ?PR?INITSYS?HC_MCU_XBR
            CODE    001AH     0001H     UNIT         ?PR?TUYA_RETRY_OTA?PROTOCOL
            CODE    001BH     0003H     ABSOLUTE     
            CODE    001EH     0003H     UNIT         ?PR?_UART_TRANSMIT_OUTPUT?PROTOCOL
            CODE    0021H     0001H     UNIT         ?PR?RESET_DEFAULT_PARAMETER?PROTOCOL
            CODE    0022H     0001H     UNIT         ?PR?ZIGBEE_CFG_CMD_HANDLE?SYSTEM
            CODE    0023H     0003H     ABSOLUTE     
            CODE    0026H     0619H     UNIT         ?C?LIB_CODE
            CODE    063FH     04DBH     UNIT         ?PR?XBRHANDLE?HC_MCU_XBR
            CODE    0B1AH     01F7H     UNIT         ?PR?MAIN?HC_MCU_XBR
            CODE    0D11H     01A6H     UNIT         ?PR?_ZIGBEE_TIME_CONVERT?SYSTEM
            CODE    0EB7H     0196H     UNIT         ?PR?ZIGBEE_UART_SERVICE?MCU_API
            CODE    104DH     0171H     UNIT         ?PR?SET_VAR?HC_MCU_XBR
            CODE    11BEH     0137H     UNIT         ?PR?_DATA_HANDLE?SYSTEM
            CODE    12F5H     0136H     UNIT         ?PR?HC_MCU_XBR
            CODE    142BH     0124H     UNIT         ?C_INITSEG
            CODE    154FH     00D4H     UNIT         ?PR?SYSTEM
BL51 BANKED LINKER/LOCATER V6.22                                                      01/29/2021  13:55:02  PAGE 4


            CODE    1623H     00C5H     UNIT         ?PR?_MY_MEMCPY?MCU_API
            CODE    16E8H     00C4H     UNIT         ?PR?_DP_DOWNLOAD_HANDLE?PROTOCOL
            CODE    17ACH     00C3H     UNIT         ?PR?_ZIGBEE_TIME_GET_HANDLE?SYSTEM
            CODE    186FH     00BEH     UNIT         ?PR?ALL_DATA_UPDATE?PROTOCOL
            CODE    192DH     00BBH     UNIT         ?PR?TIMER1_RPT?HC_MCU_XBR
            CODE    19E8H     009BH     UNIT         ?PR?CMD0?SYSTEM
            CODE    1A83H     0099H     UNIT         ?PR?SAVEVAR?HC_MCU_XBR
            CODE    1B1CH     008CH     UNIT         ?C_C51STARTUP
            CODE    1BA8H     0088H     UNIT         ?PR?PRODUCT_INFO_CMD_HANDLE?SYSTEM
            CODE    1C30H     0078H     UNIT         ?PR?MCU_API
            CODE    1CA8H     0077H     UNIT         ?PR?_ZIGBEE_UART_WRITE_FRAME?SYSTEM
            CODE    1D1FH     0076H     UNIT         ?PR?_DP_DOWNLOAD_CDS_HANDLE?PROTOCOL
            CODE    1D95H     0074H     UNIT         ?PR?_PWM3INIT?HC_MCU_XBR
            CODE    1E09H     0074H     UNIT         ?PR?_DP_DOWNLOAD_SENSE_STRESS_HANDLE?PROTOCOL
            CODE    1E7DH     006FH     UNIT         ?PR?_MCU_DP_VALUE_UPDATE?MCU_API
            CODE    1EECH     005EH     UNIT         ?PR?WAIT1?HC_MCU_XBR
            CODE    1F4AH     005BH     UNIT         ?PR?WAIT2?HC_MCU_XBR
            CODE    1FA5H     0050H     UNIT         ?PR?_ZIGBEE_DATA_POINT_HANDLE?SYSTEM
            CODE    1FF5H     004BH     UNIT         ?PR?_BYTE_TO_INT?MCU_API
            CODE    2040H     004AH     UNIT         ?PR?_ZIGBEE_OTA_END_REQ_SEND?SYSTEM
            CODE    208AH     0048H     UNIT         ?PR?_DP_DOWNLOAD_PIR_DELAY_HANDLE?PROTOCOL
            CODE    20D2H     0046H     UNIT         ?PR?_DP_DOWNLOAD_FACTORY_OP_HANDLE?PROTOCOL
            CODE    2118H     0043H     UNIT         ?PR?_MY_STRLEN?MCU_API
            CODE    215BH     0043H     UNIT         ?PR?GET_CURRENT_MCU_FW_VER?SYSTEM
            CODE    219EH     0040H     UNIT         ?PR?_DP_DOWNLOAD_BRIGHT_VALUE_HANDLE?PROTOCOL
            CODE    21DEH     003FH     UNIT         ?PR?_DP_DOWNLOAD_SWITCH_LED2_HANDLE?PROTOCOL
            CODE    221DH     003EH     UNIT         ?PR?_DP_DOWNLOAD_STANDBY_TIME_HANDLE?PROTOCOL
            CODE    225BH     003DH     UNIT         ?PR?_READ_AD?HC_MCU_XBR
            CODE    2298H     003BH     UNIT         ?PR?UART1_RPT?HC_MCU_XBR
            CODE    22D3H     0038H     UNIT         ?PR?_MCU_DP_BOOL_UPDATE?MCU_API
            CODE    230BH     0036H     UNIT         ?PR?PROTOCOL
            CODE    2341H     0036H     UNIT         ?PR?QUEUE_READ_BYTE?SYSTEM
            CODE    2377H     0034H     UNIT         ?PR?_MY_MEMSET?MCU_API
            CODE    23ABH     0034H     UNIT         ?PR?_ZIGBEE_UART_WRITE_DATA?SYSTEM
            CODE    23DFH     0032H     UNIT         ?PR?_FLASH_READARR?HC_MCU_XBR
            CODE    2411H     0032H     UNIT         ?PR?_UART_RECEIVE_INPUT?MCU_API
            CODE    2443H     0032H     UNIT         ?PR?_DP_DOWNLOAD_SWITCH_XBR_HANDLE?PROTOCOL
            CODE    2475H     0031H     UNIT         ?PR?UART1_INIT?HC_MCU_XBR
            CODE    24A6H     0031H     UNIT         ?PR?_SET_ZIGBEE_UART_BUFFER?SYSTEM
            CODE    24D7H     0030H     UNIT         ?PR?_MCU_DP_ENUM_UPDATE?MCU_API
            CODE    2507H     002DH     UNIT         ?CO?SYSTEM
            CODE    2534H     002CH     UNIT         ?PR?_DP_DOWNLOAD_SWITCH_LINKAGE_HANDLE?PROTOCOL
            CODE    2560H     0029H     UNIT         ?PR?_SET_ZIGBEE_STATE?SYSTEM
            CODE    2589H     0028H     UNIT         ?PR?_DELAY_MS?HC_MCU_XBR
            CODE    25B1H     0027H     UNIT         ?PR?_FLASH_WRITEDATA?HC_MCU_XBR
            CODE    25D8H     0026H     UNIT         ?PR?_GET_CHECK_SUM?SYSTEM
            CODE    25FEH     0025H     UNIT         ?PR?_FLASH_ERASEBLOCK?HC_MCU_XBR
            CODE    2623H     0024H     UNIT         ?PR?_DP_DOWNLOAD_ALL_DAY_MICRO_LIGHT_HANDLE?PROTOCOL
            CODE    2647H     0020H     UNIT         ?PR?_GET_DOWMLOAD_DPID_INDEX?SYSTEM
            CODE    2667H     001EH     UNIT         ?PR?TIMER_INIT?HC_MCU_XBR
            CODE    2685H     001EH     UNIT         ?PR?ZIGBEE_OTA_VER_REQ_HANDLE?SYSTEM
            CODE    26A3H     001CH     UNIT         ?PR?GPIO_INIT?HC_MCU_XBR
            CODE    26BFH     001BH     UNIT         ?PR?_DELAY_US?HC_MCU_XBR
            CODE    26DAH     001BH     UNIT         ?PR?_DP_DOWNLOAD_CLEAR_TRIGGER_NUMBER_HANDLE?PROTOCOL
            CODE    26F5H     0017H     UNIT         ?PR?ADC_INIT?HC_MCU_XBR
            CODE    270CH     0016H     UNIT         ?PR?_ASSIC_TO_HEX?SYSTEM
            CODE    2722H     0015H     UNIT         ?PR?_DP_DOWNLOAD_SWITCH_LED_HANDLE?PROTOCOL
BL51 BANKED LINKER/LOCATER V6.22                                                      01/29/2021  13:55:02  PAGE 5


            CODE    2737H     0014H     UNIT         ?PR?_SET_ZIGBEE_UART_BYTE?SYSTEM
            CODE    274BH     0013H     UNIT         ?PR?_DP_DOWNLOAD_OTA_RESULT_HANDLE?PROTOCOL
            CODE    275EH     0013H     UNIT         ?PR?GO_BOOTLOADER_OTA?PROTOCOL
            CODE    2771H     0012H     UNIT         ?PR?MCU_NETWORK_START?MCU_API
            CODE    2783H     0012H     UNIT         ?PR?ZIGBEE_PROTOCOL_INIT?MCU_API
            CODE    2795H     0011H     UNIT         ?PR?MCU_RESET_ZIGBEE?MCU_API
            CODE    27A6H     0011H     UNIT         ?PR?IAR_SOFT_RST_NO_OPTION?PROTOCOL
            CODE    27B7H     0011H     UNIT         ?PR?IAR_SOFT_RST_OPTION?PROTOCOL
            CODE    27C8H     000EH     UNIT         ?PR?GET_QUEUE_TOTAL_DATA?SYSTEM
            CODE    27D6H     000BH     UNIT         ?PR?_SEND_DATA?HC_MCU_XBR
            CODE    27E1H     000AH     UNIT         ?PR?_ZIGBEE_STATE_CMD_HANDLE?SYSTEM
            CODE    27EBH     0009H     UNIT         ?PR?_MCU_GET_DP_DOWNLOAD_BOOL?MCU_API
            CODE    27F4H     0009H     UNIT         ?PR?_MCU_GET_DP_DOWNLOAD_ENUM?MCU_API
            CODE    27FDH     0009H     UNIT         ?PR?_SEQ_NUM_SET?SYSTEM
            CODE    2806H     0009H     UNIT         ?PR?SEQ_NUM_GET?SYSTEM
            CODE    280FH     0008H     UNIT         ?PR?_MCU_GET_DP_DOWNLOAD_VALUE?MCU_API
            CODE    2817H     0008H     UNIT         ?PR?CMD1?SYSTEM
            CODE    281FH     0007H     UNIT         ?PR?_MCU_WRITE_RTCTIME?PROTOCOL
            CODE    2826H     0006H     UNIT         ?PR?RESET_BT_MODULE?PROTOCOL
            CODE    282CH     0003H     UNIT         ?PR?GET_DOWNLOAD_CMD_TOTAL?PROTOCOL
            CODE    282FH     0003H     UNIT         ?PR?SOFT_RESET_MCU?PROTOCOL
            CODE    2832H     0003H     UNIT         ?PR?TUYA_RE_CONFIG_NETWORK?PROTOCOL
            CODE    2835H     0003H     UNIT         ?PR?TUYA_RESET_MODULE?PROTOCOL
            CODE    2838H     0003H     UNIT         ?PR?_ZIGBEE_DATA_RSP_HANDLE?SYSTEM



OVERLAY MAP OF MODULE:   .\Objects\HC-MCU-XBR (?C_STARTUP)


SEGMENT                                            DATA_GROUP          XDATA_GROUP
  +--> CALLED SEGMENT                            START    LENGTH     START    LENGTH
------------------------------------------------------------------------------------
?C_C51STARTUP                                    -----    -----      -----    -----
  +--> ?PR?MAIN?HC_MCU_XBR
  +--> ?C_INITSEG

?PR?MAIN?HC_MCU_XBR                              0008H    0001H      -----    -----
  +--> ?PR?ZIGBEE_PROTOCOL_INIT?MCU_API
  +--> ?PR?INITSYS?HC_MCU_XBR
  +--> ?PR?GPIO_INIT?HC_MCU_XBR
  +--> ?PR?TIMER_INIT?HC_MCU_XBR
  +--> ?PR?UART1_INIT?HC_MCU_XBR
  +--> ?PR?ADC_INIT?HC_MCU_XBR
  +--> ?PR?_DELAY_MS?HC_MCU_XBR
  +--> ?PR?HC_MCU_XBR
  +--> ?PR?SET_VAR?HC_MCU_XBR
  +--> ?PR?_PWM3INIT?HC_MCU_XBR
  +--> ?PR?WAIT1?HC_MCU_XBR
  +--> ?PR?WAIT2?HC_MCU_XBR
  +--> ?PR?RESET_BT_MODULE?PROTOCOL
  +--> ?PR?GO_BOOTLOADER_OTA?PROTOCOL
  +--> ?PR?SAVEVAR?HC_MCU_XBR
  +--> ?PR?_MCU_DP_ENUM_UPDATE?MCU_API
  +--> ?PR?_MCU_DP_VALUE_UPDATE?MCU_API
  +--> ?PR?ZIGBEE_UART_SERVICE?MCU_API
  +--> ?PR?XBRHANDLE?HC_MCU_XBR
BL51 BANKED LINKER/LOCATER V6.22                                                      01/29/2021  13:55:02  PAGE 6



?PR?ZIGBEE_PROTOCOL_INIT?MCU_API                 -----    -----      -----    -----
  +--> ?PR?MCU_API

?PR?ADC_INIT?HC_MCU_XBR                          -----    -----      -----    -----
  +--> ?PR?_DELAY_US?HC_MCU_XBR

?PR?_DELAY_US?HC_MCU_XBR                         -----    -----      -----    -----
  +--> ?PR?_FLASH_WRITEDATA?HC_MCU_XBR

?PR?HC_MCU_XBR                                   -----    -----      -----    -----
  +--> ?PR?_DELAY_US?HC_MCU_XBR
  +--> ?PR?_READ_AD?HC_MCU_XBR
  +--> ?PR?_FLASH_ERASEBLOCK?HC_MCU_XBR

?PR?_READ_AD?HC_MCU_XBR                          -----    -----      -----    -----
  +--> ?PR?_DELAY_US?HC_MCU_XBR

?PR?SET_VAR?HC_MCU_XBR                           -----    -----      -----    -----
  +--> ?PR?_FLASH_READARR?HC_MCU_XBR
  +--> ?PR?HC_MCU_XBR
  +--> ?PR?_FLASH_ERASEBLOCK?HC_MCU_XBR
  +--> ?PR?_DELAY_US?HC_MCU_XBR
  +--> ?PR?_FLASH_WRITEDATA?HC_MCU_XBR
  +--> ?PR?RESET_BT_MODULE?PROTOCOL

?PR?_FLASH_READARR?HC_MCU_XBR                    0009H    0005H      -----    -----

?PR?RESET_BT_MODULE?PROTOCOL                     -----    -----      -----    -----
  +--> ?PR?MCU_NETWORK_START?MCU_API

?PR?MCU_NETWORK_START?MCU_API                    -----    -----      -----    -----
  +--> ?PR?_SET_ZIGBEE_UART_BYTE?SYSTEM
  +--> ?PR?_ZIGBEE_UART_WRITE_FRAME?SYSTEM

?PR?_ZIGBEE_UART_WRITE_FRAME?SYSTEM              002CH    0002H      -----    -----
  +--> ?PR?SEQ_NUM_GET?SYSTEM
  +--> ?PR?_SEQ_NUM_SET?SYSTEM
  +--> ?PR?_GET_CHECK_SUM?SYSTEM
  +--> ?PR?_ZIGBEE_UART_WRITE_DATA?SYSTEM

?PR?_GET_CHECK_SUM?SYSTEM                        002EH    0005H      -----    -----
  +--> ?PR?SYSTEM

?PR?_ZIGBEE_UART_WRITE_DATA?SYSTEM               002EH    0003H      -----    -----
  +--> ?PR?_UART_TRANSMIT_OUTPUT?PROTOCOL

?PR?_UART_TRANSMIT_OUTPUT?PROTOCOL               -----    -----      -----    -----
  +--> ?PR?_SEND_DATA?HC_MCU_XBR

?PR?_PWM3INIT?HC_MCU_XBR                         000BH    0004H      -----    -----

?PR?WAIT1?HC_MCU_XBR                             0009H    0002H      -----    -----
  +--> ?PR?HC_MCU_XBR
  +--> ?PR?_DELAY_MS?HC_MCU_XBR

?PR?WAIT2?HC_MCU_XBR                             0009H    0005H      -----    -----
BL51 BANKED LINKER/LOCATER V6.22                                                      01/29/2021  13:55:02  PAGE 7


  +--> ?PR?HC_MCU_XBR

?PR?GO_BOOTLOADER_OTA?PROTOCOL                   -----    -----      -----    -----
  +--> ?PR?_FLASH_ERASEBLOCK?HC_MCU_XBR
  +--> ?PR?_FLASH_WRITEDATA?HC_MCU_XBR
  +--> ?PR?IAR_SOFT_RST_OPTION?PROTOCOL

?PR?SAVEVAR?HC_MCU_XBR                           -----    -----      -----    -----
  +--> ?PR?HC_MCU_XBR
  +--> ?PR?_FLASH_WRITEDATA?HC_MCU_XBR
  +--> ?PR?_DELAY_US?HC_MCU_XBR

?PR?_MCU_DP_ENUM_UPDATE?MCU_API                  0024H    0001H      -----    -----
  +--> ?PR?MCU_API
  +--> ?PR?_SET_ZIGBEE_UART_BYTE?SYSTEM
  +--> ?PR?_ZIGBEE_UART_WRITE_FRAME?SYSTEM

?PR?_MCU_DP_VALUE_UPDATE?MCU_API                 0027H    0005H      -----    -----
  +--> ?PR?MCU_API
  +--> ?PR?_SET_ZIGBEE_UART_BYTE?SYSTEM
  +--> ?PR?_ZIGBEE_UART_WRITE_FRAME?SYSTEM

?PR?ZIGBEE_UART_SERVICE?MCU_API                  0009H    0008H      -----    -----
  +--> ?PR?GET_QUEUE_TOTAL_DATA?SYSTEM
  +--> ?PR?QUEUE_READ_BYTE?SYSTEM
  +--> ?PR?MCU_API
  +--> ?PR?_GET_CHECK_SUM?SYSTEM
  +--> ?PR?_DATA_HANDLE?SYSTEM
  +--> ?PR?_MY_MEMCPY?MCU_API

?PR?GET_QUEUE_TOTAL_DATA?SYSTEM                  -----    -----      -----    -----
  +--> ?PR?ZIGBEE_PROTOCOL_INIT?MCU_API

?PR?QUEUE_READ_BYTE?SYSTEM                       -----    -----      -----    -----
  +--> ?PR?SYSTEM

?PR?_DATA_HANDLE?SYSTEM                          0011H    0008H      -----    -----
  +--> ?PR?_SEQ_NUM_SET?SYSTEM
  +--> ?PR?SYSTEM
  +--> ?PR?_SET_ZIGBEE_STATE?SYSTEM
  +--> ?PR?CMD0?SYSTEM
  +--> ?PR?CMD1?SYSTEM
  +--> ?PR?PRODUCT_INFO_CMD_HANDLE?SYSTEM
  +--> ?PR?_ZIGBEE_STATE_CMD_HANDLE?SYSTEM
  +--> ?PR?ZIGBEE_CFG_CMD_HANDLE?SYSTEM
  +--> ?PR?_ZIGBEE_DATA_POINT_HANDLE?SYSTEM
  +--> ?PR?SAVEVAR?HC_MCU_XBR
  +--> ?PR?_ZIGBEE_DATA_RSP_HANDLE?SYSTEM
  +--> ?PR?ZIGBEE_OTA_VER_REQ_HANDLE?SYSTEM
  +--> ?PR?_DELAY_MS?HC_MCU_XBR
  +--> ?PR?_ZIGBEE_OTA_END_REQ_SEND?SYSTEM
  +--> ?PR?GO_BOOTLOADER_OTA?PROTOCOL
  +--> ?PR?_ZIGBEE_TIME_GET_HANDLE?SYSTEM

?PR?_SET_ZIGBEE_STATE?SYSTEM                     -----    -----      -----    -----
  +--> ?PR?ALL_DATA_UPDATE?PROTOCOL
  +--> ?PR?SAVEVAR?HC_MCU_XBR
BL51 BANKED LINKER/LOCATER V6.22                                                      01/29/2021  13:55:02  PAGE 8



?PR?ALL_DATA_UPDATE?PROTOCOL                     0019H    0001H      -----    -----
  +--> ?PR?_MCU_DP_BOOL_UPDATE?MCU_API
  +--> ?PR?PROTOCOL
  +--> ?PR?_MCU_DP_VALUE_UPDATE?MCU_API
  +--> ?PR?_MCU_DP_ENUM_UPDATE?MCU_API

?PR?_MCU_DP_BOOL_UPDATE?MCU_API                  0024H    0001H      -----    -----
  +--> ?PR?MCU_API
  +--> ?PR?_SET_ZIGBEE_UART_BYTE?SYSTEM
  +--> ?PR?_ZIGBEE_UART_WRITE_FRAME?SYSTEM

?PR?CMD0?SYSTEM                                  -----    -----      -----    -----
  +--> ?PR?_SET_ZIGBEE_UART_BYTE?SYSTEM
  +--> ?PR?SYSTEM
  +--> ?PR?_ZIGBEE_UART_WRITE_FRAME?SYSTEM

?PR?CMD1?SYSTEM                                  -----    -----      -----    -----
  +--> ?PR?_ZIGBEE_UART_WRITE_FRAME?SYSTEM

?PR?PRODUCT_INFO_CMD_HANDLE?SYSTEM               0019H    0001H      -----    -----
  +--> ?CO?SYSTEM
  +--> ?PR?_SET_ZIGBEE_UART_BUFFER?SYSTEM
  +--> ?PR?_MY_STRLEN?MCU_API
  +--> ?PR?_ZIGBEE_UART_WRITE_FRAME?SYSTEM

?PR?_SET_ZIGBEE_UART_BUFFER?SYSTEM               001AH    0007H      -----    -----
  +--> ?PR?_MY_MEMCPY?MCU_API

?PR?_MY_MEMCPY?MCU_API                           0021H    0010H      -----    -----
  +--> ?PR?MCU_API

?PR?_MY_STRLEN?MCU_API                           001AH    0007H      -----    -----
  +--> ?PR?MCU_API

?PR?_ZIGBEE_STATE_CMD_HANDLE?SYSTEM              0019H    0001H      -----    -----
  +--> ?PR?_ZIGBEE_UART_WRITE_FRAME?SYSTEM

?PR?_ZIGBEE_DATA_POINT_HANDLE?SYSTEM             0019H    0003H      -----    -----
  +--> ?PR?_GET_DOWMLOAD_DPID_INDEX?SYSTEM
  +--> ?PR?_DP_DOWNLOAD_HANDLE?PROTOCOL

?PR?_GET_DOWMLOAD_DPID_INDEX?SYSTEM              -----    -----      -----    -----
  +--> ?PR?GET_DOWNLOAD_CMD_TOTAL?PROTOCOL

?PR?_DP_DOWNLOAD_HANDLE?PROTOCOL                 001CH    0007H      -----    -----
  +--> ?PR?PROTOCOL
  +--> ?PR?_DP_DOWNLOAD_SWITCH_LED_HANDLE?PR...
  +--> ?PR?_DP_DOWNLOAD_BRIGHT_VALUE_HANDLE?...
  +--> ?PR?_DP_DOWNLOAD_CDS_HANDLE?PROTOCOL
  +--> ?PR?_DP_DOWNLOAD_PIR_DELAY_HANDLE?PRO...
  +--> ?PR?_DP_DOWNLOAD_SWITCH_XBR_HANDLE?PR...
  +--> ?PR?_DP_DOWNLOAD_STANDBY_TIME_HANDLE?...
  +--> ?PR?_DP_DOWNLOAD_SENSE_STRESS_HANDLE?...
  +--> ?PR?_DP_DOWNLOAD_SWITCH_LED2_HANDLE?P...
  +--> ?PR?_DP_DOWNLOAD_SWITCH_LINKAGE_HANDL...
  +--> ?PR?_DP_DOWNLOAD_ALL_DAY_MICRO_LIGHT_...
BL51 BANKED LINKER/LOCATER V6.22                                                      01/29/2021  13:55:02  PAGE 9


  +--> ?PR?_DP_DOWNLOAD_CLEAR_TRIGGER_NUMBER...
  +--> ?PR?_DP_DOWNLOAD_FACTORY_OP_HANDLE?PR...
  +--> ?PR?_DP_DOWNLOAD_OTA_RESULT_HANDLE?PR...

?PR?_DP_DOWNLOAD_SWITCH_LED_HANDLE?PR...         0023H    0001H      -----    -----
  +--> ?PR?_MCU_GET_DP_DOWNLOAD_BOOL?MCU_API
  +--> ?PR?_MCU_DP_BOOL_UPDATE?MCU_API

?PR?_MCU_GET_DP_DOWNLOAD_BOOL?MCU_API            0024H    0002H      -----    -----

?PR?_DP_DOWNLOAD_BRIGHT_VALUE_HANDLE?...         0023H    0004H      -----    -----
  +--> ?PR?_MCU_GET_DP_DOWNLOAD_VALUE?MCU_API
  +--> ?PR?PROTOCOL
  +--> ?PR?SAVEVAR?HC_MCU_XBR
  +--> ?PR?_MCU_DP_VALUE_UPDATE?MCU_API

?PR?_MCU_GET_DP_DOWNLOAD_VALUE?MCU_API           0027H    0002H      -----    -----
  +--> ?PR?_BYTE_TO_INT?MCU_API

?PR?_BYTE_TO_INT?MCU_API                         0029H    0004H      -----    -----
  +--> ?PR?MCU_API

?PR?_DP_DOWNLOAD_CDS_HANDLE?PROTOCOL             -----    -----      -----    -----
  +--> ?PR?_MCU_GET_DP_DOWNLOAD_ENUM?MCU_API
  +--> ?PR?SAVEVAR?HC_MCU_XBR
  +--> ?PR?_MCU_DP_ENUM_UPDATE?MCU_API

?PR?_MCU_GET_DP_DOWNLOAD_ENUM?MCU_API            0024H    0002H      -----    -----

?PR?_DP_DOWNLOAD_PIR_DELAY_HANDLE?PRO...         0023H    0004H      -----    -----
  +--> ?PR?_MCU_GET_DP_DOWNLOAD_VALUE?MCU_API
  +--> ?PR?SAVEVAR?HC_MCU_XBR
  +--> ?PR?PROTOCOL
  +--> ?PR?_MCU_DP_VALUE_UPDATE?MCU_API

?PR?_DP_DOWNLOAD_SWITCH_XBR_HANDLE?PR...         -----    -----      -----    -----
  +--> ?PR?_MCU_GET_DP_DOWNLOAD_BOOL?MCU_API
  +--> ?PR?SAVEVAR?HC_MCU_XBR
  +--> ?PR?_MCU_DP_BOOL_UPDATE?MCU_API

?PR?_DP_DOWNLOAD_STANDBY_TIME_HANDLE?...         0023H    0004H      -----    -----
  +--> ?PR?_MCU_GET_DP_DOWNLOAD_VALUE?MCU_API
  +--> ?PR?PROTOCOL
  +--> ?PR?SAVEVAR?HC_MCU_XBR
  +--> ?PR?_MCU_DP_VALUE_UPDATE?MCU_API

?PR?_DP_DOWNLOAD_SENSE_STRESS_HANDLE?...         0023H    0004H      -----    -----
  +--> ?PR?_MCU_GET_DP_DOWNLOAD_VALUE?MCU_API
  +--> ?PR?SAVEVAR?HC_MCU_XBR
  +--> ?PR?_MCU_DP_VALUE_UPDATE?MCU_API

?PR?_DP_DOWNLOAD_SWITCH_LED2_HANDLE?P...         -----    -----      -----    -----
  +--> ?PR?_MCU_GET_DP_DOWNLOAD_BOOL?MCU_API
  +--> ?PR?_MCU_DP_BOOL_UPDATE?MCU_API

?PR?_DP_DOWNLOAD_SWITCH_LINKAGE_HANDL...         -----    -----      -----    -----
  +--> ?PR?_MCU_GET_DP_DOWNLOAD_BOOL?MCU_API
BL51 BANKED LINKER/LOCATER V6.22                                                      01/29/2021  13:55:02  PAGE 10


  +--> ?PR?_MCU_DP_BOOL_UPDATE?MCU_API

?PR?_DP_DOWNLOAD_ALL_DAY_MICRO_LIGHT_...         -----    -----      -----    -----
  +--> ?PR?_MCU_GET_DP_DOWNLOAD_BOOL?MCU_API
  +--> ?PR?_MCU_DP_BOOL_UPDATE?MCU_API

?PR?_DP_DOWNLOAD_CLEAR_TRIGGER_NUMBER...         -----    -----      -----    -----
  +--> ?PR?_MCU_GET_DP_DOWNLOAD_BOOL?MCU_API
  +--> ?PR?PROTOCOL
  +--> ?PR?_MCU_DP_VALUE_UPDATE?MCU_API

?PR?_DP_DOWNLOAD_FACTORY_OP_HANDLE?PR...         0023H    0001H      -----    -----
  +--> ?PR?_MCU_GET_DP_DOWNLOAD_ENUM?MCU_API
  +--> ?PR?SOFT_RESET_MCU?PROTOCOL
  +--> ?PR?GO_BOOTLOADER_OTA?PROTOCOL
  +--> ?PR?TUYA_RE_CONFIG_NETWORK?PROTOCOL
  +--> ?PR?TUYA_RESET_MODULE?PROTOCOL
  +--> ?PR?TUYA_RETRY_OTA?PROTOCOL
  +--> ?PR?RESET_DEFAULT_PARAMETER?PROTOCOL
  +--> ?PR?_MCU_DP_ENUM_UPDATE?MCU_API

?PR?SOFT_RESET_MCU?PROTOCOL                      -----    -----      -----    -----
  +--> ?PR?IAR_SOFT_RST_NO_OPTION?PROTOCOL

?PR?TUYA_RE_CONFIG_NETWORK?PROTOCOL              -----    -----      -----    -----
  +--> ?PR?MCU_NETWORK_START?MCU_API

?PR?TUYA_RESET_MODULE?PROTOCOL                   -----    -----      -----    -----
  +--> ?PR?MCU_RESET_ZIGBEE?MCU_API

?PR?MCU_RESET_ZIGBEE?MCU_API                     -----    -----      -----    -----
  +--> ?PR?_SET_ZIGBEE_UART_BYTE?SYSTEM
  +--> ?PR?_ZIGBEE_UART_WRITE_FRAME?SYSTEM

?PR?_DP_DOWNLOAD_OTA_RESULT_HANDLE?PR...         -----    -----      -----    -----
  +--> ?PR?_MCU_GET_DP_DOWNLOAD_ENUM?MCU_API
  +--> ?PR?_MCU_DP_ENUM_UPDATE?MCU_API

?PR?_ZIGBEE_DATA_RSP_HANDLE?SYSTEM               0019H    0001H      -----    -----

?PR?ZIGBEE_OTA_VER_REQ_HANDLE?SYSTEM             0019H    0002H      -----    -----
  +--> ?PR?GET_CURRENT_MCU_FW_VER?SYSTEM
  +--> ?PR?_SET_ZIGBEE_UART_BYTE?SYSTEM
  +--> ?PR?_ZIGBEE_UART_WRITE_FRAME?SYSTEM

?PR?GET_CURRENT_MCU_FW_VER?SYSTEM                001BH    0004H      -----    -----
  +--> ?CO?SYSTEM
  +--> ?PR?_ASSIC_TO_HEX?SYSTEM

?PR?_ZIGBEE_OTA_END_REQ_SEND?SYSTEM              0019H    0006H      -----    -----
  +--> ?CO?SYSTEM
  +--> ?PR?SYSTEM
  +--> ?PR?_SET_ZIGBEE_UART_BYTE?SYSTEM
  +--> ?PR?_ZIGBEE_UART_WRITE_FRAME?SYSTEM

?PR?_ZIGBEE_TIME_GET_HANDLE?SYSTEM               0019H    000DH      00F3H    0010H
  +--> ?PR?_MY_MEMSET?MCU_API
BL51 BANKED LINKER/LOCATER V6.22                                                      01/29/2021  13:55:02  PAGE 11


  +--> ?PR?SYSTEM
  +--> ?PR?_ZIGBEE_TIME_CONVERT?SYSTEM
  +--> ?PR?_MCU_WRITE_RTCTIME?PROTOCOL

?PR?_MY_MEMSET?MCU_API                           0026H    0009H      -----    -----
  +--> ?PR?MCU_API

?PR?_ZIGBEE_TIME_CONVERT?SYSTEM                  0026H    0016H      -----    -----
  +--> ?PR?SYSTEM
  +--> ?CO?SYSTEM

?PR?_MCU_WRITE_RTCTIME?PROTOCOL                  0026H    0003H      -----    -----

?PR?XBRHANDLE?HC_MCU_XBR                         0009H    0002H      -----    -----
  +--> ?PR?HC_MCU_XBR
  +--> ?PR?_PWM3INIT?HC_MCU_XBR
  +--> ?PR?_DELAY_MS?HC_MCU_XBR

*** NEW ROOT ***************************************************

?PR?TIMER1_RPT?HC_MCU_XBR                        -----    -----      -----    -----
  +--> ?PR?HC_MCU_XBR

*** NEW ROOT ***************************************************

?PR?UART1_RPT?HC_MCU_XBR                         -----    -----      -----    -----
  +--> ?PR?_UART_RECEIVE_INPUT?MCU_API

?PR?_UART_RECEIVE_INPUT?MCU_API                  -----    -----      -----    -----
  +--> ?PR?MCU_API



SYMBOL TABLE OF MODULE:  .\Objects\HC-MCU-XBR (?C_STARTUP)

  VALUE           TYPE          NAME
  ----------------------------------

  -------         MODULE        ?C_STARTUP
  C:1B1CH         SEGMENT       ?C_C51STARTUP
  I:0051H         SEGMENT       ?STACK
  C:0000H         PUBLIC        ?C_STARTUP
  D:00E0H         SYMBOL        ACC
  D:00F0H         SYMBOL        B
  D:0083H         SYMBOL        DPH
  D:0082H         SYMBOL        DPL
  N:0000H         SYMBOL        IBPSTACK
  N:0100H         SYMBOL        IBPSTACKTOP
  N:0080H         SYMBOL        IDATALEN
  C:1B1FH         SYMBOL        IDATALOOP
  N:0000H         SYMBOL        PBPSTACK
  N:0100H         SYMBOL        PBPSTACKTOP
  N:0000H         SYMBOL        PDATALEN
  N:0000H         SYMBOL        PDATASTART
  N:0000H         SYMBOL        PPAGE
  N:0000H         SYMBOL        PPAGEENABLE
  D:00A0H         SYMBOL        PPAGE_SFR
BL51 BANKED LINKER/LOCATER V6.22                                                      01/29/2021  13:55:02  PAGE 12


  D:0081H         SYMBOL        SP
  C:1B1CH         SYMBOL        STARTUP1
  N:0000H         SYMBOL        XBPSTACK
  N:0000H         SYMBOL        XBPSTACKTOP
  N:0000H         SYMBOL        XDATALEN
  N:0000H         SYMBOL        XDATASTART
  C:0000H         LINE#         126
  C:1B1CH         LINE#         133
  C:1B1EH         LINE#         134
  C:1B1FH         LINE#         135
  C:1B20H         LINE#         136
  C:1B22H         LINE#         185
  C:1B25H         LINE#         196
  -------         ENDMOD        ?C_STARTUP

  -------         MODULE        HC_MCU_XBR
  C:0000H         SYMBOL        _ICE_DUMMY_
  X:FF08H         PUBLIC        P1M0
  X:FF01H         PUBLIC        P0M1
  X:0000H         PUBLIC        Light_on_flagpre
  X:FF10H         PUBLIC        P2M0
  X:FF02H         PUBLIC        P0M2
  D:0080H         PUBLIC        P0
  X:FF11H         PUBLIC        P2M1
  X:FF03H         PUBLIC        P0M3
  D:0090H         PUBLIC        P1
  X:FF12H         PUBLIC        P2M2
  D:00A0H         PUBLIC        P2
  X:0001H         PUBLIC        check_light_times
  X:FF13H         PUBLIC        P2M3
  X:0002H         PUBLIC        radar_number_send_flag
  X:0003H         PUBLIC        lowlight1minflag
  X:0004H         PUBLIC        light_status_xxx_last
  B:00A8H.7       PUBLIC        EA
  C:2298H         PUBLIC        UART1_Rpt
  X:0005H         PUBLIC        radar_number_count
  X:FE94H         PUBLIC        XTALCFG
  X:0007H         PUBLIC        SUM1_counter
  D:00A8H         PUBLIC        IE
  B:0080H.0       PUBLIC        P0_0
  D:00FCH         PUBLIC        IAP_CMD
  X:0008H         PUBLIC        guc_Read_a1
  D:00F8H         PUBLIC        RSTFR
  B:0080H.4       PUBLIC        P0_4
  X:000AH         PUBLIC        lowlight1mincount
  X:000CH         PUBLIC        alarm_times
  X:FF91H         PUBLIC        PWM01_MAP
  C:0003H         PUBLIC        InitSYS
  X:000DH         PUBLIC        LIGHT_off
  X:FF95H         PUBLIC        PWM11_MAP
  X:FF99H         PUBLIC        PWM21_MAP
  X:FE89H         PUBLIC        S2CON2
  D:00B6H         PUBLIC        ADCR
  X:000FH         PUBLIC        TH
  X:FEA2H         PUBLIC        CRCC
  X:FE85H         PUBLIC        T5CON1
  X:0013H         PUBLIC        all_day_micro_light_enable
BL51 BANKED LINKER/LOCATER V6.22                                                      01/29/2021  13:55:02  PAGE 13


  X:FFA5H         PUBLIC        SCK_MAP
  X:0014H         PUBLIC        SWITCHflag2
  X:0015H         PUBLIC        times
  X:0017H         PUBLIC        SUM0
  C:0B1AH         PUBLIC        main
  C:26A3H         PUBLIC        GPIO_Init
  X:001BH         PUBLIC        SUM1
  X:FEA4H         PUBLIC        BORC
  X:001FH         PUBLIC        SUM2
  C:27D6H         PUBLIC        _send_data
  X:0023H         PUBLIC        SWITCHfXBR
  D:00BBH         PUBLIC        LVDC
  X:0024H         PUBLIC        radar_trig_times
  X:FFA1H         PUBLIC        RXD_MAP
  X:FEA5H         PUBLIC        BORDBC
  X:FFA0H         PUBLIC        TXD_MAP
  X:FEA7H         PUBLIC        LVDDBC
  D:0099H         PUBLIC        SBUF
  X:FEB8H         PUBLIC        PINTE0
  C:2589H         PUBLIC        _Delay_ms
  C:25FEH         PUBLIC        _Flash_EraseBlock
  X:0026H         PUBLIC        lowlightDELAY_NUM
  X:0027H         PUBLIC        MAX_DELTA
  X:FEB9H         PUBLIC        PINTE1
  D:00BDH         PUBLIC        WDTC
  X:002BH         PUBLIC        zigbee_join_cnt
  D:0098H         PUBLIC        SCON
  D:0089H         PUBLIC        TMOD
  D:0088H         PUBLIC        TCON
  X:002CH         PUBLIC        Light_on_flag
  X:002DH         PUBLIC        radar_number_send_flag2
  X:002EH         PUBLIC        start_times
  X:FE95H         PUBLIC        SPOV_RSTEN
  C:26C8H         PUBLIC        _Delay_us
  X:0030H         PUBLIC        Linkage_flag
  X:0031H         PUBLIC        lightvalue
  D:00B4H         PUBLIC        ADCC0
  C:063FH         PUBLIC        XBRHandle
  D:00B5H         PUBLIC        ADCC1
  X:FE9BH         PUBLIC        ADCC2
  C:26F5H         PUBLIC        ADC_Init
  X:FE91H         PUBLIC        CLKDIV
  D:00B8H         PUBLIC        IE1
  X:0032H         PUBLIC        person_in_range_flag
  X:0033H         PUBLIC        light_ad
  D:0044H         PUBLIC        upload_disable
  X:0034H         PUBLIC        DELAY_NUM
  X:0036H         PUBLIC        radar_trig_times_last
  X:FF80H         PUBLIC        T0_MAP
  C:225BH         PUBLIC        _read_ad
  X:FF81H         PUBLIC        T1_MAP
  X:FEAAH         PUBLIC        RSTDBC
  X:0038H         PUBLIC        resetbtcnt
  X:FF83H         PUBLIC        T3_MAP
  X:FF84H         PUBLIC        T4_MAP
  X:FF85H         PUBLIC        T5_MAP
  D:0045H         PUBLIC        Timer_Counter
BL51 BANKED LINKER/LOCATER V6.22                                                      01/29/2021  13:55:02  PAGE 14


  X:FEA0H         PUBLIC        WDTCCR
  D:0049H         PUBLIC        while_1flag
  D:004AH         PUBLIC        while_2flag
  C:192DH         PUBLIC        TIMER1_Rpt
  D:008CH         PUBLIC        TH0
  D:008DH         PUBLIC        TH1
  X:0039H         PUBLIC        stop_times
  X:003AH         PUBLIC        XRBoffbrightvalue
  D:00CEH         PUBLIC        TH4
  D:008AH         PUBLIC        TL0
  D:008BH         PUBLIC        TL1
  X:FE93H         PUBLIC        CLKOUT
  D:00CDH         PUBLIC        TL4
  D:00FBH         PUBLIC        IAP_DATA
  X:003BH         PUBLIC        SUM10
  X:003FH         PUBLIC        SUM01
  D:00F9H         PUBLIC        IAP_ADDR
  X:0043H         PUBLIC        person_in_range_flag_last
  X:0044H         PUBLIC        SUM0_num
  D:008EH         PUBLIC        CLKSWR
  X:0045H         PUBLIC        SUM1_num
  C:25B1H         PUBLIC        _FLASH_WriteData
  X:0046H         PUBLIC        slowchcnt
  X:0047H         PUBLIC        calc_average_times
  I:004DH         PUBLIC        light1sflag
  X:0048H         PUBLIC        switchcnt
  X:0049H         PUBLIC        SUM16
  C:1D95H         PUBLIC        _PWM3init
  X:004DH         PUBLIC        average
  X:004FH         PUBLIC        guc_Read_a
  X:FFA9H         PUBLIC        RXD2_MAP
  X:005BH         PUBLIC        ALL_SUM1
  X:FFA8H         PUBLIC        TXD2_MAP
  X:FE98H         PUBLIC        ADCWC
  X:FE8AH         PUBLIC        S2BUF
  X:FF90H         PUBLIC        PWM0_MAP
  C:2475H         PUBLIC        UART1_Init
  X:FFA4H         PUBLIC        SS_MAP
  X:FF94H         PUBLIC        PWM1_MAP
  X:FF98H         PUBLIC        PWM2_MAP
  X:FE88H         PUBLIC        S2CON
  X:FE80H         PUBLIC        TCON1
  D:009EH         PUBLIC        SCON2
  X:FF9CH         PUBLIC        PWM3_MAP
  C:1EECH         PUBLIC        wait1
  C:1F4AH         PUBLIC        wait2
  X:FF8FH         PUBLIC        CLKO_MAP
  X:FEBCH         PUBLIC        INT01_PINS
  D:00CCH         PUBLIC        T4CON
  X:FE92H         PUBLIC        FREQ_CLK
  D:00DDH         PUBLIC        PWM3C
  D:00DFH         PUBLIC        PWM3D
  I:004FH         PUBLIC        light1scount
  X:005FH         PUBLIC        light_status_xxx
  X:0060H         PUBLIC        light_ad0
  X:FEB0H         PUBLIC        PITS0
  X:FF05H         PUBLIC        P0LPU
BL51 BANKED LINKER/LOCATER V6.22                                                      01/29/2021  13:55:02  PAGE 15


  X:FEB1H         PUBLIC        PITS1
  X:FEB2H         PUBLIC        PITS2
  X:FEB3H         PUBLIC        PITS3
  X:0061H         PUBLIC        SUM
  C:23DFH         PUBLIC        _Flash_ReadArr
  X:0065H         PUBLIC        LIGHT_TH
  C:104DH         PUBLIC        set_var
  X:FFA7H         PUBLIC        MISO_MAP
  X:FFA6H         PUBLIC        MOSI_MAP
  D:00DEH         PUBLIC        PWM3P
  X:0066H         PUBLIC        LIGHT
  C:2667H         PUBLIC        Timer_Init
  X:FF40H         PUBLIC        P00DBC
  D:00D0H         PUBLIC        PSW
  X:FF41H         PUBLIC        P01DBC
  C:1A83H         PUBLIC        savevar
  X:FF42H         PUBLIC        P02DBC
  X:FF00H         PUBLIC        P0M0
  C:12F5H         SYMBOL        Com00C0
  C:12F5H         SYMBOL        L?0193
  C:1303H         SYMBOL        L?0194
  C:130AH         SYMBOL        L?0197
  C:130AH         SYMBOL        L?0198
  C:132AH         SYMBOL        L?0199
  C:133FH         SYMBOL        L?0200
  C:1345H         SYMBOL        L?0201
  C:1345H         SYMBOL        L?0202
  C:1348H         SYMBOL        L?0203
  C:134FH         SYMBOL        L?0204
  C:134FH         SYMBOL        L?0205
  C:1352H         SYMBOL        L?0206
  C:1355H         SYMBOL        L?0207
  C:135BH         SYMBOL        L?0208
  C:1368H         SYMBOL        L?0209
  C:1373H         SYMBOL        L?0210
  C:137DH         SYMBOL        L?0211
  C:1383H         SYMBOL        L?0212
  C:1383H         SYMBOL        L?0213
  C:1386H         SYMBOL        L?0214
  C:138FH         SYMBOL        L?0215
  C:138FH         SYMBOL        L?0216
  C:139DH         SYMBOL        L?0217
  C:139DH         SYMBOL        L?0218
  C:139EH         SYMBOL        L?0219
  C:13A4H         SYMBOL        L?0220
  C:13AAH         SYMBOL        L?0221
  C:13B0H         SYMBOL        L?0222
  C:13B0H         SYMBOL        L?0223
  C:13B7H         SYMBOL        L?0224
  C:13B7H         SYMBOL        L?0225
  C:13BDH         SYMBOL        L?0226
  C:13BDH         SYMBOL        L?0227
  C:13C3H         SYMBOL        L?0228
  C:13D1H         SYMBOL        L?0229
  C:13DFH         SYMBOL        L?0230
  C:13EBH         SYMBOL        L?0231
  C:13ECH         SYMBOL        L?0232
BL51 BANKED LINKER/LOCATER V6.22                                                      01/29/2021  13:55:02  PAGE 16


  C:13F2H         SYMBOL        L?0233
  C:13F2H         SYMBOL        L?0234
  C:13F8H         SYMBOL        L?0235
  C:1402H         SYMBOL        L?0236
  C:140CH         SYMBOL        L?0237
  C:140CH         SYMBOL        L?0238
  C:1412H         SYMBOL        L?0239
  C:141BH         SYMBOL        L?0240
  C:141BH         SYMBOL        L?0241
  C:1421H         SYMBOL        L?0242
  -------         PROC          COM00C0
  -------         ENDPROC       COM00C0
  -------         PROC          _FLASH_READARR
  D:0009H         SYMBOL        fui_Address
  D:0005H         SYMBOL        fuc_Length
  D:000BH         SYMBOL        fucp_SaveArr
  C:23DFH         LINE#         109
  C:23E9H         LINE#         110
  C:23E9H         LINE#         111
  C:23EFH         LINE#         112
  C:2410H         LINE#         113
  -------         ENDPROC       _FLASH_READARR
  -------         PROC          _DELAY_MS
  D:0082H         SYMBOL        t
  C:2589H         LINE#         115
  C:258DH         LINE#         116
  C:258DH         LINE#         117
  C:2596H         LINE#         118
  C:25ABH         LINE#         119
  C:25ABH         LINE#         120
  C:25AEH         LINE#         121
  C:25B0H         LINE#         122
  -------         ENDPROC       _DELAY_MS
  C:26C1H         SYMBOL        L?0196
  -------         PROC          L?0195
  -------         ENDPROC       L?0195
  C:26C1H         SYMBOL        L?0196
  -------         PROC          _DELAY_US
  D:0006H         SYMBOL        q1
  -------         DO            
  D:0004H         SYMBOL        j
  -------         ENDDO         
  C:26C8H         LINE#         124
  C:26C8H         LINE#         125
  C:26C8H         LINE#         127
  C:26D2H         LINE#         128
  C:26D2H         LINE#         130
  C:26D9H         LINE#         131
  -------         ENDPROC       _DELAY_US
  -------         PROC          INITSYS
  C:0003H         LINE#         139
  C:0003H         LINE#         140
  C:0003H         LINE#         143
  C:0006H         LINE#         144
  C:000CH         LINE#         145
  C:0010H         LINE#         153
  C:0013H         LINE#         154
BL51 BANKED LINKER/LOCATER V6.22                                                      01/29/2021  13:55:02  PAGE 17


  C:0019H         LINE#         156
  -------         ENDPROC       INITSYS
  -------         PROC          TIMER_INIT
  C:2667H         LINE#         164
  C:2667H         LINE#         165
  C:2667H         LINE#         167
  C:266CH         LINE#         168
  C:266FH         LINE#         180
  C:2672H         LINE#         181
  C:2675H         LINE#         182
  C:2678H         LINE#         183
  C:267BH         LINE#         185
  C:267EH         LINE#         186
  C:2681H         LINE#         188
  C:2684H         LINE#         189
  -------         ENDPROC       TIMER_INIT
  -------         PROC          UART1_INIT
  C:2475H         LINE#         197
  C:2475H         LINE#         198
  C:2475H         LINE#         200
  C:247EH         LINE#         201
  C:2487H         LINE#         202
  C:2489H         LINE#         203
  C:248FH         LINE#         204
  C:2493H         LINE#         205
  C:2496H         LINE#         221
  C:2499H         LINE#         222
  C:249CH         LINE#         223
  C:249FH         LINE#         224
  C:24A2H         LINE#         225
  C:24A5H         LINE#         227
  -------         ENDPROC       UART1_INIT
  -------         PROC          ADC_INIT
  C:26F5H         LINE#         235
  C:26F5H         LINE#         236
  C:26F5H         LINE#         238
  C:26F8H         LINE#         239
  C:26FBH         LINE#         240
  C:2702H         LINE#         251
  C:2705H         LINE#         254
  C:270BH         LINE#         255
  -------         ENDPROC       ADC_INIT
  -------         PROC          GPIO_INIT
  C:26A3H         LINE#         263
  C:26A3H         LINE#         264
  C:26A3H         LINE#         304
  C:26ACH         LINE#         306
  C:26B5H         LINE#         308
  C:26BEH         LINE#         343
  -------         ENDPROC       GPIO_INIT
  -------         PROC          _SEND_DATA
  D:0007H         SYMBOL        d
  C:27D6H         LINE#         345
  C:27D6H         LINE#         346
  C:27D6H         LINE#         347
  C:27D8H         LINE#         348
  C:27DDH         LINE#         350
BL51 BANKED LINKER/LOCATER V6.22                                                      01/29/2021  13:55:02  PAGE 18


  C:27E0H         LINE#         351
  -------         ENDPROC       _SEND_DATA
  -------         PROC          _READ_AD
  D:0007H         SYMBOL        ch
  -------         DO            
  D:0001H         SYMBOL        i
  D:0002H         SYMBOL        ad_sum
  -------         ENDDO         
  C:225BH         LINE#         354
  C:225BH         LINE#         355
  C:225BH         LINE#         359
  C:225DH         LINE#         360
  C:2260H         LINE#         361
  C:2265H         LINE#         363
  C:2268H         LINE#         365
  C:226BH         LINE#         367
  C:226EH         LINE#         369
  C:226FH         LINE#         370
  C:226FH         LINE#         371
  C:2272H         LINE#         372
  C:2277H         LINE#         374
  C:227AH         LINE#         375
  C:2282H         LINE#         377
  C:2289H         LINE#         378
  C:228DH         LINE#         389
  C:2290H         LINE#         392
  C:2292H         LINE#         394
  C:2295H         LINE#         395
  C:2297H         LINE#         396
  -------         ENDPROC       _READ_AD
  -------         PROC          SET_VAR
  C:104DH         LINE#         398
  C:104DH         LINE#         399
  C:104DH         LINE#         401
  C:105CH         LINE#         403
  C:1068H         LINE#         404
  C:1073H         LINE#         405
  C:1088H         LINE#         406
  C:1098H         LINE#         407
  C:10B7H         LINE#         408
  C:10C1H         LINE#         410
  C:10C9H         LINE#         412
  C:10CBH         LINE#         413
  C:10CDH         LINE#         414
  C:10D4H         LINE#         415
  C:10D7H         LINE#         417
  C:10E4H         LINE#         418
  C:10EDH         LINE#         419
  C:10FBH         LINE#         420
  C:110FH         LINE#         421
  C:1118H         LINE#         424
  C:1120H         LINE#         426
  C:1124H         LINE#         428
  C:112CH         LINE#         429
  C:1134H         LINE#         430
  C:113AH         LINE#         432
  C:1145H         LINE#         434
BL51 BANKED LINKER/LOCATER V6.22                                                      01/29/2021  13:55:02  PAGE 19


  C:114FH         LINE#         436
  C:1159H         LINE#         438
  C:1163H         LINE#         440
  C:1172H         LINE#         441
  C:117AH         LINE#         442
  C:1182H         LINE#         444
  C:1189H         LINE#         445
  C:1190H         LINE#         447
  C:1196H         LINE#         449
  C:119FH         LINE#         450
  C:11A2H         LINE#         452
  C:11A8H         LINE#         453
  C:11A8H         LINE#         454
  C:11ABH         LINE#         455
  C:11ABH         LINE#         456
  C:11B3H         LINE#         457
  C:11B3H         LINE#         458
  C:11BAH         LINE#         459
  C:11BDH         LINE#         460
  C:11BDH         LINE#         461
  -------         ENDPROC       SET_VAR
  -------         PROC          XBRHANDLE
  -------         DO            
  D:0009H         SYMBOL        k
  -------         ENDDO         
  C:063FH         LINE#         463
  C:063FH         LINE#         464
  C:063FH         LINE#         467
  C:0646H         LINE#         468
  C:0646H         LINE#         480
  C:0649H         LINE#         481
  C:064EH         LINE#         483
  C:0651H         LINE#         484
  C:0657H         LINE#         486
  C:065DH         LINE#         488
  C:0667H         LINE#         491
  C:0677H         LINE#         492
  C:0677H         LINE#         493
  C:0682H         LINE#         494
  C:0684H         LINE#         496
  C:0684H         LINE#         497
  C:068FH         LINE#         498
  C:068FH         LINE#         499
  C:06A5H         LINE#         501
  C:06B1H         LINE#         502
  C:06B1H         LINE#         503
  C:06B6H         LINE#         504
  C:06B6H         LINE#         518
  C:06BCH         LINE#         520
  C:06BDH         LINE#         521
  C:06BFH         LINE#         522
  C:06CBH         LINE#         523
  C:06CBH         LINE#         533
  C:06CEH         LINE#         535
  C:06D1H         LINE#         536
  C:06D1H         LINE#         537
  C:06D1H         LINE#         539
BL51 BANKED LINKER/LOCATER V6.22                                                      01/29/2021  13:55:02  PAGE 20


  C:06DDH         LINE#         540
  C:06DDH         LINE#         542
  C:06E0H         LINE#         544
  C:06E4H         LINE#         546
  C:06E9H         LINE#         548
  C:06F8H         LINE#         550
  C:0701H         LINE#         551
  C:0701H         LINE#         552
  C:0702H         LINE#         554
  C:0710H         LINE#         556
  C:071CH         LINE#         557
  C:0727H         LINE#         558
  C:0731H         LINE#         559
  C:0731H         LINE#         561
  C:073AH         LINE#         562
  C:073AH         LINE#         563
  C:073DH         LINE#         564
  C:073FH         LINE#         566
  C:073FH         LINE#         567
  C:0749H         LINE#         568
  C:0749H         LINE#         579
  C:0749H         LINE#         582
  C:076AH         LINE#         583
  C:0772H         LINE#         585
  C:077AH         LINE#         587
  C:077FH         LINE#         588
  C:077FH         LINE#         589
  C:077FH         LINE#         591
  C:078CH         LINE#         592
  C:078CH         LINE#         593
  C:079CH         LINE#         594
  C:07B5H         LINE#         595
  C:07BFH         LINE#         596
  C:07BFH         LINE#         598
  C:07C5H         LINE#         599
  C:07C5H         LINE#         600
  C:07CEH         LINE#         601
  C:07D8H         LINE#         603
  C:07D8H         LINE#         605
  C:07FDH         LINE#         606
  C:07FDH         LINE#         607
  C:0803H         LINE#         608
  C:080FH         LINE#         609
  C:0828H         LINE#         610
  C:0836H         LINE#         611
  C:0845H         LINE#         612
  C:084FH         LINE#         613
  C:085EH         LINE#         614
  C:0868H         LINE#         616
  C:0873H         LINE#         617
  C:0873H         LINE#         618
  C:0882H         LINE#         619
  C:0892H         LINE#         620
  C:089AH         LINE#         621
  C:08ACH         LINE#         622
  C:08B1H         LINE#         627
  C:08B1H         LINE#         628
BL51 BANKED LINKER/LOCATER V6.22                                                      01/29/2021  13:55:02  PAGE 21


  C:08B7H         LINE#         629
  C:08B7H         LINE#         631
  C:08C7H         LINE#         632
  C:08C7H         LINE#         633
  C:08D2H         LINE#         634
  C:08D2H         LINE#         635
  C:08DBH         LINE#         636
  C:08E0H         LINE#         637
  C:08EBH         LINE#         638
  C:08EBH         LINE#         639
  C:08EBH         LINE#         640
  C:08F7H         LINE#         641
  C:08F7H         LINE#         642
  C:08F7H         LINE#         643
  C:08F7H         LINE#         644
  C:08F7H         LINE#         645
  C:08FAH         LINE#         647
  C:0902H         LINE#         648
  C:0902H         LINE#         656
  C:090DH         LINE#         657
  C:090DH         LINE#         658
  C:0919H         LINE#         660
  C:0936H         LINE#         662
  C:0936H         LINE#         663
  C:093EH         LINE#         664
  C:093EH         LINE#         665
  C:093EH         LINE#         666
  C:093EH         LINE#         667
  C:0940H         LINE#         669
  C:0940H         LINE#         670
  C:0950H         LINE#         671
  C:0958H         LINE#         672
  C:096BH         LINE#         673
  C:0970H         LINE#         675
  C:0973H         LINE#         676
  C:0978H         LINE#         677
  C:0978H         LINE#         678
  C:0978H         LINE#         679
  C:0984H         LINE#         680
  C:0984H         LINE#         681
  C:0984H         LINE#         682
  C:0984H         LINE#         683
  C:0984H         LINE#         690
  C:0989H         LINE#         691
  C:0989H         LINE#         692
  C:098AH         LINE#         693
  C:098AH         LINE#         694
  C:098AH         LINE#         695
  C:098AH         LINE#         696
  C:098CH         LINE#         698
  C:098CH         LINE#         699
  C:0991H         LINE#         700
  C:099BH         LINE#         701
  C:099BH         LINE#         703
  C:09A4H         LINE#         704
  C:09A4H         LINE#         705
  C:09A7H         LINE#         706
BL51 BANKED LINKER/LOCATER V6.22                                                      01/29/2021  13:55:02  PAGE 22


  C:09D1H         LINE#         707
  C:09D7H         LINE#         708
  C:09DAH         LINE#         710
  C:09DAH         LINE#         712
  C:09DFH         LINE#         713
  C:09DFH         LINE#         714
  C:09E6H         LINE#         716
  C:09EBH         LINE#         717
  C:09EBH         LINE#         725
  C:09FBH         LINE#         726
  C:09FBH         LINE#         727
  C:0A05H         LINE#         728
  C:0A07H         LINE#         730
  C:0A07H         LINE#         731
  C:0A10H         LINE#         732
  C:0A20H         LINE#         733
  C:0A20H         LINE#         734
  C:0A36H         LINE#         735
  C:0A36H         LINE#         737
  C:0A36H         LINE#         738
  C:0A36H         LINE#         740
  C:0A36H         LINE#         746
  C:0A36H         LINE#         747
  C:0A36H         LINE#         749
  C:0A47H         LINE#         750
  C:0A47H         LINE#         755
  C:0A59H         LINE#         756
  C:0A59H         LINE#         764
  C:0A59H         LINE#         765
  C:0A63H         LINE#         766
  C:0A6CH         LINE#         767
  C:0A74H         LINE#         768
  C:0A78H         LINE#         787
  C:0A7EH         LINE#         789
  C:0A84H         LINE#         791
  C:0A8AH         LINE#         792
  C:0A91H         LINE#         793
  C:0A96H         LINE#         794
  C:0A9BH         LINE#         796
  C:0A9BH         LINE#         797
  C:0A9BH         LINE#         798
  C:0A9BH         LINE#         799
  C:0A9BH         LINE#         801
  C:0AA4H         LINE#         810
  C:0AAEH         LINE#         811
  C:0AB8H         LINE#         813
  C:0AC8H         LINE#         814
  C:0AC8H         LINE#         825
  C:0AD7H         LINE#         826
  C:0AD7H         LINE#         827
  C:0ADEH         LINE#         828
  C:0AE1H         LINE#         829
  C:0AE5H         LINE#         830
  C:0AE9H         LINE#         833
  C:0AE9H         LINE#         834
  C:0AE9H         LINE#         835
  C:0AE9H         LINE#         836
BL51 BANKED LINKER/LOCATER V6.22                                                      01/29/2021  13:55:02  PAGE 23


  C:0AEAH         LINE#         838
  C:0AEAH         LINE#         839
  C:0AF2H         LINE#         840
  C:0AF5H         LINE#         850
  C:0AFBH         LINE#         851
  C:0AFFH         LINE#         855
  C:0B05H         LINE#         861
  C:0B0FH         LINE#         862
  C:0B0FH         LINE#         863
  C:0B0FH         LINE#         865
  C:0B0FH         LINE#         867
  C:0B0FH         LINE#         869
  C:0B0FH         LINE#         870
  C:0B19H         LINE#         874
  C:0B19H         LINE#         875
  -------         ENDPROC       XBRHANDLE
  -------         PROC          WAIT1
  -------         DO            
  D:0009H         SYMBOL        i
  D:000AH         SYMBOL        j
  -------         ENDDO         
  C:1EECH         LINE#         877
  C:1EECH         LINE#         878
  C:1EECH         LINE#         882
  C:1EEFH         LINE#         883
  C:1EEFH         LINE#         884
  C:1EEFH         LINE#         885
  C:1EF9H         LINE#         903
  C:1EFCH         LINE#         904
  C:1EFCH         LINE#         906
  C:1EFFH         LINE#         907
  C:1F04H         LINE#         909
  C:1F07H         LINE#         912
  C:1F11H         LINE#         913
  C:1F18H         LINE#         932
  C:1F1FH         LINE#         936
  C:1F2CH         LINE#         937
  C:1F3FH         LINE#         938
  C:1F3FH         LINE#         940
  C:1F41H         LINE#         942
  C:1F48H         LINE#         943
  C:1F49H         LINE#         945
  -------         ENDPROC       WAIT1
  -------         PROC          WAIT2
  -------         DO            
  D:0009H         SYMBOL        i
  D:000AH         SYMBOL        k
  D:000CH         SYMBOL        t
  -------         ENDDO         
  C:1F4AH         LINE#         946
  C:1F4AH         LINE#         947
  C:1F4AH         LINE#         952
  C:1F54H         LINE#         954
  C:1F57H         LINE#         955
  C:1F57H         LINE#         956
  C:1F5CH         LINE#         957
  C:1F5CH         LINE#         968
BL51 BANKED LINKER/LOCATER V6.22                                                      01/29/2021  13:55:02  PAGE 24


  C:1F5FH         LINE#         969
  C:1F64H         LINE#         971
  C:1F67H         LINE#         972
  C:1F6DH         LINE#         974
  C:1F77H         LINE#         975
  C:1F87H         LINE#         976
  C:1F8AH         LINE#         977
  C:1F91H         LINE#         979
  C:1FA4H         LINE#         985
  -------         ENDPROC       WAIT2
  -------         PROC          _PWM3INIT
  D:0007H         SYMBOL        ab
  -------         DO            
  D:000BH         SYMBOL        i11
  D:0006H         SYMBOL        j11
  -------         ENDDO         
  C:1D95H         LINE#         987
  C:1D95H         LINE#         988
  C:1D95H         LINE#         992
  C:1D98H         LINE#         993
  C:1D98H         LINE#         994
  C:1D9CH         LINE#         995
  C:1D9CH         LINE#         996
  C:1D9EH         LINE#         997
  C:1DA1H         LINE#         998
  C:1DA1H         LINE#         999
  C:1DA6H         LINE#         1000
  C:1DABH         LINE#         1001
  C:1DADH         LINE#         1003
  C:1DADH         LINE#         1004
  C:1DB3H         LINE#         1005
  C:1DB8H         LINE#         1006
  C:1DB8H         LINE#         1008
  C:1DBBH         LINE#         1009
  C:1DBBH         LINE#         1010
  C:1DBDH         LINE#         1011
  C:1DBFH         LINE#         1013
  C:1DBFH         LINE#         1014
  C:1DE2H         LINE#         1015
  C:1DF8H         LINE#         1016
  C:1DF8H         LINE#         1031
  C:1DFEH         LINE#         1049
  C:1E01H         LINE#         1056
  C:1E03H         LINE#         1057
  C:1E06H         LINE#         1059
  C:1E08H         LINE#         1060
  -------         ENDPROC       _PWM3INIT
  -------         PROC          MAIN
  -------         DO            
  D:0008H         SYMBOL        i
  -------         ENDDO         
  C:0B1AH         LINE#         1070
  C:0B1AH         LINE#         1071
  C:0B1AH         LINE#         1073
  C:0B1DH         LINE#         1074
  C:0B20H         LINE#         1075
  C:0B23H         LINE#         1079
BL51 BANKED LINKER/LOCATER V6.22                                                      01/29/2021  13:55:02  PAGE 25


  C:0B26H         LINE#         1080
  C:0B29H         LINE#         1081
  C:0B2CH         LINE#         1083
  C:0B2FH         LINE#         1087
  C:0B35H         LINE#         1088
  C:0B38H         LINE#         1090
  C:0B3AH         LINE#         1092
  C:0B41H         LINE#         1108
  C:0B41H         LINE#         1111
  C:0B45H         LINE#         1113
  C:0B47H         LINE#         1114
  C:0B4AH         LINE#         1116
  C:0B4FH         LINE#         1118
  C:0B51H         LINE#         1120
  C:0B54H         LINE#         1122
  C:0B57H         LINE#         1124
  C:0B5AH         LINE#         1127
  C:0B61H         LINE#         1129
  C:0B64H         LINE#         1131
  C:0B6EH         LINE#         1133
  C:0B71H         LINE#         1135
  C:0B7AH         LINE#         1136
  C:0B7AH         LINE#         1137
  C:0B7DH         LINE#         1138
  C:0B86H         LINE#         1139
  C:0B86H         LINE#         1140
  C:0B89H         LINE#         1141
  C:0B89H         LINE#         1142
  C:0B8EH         LINE#         1143
  C:0B90H         LINE#         1145
  C:0B90H         LINE#         1146
  C:0B93H         LINE#         1147
  C:0B93H         LINE#         1149
  C:0B93H         LINE#         1150
  C:0B93H         LINE#         1151
  C:0B9AH         LINE#         1152
  C:0B9AH         LINE#         1153
  C:0BA7H         LINE#         1154
  C:0BA7H         LINE#         1155
  C:0BACH         LINE#         1156
  C:0BB4H         LINE#         1157
  C:0BB4H         LINE#         1159
  C:0BC1H         LINE#         1160
  C:0BC1H         LINE#         1161
  C:0BC6H         LINE#         1162
  C:0BCEH         LINE#         1163
  C:0BCEH         LINE#         1165
  C:0BD6H         LINE#         1166
  C:0BD6H         LINE#         1167
  C:0BDDH         LINE#         1168
  C:0BDDH         LINE#         1169
  C:0BE2H         LINE#         1170
  C:0BE6H         LINE#         1171
  C:0BFAH         LINE#         1172
  C:0BFAH         LINE#         1173
  C:0C08H         LINE#         1174
  C:0C17H         LINE#         1175
BL51 BANKED LINKER/LOCATER V6.22                                                      01/29/2021  13:55:02  PAGE 26


  C:0C17H         LINE#         1176
  C:0C17H         LINE#         1177
  C:0C17H         LINE#         1178
  C:0C17H         LINE#         1180
  C:0C1AH         LINE#         1182
  C:0C1EH         LINE#         1183
  C:0C1EH         LINE#         1184
  C:0C26H         LINE#         1185
  C:0C29H         LINE#         1186
  C:0C29H         LINE#         1188
  C:0C34H         LINE#         1189
  C:0C34H         LINE#         1190
  C:0C38H         LINE#         1191
  C:0C38H         LINE#         1192
  C:0C3AH         LINE#         1194
  C:0C3DH         LINE#         1195
  C:0C3DH         LINE#         1197
  C:0C47H         LINE#         1198
  C:0C47H         LINE#         1199
  C:0C47H         LINE#         1201
  C:0C47H         LINE#         1203
  C:0C47H         LINE#         1205
  C:0C47H         LINE#         1206
  C:0C51H         LINE#         1207
  C:0C51H         LINE#         1209
  C:0C54H         LINE#         1211
  C:0C63H         LINE#         1212
  C:0C63H         LINE#         1213
  C:0C6AH         LINE#         1214
  C:0C6AH         LINE#         1215
  C:0C6CH         LINE#         1216
  C:0C72H         LINE#         1217
  C:0C85H         LINE#         1218
  C:0C85H         LINE#         1219
  C:0C89H         LINE#         1220
  C:0C91H         LINE#         1221
  C:0C91H         LINE#         1223
  C:0C91H         LINE#         1225
  C:0C91H         LINE#         1226
  C:0C96H         LINE#         1227
  C:0C96H         LINE#         1228
  C:0C96H         LINE#         1229
  C:0C96H         LINE#         1230
  C:0C96H         LINE#         1231
  C:0C9BH         LINE#         1232
  C:0C9BH         LINE#         1233
  C:0CA4H         LINE#         1234
  C:0CA4H         LINE#         1235
  C:0CA7H         LINE#         1236
  C:0CAAH         LINE#         1243
  C:0CAAH         LINE#         1244
  C:0CAAH         LINE#         1247
  C:0CB5H         LINE#         1248
  C:0CB5H         LINE#         1249
  C:0CC4H         LINE#         1250
  C:0CC4H         LINE#         1251
  C:0CC6H         LINE#         1252
BL51 BANKED LINKER/LOCATER V6.22                                                      01/29/2021  13:55:02  PAGE 27


  C:0CCEH         LINE#         1254
  C:0CDBH         LINE#         1255
  C:0CDBH         LINE#         1258
  C:0CDFH         LINE#         1259
  C:0CDFH         LINE#         1260
  C:0CDFH         LINE#         1261
  C:0CDFH         LINE#         1263
  C:0CDFH         LINE#         1264
  C:0CE2H         LINE#         1265
  C:0CE8H         LINE#         1266
  C:0CE8H         LINE#         1267
  C:0CECH         LINE#         1268
  C:0CEFH         LINE#         1270
  C:0CEFH         LINE#         1271
  C:0CF7H         LINE#         1273
  C:0CFAH         LINE#         1275
  C:0CFAH         LINE#         1278
  C:0D04H         LINE#         1279
  C:0D04H         LINE#         1280
  C:0D04H         LINE#         1282
  C:0D04H         LINE#         1284
  C:0D04H         LINE#         1286
  C:0D04H         LINE#         1287
  C:0D0EH         LINE#         1288
  C:0D0EH         LINE#         1289
  C:0D0EH         LINE#         1290
  -------         ENDPROC       MAIN
  -------         PROC          TIMER1_RPT
  C:192DH         LINE#         1299
  C:194AH         LINE#         1302
  C:1966H         LINE#         1304
  C:196CH         LINE#         1305
  C:1983H         LINE#         1306
  C:1983H         LINE#         1307
  C:198AH         LINE#         1308
  C:198FH         LINE#         1309
  C:198FH         LINE#         1310
  C:1997H         LINE#         1311
  C:19A3H         LINE#         1312
  C:19A3H         LINE#         1314
  C:19A8H         LINE#         1315
  C:19AFH         LINE#         1316
  C:19AFH         LINE#         1317
  C:19B5H         LINE#         1318
  C:19C4H         LINE#         1319
  C:19C4H         LINE#         1320
  C:19C8H         LINE#         1321
  C:19CDH         LINE#         1322
  C:19CDH         LINE#         1323
  -------         ENDPROC       TIMER1_RPT
  -------         PROC          UART1_RPT
  -------         DO            
  D:0007H         SYMBOL        i
  -------         ENDDO         
  C:2298H         LINE#         1332
  C:22AFH         LINE#         1337
  C:22B4H         LINE#         1338
BL51 BANKED LINKER/LOCATER V6.22                                                      01/29/2021  13:55:02  PAGE 28


  C:22B4H         LINE#         1339
  C:22B6H         LINE#         1340
  C:22B9H         LINE#         1341
  C:22BCH         LINE#         1342
  C:22BEH         LINE#         1343
  C:22BEH         LINE#         1344
  -------         ENDPROC       UART1_RPT
  -------         PROC          _FLASH_ERASEBLOCK
  D:0006H         SYMBOL        fui_Address
  C:25FEH         LINE#         1346
  C:25FEH         LINE#         1347
  C:25FEH         LINE#         1348
  C:25FEH         LINE#         1349
  C:25FEH         LINE#         1350
  C:2601H         LINE#         1351
  C:2603H         LINE#         1352
  C:2608H         LINE#         1353
  C:2608H         LINE#         1355
  C:260AH         LINE#         1356
  C:260CH         LINE#         1357
  C:2612H         LINE#         1358
  C:2616H         LINE#         1359
  C:261CH         LINE#         1360
  C:2622H         LINE#         1362
  -------         ENDPROC       _FLASH_ERASEBLOCK
  -------         PROC          _FLASH_WRITEDATA
  D:0007H         SYMBOL        fuc_SaveData
  D:0004H         SYMBOL        fui_Address
  C:25B1H         LINE#         1372
  C:25B1H         LINE#         1373
  C:25B1H         LINE#         1374
  C:25B1H         LINE#         1375
  C:25B1H         LINE#         1376
  C:25B4H         LINE#         1377
  C:25B6H         LINE#         1378
  C:25BBH         LINE#         1379
  C:25BBH         LINE#         1381
  C:25BDH         LINE#         1382
  C:25BFH         LINE#         1383
  C:25C1H         LINE#         1384
  C:25C7H         LINE#         1385
  C:25CBH         LINE#         1386
  C:25D1H         LINE#         1387
  C:25D7H         LINE#         1389
  -------         ENDPROC       _FLASH_WRITEDATA
  -------         PROC          SAVEVAR
  -------         DO            
  D:0007H         SYMBOL        i
  -------         ENDDO         
  C:1A83H         LINE#         1424
  C:1A83H         LINE#         1425
  C:1A83H         LINE#         1427
  C:1A85H         LINE#         1428
  C:1A88H         LINE#         1430
  C:1A93H         LINE#         1431
  C:1A9AH         LINE#         1432
  C:1A9EH         LINE#         1434
BL51 BANKED LINKER/LOCATER V6.22                                                      01/29/2021  13:55:02  PAGE 29


  C:1AA4H         LINE#         1435
  C:1AABH         LINE#         1436
  C:1AAEH         LINE#         1438
  C:1AB1H         LINE#         1439
  C:1AB3H         LINE#         1440
  C:1AB6H         LINE#         1442
  C:1AB9H         LINE#         1443
  C:1ABBH         LINE#         1444
  C:1ABEH         LINE#         1445
  C:1AC1H         LINE#         1446
  C:1AC3H         LINE#         1447
  C:1AC6H         LINE#         1449
  C:1ACBH         LINE#         1450
  C:1ACDH         LINE#         1451
  C:1AD0H         LINE#         1453
  C:1AD5H         LINE#         1454
  C:1AD7H         LINE#         1455
  C:1ADAH         LINE#         1457
  C:1AE0H         LINE#         1458
  C:1AE2H         LINE#         1459
  C:1AE5H         LINE#         1461
  C:1AEAH         LINE#         1462
  C:1AECH         LINE#         1463
  C:1AEFH         LINE#         1465
  C:1AF4H         LINE#         1466
  C:1AF6H         LINE#         1467
  C:1AF9H         LINE#         1469
  C:1AFEH         LINE#         1470
  C:1B00H         LINE#         1471
  C:1B03H         LINE#         1475
  C:1B05H         LINE#         1476
  C:1B0BH         LINE#         1477
  C:1B14H         LINE#         1478
  C:1B19H         LINE#         1480
  C:1B1BH         LINE#         1482
  -------         ENDPROC       SAVEVAR
  -------         ENDMOD        HC_MCU_XBR

  -------         MODULE        MCU_API
  C:0000H         SYMBOL        _ICE_DUMMY_
  C:2411H         PUBLIC        _uart_receive_input
  C:2795H         PUBLIC        mcu_reset_zigbee
  C:1FF5H         PUBLIC        _byte_to_int
  C:2771H         PUBLIC        mcu_network_start
  C:1623H         PUBLIC        _my_memcpy
  C:2377H         PUBLIC        _my_memset
  C:280FH         PUBLIC        _mcu_get_dp_download_value
  C:2118H         PUBLIC        _my_strlen
  C:1E7DH         PUBLIC        _mcu_dp_value_update
  C:2783H         PUBLIC        zigbee_protocol_init
  C:27EBH         PUBLIC        _mcu_get_dp_download_bool
  C:0EB7H         PUBLIC        zigbee_uart_service
  C:22D3H         PUBLIC        _mcu_dp_bool_update
  C:27F4H         PUBLIC        _mcu_get_dp_download_enum
  C:24D7H         PUBLIC        _mcu_dp_enum_update
  C:1C30H         SYMBOL        Com0048
  C:1C30H         SYMBOL        L?0073
BL51 BANKED LINKER/LOCATER V6.22                                                      01/29/2021  13:55:02  PAGE 30


  C:1C49H         SYMBOL        L?0074
  C:1C4EH         SYMBOL        L?0075
  C:1C55H         SYMBOL        L?0076
  C:1C63H         SYMBOL        L?0077
  C:1C63H         SYMBOL        L?0078
  C:1C6CH         SYMBOL        L?0079
  C:1C79H         SYMBOL        L?0081
  C:1C79H         SYMBOL        L?0082
  C:1C80H         SYMBOL        L?0084
  C:1C8AH         SYMBOL        L?0085
  C:1C94H         SYMBOL        L?0086
  C:1C9EH         SYMBOL        L?0087
  -------         PROC          COM0048
  -------         ENDPROC       COM0048
  -------         PROC          _MY_STRLEN
  D:001AH         SYMBOL        str
  -------         DO            
  D:001DH         SYMBOL        len
  -------         ENDDO         
  C:2118H         LINE#         47
  C:211EH         LINE#         48
  C:211EH         LINE#         49
  C:2121H         LINE#         50
  C:2126H         LINE#         51
  C:2126H         LINE#         52
  C:212BH         LINE#         53
  C:212BH         LINE#         55
  C:2138H         LINE#         56
  C:2138H         LINE#         57
  C:2150H         LINE#         58
  C:2152H         LINE#         60
  C:215AH         LINE#         61
  -------         ENDPROC       _MY_STRLEN
  -------         PROC          _MY_MEMSET
  D:0026H         SYMBOL        src
  D:0005H         SYMBOL        ch
  D:002AH         SYMBOL        count
  -------         DO            
  D:002CH         SYMBOL        tmp
  -------         ENDDO         
  C:2377H         LINE#         70
  C:237DH         LINE#         71
  C:237DH         LINE#         72
  C:2383H         LINE#         74
  C:2388H         LINE#         75
  C:2388H         LINE#         76
  C:238CH         LINE#         77
  C:238CH         LINE#         79
  C:2399H         LINE#         80
  C:2399H         LINE#         81
  C:23A2H         LINE#         82
  C:23A4H         LINE#         84
  C:23AAH         LINE#         85
  -------         ENDPROC       _MY_MEMSET
  -------         PROC          _MY_MEMCPY
  D:0021H         SYMBOL        dest
  D:0024H         SYMBOL        src
BL51 BANKED LINKER/LOCATER V6.22                                                      01/29/2021  13:55:02  PAGE 31


  D:0027H         SYMBOL        count
  -------         DO            
  D:0029H         SYMBOL        pdest
  D:002CH         SYMBOL        psrc
  D:002FH         SYMBOL        i
  -------         ENDDO         
  C:1623H         LINE#         94
  C:1629H         LINE#         95
  C:1629H         LINE#         96
  C:162FH         LINE#         97
  C:1638H         LINE#         100
  C:1645H         LINE#         101
  C:1645H         LINE#         102
  C:164CH         LINE#         103
  C:164CH         LINE#         105
  C:1676H         LINE#         106
  C:1676H         LINE#         107
  C:1686H         LINE#         108
  C:1686H         LINE#         109
  C:169EH         LINE#         110
  C:16A8H         LINE#         111
  C:16A8H         LINE#         113
  C:16A8H         LINE#         114
  C:16B9H         LINE#         115
  C:16B9H         LINE#         116
  C:16D7H         LINE#         117
  C:16E1H         LINE#         118
  C:16E1H         LINE#         120
  C:16E7H         LINE#         121
  -------         ENDPROC       _MY_MEMCPY
  -------         PROC          _BYTE_TO_INT
  D:0001H         SYMBOL        value
  -------         DO            
  D:0029H         SYMBOL        nubmer
  -------         ENDDO         
  C:1FF5H         LINE#         174
  C:1FF5H         LINE#         175
  C:1FF5H         LINE#         176
  C:1FFEH         LINE#         178
  C:200BH         LINE#         179
  C:2016H         LINE#         180
  C:2019H         LINE#         181
  C:201EH         LINE#         182
  C:2021H         LINE#         183
  C:2026H         LINE#         184
  C:203EH         LINE#         186
  C:203FH         LINE#         187
  -------         ENDPROC       _BYTE_TO_INT
  -------         PROC          MCU_RESET_ZIGBEE
  -------         DO            
  D:0004H         SYMBOL        length
  -------         ENDDO         
  C:2795H         LINE#         196
  C:2795H         LINE#         197
  C:2795H         LINE#         198
  C:2798H         LINE#         200
  C:27A1H         LINE#         201
BL51 BANKED LINKER/LOCATER V6.22                                                      01/29/2021  13:55:02  PAGE 32


  -------         ENDPROC       MCU_RESET_ZIGBEE
  -------         PROC          MCU_NETWORK_START
  -------         DO            
  D:0004H         SYMBOL        length
  -------         ENDDO         
  C:2771H         LINE#         211
  C:2771H         LINE#         212
  C:2771H         LINE#         213
  C:2774H         LINE#         215
  C:277EH         LINE#         216
  -------         ENDPROC       MCU_NETWORK_START
  C:22FEH         SYMBOL        L?0080
  -------         PROC          _MCU_DP_BOOL_UPDATE
  D:0003H         SYMBOL        dpid
  D:0024H         SYMBOL        value
  -------         DO            
  D:0004H         SYMBOL        length
  -------         ENDDO         
  C:22D3H         LINE#         250
  C:22D5H         LINE#         251
  C:22D5H         LINE#         252
  C:22D5H         LINE#         254
  C:22D8H         LINE#         255
[...]
  C:0D76H         LINE#         268
  C:0D7DH         LINE#         269
  C:0D98H         LINE#         271
  C:0DABH         LINE#         273
  C:0DABH         LINE#         274
  C:0DABH         LINE#         275
  C:0DB1H         LINE#         276
  C:0DB9H         LINE#         277
  C:0DB9H         LINE#         278
  C:0DC4H         LINE#         279
  C:0DC4H         LINE#         281
  C:0DD9H         LINE#         282
  C:0DD9H         LINE#         283
  C:0DD9H         LINE#         284
  C:0DD9H         LINE#         286
  C:0DE6H         LINE#         287
  C:0DFDH         LINE#         288
  C:0DFFH         LINE#         290
  C:0E10H         LINE#         291
  C:0E17H         LINE#         292
  C:0E26H         LINE#         293
  C:0E2EH         LINE#         294
  C:0E2EH         LINE#         295
  C:0E34H         LINE#         296
BL51 BANKED LINKER/LOCATER V6.22                                                      01/29/2021  13:55:02  PAGE 52


  C:0E34H         LINE#         297
  C:0E4CH         LINE#         298
  C:0E4EH         LINE#         300
  C:0E4EH         LINE#         301
  C:0E55H         LINE#         302
  C:0E55H         LINE#         303
  C:0E5BH         LINE#         304
  C:0E62H         LINE#         305
  C:0E64H         LINE#         306
  C:0E64H         LINE#         307
  C:0E64H         LINE#         308
  C:0E64H         LINE#         311
  C:0E7DH         LINE#         312
  C:0E7DH         LINE#         313
  C:0E98H         LINE#         314
  C:0EA1H         LINE#         315
  C:0EA8H         LINE#         316
  C:0EB0H         LINE#         317
  C:0EB6H         LINE#         318
  -------         ENDPROC       _ZIGBEE_TIME_CONVERT
  -------         PROC          _ZIGBEE_OTA_END_REQ_SEND
  D:0019H         SYMBOL        status
  -------         DO            
  D:0004H         SYMBOL        length
  D:001AH         SYMBOL        pid_len
  D:001CH         SYMBOL        pid
  -------         ENDDO         
  C:2040H         LINE#         392
  C:2042H         LINE#         393
  C:2042H         LINE#         394
  C:2049H         LINE#         397
  C:2052H         LINE#         399
  C:2058H         LINE#         400
  C:2065H         LINE#         401
  C:2065H         LINE#         402
  C:2076H         LINE#         403
  C:2078H         LINE#         405
  C:2085H         LINE#         406
  -------         ENDPROC       _ZIGBEE_OTA_END_REQ_SEND
  C:1C10H         SYMBOL        L?0111
  C:1C20H         SYMBOL        L?0117
  -------         PROC          PRODUCT_INFO_CMD_HANDLE
  -------         DO            
  D:0019H         SYMBOL        length
  -------         ENDDO         
  C:1BA8H         LINE#         419
  C:1BA8H         LINE#         420
  C:1BA8H         LINE#         421
  C:1BABH         LINE#         423
  C:1BBBH         LINE#         424
  C:1BCBH         LINE#         425
  C:1BDBH         LINE#         426
  C:1BEBH         LINE#         427
  C:1C07H         LINE#         429
  C:1C10H         LINE#         430
  -------         ENDPROC       PRODUCT_INFO_CMD_HANDLE
  -------         PROC          _ZIGBEE_STATE_CMD_HANDLE
BL51 BANKED LINKER/LOCATER V6.22                                                      01/29/2021  13:55:02  PAGE 53


  D:0007H         SYMBOL        current_state
  -------         DO            
  D:0019H         SYMBOL        temp
  -------         ENDDO         
  C:27E1H         LINE#         438
  C:27E1H         LINE#         439
  C:27E1H         LINE#         440
  C:27E3H         LINE#         441
  -------         ENDPROC       _ZIGBEE_STATE_CMD_HANDLE
  -------         PROC          ZIGBEE_CFG_CMD_HANDLE
  C:0022H         LINE#         450
  C:0022H         LINE#         451
  C:0022H         LINE#         453
  -------         ENDPROC       ZIGBEE_CFG_CMD_HANDLE
  -------         PROC          _ZIGBEE_DATA_POINT_HANDLE
  D:0001H         SYMBOL        value
  -------         DO            
  D:0004H         SYMBOL        dp_id
  D:0007H         SYMBOL        index
  D:0019H         SYMBOL        dp_type
  D:0007H         SYMBOL        ret
  D:001AH         SYMBOL        dp_len
  -------         ENDDO         
  C:1FA5H         LINE#         461
  C:1FA5H         LINE#         462
  C:1FA5H         LINE#         468
  C:1FA9H         LINE#         469
  C:1FB1H         LINE#         470
  C:1FBCH         LINE#         471
  C:1FCBH         LINE#         474
  C:1FD0H         LINE#         476
  C:1FDFH         LINE#         477
  C:1FDFH         LINE#         479
  C:1FE2H         LINE#         480
  C:1FE2H         LINE#         482
  C:1FE2H         LINE#         483
  C:1FF4H         LINE#         484
  C:1FF4H         LINE#         486
  C:1FF4H         LINE#         487
  -------         ENDPROC       _ZIGBEE_DATA_POINT_HANDLE
  -------         PROC          _ZIGBEE_DATA_RSP_HANDLE
  D:0007H         SYMBOL        rsp_status
  -------         DO            
  D:0019H         SYMBOL        temp
  -------         ENDDO         
  C:2838H         LINE#         495
  C:2838H         LINE#         496
  C:2838H         LINE#         499
  C:283AH         LINE#         500
  -------         ENDPROC       _ZIGBEE_DATA_RSP_HANDLE
  -------         PROC          ZIGBEE_OTA_VER_REQ_HANDLE
  -------         DO            
  D:0019H         SYMBOL        length
  -------         ENDDO         
  C:2685H         LINE#         544
  C:2685H         LINE#         545
  C:2685H         LINE#         546
BL51 BANKED LINKER/LOCATER V6.22                                                      01/29/2021  13:55:02  PAGE 54


  C:268AH         LINE#         547
  C:269AH         LINE#         548
  -------         ENDPROC       ZIGBEE_OTA_VER_REQ_HANDLE
  C:218FH         SYMBOL        L?0129
  -------         PROC          GET_CURRENT_MCU_FW_VER
  -------         DO            
  D:001BH         SYMBOL        fw_ver
  D:001EH         SYMBOL        current_mcu_fw_ver
  -------         ENDDO         
  C:215BH         LINE#         551
  C:215BH         LINE#         552
  C:215BH         LINE#         553
  C:2167H         LINE#         554
  C:216AH         LINE#         555
  C:2179H         LINE#         556
  C:2184H         LINE#         557
  C:218CH         LINE#         558
  C:218EH         LINE#         559
  -------         ENDPROC       GET_CURRENT_MCU_FW_VER
  -------         PROC          _ASSIC_TO_HEX
  D:0007H         SYMBOL        assic_num
  C:270CH         LINE#         561
  C:270CH         LINE#         562
  C:270CH         LINE#         563
  C:2717H         LINE#         564
  C:271AH         LINE#         566
  C:2721H         LINE#         567
  -------         ENDPROC       _ASSIC_TO_HEX
  -------         PROC          _ZIGBEE_TIME_GET_HANDLE
  D:0001H         SYMBOL        data0
  D:0019H         SYMBOL        data_len
  -------         DO            
  D:001AH         SYMBOL        time1
  D:001EH         SYMBOL        time2
  X:00F3H         SYMBOL        localTime
  X:00FBH         SYMBOL        utcTime
  D:0022H         SYMBOL        i
  D:0023H         SYMBOL        ptr
  -------         ENDDO         
  C:17ACH         LINE#         600
  C:17AEH         LINE#         601
  C:17AEH         LINE#         602
  C:17BFH         LINE#         604
  C:17C1H         LINE#         605
  C:17C7H         LINE#         607
  C:17D1H         LINE#         608
  C:17D1H         LINE#         610
  C:17D1H         LINE#         612
  C:17E2H         LINE#         613
  C:17F1H         LINE#         615
  C:17F4H         LINE#         616
  C:17F4H         LINE#         617
  C:17FCH         LINE#         618
  C:1807H         LINE#         619
  C:180EH         LINE#         620
  C:1816H         LINE#         622
  C:1819H         LINE#         623
BL51 BANKED LINKER/LOCATER V6.22                                                      01/29/2021  13:55:02  PAGE 55


  C:1819H         LINE#         624
  C:1821H         LINE#         625
  C:182CH         LINE#         626
  C:1833H         LINE#         627
  C:183BH         LINE#         629
  C:184CH         LINE#         630
  C:185DH         LINE#         632
  C:1866H         LINE#         633
  C:186EH         LINE#         634
  -------         ENDPROC       _ZIGBEE_TIME_GET_HANDLE
  -------         PROC          _SET_ZIGBEE_STATE
  D:0007H         SYMBOL        state
  C:2560H         LINE#         642
  C:2560H         LINE#         643
  C:2560H         LINE#         644
  C:2565H         LINE#         645
  C:2567H         LINE#         646
  C:2567H         LINE#         647
  C:2569H         LINE#         648
  C:256AH         LINE#         649
  C:2571H         LINE#         650
  C:2571H         LINE#         651
  C:2574H         LINE#         652
  C:2577H         LINE#         653
  C:257AH         LINE#         654
  C:257AH         LINE#         655
  C:2581H         LINE#         656
  C:2581H         LINE#         657
  C:2584H         LINE#         658
  C:2585H         LINE#         660
  C:2585H         LINE#         661
  C:2588H         LINE#         662
  C:2588H         LINE#         663
  -------         ENDPROC       _SET_ZIGBEE_STATE
  -------         PROC          _DATA_HANDLE
  D:0011H         SYMBOL        offset
  -------         DO            
  D:0005H         SYMBOL        cmd_type
  D:0013H         SYMBOL        total_len
  D:0006H         SYMBOL        seq_num
  -------         DO            
  D:0015H         SYMBOL        current_state
  D:0015H         SYMBOL        current_state
  D:0015H         SYMBOL        i
  D:0016H         SYMBOL        ret
  D:0017H         SYMBOL        dp_len
  D:0015H         SYMBOL        rsp_status
  -------         ENDDO         
  -------         DO            
  D:0015H         SYMBOL        current_state
  D:0015H         SYMBOL        i
  D:0016H         SYMBOL        ret
  D:0017H         SYMBOL        dp_len
  D:0015H         SYMBOL        rsp_status
  -------         ENDDO         
  -------         DO            
  D:0015H         SYMBOL        i
BL51 BANKED LINKER/LOCATER V6.22                                                      01/29/2021  13:55:02  PAGE 56


  D:0016H         SYMBOL        ret
  D:0017H         SYMBOL        dp_len
  D:0015H         SYMBOL        rsp_status
  -------         ENDDO         
  -------         DO            
  D:0015H         SYMBOL        rsp_status
  -------         ENDDO         
  -------         ENDDO         
  C:11BEH         LINE#         683
  C:11C2H         LINE#         684
  C:11C2H         LINE#         685
  C:11C3H         LINE#         686
  C:11C7H         LINE#         688
  C:11D5H         LINE#         689
  C:11E7H         LINE#         690
  C:11FDH         LINE#         692
  C:120DH         LINE#         693
  C:121FH         LINE#         694
  C:1222H         LINE#         696
  C:124EH         LINE#         697
  C:124EH         LINE#         698
  C:124EH         LINE#         699
  C:124EH         LINE#         700
  C:124EH         LINE#         701
  C:1254H         LINE#         702
  C:1254H         LINE#         703
  C:1254H         LINE#         704
  C:1254H         LINE#         706
  C:1257H         LINE#         707
  C:1257H         LINE#         708
  C:1257H         LINE#         710
  C:125AH         LINE#         711
  C:125AH         LINE#         712
  C:125AH         LINE#         713
  C:125DH         LINE#         714
  C:125DH         LINE#         716
  C:125DH         LINE#         717
  C:125DH         LINE#         718
  C:125DH         LINE#         719
  C:1263H         LINE#         720
  C:1268H         LINE#         721
  C:1268H         LINE#         722
  C:1268H         LINE#         724
  C:1268H         LINE#         725
  C:126BH         LINE#         726
  C:126BH         LINE#         728
  C:126BH         LINE#         729
  C:126BH         LINE#         730
  C:126EH         LINE#         731
  C:1272H         LINE#         733
  C:1281H         LINE#         734
  C:1281H         LINE#         735
  C:1299H         LINE#         736
  C:12ADH         LINE#         738
  C:12BBH         LINE#         740
  C:12C0H         LINE#         741
  C:12C0H         LINE#         743
BL51 BANKED LINKER/LOCATER V6.22                                                      01/29/2021  13:55:02  PAGE 57


  C:12C3H         LINE#         744
  C:12C3H         LINE#         746
  C:12C3H         LINE#         748
  C:12C3H         LINE#         749
  C:12CBH         LINE#         750
  C:12CDH         LINE#         751
  C:12CDH         LINE#         752
  C:12CDH         LINE#         754
  C:12CDH         LINE#         755
  C:12CDH         LINE#         756
  C:12CDH         LINE#         757
  C:12CDH         LINE#         758
  C:12D3H         LINE#         759
  C:12D3H         LINE#         760
  C:12D3H         LINE#         775
  C:12D3H         LINE#         776
  C:12D3H         LINE#         780
  C:12D3H         LINE#         781
  C:12D3H         LINE#         782
  C:12D3H         LINE#         783
  C:12D3H         LINE#         784
  C:12D6H         LINE#         785
  C:12D6H         LINE#         786
  C:12D6H         LINE#         788
  C:12D6H         LINE#         789
  C:12D6H         LINE#         791
  C:12DDH         LINE#         792
  C:12E2H         LINE#         793
  C:12E9H         LINE#         794
  C:12ECH         LINE#         795
  C:12ECH         LINE#         796
  C:12ECH         LINE#         798
  C:12ECH         LINE#         799
  C:12ECH         LINE#         801
  C:12ECH         LINE#         802
  C:12ECH         LINE#         803
  C:12ECH         LINE#         804
  C:12F4H         LINE#         805
  C:12F4H         LINE#         807
  C:12F4H         LINE#         808
  C:12F4H         LINE#         809
  C:12F4H         LINE#         810
  -------         ENDPROC       _DATA_HANDLE
  -------         ENDMOD        SYSTEM

  -------         MODULE        ?C?FPADD
  C:002DH         PUBLIC        ?C?FPADD
  C:0029H         PUBLIC        ?C?FPSUB
  -------         ENDMOD        ?C?FPADD

  -------         MODULE        ?C?FPDIV
  C:0121H         PUBLIC        ?C?FPDIV
  -------         ENDMOD        ?C?FPDIV

  -------         MODULE        ?C?FCAST
  C:01C8H         PUBLIC        ?C?FCASTC
  C:01C3H         PUBLIC        ?C?FCASTI
BL51 BANKED LINKER/LOCATER V6.22                                                      01/29/2021  13:55:02  PAGE 58


  C:01BEH         PUBLIC        ?C?FCASTL
  -------         ENDMOD        ?C?FCAST

  -------         MODULE        ?C?CASTF
  C:01FCH         PUBLIC        ?C?CASTF
  -------         ENDMOD        ?C?CASTF

  -------         MODULE        ?C?COPY
  C:034DH         PUBLIC        ?C?COPY
  -------         ENDMOD        ?C?COPY

  -------         MODULE        ?C?CLDPTR
  C:0373H         PUBLIC        ?C?CLDPTR
  -------         ENDMOD        ?C?CLDPTR

  -------         MODULE        ?C?CLDOPTR
  C:038CH         PUBLIC        ?C?CLDOPTR
  -------         ENDMOD        ?C?CLDOPTR

  -------         MODULE        ?C?CSTPTR
  C:03B9H         PUBLIC        ?C?CSTPTR
  -------         ENDMOD        ?C?CSTPTR

  -------         MODULE        ?C?CSTOPTR
  C:03CBH         PUBLIC        ?C?CSTOPTR
  -------         ENDMOD        ?C?CSTOPTR

  -------         MODULE        ?C?IMUL
  C:03EDH         PUBLIC        ?C?IMUL
  -------         ENDMOD        ?C?IMUL

  -------         MODULE        ?C?IILDX
  C:03FFH         PUBLIC        ?C?IILDX
  -------         ENDMOD        ?C?IILDX

  -------         MODULE        ?C?LADD
  C:0415H         PUBLIC        ?C?LADD
  -------         ENDMOD        ?C?LADD

  -------         MODULE        ?C?LSUB
  C:0422H         PUBLIC        ?C?LSUB
  -------         ENDMOD        ?C?LSUB

  -------         MODULE        ?C?LMUL
  C:0430H         PUBLIC        ?C?LMUL
  -------         ENDMOD        ?C?LMUL

  -------         MODULE        ?C?ULDIV
  C:04BBH         PUBLIC        ?C?ULDIV
  -------         ENDMOD        ?C?ULDIV

  -------         MODULE        ?C?LNEG
  C:054DH         PUBLIC        ?C?LNEG
  -------         ENDMOD        ?C?LNEG

  -------         MODULE        ?C?SLCMP
  C:055BH         PUBLIC        ?C?SLCMP
BL51 BANKED LINKER/LOCATER V6.22                                                      01/29/2021  13:55:02  PAGE 59


  -------         ENDMOD        ?C?SLCMP

  -------         MODULE        ?C?ULCMP
  C:0571H         PUBLIC        ?C?ULCMP
  -------         ENDMOD        ?C?ULCMP

  -------         MODULE        ?C?ULSHR
  C:0582H         PUBLIC        ?C?ULSHR
  -------         ENDMOD        ?C?ULSHR

  -------         MODULE        ?C?LSHL
  C:0595H         PUBLIC        ?C?LSHL
  -------         ENDMOD        ?C?LSHL

  -------         MODULE        ?C?LLDXDATA
  C:05A8H         PUBLIC        ?C?LLDXDATA
  -------         ENDMOD        ?C?LLDXDATA

  -------         MODULE        ?C?LLDXDATA0
  C:05B4H         PUBLIC        ?C?LLDXDATA0
  -------         ENDMOD        ?C?LLDXDATA0

  -------         MODULE        ?C?LSTXDATA
  C:05C0H         PUBLIC        ?C?LSTXDATA
  -------         ENDMOD        ?C?LSTXDATA

  -------         MODULE        ?C?LSTKXDATA
  C:05CCH         PUBLIC        ?C?LSTKXDATA
  -------         ENDMOD        ?C?LSTKXDATA

  -------         MODULE        ?C?OFFXADD
  C:05FDH         PUBLIC        ?C?OFFXADD
  -------         ENDMOD        ?C?OFFXADD

  -------         MODULE        ?C?PLDIIDATA
  C:0609H         PUBLIC        ?C?PLDIIDATA
  -------         ENDMOD        ?C?PLDIIDATA

  -------         MODULE        ?C?CCASE
  C:0619H         PUBLIC        ?C?CCASE
  -------         ENDMOD        ?C?CCASE



FUNCTION REGISTER MASKS


FUNCTION . . . . . . . . . . . . REG MASK
-----------------------------------------

ADC_INIT . . . . . . . . . . . . @0xf30f
GET_DOWNLOAD_CMD_TOTAL . . . . . @0x8001
GET_QUEUE_TOTAL_DATA . . . . . . @0xe063
GPIO_INIT. . . . . . . . . . . . @0xe300
IAR_SOFT_RST_NO_OPTION . . . . . @0xc000
IAR_SOFT_RST_OPTION. . . . . . . @0xc000
INITSYS. . . . . . . . . . . . . @0xe300
BL51 BANKED LINKER/LOCATER V6.22                                                      01/29/2021  13:55:02  PAGE 60


QUEUE_READ_BYTE. . . . . . . . . @0xfff1
RESET_DEFAULT_PARAMETER. . . . . @0x8000
TIMER_INIT . . . . . . . . . . . @0xe300
TUYA_RETRY_OTA . . . . . . . . . @0x8000
UART1_INIT . . . . . . . . . . . @0xe300
UART1_RPT. . . . . . . . . . . . @0xfff1
ZIGBEE_PROTOCOL_INIT . . . . . . @0xe060
_ASSIC_TO_HEX. . . . . . . . . . @0xf401
_BYTE_TO_INT . . . . . . . . . . @0xf38f
_DELAY_US. . . . . . . . . . . . @0xf00c
_FLASH_ERASEBLOCK. . . . . . . . @0xe000
_FLASH_READARR . . . . . . . . . @0xfff7
_FLASH_WRITEDATA . . . . . . . . @0xe000
_GET_CHECK_SUM . . . . . . . . . @0xfffd
_MCU_GET_DP_DOWNLOAD_BOOL. . . . @0xb301
_MCU_GET_DP_DOWNLOAD_ENUM. . . . @0xb301
_MCU_GET_DP_DOWNLOAD_VALUE . . . @0xf38f
_MCU_WRITE_RTCTIME . . . . . . . @0x8000
_MY_MEMCPY . . . . . . . . . . . @0xf3f3
_MY_MEMSET . . . . . . . . . . . @0xfff2
_READ_AD . . . . . . . . . . . . @0xf07f
_SEND_DATA . . . . . . . . . . . @0xe000
_SET_ZIGBEE_UART_BUFFER. . . . . @0xf3ff
_SET_ZIGBEE_UART_BYTE. . . . . . @0xf373
_UART_RECEIVE_INPUT. . . . . . . @0xfff0
_UART_TRANSMIT_OUTPUT. . . . . . @0xe000

Program Size: data=82.0 xdata=318 code=10299
LINK/LOCATE RUN COMPLETE.  0 WARNING(S),  0 ERROR(S)
