BL51 BANKED LINKER/LOCATER V6.22                                                        02/05/2021  12:51:58  PAGE 1


BL51 BANKED LINKER/LOCATER V6.22, INVOKED BY:
D:\CCCC2020\TOOL\KEIL\C51\BIN\BL51.EXE .\Objects\STARTUP.obj, .\Objects\HC-MCU-XBR.obj, .\Objects\mcu_api.obj, .\Objects
>> \protocol.obj, .\Objects\system.obj TO .\Objects\HC-MCU-XBR REGFILE (.\Objects\HC-MCU-XBR.ORC) PRINT (.\Listings\HC-M
>> CU-XBR.m51) RAMSIZE (256) CODE (0X0000-0X2E80) XDATA (0X0000-0X07FF)


MEMORY MODEL: SMALL WITH FLOATING POINT ARITHMETIC


INPUT MODULES INCLUDED:
  .\Objects\STARTUP.obj (?C_STARTUP)
  .\Objects\HC-MCU-XBR.obj (HC_MCU_XBR)
  .\Objects\mcu_api.obj (MCU_API)
  .\Objects\protocol.obj (PROTOCOL)
  .\Objects\system.obj (SYSTEM)
  D:\CCCC2020\TOOL\KEIL\C51\LIB\C51FPS.LIB (?C?FPADD)
  D:\CCCC2020\TOOL\KEIL\C51\LIB\C51FPS.LIB (?C?FPDIV)
  D:\CCCC2020\TOOL\KEIL\C51\LIB\C51FPS.LIB (?C?FCAST)
  D:\CCCC2020\TOOL\KEIL\C51\LIB\C51FPS.LIB (?C?CASTF)
  D:\CCCC2020\TOOL\KEIL\C51\LIB\C51FPS.LIB (?C?FPGETOPN)
  D:\CCCC2020\TOOL\KEIL\C51\LIB\C51S.LIB (?C_INIT)
  D:\CCCC2020\TOOL\KEIL\C51\LIB\C51S.LIB (?C?COPY)
  D:\CCCC2020\TOOL\KEIL\C51\LIB\C51S.LIB (?C?CLDPTR)
  D:\CCCC2020\TOOL\KEIL\C51\LIB\C51S.LIB (?C?CLDOPTR)
  D:\CCCC2020\TOOL\KEIL\C51\LIB\C51S.LIB (?C?CILDOPTR)
  D:\CCCC2020\TOOL\KEIL\C51\LIB\C51S.LIB (?C?CSTPTR)
  D:\CCCC2020\TOOL\KEIL\C51\LIB\C51S.LIB (?C?CSTOPTR)
  D:\CCCC2020\TOOL\KEIL\C51\LIB\C51S.LIB (?C?IMUL)
  D:\CCCC2020\TOOL\KEIL\C51\LIB\C51S.LIB (?C?IILDX)
  D:\CCCC2020\TOOL\KEIL\C51\LIB\C51S.LIB (?C?ILDPTR)
  D:\CCCC2020\TOOL\KEIL\C51\LIB\C51S.LIB (?C?IILDPTR)
  D:\CCCC2020\TOOL\KEIL\C51\LIB\C51S.LIB (?C?ISTPTR)
  D:\CCCC2020\TOOL\KEIL\C51\LIB\C51S.LIB (?C?ISTOPTR)
  D:\CCCC2020\TOOL\KEIL\C51\LIB\C51S.LIB (?C?LADD)
  D:\CCCC2020\TOOL\KEIL\C51\LIB\C51S.LIB (?C?LSUB)
  D:\CCCC2020\TOOL\KEIL\C51\LIB\C51S.LIB (?C?LMUL)
  D:\CCCC2020\TOOL\KEIL\C51\LIB\C51S.LIB (?C?ULDIV)
  D:\CCCC2020\TOOL\KEIL\C51\LIB\C51S.LIB (?C?LNEG)
  D:\CCCC2020\TOOL\KEIL\C51\LIB\C51S.LIB (?C?SLCMP)
  D:\CCCC2020\TOOL\KEIL\C51\LIB\C51S.LIB (?C?ULCMP)
  D:\CCCC2020\TOOL\KEIL\C51\LIB\C51S.LIB (?C?ULSHR)
  D:\CCCC2020\TOOL\KEIL\C51\LIB\C51S.LIB (?C?LSHL)
  D:\CCCC2020\TOOL\KEIL\C51\LIB\C51S.LIB (?C?LLDXDATA)
  D:\CCCC2020\TOOL\KEIL\C51\LIB\C51S.LIB (?C?LLDXDATA0)
  D:\CCCC2020\TOOL\KEIL\C51\LIB\C51S.LIB (?C?LSTXDATA)
  D:\CCCC2020\TOOL\KEIL\C51\LIB\C51S.LIB (?C?LSTKXDATA)
  D:\CCCC2020\TOOL\KEIL\C51\LIB\C51S.LIB (?C?OFFXADD)
  D:\CCCC2020\TOOL\KEIL\C51\LIB\C51S.LIB (?C?PLDIIDATA)
  D:\CCCC2020\TOOL\KEIL\C51\LIB\C51S.LIB (?C?CCASE)


LINK MAP OF MODULE:  .\Objects\HC-MCU-XBR (?C_STARTUP)


            TYPE    BASE      LENGTH    RELOCATION   SEGMENT NAME
            -----------------------------------------------------

            * * * * * * *   D A T A   M E M O R Y   * * * * * * *
BL51 BANKED LINKER/LOCATER V6.22                                                      02/05/2021  12:51:58  PAGE 2


            REG     0000H     0008H     ABSOLUTE     "REG BANK 0"
            DATA    0008H     0045H     UNIT         _DATA_GROUP_
            DATA    004DH     0017H     UNIT         ?DT?SYSTEM
            DATA    0064H     000DH     UNIT         ?DT?HC_MCU_XBR
            DATA    0071H     0002H     UNIT         ?DT?MCU_API
            IDATA   0073H     0004H     UNIT         ?ID?HC_MCU_XBR
            IDATA   0077H     0001H     UNIT         ?STACK

            * * * * * * *  X D A T A   M E M O R Y  * * * * * * *
            XDATA   0000H     0072H     UNIT         ?XD?SYSTEM
            XDATA   0072H     0062H     UNIT         ?XD?HC_MCU_XBR
            XDATA   00D4H     0027H     UNIT         ?XD?PROTOCOL
                    00FBH     FD85H                  *** GAP ***
            XDATA   FE80H     0001H     ABSOLUTE     
                    FE81H     0004H                  *** GAP ***
            XDATA   FE85H     0001H     ABSOLUTE     
                    FE86H     0002H                  *** GAP ***
            XDATA   FE88H     0001H     ABSOLUTE     
            XDATA   FE89H     0001H     ABSOLUTE     
            XDATA   FE8AH     0001H     ABSOLUTE     
                    FE8BH     0006H                  *** GAP ***
            XDATA   FE91H     0001H     ABSOLUTE     
            XDATA   FE92H     0001H     ABSOLUTE     
            XDATA   FE93H     0001H     ABSOLUTE     
            XDATA   FE94H     0001H     ABSOLUTE     
            XDATA   FE95H     0001H     ABSOLUTE     
                    FE96H     0002H                  *** GAP ***
            XDATA   FE98H     0001H     ABSOLUTE     
                    FE99H     0002H                  *** GAP ***
            XDATA   FE9BH     0001H     ABSOLUTE     
                    FE9CH     0004H                  *** GAP ***
            XDATA   FEA0H     0001H     ABSOLUTE     
                    FEA1H     0001H                  *** GAP ***
            XDATA   FEA2H     0001H     ABSOLUTE     
                    FEA3H     0001H                  *** GAP ***
            XDATA   FEA4H     0001H     ABSOLUTE     
            XDATA   FEA5H     0001H     ABSOLUTE     
                    FEA6H     0001H                  *** GAP ***
            XDATA   FEA7H     0001H     ABSOLUTE     
                    FEA8H     0002H                  *** GAP ***
            XDATA   FEAAH     0001H     ABSOLUTE     
                    FEABH     0005H                  *** GAP ***
            XDATA   FEB0H     0001H     ABSOLUTE     
            XDATA   FEB1H     0001H     ABSOLUTE     
            XDATA   FEB2H     0001H     ABSOLUTE     
            XDATA   FEB3H     0001H     ABSOLUTE     
                    FEB4H     0004H                  *** GAP ***
            XDATA   FEB8H     0001H     ABSOLUTE     
            XDATA   FEB9H     0001H     ABSOLUTE     
                    FEBAH     0002H                  *** GAP ***
            XDATA   FEBCH     0001H     ABSOLUTE     
                    FEBDH     0043H                  *** GAP ***
            XDATA   FF00H     0001H     ABSOLUTE     
            XDATA   FF01H     0001H     ABSOLUTE     
            XDATA   FF02H     0001H     ABSOLUTE     
            XDATA   FF03H     0001H     ABSOLUTE     
                    FF04H     0001H                  *** GAP ***
BL51 BANKED LINKER/LOCATER V6.22                                                      02/05/2021  12:51:58  PAGE 3


            XDATA   FF05H     0001H     ABSOLUTE     
                    FF06H     0002H                  *** GAP ***
            XDATA   FF08H     0001H     ABSOLUTE     
                    FF09H     0007H                  *** GAP ***
            XDATA   FF10H     0001H     ABSOLUTE     
            XDATA   FF11H     0001H     ABSOLUTE     
            XDATA   FF12H     0001H     ABSOLUTE     
            XDATA   FF13H     0001H     ABSOLUTE     
                    FF14H     002CH                  *** GAP ***
            XDATA   FF40H     0001H     ABSOLUTE     
            XDATA   FF41H     0001H     ABSOLUTE     
            XDATA   FF42H     0001H     ABSOLUTE     
                    FF43H     003DH                  *** GAP ***
            XDATA   FF80H     0001H     ABSOLUTE     
            XDATA   FF81H     0001H     ABSOLUTE     
                    FF82H     0001H                  *** GAP ***
            XDATA   FF83H     0001H     ABSOLUTE     
            XDATA   FF84H     0001H     ABSOLUTE     
            XDATA   FF85H     0001H     ABSOLUTE     
                    FF86H     0009H                  *** GAP ***
            XDATA   FF8FH     0001H     ABSOLUTE     
            XDATA   FF90H     0001H     ABSOLUTE     
            XDATA   FF91H     0001H     ABSOLUTE     
                    FF92H     0002H                  *** GAP ***
            XDATA   FF94H     0001H     ABSOLUTE     
            XDATA   FF95H     0001H     ABSOLUTE     
                    FF96H     0002H                  *** GAP ***
            XDATA   FF98H     0001H     ABSOLUTE     
            XDATA   FF99H     0001H     ABSOLUTE     
                    FF9AH     0002H                  *** GAP ***
            XDATA   FF9CH     0001H     ABSOLUTE     
                    FF9DH     0003H                  *** GAP ***
            XDATA   FFA0H     0001H     ABSOLUTE     
            XDATA   FFA1H     0001H     ABSOLUTE     
                    FFA2H     0002H                  *** GAP ***
            XDATA   FFA4H     0001H     ABSOLUTE     
            XDATA   FFA5H     0001H     ABSOLUTE     
            XDATA   FFA6H     0001H     ABSOLUTE     
            XDATA   FFA7H     0001H     ABSOLUTE     
            XDATA   FFA8H     0001H     ABSOLUTE     
            XDATA   FFA9H     0001H     ABSOLUTE     

            * * * * * * *   C O D E   M E M O R Y   * * * * * * *
            CODE    0000H     0003H     ABSOLUTE     
            CODE    0003H     0017H     UNIT         ?PR?INITSYS?HC_MCU_XBR
            CODE    001AH     0001H     UNIT         ?PR?TUYA_RETRY_OTA?PROTOCOL
            CODE    001BH     0003H     ABSOLUTE     
            CODE    001EH     0003H     UNIT         ?PR?_UART_TRANSMIT_OUTPUT?PROTOCOL
            CODE    0021H     0001H     UNIT         ?PR?RESET_DEFAULT_PARAMETER?PROTOCOL
            CODE    0022H     0001H     UNIT         ?PR?ZIGBEE_CFG_CMD_HANDLE?SYSTEM
            CODE    0023H     0003H     ABSOLUTE     
            CODE    0026H     06FBH     UNIT         ?C?LIB_CODE
            CODE    0721H     04DAH     UNIT         ?PR?XBRHANDLE?HC_MCU_XBR
            CODE    0BFBH     021BH     UNIT         ?PR?MAIN?HC_MCU_XBR
            CODE    0E16H     01B2H     UNIT         ?PR?_ZIGBEE_TIME_CONVERT?SYSTEM
            CODE    0FC8H     0196H     UNIT         ?PR?ZIGBEE_UART_SERVICE?MCU_API
            CODE    115EH     016DH     UNIT         ?PR?SET_VAR?HC_MCU_XBR
BL51 BANKED LINKER/LOCATER V6.22                                                      02/05/2021  12:51:58  PAGE 4


            CODE    12CBH     0145H     UNIT         ?PR?HC_MCU_XBR
            CODE    1410H     0126H     UNIT         ?PR?_DATA_HANDLE?SYSTEM
            CODE    1536H     0124H     UNIT         ?C_INITSEG
            CODE    165AH     00FBH     UNIT         ?PR?_RESPONSE_MCU_OTA_NOTIFY_EVENT?SYSTEM
            CODE    1755H     00E8H     UNIT         ?PR?SYSTEM
            CODE    183DH     00E1H     UNIT         ?PR?GO_BOOTLOADER_OTA?PROTOCOL
            CODE    191EH     00C5H     UNIT         ?PR?_MY_MEMCPY?MCU_API
            CODE    19E3H     00C4H     UNIT         ?PR?_DP_DOWNLOAD_HANDLE?PROTOCOL
            CODE    1AA7H     00BEH     UNIT         ?PR?ALL_DATA_UPDATE?PROTOCOL
            CODE    1B65H     00BCH     UNIT         ?PR?_ZIGBEE_TIME_GET_HANDLE?SYSTEM
            CODE    1C21H     00BBH     UNIT         ?PR?TIMER1_RPT?HC_MCU_XBR
            CODE    1CDCH     009BH     UNIT         ?PR?CMD0?SYSTEM
            CODE    1D77H     008FH     UNIT         ?PR?SAVEVAR?HC_MCU_XBR
            CODE    1E06H     008CH     UNIT         ?C_C51STARTUP
            CODE    1E92H     0088H     UNIT         ?PR?PRODUCT_INFO_CMD_HANDLE?SYSTEM
            CODE    1F1AH     0078H     UNIT         ?PR?MCU_API
            CODE    1F92H     0077H     UNIT         ?PR?_ZIGBEE_UART_WRITE_FRAME?SYSTEM
            CODE    2009H     0076H     UNIT         ?PR?_DP_DOWNLOAD_CDS_HANDLE?PROTOCOL
            CODE    207FH     0074H     UNIT         ?PR?_PWM3INIT?HC_MCU_XBR
            CODE    20F3H     0074H     UNIT         ?PR?_DP_DOWNLOAD_SENSE_STRESS_HANDLE?PROTOCOL
            CODE    2167H     006FH     UNIT         ?PR?_MCU_DP_VALUE_UPDATE?MCU_API
            CODE    21D6H     005EH     UNIT         ?PR?WAIT1?HC_MCU_XBR
            CODE    2234H     005BH     UNIT         ?PR?WAIT2?HC_MCU_XBR
            CODE    228FH     0050H     UNIT         ?PR?_ZIGBEE_DATA_POINT_HANDLE?SYSTEM
            CODE    22DFH     004BH     UNIT         ?PR?_BYTE_TO_INT?MCU_API
            CODE    232AH     0048H     UNIT         ?PR?_DP_DOWNLOAD_PIR_DELAY_HANDLE?PROTOCOL
            CODE    2372H     0046H     UNIT         ?PR?_DP_DOWNLOAD_FACTORY_OP_HANDLE?PROTOCOL
            CODE    23B8H     0043H     UNIT         ?PR?_MY_STRLEN?MCU_API
            CODE    23FBH     0040H     UNIT         ?PR?_DP_DOWNLOAD_BRIGHT_VALUE_HANDLE?PROTOCOL
            CODE    243BH     003FH     UNIT         ?PR?_DP_DOWNLOAD_SWITCH_LED2_HANDLE?PROTOCOL
            CODE    247AH     003EH     UNIT         ?PR?_DP_DOWNLOAD_STANDBY_TIME_HANDLE?PROTOCOL
            CODE    24B8H     003EH     UNIT         ?PR?GET_CURRENT_MCU_FW_VER?SYSTEM
            CODE    24F6H     003DH     UNIT         ?PR?_READ_AD?HC_MCU_XBR
            CODE    2533H     003BH     UNIT         ?PR?UART1_RPT?HC_MCU_XBR
            CODE    256EH     0038H     UNIT         ?PR?_MCU_DP_BOOL_UPDATE?MCU_API
            CODE    25A6H     0036H     UNIT         ?PR?PROTOCOL
            CODE    25DCH     0036H     UNIT         ?PR?QUEUE_READ_BYTE?SYSTEM
            CODE    2612H     0034H     UNIT         ?PR?_MY_MEMSET?MCU_API
            CODE    2646H     0034H     UNIT         ?PR?_ZIGBEE_UART_WRITE_DATA?SYSTEM
            CODE    267AH     0032H     UNIT         ?PR?_FLASH_READARR?HC_MCU_XBR
            CODE    26ACH     0032H     UNIT         ?PR?_UART_RECEIVE_INPUT?MCU_API
            CODE    26DEH     0032H     UNIT         ?PR?_DP_DOWNLOAD_SWITCH_XBR_HANDLE?PROTOCOL
            CODE    2710H     0031H     UNIT         ?PR?UART1_INIT?HC_MCU_XBR
            CODE    2741H     0031H     UNIT         ?PR?_SET_ZIGBEE_UART_BUFFER?SYSTEM
            CODE    2772H     0030H     UNIT         ?PR?_MCU_DP_ENUM_UPDATE?MCU_API
            CODE    27A2H     002DH     UNIT         ?CO?SYSTEM
            CODE    27CFH     002CH     UNIT         ?PR?_DP_DOWNLOAD_SWITCH_LINKAGE_HANDLE?PROTOCOL
            CODE    27FBH     0029H     UNIT         ?PR?_SET_ZIGBEE_STATE?SYSTEM
            CODE    2824H     0028H     UNIT         ?PR?_DELAY_MS?HC_MCU_XBR
            CODE    284CH     0027H     UNIT         ?PR?_FLASH_WRITEDATA?HC_MCU_XBR
            CODE    2873H     0026H     UNIT         ?PR?_GET_CHECK_SUM?SYSTEM
            CODE    2899H     0025H     UNIT         ?PR?_FLASH_ERASEBLOCK?HC_MCU_XBR
            CODE    28BEH     0024H     UNIT         ?PR?_DP_DOWNLOAD_ALL_DAY_MICRO_LIGHT_HANDLE?PROTOCOL
            CODE    28E2H     0020H     UNIT         ?PR?_GET_DOWMLOAD_DPID_INDEX?SYSTEM
            CODE    2902H     001EH     UNIT         ?PR?TIMER_INIT?HC_MCU_XBR
            CODE    2920H     001EH     UNIT         ?PR?ZIGBEE_OTA_VER_REQ_HANDLE?SYSTEM
            CODE    293EH     001CH     UNIT         ?PR?GPIO_INIT?HC_MCU_XBR
BL51 BANKED LINKER/LOCATER V6.22                                                      02/05/2021  12:51:58  PAGE 5


            CODE    295AH     001BH     UNIT         ?PR?_DELAY_US?HC_MCU_XBR
            CODE    2975H     001BH     UNIT         ?PR?_DP_DOWNLOAD_CLEAR_TRIGGER_NUMBER_HANDLE?PROTOCOL
            CODE    2990H     0017H     UNIT         ?PR?ADC_INIT?HC_MCU_XBR
            CODE    29A7H     0016H     UNIT         ?PR?_ASSIC_TO_HEX?SYSTEM
            CODE    29BDH     0015H     UNIT         ?PR?_DP_DOWNLOAD_SWITCH_LED_HANDLE?PROTOCOL
            CODE    29D2H     0014H     UNIT         ?PR?_SET_ZIGBEE_UART_BYTE?SYSTEM
            CODE    29E6H     0013H     UNIT         ?PR?_DP_DOWNLOAD_OTA_RESULT_HANDLE?PROTOCOL
            CODE    29F9H     0012H     UNIT         ?PR?MCU_NETWORK_START?MCU_API
            CODE    2A0BH     0012H     UNIT         ?PR?ZIGBEE_PROTOCOL_INIT?MCU_API
            CODE    2A1DH     0011H     UNIT         ?PR?MCU_RESET_ZIGBEE?MCU_API
            CODE    2A2EH     0011H     UNIT         ?PR?IAR_SOFT_RST_NO_OPTION?PROTOCOL
            CODE    2A3FH     0011H     UNIT         ?PR?IAR_SOFT_RST_OPTION?PROTOCOL
            CODE    2A50H     000EH     UNIT         ?PR?GET_QUEUE_TOTAL_DATA?SYSTEM
            CODE    2A5EH     000BH     UNIT         ?PR?_SEND_DATA?HC_MCU_XBR
            CODE    2A69H     000AH     UNIT         ?PR?_ZIGBEE_STATE_CMD_HANDLE?SYSTEM
            CODE    2A73H     0009H     UNIT         ?PR?_MCU_GET_DP_DOWNLOAD_BOOL?MCU_API
            CODE    2A7CH     0009H     UNIT         ?PR?_MCU_GET_DP_DOWNLOAD_ENUM?MCU_API
            CODE    2A85H     0009H     UNIT         ?PR?_MCU_WRITE_RTCTIME?PROTOCOL
            CODE    2A8EH     0009H     UNIT         ?PR?_SEQ_NUM_SET?SYSTEM
            CODE    2A97H     0009H     UNIT         ?PR?SEQ_NUM_GET?SYSTEM
            CODE    2AA0H     0008H     UNIT         ?PR?_MCU_GET_DP_DOWNLOAD_VALUE?MCU_API
            CODE    2AA8H     0008H     UNIT         ?PR?CMD1?SYSTEM
            CODE    2AB0H     0006H     UNIT         ?PR?RESET_BT_MODULE?PROTOCOL
            CODE    2AB6H     0003H     UNIT         ?PR?GET_DOWNLOAD_CMD_TOTAL?PROTOCOL
            CODE    2AB9H     0003H     UNIT         ?PR?SOFT_RESET_MCU?PROTOCOL
            CODE    2ABCH     0003H     UNIT         ?PR?TUYA_RE_CONFIG_NETWORK?PROTOCOL
            CODE    2ABFH     0003H     UNIT         ?PR?TUYA_RESET_MODULE?PROTOCOL
            CODE    2AC2H     0003H     UNIT         ?PR?_ZIGBEE_DATA_RSP_HANDLE?SYSTEM



OVERLAY MAP OF MODULE:   .\Objects\HC-MCU-XBR (?C_STARTUP)


SEGMENT                                            DATA_GROUP 
  +--> CALLED SEGMENT                            START    LENGTH
----------------------------------------------------------------
?C_C51STARTUP                                    -----    -----
  +--> ?PR?MAIN?HC_MCU_XBR
  +--> ?C_INITSEG

?PR?MAIN?HC_MCU_XBR                              0008H    0001H
  +--> ?PR?ZIGBEE_PROTOCOL_INIT?MCU_API
  +--> ?PR?INITSYS?HC_MCU_XBR
  +--> ?PR?GPIO_INIT?HC_MCU_XBR
  +--> ?PR?TIMER_INIT?HC_MCU_XBR
  +--> ?PR?UART1_INIT?HC_MCU_XBR
  +--> ?PR?ADC_INIT?HC_MCU_XBR
  +--> ?PR?_DELAY_MS?HC_MCU_XBR
  +--> ?PR?HC_MCU_XBR
  +--> ?PR?SET_VAR?HC_MCU_XBR
  +--> ?PR?_PWM3INIT?HC_MCU_XBR
  +--> ?PR?WAIT1?HC_MCU_XBR
  +--> ?PR?WAIT2?HC_MCU_XBR
  +--> ?PR?RESET_BT_MODULE?PROTOCOL
  +--> ?PR?GO_BOOTLOADER_OTA?PROTOCOL
  +--> ?PR?SAVEVAR?HC_MCU_XBR
BL51 BANKED LINKER/LOCATER V6.22                                                      02/05/2021  12:51:58  PAGE 6


  +--> ?PR?_MY_MEMSET?MCU_API
  +--> ?PR?_MCU_DP_ENUM_UPDATE?MCU_API
  +--> ?PR?_MCU_DP_VALUE_UPDATE?MCU_API
  +--> ?PR?ZIGBEE_UART_SERVICE?MCU_API
  +--> ?PR?XBRHANDLE?HC_MCU_XBR

?PR?ZIGBEE_PROTOCOL_INIT?MCU_API                 -----    -----
  +--> ?PR?MCU_API

?PR?ADC_INIT?HC_MCU_XBR                          -----    -----
  +--> ?PR?_DELAY_US?HC_MCU_XBR

?PR?_DELAY_US?HC_MCU_XBR                         -----    -----
  +--> ?PR?_FLASH_WRITEDATA?HC_MCU_XBR

?PR?HC_MCU_XBR                                   -----    -----
  +--> ?PR?_FLASH_WRITEDATA?HC_MCU_XBR
  +--> ?PR?_DELAY_US?HC_MCU_XBR
  +--> ?PR?_FLASH_ERASEBLOCK?HC_MCU_XBR
  +--> ?PR?_READ_AD?HC_MCU_XBR

?PR?_READ_AD?HC_MCU_XBR                          -----    -----
  +--> ?PR?_DELAY_US?HC_MCU_XBR

?PR?SET_VAR?HC_MCU_XBR                           -----    -----
  +--> ?PR?_FLASH_READARR?HC_MCU_XBR
  +--> ?PR?HC_MCU_XBR
  +--> ?PR?_FLASH_ERASEBLOCK?HC_MCU_XBR
  +--> ?PR?_FLASH_WRITEDATA?HC_MCU_XBR
  +--> ?PR?RESET_BT_MODULE?PROTOCOL

?PR?_FLASH_READARR?HC_MCU_XBR                    0009H    0005H

?PR?RESET_BT_MODULE?PROTOCOL                     -----    -----
  +--> ?PR?MCU_NETWORK_START?MCU_API

?PR?MCU_NETWORK_START?MCU_API                    -----    -----
  +--> ?PR?_SET_ZIGBEE_UART_BYTE?SYSTEM
  +--> ?PR?_ZIGBEE_UART_WRITE_FRAME?SYSTEM

?PR?_ZIGBEE_UART_WRITE_FRAME?SYSTEM              002CH    0002H
  +--> ?PR?SEQ_NUM_GET?SYSTEM
  +--> ?PR?_SEQ_NUM_SET?SYSTEM
  +--> ?PR?_GET_CHECK_SUM?SYSTEM
  +--> ?PR?_ZIGBEE_UART_WRITE_DATA?SYSTEM

?PR?_GET_CHECK_SUM?SYSTEM                        002EH    0005H
  +--> ?PR?SYSTEM

?PR?_ZIGBEE_UART_WRITE_DATA?SYSTEM               002EH    0003H
  +--> ?PR?_UART_TRANSMIT_OUTPUT?PROTOCOL

?PR?_UART_TRANSMIT_OUTPUT?PROTOCOL               -----    -----
  +--> ?PR?_SEND_DATA?HC_MCU_XBR

?PR?_PWM3INIT?HC_MCU_XBR                         000BH    0004H

BL51 BANKED LINKER/LOCATER V6.22                                                      02/05/2021  12:51:58  PAGE 7


?PR?WAIT1?HC_MCU_XBR                             0009H    0002H
  +--> ?PR?HC_MCU_XBR
  +--> ?PR?_DELAY_MS?HC_MCU_XBR

?PR?WAIT2?HC_MCU_XBR                             0009H    0005H
  +--> ?PR?HC_MCU_XBR

?PR?GO_BOOTLOADER_OTA?PROTOCOL                   -----    -----
  +--> ?PR?_FLASH_ERASEBLOCK?HC_MCU_XBR
  +--> ?PR?_DELAY_US?HC_MCU_XBR
  +--> ?PR?_FLASH_WRITEDATA?HC_MCU_XBR
  +--> ?PR?IAR_SOFT_RST_OPTION?PROTOCOL

?PR?SAVEVAR?HC_MCU_XBR                           -----    -----
  +--> ?PR?HC_MCU_XBR
  +--> ?PR?_DELAY_US?HC_MCU_XBR

?PR?_MY_MEMSET?MCU_API                           0036H    0009H
  +--> ?PR?MCU_API

?PR?_MCU_DP_ENUM_UPDATE?MCU_API                  0024H    0001H
  +--> ?PR?MCU_API
  +--> ?PR?_SET_ZIGBEE_UART_BYTE?SYSTEM
  +--> ?PR?_ZIGBEE_UART_WRITE_FRAME?SYSTEM

?PR?_MCU_DP_VALUE_UPDATE?MCU_API                 0027H    0005H
  +--> ?PR?MCU_API
  +--> ?PR?_SET_ZIGBEE_UART_BYTE?SYSTEM
  +--> ?PR?_ZIGBEE_UART_WRITE_FRAME?SYSTEM

?PR?ZIGBEE_UART_SERVICE?MCU_API                  0009H    0008H
  +--> ?PR?GET_QUEUE_TOTAL_DATA?SYSTEM
  +--> ?PR?QUEUE_READ_BYTE?SYSTEM
  +--> ?PR?MCU_API
  +--> ?PR?_GET_CHECK_SUM?SYSTEM
  +--> ?PR?_DATA_HANDLE?SYSTEM
  +--> ?PR?_MY_MEMCPY?MCU_API

?PR?GET_QUEUE_TOTAL_DATA?SYSTEM                  -----    -----
  +--> ?PR?ZIGBEE_PROTOCOL_INIT?MCU_API

?PR?QUEUE_READ_BYTE?SYSTEM                       -----    -----
  +--> ?PR?SYSTEM

?PR?_DATA_HANDLE?SYSTEM                          0011H    0008H
  +--> ?PR?_SEQ_NUM_SET?SYSTEM
  +--> ?PR?SYSTEM
  +--> ?PR?_SET_ZIGBEE_STATE?SYSTEM
  +--> ?PR?CMD0?SYSTEM
  +--> ?PR?CMD1?SYSTEM
  +--> ?PR?PRODUCT_INFO_CMD_HANDLE?SYSTEM
  +--> ?PR?_ZIGBEE_STATE_CMD_HANDLE?SYSTEM
  +--> ?PR?ZIGBEE_CFG_CMD_HANDLE?SYSTEM
  +--> ?PR?_ZIGBEE_DATA_POINT_HANDLE?SYSTEM
  +--> ?PR?SAVEVAR?HC_MCU_XBR
  +--> ?PR?_ZIGBEE_DATA_RSP_HANDLE?SYSTEM
  +--> ?PR?ZIGBEE_OTA_VER_REQ_HANDLE?SYSTEM
BL51 BANKED LINKER/LOCATER V6.22                                                      02/05/2021  12:51:58  PAGE 8


  +--> ?PR?_RESPONSE_MCU_OTA_NOTIFY_EVENT?SY...
  +--> ?PR?_ZIGBEE_TIME_GET_HANDLE?SYSTEM

?PR?_SET_ZIGBEE_STATE?SYSTEM                     -----    -----
  +--> ?PR?ALL_DATA_UPDATE?PROTOCOL
  +--> ?PR?SAVEVAR?HC_MCU_XBR

?PR?ALL_DATA_UPDATE?PROTOCOL                     0019H    0001H
  +--> ?PR?_MCU_DP_BOOL_UPDATE?MCU_API
  +--> ?PR?PROTOCOL
  +--> ?PR?_MCU_DP_VALUE_UPDATE?MCU_API
  +--> ?PR?_MCU_DP_ENUM_UPDATE?MCU_API

?PR?_MCU_DP_BOOL_UPDATE?MCU_API                  0024H    0001H
  +--> ?PR?MCU_API
  +--> ?PR?_SET_ZIGBEE_UART_BYTE?SYSTEM
  +--> ?PR?_ZIGBEE_UART_WRITE_FRAME?SYSTEM

?PR?CMD0?SYSTEM                                  -----    -----
  +--> ?PR?_SET_ZIGBEE_UART_BYTE?SYSTEM
  +--> ?PR?SYSTEM
  +--> ?PR?_ZIGBEE_UART_WRITE_FRAME?SYSTEM

?PR?CMD1?SYSTEM                                  -----    -----
  +--> ?PR?_ZIGBEE_UART_WRITE_FRAME?SYSTEM

?PR?PRODUCT_INFO_CMD_HANDLE?SYSTEM               0019H    0001H
  +--> ?CO?SYSTEM
  +--> ?PR?_SET_ZIGBEE_UART_BUFFER?SYSTEM
  +--> ?PR?_MY_STRLEN?MCU_API
  +--> ?PR?_ZIGBEE_UART_WRITE_FRAME?SYSTEM

?PR?_SET_ZIGBEE_UART_BUFFER?SYSTEM               001AH    0007H
  +--> ?PR?_MY_MEMCPY?MCU_API

?PR?_MY_MEMCPY?MCU_API                           0021H    0010H
  +--> ?PR?MCU_API

?PR?_MY_STRLEN?MCU_API                           001AH    0007H
  +--> ?PR?MCU_API

?PR?_ZIGBEE_STATE_CMD_HANDLE?SYSTEM              0019H    0001H
  +--> ?PR?_ZIGBEE_UART_WRITE_FRAME?SYSTEM

?PR?_ZIGBEE_DATA_POINT_HANDLE?SYSTEM             0019H    0003H
  +--> ?PR?_GET_DOWMLOAD_DPID_INDEX?SYSTEM
  +--> ?PR?_DP_DOWNLOAD_HANDLE?PROTOCOL

?PR?_GET_DOWMLOAD_DPID_INDEX?SYSTEM              -----    -----
  +--> ?PR?GET_DOWNLOAD_CMD_TOTAL?PROTOCOL

?PR?_DP_DOWNLOAD_HANDLE?PROTOCOL                 001CH    0007H
  +--> ?PR?PROTOCOL
  +--> ?PR?_DP_DOWNLOAD_SWITCH_LED_HANDLE?PR...
  +--> ?PR?_DP_DOWNLOAD_BRIGHT_VALUE_HANDLE?...
  +--> ?PR?_DP_DOWNLOAD_CDS_HANDLE?PROTOCOL
  +--> ?PR?_DP_DOWNLOAD_PIR_DELAY_HANDLE?PRO...
BL51 BANKED LINKER/LOCATER V6.22                                                      02/05/2021  12:51:58  PAGE 9


  +--> ?PR?_DP_DOWNLOAD_SWITCH_XBR_HANDLE?PR...
  +--> ?PR?_DP_DOWNLOAD_STANDBY_TIME_HANDLE?...
  +--> ?PR?_DP_DOWNLOAD_SENSE_STRESS_HANDLE?...
  +--> ?PR?_DP_DOWNLOAD_SWITCH_LED2_HANDLE?P...
  +--> ?PR?_DP_DOWNLOAD_SWITCH_LINKAGE_HANDL...
  +--> ?PR?_DP_DOWNLOAD_ALL_DAY_MICRO_LIGHT_...
  +--> ?PR?_DP_DOWNLOAD_CLEAR_TRIGGER_NUMBER...
  +--> ?PR?_DP_DOWNLOAD_FACTORY_OP_HANDLE?PR...
  +--> ?PR?_DP_DOWNLOAD_OTA_RESULT_HANDLE?PR...

?PR?_DP_DOWNLOAD_SWITCH_LED_HANDLE?PR...         0023H    0001H
  +--> ?PR?_MCU_GET_DP_DOWNLOAD_BOOL?MCU_API
  +--> ?PR?_MCU_DP_BOOL_UPDATE?MCU_API

?PR?_MCU_GET_DP_DOWNLOAD_BOOL?MCU_API            0024H    0002H

?PR?_DP_DOWNLOAD_BRIGHT_VALUE_HANDLE?...         0023H    0004H
  +--> ?PR?_MCU_GET_DP_DOWNLOAD_VALUE?MCU_API
  +--> ?PR?PROTOCOL
  +--> ?PR?SAVEVAR?HC_MCU_XBR
  +--> ?PR?_MCU_DP_VALUE_UPDATE?MCU_API

?PR?_MCU_GET_DP_DOWNLOAD_VALUE?MCU_API           0027H    0002H
  +--> ?PR?_BYTE_TO_INT?MCU_API

?PR?_BYTE_TO_INT?MCU_API                         0029H    0004H
  +--> ?PR?MCU_API

?PR?_DP_DOWNLOAD_CDS_HANDLE?PROTOCOL             -----    -----
  +--> ?PR?_MCU_GET_DP_DOWNLOAD_ENUM?MCU_API
  +--> ?PR?SAVEVAR?HC_MCU_XBR
  +--> ?PR?_MCU_DP_ENUM_UPDATE?MCU_API

?PR?_MCU_GET_DP_DOWNLOAD_ENUM?MCU_API            0024H    0002H

?PR?_DP_DOWNLOAD_PIR_DELAY_HANDLE?PRO...         0023H    0004H
  +--> ?PR?_MCU_GET_DP_DOWNLOAD_VALUE?MCU_API
  +--> ?PR?SAVEVAR?HC_MCU_XBR
  +--> ?PR?PROTOCOL
  +--> ?PR?_MCU_DP_VALUE_UPDATE?MCU_API

?PR?_DP_DOWNLOAD_SWITCH_XBR_HANDLE?PR...         -----    -----
  +--> ?PR?_MCU_GET_DP_DOWNLOAD_BOOL?MCU_API
  +--> ?PR?SAVEVAR?HC_MCU_XBR
  +--> ?PR?_MCU_DP_BOOL_UPDATE?MCU_API

?PR?_DP_DOWNLOAD_STANDBY_TIME_HANDLE?...         0023H    0004H
  +--> ?PR?_MCU_GET_DP_DOWNLOAD_VALUE?MCU_API
  +--> ?PR?PROTOCOL
  +--> ?PR?SAVEVAR?HC_MCU_XBR
  +--> ?PR?_MCU_DP_VALUE_UPDATE?MCU_API

?PR?_DP_DOWNLOAD_SENSE_STRESS_HANDLE?...         0023H    0004H
  +--> ?PR?_MCU_GET_DP_DOWNLOAD_VALUE?MCU_API
  +--> ?PR?SAVEVAR?HC_MCU_XBR
  +--> ?PR?_MCU_DP_VALUE_UPDATE?MCU_API

BL51 BANKED LINKER/LOCATER V6.22                                                      02/05/2021  12:51:58  PAGE 10


?PR?_DP_DOWNLOAD_SWITCH_LED2_HANDLE?P...         -----    -----
  +--> ?PR?_MCU_GET_DP_DOWNLOAD_BOOL?MCU_API
  +--> ?PR?_MCU_DP_BOOL_UPDATE?MCU_API

?PR?_DP_DOWNLOAD_SWITCH_LINKAGE_HANDL...         -----    -----
  +--> ?PR?_MCU_GET_DP_DOWNLOAD_BOOL?MCU_API
  +--> ?PR?_MCU_DP_BOOL_UPDATE?MCU_API

?PR?_DP_DOWNLOAD_ALL_DAY_MICRO_LIGHT_...         -----    -----
  +--> ?PR?_MCU_GET_DP_DOWNLOAD_BOOL?MCU_API
  +--> ?PR?_MCU_DP_BOOL_UPDATE?MCU_API

?PR?_DP_DOWNLOAD_CLEAR_TRIGGER_NUMBER...         -----    -----
  +--> ?PR?_MCU_GET_DP_DOWNLOAD_BOOL?MCU_API
  +--> ?PR?PROTOCOL
  +--> ?PR?_MCU_DP_VALUE_UPDATE?MCU_API

?PR?_DP_DOWNLOAD_FACTORY_OP_HANDLE?PR...         0023H    0001H
  +--> ?PR?_MCU_GET_DP_DOWNLOAD_ENUM?MCU_API
  +--> ?PR?SOFT_RESET_MCU?PROTOCOL
  +--> ?PR?GO_BOOTLOADER_OTA?PROTOCOL
  +--> ?PR?TUYA_RE_CONFIG_NETWORK?PROTOCOL
  +--> ?PR?TUYA_RESET_MODULE?PROTOCOL
  +--> ?PR?TUYA_RETRY_OTA?PROTOCOL
  +--> ?PR?RESET_DEFAULT_PARAMETER?PROTOCOL
  +--> ?PR?_MCU_DP_ENUM_UPDATE?MCU_API

?PR?SOFT_RESET_MCU?PROTOCOL                      -----    -----
  +--> ?PR?IAR_SOFT_RST_NO_OPTION?PROTOCOL

?PR?TUYA_RE_CONFIG_NETWORK?PROTOCOL              -----    -----
  +--> ?PR?MCU_NETWORK_START?MCU_API

?PR?TUYA_RESET_MODULE?PROTOCOL                   -----    -----
  +--> ?PR?MCU_RESET_ZIGBEE?MCU_API

?PR?MCU_RESET_ZIGBEE?MCU_API                     -----    -----
  +--> ?PR?_SET_ZIGBEE_UART_BYTE?SYSTEM
  +--> ?PR?_ZIGBEE_UART_WRITE_FRAME?SYSTEM

?PR?_DP_DOWNLOAD_OTA_RESULT_HANDLE?PR...         -----    -----
  +--> ?PR?_MCU_GET_DP_DOWNLOAD_ENUM?MCU_API
  +--> ?PR?_MCU_DP_ENUM_UPDATE?MCU_API

?PR?_ZIGBEE_DATA_RSP_HANDLE?SYSTEM               0019H    0001H

?PR?ZIGBEE_OTA_VER_REQ_HANDLE?SYSTEM             0019H    0002H
  +--> ?PR?GET_CURRENT_MCU_FW_VER?SYSTEM
  +--> ?PR?_SET_ZIGBEE_UART_BYTE?SYSTEM
  +--> ?PR?_ZIGBEE_UART_WRITE_FRAME?SYSTEM

?PR?GET_CURRENT_MCU_FW_VER?SYSTEM                001BH    0004H
  +--> ?CO?SYSTEM
  +--> ?PR?_ASSIC_TO_HEX?SYSTEM
  +--> ?PR?SYSTEM

?PR?_RESPONSE_MCU_OTA_NOTIFY_EVENT?SY...         0019H    0005H
BL51 BANKED LINKER/LOCATER V6.22                                                      02/05/2021  12:51:58  PAGE 11


  +--> ?PR?_MY_MEMSET?MCU_API
  +--> ?PR?GO_BOOTLOADER_OTA?PROTOCOL

?PR?_ZIGBEE_TIME_GET_HANDLE?SYSTEM               0019H    001DH
  +--> ?PR?_MY_MEMSET?MCU_API
  +--> ?PR?SYSTEM
  +--> ?PR?_ZIGBEE_TIME_CONVERT?SYSTEM
  +--> ?PR?_MCU_WRITE_RTCTIME?PROTOCOL

?PR?_ZIGBEE_TIME_CONVERT?SYSTEM                  0036H    0017H
  +--> ?PR?SYSTEM
  +--> ?CO?SYSTEM

?PR?_MCU_WRITE_RTCTIME?PROTOCOL                  0036H    0004H

?PR?XBRHANDLE?HC_MCU_XBR                         0009H    0002H
  +--> ?PR?HC_MCU_XBR
  +--> ?PR?_PWM3INIT?HC_MCU_XBR
  +--> ?PR?_DELAY_MS?HC_MCU_XBR

*** NEW ROOT ***************************************************

?PR?TIMER1_RPT?HC_MCU_XBR                        -----    -----
  +--> ?PR?HC_MCU_XBR

*** NEW ROOT ***************************************************

?PR?UART1_RPT?HC_MCU_XBR                         -----    -----
  +--> ?PR?_UART_RECEIVE_INPUT?MCU_API

?PR?_UART_RECEIVE_INPUT?MCU_API                  -----    -----
  +--> ?PR?MCU_API



SYMBOL TABLE OF MODULE:  .\Objects\HC-MCU-XBR (?C_STARTUP)

  VALUE           TYPE          NAME
  ----------------------------------

  -------         MODULE        ?C_STARTUP
  C:1E06H         SEGMENT       ?C_C51STARTUP
  I:0077H         SEGMENT       ?STACK
  C:0000H         PUBLIC        ?C_STARTUP
  D:00E0H         SYMBOL        ACC
  D:00F0H         SYMBOL        B
  D:0083H         SYMBOL        DPH
  D:0082H         SYMBOL        DPL
  N:0000H         SYMBOL        IBPSTACK
  N:0100H         SYMBOL        IBPSTACKTOP
  N:0080H         SYMBOL        IDATALEN
  C:1E09H         SYMBOL        IDATALOOP
  N:0000H         SYMBOL        PBPSTACK
  N:0100H         SYMBOL        PBPSTACKTOP
  N:0000H         SYMBOL        PDATALEN
  N:0000H         SYMBOL        PDATASTART
  N:0000H         SYMBOL        PPAGE
BL51 BANKED LINKER/LOCATER V6.22                                                      02/05/2021  12:51:58  PAGE 12


  N:0000H         SYMBOL        PPAGEENABLE
  D:00A0H         SYMBOL        PPAGE_SFR
  D:0081H         SYMBOL        SP
  C:1E06H         SYMBOL        STARTUP1
  N:0000H         SYMBOL        XBPSTACK
  N:0000H         SYMBOL        XBPSTACKTOP
  N:0000H         SYMBOL        XDATALEN
  N:0000H         SYMBOL        XDATASTART
  C:0000H         LINE#         126
  C:1E06H         LINE#         133
  C:1E08H         LINE#         134
  C:1E09H         LINE#         135
  C:1E0AH         LINE#         136
  C:1E0CH         LINE#         185
  C:1E0FH         LINE#         196
  -------         ENDMOD        ?C_STARTUP

  -------         MODULE        HC_MCU_XBR
  C:0000H         SYMBOL        _ICE_DUMMY_
  X:FF08H         PUBLIC        P1M0
  X:FF01H         PUBLIC        P0M1
  X:0072H         PUBLIC        Light_on_flagpre
  X:FF10H         PUBLIC        P2M0
  X:FF02H         PUBLIC        P0M2
  D:0080H         PUBLIC        P0
  X:FF11H         PUBLIC        P2M1
  X:FF03H         PUBLIC        P0M3
  D:0090H         PUBLIC        P1
  X:FF12H         PUBLIC        P2M2
  D:00A0H         PUBLIC        P2
  X:0073H         PUBLIC        check_light_times
  X:FF13H         PUBLIC        P2M3
  X:0074H         PUBLIC        radar_number_send_flag
  X:0075H         PUBLIC        lowlight1minflag
  X:0076H         PUBLIC        light_status_xxx_last
  B:00A8H.7       PUBLIC        EA
  C:2533H         PUBLIC        UART1_Rpt
  X:0077H         PUBLIC        radar_number_count
  X:FE94H         PUBLIC        XTALCFG
  X:0079H         PUBLIC        SUM1_counter
  D:00A8H         PUBLIC        IE
  B:0080H.0       PUBLIC        P0_0
  D:00FCH         PUBLIC        IAP_CMD
  X:007AH         PUBLIC        guc_Read_a1
  D:00F8H         PUBLIC        RSTFR
  B:0080H.4       PUBLIC        P0_4
  X:007CH         PUBLIC        lowlight1mincount
  D:0064H         PUBLIC        alarm_times
  X:FF91H         PUBLIC        PWM01_MAP
  C:0003H         PUBLIC        InitSYS
  X:007EH         PUBLIC        LIGHT_off
  X:FF95H         PUBLIC        PWM11_MAP
  X:FF99H         PUBLIC        PWM21_MAP
  X:FE89H         PUBLIC        S2CON2
  D:00B6H         PUBLIC        ADCR
  X:0080H         PUBLIC        TH
  X:FEA2H         PUBLIC        CRCC
BL51 BANKED LINKER/LOCATER V6.22                                                      02/05/2021  12:51:58  PAGE 13


  X:FE85H         PUBLIC        T5CON1
  X:0084H         PUBLIC        all_day_micro_light_enable
  X:FFA5H         PUBLIC        SCK_MAP
  X:0085H         PUBLIC        SWITCHflag2
  X:0086H         PUBLIC        times
  X:0088H         PUBLIC        SUM0
  C:0BFBH         PUBLIC        main
  C:293EH         PUBLIC        GPIO_Init
  X:008CH         PUBLIC        SUM1
  X:FEA4H         PUBLIC        BORC
  X:0090H         PUBLIC        SUM2
  C:2A5EH         PUBLIC        _send_data
  X:0094H         PUBLIC        SWITCHfXBR
  D:00BBH         PUBLIC        LVDC
  X:0095H         PUBLIC        radar_trig_times
  X:FFA1H         PUBLIC        RXD_MAP
  X:FEA5H         PUBLIC        BORDBC
  X:FFA0H         PUBLIC        TXD_MAP
  X:FEA7H         PUBLIC        LVDDBC
  D:0099H         PUBLIC        SBUF
  X:FEB8H         PUBLIC        PINTE0
  C:2824H         PUBLIC        _Delay_ms
  C:2899H         PUBLIC        _Flash_EraseBlock
  X:0097H         PUBLIC        lowlightDELAY_NUM
  D:0065H         PUBLIC        MAX_DELTA
  X:FEB9H         PUBLIC        PINTE1
  D:00BDH         PUBLIC        WDTC
  X:0098H         PUBLIC        zigbee_join_cnt
  D:0098H         PUBLIC        SCON
  D:0089H         PUBLIC        TMOD
  D:0088H         PUBLIC        TCON
  X:0099H         PUBLIC        Light_on_flag
  X:009AH         PUBLIC        radar_number_send_flag2
  X:009BH         PUBLIC        start_times
  X:FE95H         PUBLIC        SPOV_RSTEN
  C:2963H         PUBLIC        _Delay_us
  X:009DH         PUBLIC        Linkage_flag
  X:009EH         PUBLIC        lightvalue
  D:00B4H         PUBLIC        ADCC0
  C:0721H         PUBLIC        XBRHandle
  D:00B5H         PUBLIC        ADCC1
  X:FE9BH         PUBLIC        ADCC2
  C:2990H         PUBLIC        ADC_Init
  X:FE91H         PUBLIC        CLKDIV
  D:00B8H         PUBLIC        IE1
  X:009FH         PUBLIC        person_in_range_flag
  X:00A0H         PUBLIC        light_ad
  D:0069H         PUBLIC        upload_disable
  X:00A1H         PUBLIC        DELAY_NUM
  X:00A3H         PUBLIC        radar_trig_times_last
  X:FF80H         PUBLIC        T0_MAP
  C:24F6H         PUBLIC        _read_ad
  X:FF81H         PUBLIC        T1_MAP
  X:FEAAH         PUBLIC        RSTDBC
  X:00A5H         PUBLIC        resetbtcnt
  X:FF83H         PUBLIC        T3_MAP
  X:FF84H         PUBLIC        T4_MAP
BL51 BANKED LINKER/LOCATER V6.22                                                      02/05/2021  12:51:58  PAGE 14


  X:FF85H         PUBLIC        T5_MAP
  D:006AH         PUBLIC        Timer_Counter
  X:FEA0H         PUBLIC        WDTCCR
  D:006EH         PUBLIC        while_1flag
  D:006FH         PUBLIC        while_2flag
  C:1C21H         PUBLIC        TIMER1_Rpt
  D:008CH         PUBLIC        TH0
  D:008DH         PUBLIC        TH1
  D:0070H         PUBLIC        stop_times
  X:00A6H         PUBLIC        XRBoffbrightvalue
  D:00CEH         PUBLIC        TH4
  D:008AH         PUBLIC        TL0
  D:008BH         PUBLIC        TL1
  X:FE93H         PUBLIC        CLKOUT
  D:00CDH         PUBLIC        TL4
  D:00FBH         PUBLIC        IAP_DATA
  X:00A7H         PUBLIC        SUM10
  X:00ABH         PUBLIC        SUM01
  D:00F9H         PUBLIC        IAP_ADDR
  X:00AFH         PUBLIC        person_in_range_flag_last
  X:00B0H         PUBLIC        SUM0_num
  D:008EH         PUBLIC        CLKSWR
  X:00B1H         PUBLIC        SUM1_num
  C:284CH         PUBLIC        _FLASH_WriteData
  X:00B2H         PUBLIC        slowchcnt
  X:00B3H         PUBLIC        calc_average_times
  I:0073H         PUBLIC        light1sflag
  X:00B4H         PUBLIC        switchcnt
  X:00B5H         PUBLIC        SUM16
  C:207FH         PUBLIC        _PWM3init
  X:00B9H         PUBLIC        average
  X:00BBH         PUBLIC        guc_Read_a
  X:FFA9H         PUBLIC        RXD2_MAP
  X:00C7H         PUBLIC        ALL_SUM1
  X:FFA8H         PUBLIC        TXD2_MAP
  X:FE98H         PUBLIC        ADCWC
  X:FE8AH         PUBLIC        S2BUF
  X:FF90H         PUBLIC        PWM0_MAP
  C:2710H         PUBLIC        UART1_Init
  X:FFA4H         PUBLIC        SS_MAP
  X:FF94H         PUBLIC        PWM1_MAP
  X:FF98H         PUBLIC        PWM2_MAP
  X:FE88H         PUBLIC        S2CON
  X:FE80H         PUBLIC        TCON1
  D:009EH         PUBLIC        SCON2
  X:FF9CH         PUBLIC        PWM3_MAP
  C:21D6H         PUBLIC        wait1
  C:2234H         PUBLIC        wait2
  X:FF8FH         PUBLIC        CLKO_MAP
  X:FEBCH         PUBLIC        INT01_PINS
  D:00CCH         PUBLIC        T4CON
  X:FE92H         PUBLIC        FREQ_CLK
  D:00DDH         PUBLIC        PWM3C
  D:00DFH         PUBLIC        PWM3D
  I:0075H         PUBLIC        light1scount
  X:00CBH         PUBLIC        light_status_xxx
  X:00CCH         PUBLIC        light_ad0
BL51 BANKED LINKER/LOCATER V6.22                                                      02/05/2021  12:51:58  PAGE 15


  X:FEB0H         PUBLIC        PITS0
  X:FF05H         PUBLIC        P0LPU
  X:FEB1H         PUBLIC        PITS1
  X:FEB2H         PUBLIC        PITS2
  X:FEB3H         PUBLIC        PITS3
  X:00CDH         PUBLIC        SUM
  C:267AH         PUBLIC        _Flash_ReadArr
  X:00D1H         PUBLIC        LIGHT_TH
  C:115EH         PUBLIC        set_var
  X:FFA7H         PUBLIC        MISO_MAP
  X:FFA6H         PUBLIC        MOSI_MAP
  D:00DEH         PUBLIC        PWM3P
  X:00D2H         PUBLIC        LIGHT
  C:2902H         PUBLIC        Timer_Init
  X:FF40H         PUBLIC        P00DBC
  D:00D0H         PUBLIC        PSW
  X:FF41H         PUBLIC        P01DBC
  C:1D77H         PUBLIC        savevar
  X:FF42H         PUBLIC        P02DBC
  X:FF00H         PUBLIC        P0M0
  C:12CBH         SYMBOL        Com00C0
  C:12CBH         SYMBOL        L?0193
  C:12D9H         SYMBOL        L?0194
  C:12E0H         SYMBOL        L?0198
  C:12F0H         SYMBOL        L?0199
  C:12F7H         SYMBOL        L?0200
  C:12F7H         SYMBOL        L?0201
  C:1314H         SYMBOL        L?0202
  C:1329H         SYMBOL        L?0203
  C:132FH         SYMBOL        L?0204
  C:1331H         SYMBOL        L?0205
  C:1334H         SYMBOL        L?0206
  C:133BH         SYMBOL        L?0207
  C:133BH         SYMBOL        L?0208
  C:133EH         SYMBOL        L?0209
  C:1341H         SYMBOL        L?0210
  C:1347H         SYMBOL        L?0211
  C:1354H         SYMBOL        L?0212
  C:135FH         SYMBOL        L?0213
  C:1366H         SYMBOL        L?0214
  C:136CH         SYMBOL        L?0215
  C:136CH         SYMBOL        L?0216
  C:136FH         SYMBOL        L?0217
  C:1378H         SYMBOL        L?0218
  C:1378H         SYMBOL        L?0219
  C:1386H         SYMBOL        L?0220
  C:1386H         SYMBOL        L?0221
  C:1387H         SYMBOL        L?0222
  C:138DH         SYMBOL        L?0223
  C:138DH         SYMBOL        L?0224
  C:1393H         SYMBOL        L?0225
  C:1398H         SYMBOL        L?0226
  C:139FH         SYMBOL        L?0227
  C:139FH         SYMBOL        L?0228
  C:13A5H         SYMBOL        L?0229
  C:13B3H         SYMBOL        L?0230
  C:13C1H         SYMBOL        L?0231
BL51 BANKED LINKER/LOCATER V6.22                                                      02/05/2021  12:51:58  PAGE 16


  C:13CEH         SYMBOL        L?0232
  C:13CEH         SYMBOL        L?0233
  C:13D4H         SYMBOL        L?0234
  C:13D4H         SYMBOL        L?0235
  C:13DAH         SYMBOL        L?0236
  C:13DAH         SYMBOL        L?0237
  C:13E0H         SYMBOL        L?0238
  C:13ECH         SYMBOL        L?0239
  C:13EDH         SYMBOL        L?0240
  C:13F3H         SYMBOL        L?0241
  C:13FDH         SYMBOL        L?0242
  C:1407H         SYMBOL        L?0243
  -------         PROC          COM00C0
  -------         ENDPROC       COM00C0
  -------         PROC          _FLASH_READARR
  D:0009H         SYMBOL        fui_Address
  D:0005H         SYMBOL        fuc_Length
  D:000BH         SYMBOL        fucp_SaveArr
  C:267AH         LINE#         111
  C:2684H         LINE#         112
  C:2684H         LINE#         113
  C:268AH         LINE#         114
  C:26ABH         LINE#         115
  -------         ENDPROC       _FLASH_READARR
  -------         PROC          _DELAY_MS
  D:0082H         SYMBOL        t
  C:2824H         LINE#         117
  C:2828H         LINE#         118
  C:2828H         LINE#         119
  C:2831H         LINE#         120
  C:2846H         LINE#         121
  C:2846H         LINE#         122
  C:2849H         LINE#         123
  C:284BH         LINE#         124
  -------         ENDPROC       _DELAY_MS
  C:295CH         SYMBOL        L?0196
  C:295EH         SYMBOL        L?0197
  -------         PROC          L?0195
  -------         ENDPROC       L?0195
  C:295CH         SYMBOL        L?0196
  C:295EH         SYMBOL        L?0197
  -------         PROC          _DELAY_US
  D:0006H         SYMBOL        q1
  -------         DO            
  D:0004H         SYMBOL        j
  -------         ENDDO         
  C:2963H         LINE#         126
  C:2963H         LINE#         127
  C:2963H         LINE#         129
  C:296DH         LINE#         130
  C:296DH         LINE#         132
  C:2974H         LINE#         133
  -------         ENDPROC       _DELAY_US
  -------         PROC          INITSYS
  C:0003H         LINE#         141
  C:0003H         LINE#         142
  C:0003H         LINE#         145
BL51 BANKED LINKER/LOCATER V6.22                                                      02/05/2021  12:51:58  PAGE 17


  C:0006H         LINE#         146
  C:000CH         LINE#         147
  C:0010H         LINE#         155
  C:0013H         LINE#         156
  C:0019H         LINE#         158
  -------         ENDPROC       INITSYS
  -------         PROC          TIMER_INIT
  C:2902H         LINE#         166
  C:2902H         LINE#         167
  C:2902H         LINE#         169
  C:2907H         LINE#         170
  C:290AH         LINE#         182
  C:290DH         LINE#         183
  C:2910H         LINE#         184
  C:2913H         LINE#         185
  C:2916H         LINE#         187
  C:2919H         LINE#         188
  C:291CH         LINE#         190
  C:291FH         LINE#         191
  -------         ENDPROC       TIMER_INIT
  -------         PROC          UART1_INIT
  C:2710H         LINE#         199
  C:2710H         LINE#         200
  C:2710H         LINE#         202
  C:2719H         LINE#         203
  C:2722H         LINE#         204
  C:2724H         LINE#         205
  C:272AH         LINE#         206
  C:272EH         LINE#         207
  C:2731H         LINE#         223
  C:2734H         LINE#         224
  C:2737H         LINE#         225
  C:273AH         LINE#         226
  C:273DH         LINE#         227
  C:2740H         LINE#         229
  -------         ENDPROC       UART1_INIT
  -------         PROC          ADC_INIT
  C:2990H         LINE#         237
  C:2990H         LINE#         238
  C:2990H         LINE#         240
  C:2993H         LINE#         241
  C:2996H         LINE#         242
  C:299DH         LINE#         253
  C:29A0H         LINE#         256
  C:29A6H         LINE#         257
  -------         ENDPROC       ADC_INIT
  -------         PROC          GPIO_INIT
  C:293EH         LINE#         265
  C:293EH         LINE#         266
  C:293EH         LINE#         306
  C:2947H         LINE#         308
  C:2950H         LINE#         310
  C:2959H         LINE#         345
  -------         ENDPROC       GPIO_INIT
  -------         PROC          _SEND_DATA
  D:0007H         SYMBOL        d
  C:2A5EH         LINE#         347
BL51 BANKED LINKER/LOCATER V6.22                                                      02/05/2021  12:51:58  PAGE 18


  C:2A5EH         LINE#         348
  C:2A5EH         LINE#         349
  C:2A60H         LINE#         350
  C:2A65H         LINE#         352
  C:2A68H         LINE#         353
  -------         ENDPROC       _SEND_DATA
  -------         PROC          _READ_AD
  D:0007H         SYMBOL        ch
  -------         DO            
  D:0001H         SYMBOL        i
  D:0002H         SYMBOL        ad_sum
  -------         ENDDO         
  C:24F6H         LINE#         356
  C:24F6H         LINE#         357
  C:24F6H         LINE#         361
  C:24F8H         LINE#         362
  C:24FBH         LINE#         363
  C:2500H         LINE#         365
  C:2503H         LINE#         367
  C:2506H         LINE#         369
  C:2509H         LINE#         371
  C:250AH         LINE#         372
  C:250AH         LINE#         373
  C:250DH         LINE#         374
  C:2512H         LINE#         376
  C:2515H         LINE#         377
  C:251DH         LINE#         379
  C:2524H         LINE#         380
  C:2528H         LINE#         391
  C:252BH         LINE#         394
  C:252DH         LINE#         396
  C:2530H         LINE#         397
  C:2532H         LINE#         398
  -------         ENDPROC       _READ_AD
  -------         PROC          SET_VAR
  C:115EH         LINE#         400
  C:115EH         LINE#         401
  C:115EH         LINE#         403
  C:116DH         LINE#         405
  C:1179H         LINE#         406
  C:1184H         LINE#         407
  C:1199H         LINE#         408
  C:11A9H         LINE#         409
  C:11C8H         LINE#         410
  C:11D2H         LINE#         412
  C:11DAH         LINE#         414
  C:11DCH         LINE#         415
  C:11DEH         LINE#         416
  C:11E5H         LINE#         417
  C:11E8H         LINE#         419
  C:11F5H         LINE#         420
  C:11FEH         LINE#         421
  C:120CH         LINE#         422
  C:1220H         LINE#         423
  C:1229H         LINE#         426
  C:1231H         LINE#         428
  C:1235H         LINE#         430
BL51 BANKED LINKER/LOCATER V6.22                                                      02/05/2021  12:51:58  PAGE 19


  C:123DH         LINE#         431
  C:1245H         LINE#         432
  C:124BH         LINE#         434
  C:1256H         LINE#         436
  C:1260H         LINE#         438
  C:126AH         LINE#         440
  C:1274H         LINE#         442
  C:1283H         LINE#         443
  C:128BH         LINE#         444
  C:1293H         LINE#         446
  C:129AH         LINE#         447
  C:129DH         LINE#         449
  C:12A3H         LINE#         451
  C:12ACH         LINE#         452
  C:12AFH         LINE#         454
  C:12B5H         LINE#         455
  C:12B5H         LINE#         456
  C:12B8H         LINE#         457
  C:12B8H         LINE#         458
  C:12C0H         LINE#         459
  C:12C0H         LINE#         460
  C:12C7H         LINE#         461
  C:12CAH         LINE#         462
  C:12CAH         LINE#         463
  -------         ENDPROC       SET_VAR
  -------         PROC          XBRHANDLE
  -------         DO            
  D:0009H         SYMBOL        k
  -------         ENDDO         
  C:0721H         LINE#         465
  C:0721H         LINE#         466
  C:0721H         LINE#         469
  C:0728H         LINE#         470
  C:0728H         LINE#         482
  C:072BH         LINE#         483
  C:0730H         LINE#         485
  C:0733H         LINE#         486
  C:0739H         LINE#         488
  C:073FH         LINE#         490
  C:0749H         LINE#         493
  C:0759H         LINE#         494
  C:0759H         LINE#         495
  C:0764H         LINE#         496
  C:0766H         LINE#         498
  C:0766H         LINE#         499
  C:0771H         LINE#         500
  C:0771H         LINE#         501
  C:0787H         LINE#         503
  C:0793H         LINE#         504
  C:0793H         LINE#         505
  C:0798H         LINE#         506
  C:0798H         LINE#         520
  C:079EH         LINE#         522
  C:079FH         LINE#         523
  C:07A1H         LINE#         524
  C:07ADH         LINE#         525
  C:07ADH         LINE#         535
BL51 BANKED LINKER/LOCATER V6.22                                                      02/05/2021  12:51:58  PAGE 20


  C:07B0H         LINE#         537
  C:07B3H         LINE#         538
  C:07B3H         LINE#         539
  C:07B3H         LINE#         541
  C:07BFH         LINE#         542
  C:07BFH         LINE#         544
  C:07C2H         LINE#         546
  C:07C6H         LINE#         548
  C:07CBH         LINE#         550
  C:07DAH         LINE#         552
  C:07E3H         LINE#         553
  C:07E3H         LINE#         554
  C:07E4H         LINE#         556
  C:07F2H         LINE#         558
  C:07FEH         LINE#         559
  C:0809H         LINE#         560
  C:0813H         LINE#         561
  C:0813H         LINE#         563
  C:081CH         LINE#         564
  C:081CH         LINE#         565
  C:081FH         LINE#         566
  C:0821H         LINE#         568
  C:0821H         LINE#         569
  C:082BH         LINE#         570
  C:082BH         LINE#         581
  C:082BH         LINE#         584
  C:084CH         LINE#         585
  C:0854H         LINE#         587
  C:085CH         LINE#         589
  C:0861H         LINE#         590
  C:0861H         LINE#         591
  C:0861H         LINE#         593
  C:086EH         LINE#         594
  C:086EH         LINE#         595
  C:087EH         LINE#         596
  C:0897H         LINE#         597
  C:08A1H         LINE#         598
  C:08A1H         LINE#         600
  C:08A7H         LINE#         601
  C:08A7H         LINE#         602
  C:08B0H         LINE#         603
  C:08BAH         LINE#         605
  C:08BAH         LINE#         607
  C:08D6H         LINE#         608
  C:08D6H         LINE#         609
  C:08DCH         LINE#         610
  C:08F1H         LINE#         611
  C:090AH         LINE#         612
  C:091AH         LINE#         613
  C:0925H         LINE#         614
  C:0930H         LINE#         615
  C:093BH         LINE#         616
  C:0946H         LINE#         618
  C:0951H         LINE#         619
  C:0951H         LINE#         620
  C:0960H         LINE#         621
  C:0970H         LINE#         622
BL51 BANKED LINKER/LOCATER V6.22                                                      02/05/2021  12:51:58  PAGE 21


  C:0978H         LINE#         623
  C:098AH         LINE#         624
  C:098FH         LINE#         629
  C:098FH         LINE#         630
  C:0995H         LINE#         631
  C:0995H         LINE#         633
  C:09A8H         LINE#         634
  C:09A8H         LINE#         635
  C:09B3H         LINE#         636
  C:09B3H         LINE#         637
  C:09BCH         LINE#         638
  C:09C1H         LINE#         639
  C:09CCH         LINE#         640
  C:09CCH         LINE#         641
  C:09CCH         LINE#         642
  C:09D8H         LINE#         643
  C:09D8H         LINE#         644
  C:09D8H         LINE#         645
  C:09D8H         LINE#         646
  C:09D8H         LINE#         647
  C:09DBH         LINE#         649
  C:09E3H         LINE#         650
  C:09E3H         LINE#         658
  C:09EEH         LINE#         659
  C:09EEH         LINE#         660
  C:09FAH         LINE#         662
  C:0A1AH         LINE#         664
  C:0A1AH         LINE#         665
  C:0A22H         LINE#         666
  C:0A22H         LINE#         667
  C:0A22H         LINE#         668
  C:0A22H         LINE#         669
  C:0A24H         LINE#         671
  C:0A24H         LINE#         672
  C:0A34H         LINE#         673
  C:0A3CH         LINE#         674
  C:0A4FH         LINE#         675
  C:0A54H         LINE#         677
  C:0A57H         LINE#         678
  C:0A5CH         LINE#         679
  C:0A5CH         LINE#         680
  C:0A5CH         LINE#         681
  C:0A68H         LINE#         682
  C:0A68H         LINE#         683
  C:0A68H         LINE#         684
  C:0A68H         LINE#         685
  C:0A68H         LINE#         692
  C:0A6DH         LINE#         693
  C:0A6DH         LINE#         694
  C:0A6EH         LINE#         695
  C:0A6EH         LINE#         696
  C:0A6EH         LINE#         697
  C:0A6EH         LINE#         698
  C:0A70H         LINE#         700
  C:0A70H         LINE#         701
  C:0A75H         LINE#         702
  C:0A7FH         LINE#         703
BL51 BANKED LINKER/LOCATER V6.22                                                      02/05/2021  12:51:58  PAGE 22


  C:0A7FH         LINE#         705
  C:0A86H         LINE#         706
  C:0A86H         LINE#         707
  C:0A88H         LINE#         708
  C:0AB2H         LINE#         709
  C:0AB8H         LINE#         710
  C:0ABBH         LINE#         712
  C:0ABBH         LINE#         714
  C:0AC0H         LINE#         715
  C:0AC0H         LINE#         716
  C:0AC7H         LINE#         718
  C:0ACCH         LINE#         719
  C:0ACCH         LINE#         727
  C:0ADCH         LINE#         728
  C:0ADCH         LINE#         729
  C:0AE6H         LINE#         730
  C:0AE8H         LINE#         732
  C:0AE8H         LINE#         733
  C:0AF1H         LINE#         734
  C:0B01H         LINE#         735
  C:0B01H         LINE#         736
  C:0B17H         LINE#         737
  C:0B17H         LINE#         739
  C:0B17H         LINE#         740
  C:0B17H         LINE#         742
  C:0B17H         LINE#         748
  C:0B17H         LINE#         749
  C:0B17H         LINE#         751
  C:0B28H         LINE#         752
  C:0B28H         LINE#         757
  C:0B3AH         LINE#         758
  C:0B3AH         LINE#         766
  C:0B3AH         LINE#         767
  C:0B44H         LINE#         768
  C:0B4DH         LINE#         769
  C:0B55H         LINE#         770
  C:0B59H         LINE#         789
  C:0B5FH         LINE#         791
  C:0B65H         LINE#         793
  C:0B6BH         LINE#         794
  C:0B72H         LINE#         795
  C:0B77H         LINE#         796
  C:0B7CH         LINE#         798
  C:0B7CH         LINE#         799
  C:0B7CH         LINE#         800
  C:0B7CH         LINE#         801
  C:0B7CH         LINE#         803
  C:0B85H         LINE#         812
  C:0B8FH         LINE#         813
  C:0B99H         LINE#         815
  C:0BA9H         LINE#         816
  C:0BA9H         LINE#         827
  C:0BB8H         LINE#         828
  C:0BB8H         LINE#         829
  C:0BBFH         LINE#         830
  C:0BC2H         LINE#         831
  C:0BC6H         LINE#         832
BL51 BANKED LINKER/LOCATER V6.22                                                      02/05/2021  12:51:58  PAGE 23


  C:0BCAH         LINE#         835
  C:0BCAH         LINE#         836
  C:0BCAH         LINE#         837
  C:0BCAH         LINE#         838
  C:0BCBH         LINE#         840
  C:0BCBH         LINE#         841
  C:0BD3H         LINE#         842
  C:0BD6H         LINE#         852
  C:0BDCH         LINE#         853
  C:0BE0H         LINE#         857
  C:0BE6H         LINE#         863
  C:0BF0H         LINE#         864
  C:0BF0H         LINE#         865
  C:0BF0H         LINE#         867
  C:0BF0H         LINE#         869
  C:0BF0H         LINE#         871
  C:0BF0H         LINE#         872
  C:0BFAH         LINE#         876
  C:0BFAH         LINE#         877
  -------         ENDPROC       XBRHANDLE
  -------         PROC          WAIT1
  -------         DO            
  D:0009H         SYMBOL        i
  D:000AH         SYMBOL        j
  -------         ENDDO         
  C:21D6H         LINE#         879
  C:21D6H         LINE#         880
  C:21D6H         LINE#         884
  C:21D9H         LINE#         885
  C:21D9H         LINE#         886
  C:21D9H         LINE#         887
  C:21E3H         LINE#         905
  C:21E6H         LINE#         906
  C:21E6H         LINE#         908
  C:21E9H         LINE#         909
  C:21EEH         LINE#         911
  C:21F1H         LINE#         914
  C:21FBH         LINE#         915
  C:2202H         LINE#         934
  C:2209H         LINE#         938
  C:2216H         LINE#         939
  C:2229H         LINE#         940
  C:2229H         LINE#         942
  C:222BH         LINE#         944
  C:2232H         LINE#         945
  C:2233H         LINE#         947
  -------         ENDPROC       WAIT1
  -------         PROC          WAIT2
  -------         DO            
  D:0009H         SYMBOL        i
  D:000AH         SYMBOL        k
  D:000CH         SYMBOL        t
  -------         ENDDO         
  C:2234H         LINE#         948
  C:2234H         LINE#         949
  C:2234H         LINE#         954
  C:223EH         LINE#         956
BL51 BANKED LINKER/LOCATER V6.22                                                      02/05/2021  12:51:58  PAGE 24


  C:2241H         LINE#         957
  C:2241H         LINE#         958
  C:2246H         LINE#         959
  C:2246H         LINE#         970
  C:2249H         LINE#         971
  C:224EH         LINE#         973
  C:2251H         LINE#         974
  C:2257H         LINE#         976
  C:2261H         LINE#         977
  C:2271H         LINE#         978
  C:2274H         LINE#         979
  C:227BH         LINE#         981
  C:228EH         LINE#         987
  -------         ENDPROC       WAIT2
  -------         PROC          _PWM3INIT
  D:0007H         SYMBOL        ab
  -------         DO            
  D:000BH         SYMBOL        i11
  D:0006H         SYMBOL        j11
  -------         ENDDO         
  C:207FH         LINE#         989
  C:207FH         LINE#         990
  C:207FH         LINE#         994
  C:2082H         LINE#         995
  C:2082H         LINE#         996
  C:2086H         LINE#         997
  C:2086H         LINE#         998
  C:2088H         LINE#         999
  C:208BH         LINE#         1000
  C:208BH         LINE#         1001
  C:2090H         LINE#         1002
  C:2095H         LINE#         1003
  C:2097H         LINE#         1005
  C:2097H         LINE#         1006
  C:209DH         LINE#         1007
  C:20A2H         LINE#         1008
  C:20A2H         LINE#         1010
  C:20A5H         LINE#         1011
  C:20A5H         LINE#         1012
  C:20A7H         LINE#         1013
  C:20A9H         LINE#         1015
  C:20A9H         LINE#         1016
  C:20CCH         LINE#         1017
  C:20E2H         LINE#         1018
  C:20E2H         LINE#         1033
  C:20E8H         LINE#         1051
  C:20EBH         LINE#         1058
  C:20EDH         LINE#         1059
  C:20F0H         LINE#         1061
  C:20F2H         LINE#         1062
  -------         ENDPROC       _PWM3INIT
  -------         PROC          MAIN
  -------         DO            
  D:0008H         SYMBOL        i
  -------         ENDDO         
  C:0BFBH         LINE#         1072
  C:0BFBH         LINE#         1073
BL51 BANKED LINKER/LOCATER V6.22                                                      02/05/2021  12:51:58  PAGE 25


  C:0BFBH         LINE#         1075
  C:0BFEH         LINE#         1076
  C:0C01H         LINE#         1077
  C:0C04H         LINE#         1081
  C:0C07H         LINE#         1082
  C:0C0AH         LINE#         1083
  C:0C0DH         LINE#         1085
  C:0C10H         LINE#         1089
  C:0C16H         LINE#         1090
  C:0C19H         LINE#         1092
  C:0C1BH         LINE#         1094
  C:0C22H         LINE#         1110
  C:0C22H         LINE#         1113
  C:0C26H         LINE#         1115
  C:0C28H         LINE#         1116
  C:0C2BH         LINE#         1118
  C:0C30H         LINE#         1120
  C:0C32H         LINE#         1122
  C:0C35H         LINE#         1124
  C:0C38H         LINE#         1126
  C:0C3BH         LINE#         1129
  C:0C42H         LINE#         1131
  C:0C45H         LINE#         1133
  C:0C4FH         LINE#         1135
  C:0C52H         LINE#         1137
  C:0C5BH         LINE#         1138
  C:0C5BH         LINE#         1139
  C:0C5EH         LINE#         1140
  C:0C67H         LINE#         1141
  C:0C67H         LINE#         1142
  C:0C6AH         LINE#         1143
  C:0C6AH         LINE#         1144
  C:0C6FH         LINE#         1145
  C:0C71H         LINE#         1147
  C:0C71H         LINE#         1148
  C:0C74H         LINE#         1149
  C:0C74H         LINE#         1151
  C:0C85H         LINE#         1153
  C:0C85H         LINE#         1154
  C:0C85H         LINE#         1155
  C:0C8CH         LINE#         1156
  C:0C8CH         LINE#         1157
  C:0C99H         LINE#         1158
  C:0C99H         LINE#         1159
  C:0C9EH         LINE#         1160
  C:0CA6H         LINE#         1161
  C:0CA6H         LINE#         1163
  C:0CB3H         LINE#         1164
  C:0CB3H         LINE#         1165
  C:0CB8H         LINE#         1166
  C:0CC0H         LINE#         1167
  C:0CC0H         LINE#         1169
  C:0CC8H         LINE#         1170
  C:0CC8H         LINE#         1171
  C:0CD0H         LINE#         1172
  C:0CD0H         LINE#         1173
  C:0CD4H         LINE#         1174
BL51 BANKED LINKER/LOCATER V6.22                                                      02/05/2021  12:51:58  PAGE 26


  C:0CD8H         LINE#         1175
  C:0CECH         LINE#         1176
  C:0CECH         LINE#         1177
  C:0CFAH         LINE#         1178
  C:0D0DH         LINE#         1179
  C:0D1CH         LINE#         1180
  C:0D1CH         LINE#         1181
  C:0D1CH         LINE#         1182
  C:0D1CH         LINE#         1183
  C:0D1CH         LINE#         1185
  C:0D1FH         LINE#         1187
  C:0D23H         LINE#         1188
  C:0D23H         LINE#         1189
  C:0D2BH         LINE#         1190
  C:0D2EH         LINE#         1191
  C:0D2EH         LINE#         1193
  C:0D39H         LINE#         1194
  C:0D39H         LINE#         1195
  C:0D3DH         LINE#         1196
  C:0D3DH         LINE#         1197
  C:0D3FH         LINE#         1199
  C:0D42H         LINE#         1200
  C:0D42H         LINE#         1202
  C:0D4CH         LINE#         1203
  C:0D4CH         LINE#         1204
  C:0D4CH         LINE#         1206
  C:0D4CH         LINE#         1208
  C:0D4CH         LINE#         1210
  C:0D4CH         LINE#         1211
  C:0D56H         LINE#         1212
  C:0D56H         LINE#         1214
  C:0D59H         LINE#         1216
  C:0D68H         LINE#         1217
  C:0D68H         LINE#         1218
  C:0D6FH         LINE#         1219
  C:0D6FH         LINE#         1220
  C:0D71H         LINE#         1221
  C:0D77H         LINE#         1222
  C:0D8AH         LINE#         1223
  C:0D8AH         LINE#         1224
  C:0D8EH         LINE#         1225
  C:0D96H         LINE#         1226
  C:0D96H         LINE#         1228
  C:0D96H         LINE#         1230
  C:0D96H         LINE#         1231
  C:0D9BH         LINE#         1232
  C:0D9BH         LINE#         1233
  C:0D9BH         LINE#         1234
  C:0D9BH         LINE#         1235
  C:0D9BH         LINE#         1236
  C:0DA0H         LINE#         1237
  C:0DA0H         LINE#         1238
  C:0DA9H         LINE#         1239
  C:0DA9H         LINE#         1240
  C:0DACH         LINE#         1241
  C:0DAFH         LINE#         1248
  C:0DAFH         LINE#         1249
BL51 BANKED LINKER/LOCATER V6.22                                                      02/05/2021  12:51:58  PAGE 27


  C:0DAFH         LINE#         1252
  C:0DBAH         LINE#         1253
  C:0DBAH         LINE#         1254
  C:0DC9H         LINE#         1255
  C:0DC9H         LINE#         1256
  C:0DCBH         LINE#         1257
  C:0DD3H         LINE#         1259
  C:0DE0H         LINE#         1260
  C:0DE0H         LINE#         1263
  C:0DE4H         LINE#         1264
  C:0DE4H         LINE#         1265
  C:0DE4H         LINE#         1266
  C:0DE4H         LINE#         1268
  C:0DE4H         LINE#         1269
  C:0DE7H         LINE#         1270
  C:0DEDH         LINE#         1271
  C:0DEDH         LINE#         1272
  C:0DF1H         LINE#         1273
  C:0DF4H         LINE#         1275
  C:0DF4H         LINE#         1276
  C:0DFCH         LINE#         1278
  C:0DFFH         LINE#         1280
  C:0DFFH         LINE#         1283
  C:0E09H         LINE#         1284
  C:0E09H         LINE#         1285
  C:0E09H         LINE#         1287
  C:0E09H         LINE#         1289
  C:0E09H         LINE#         1291
  C:0E09H         LINE#         1292
  C:0E13H         LINE#         1293
  C:0E13H         LINE#         1294
  C:0E13H         LINE#         1295
  -------         ENDPROC       MAIN
  -------         PROC          TIMER1_RPT
  C:1C21H         LINE#         1304
  C:1C3EH         LINE#         1307
  C:1C5AH         LINE#         1309
  C:1C60H         LINE#         1310
  C:1C77H         LINE#         1311
  C:1C77H         LINE#         1312
  C:1C7EH         LINE#         1313
  C:1C83H         LINE#         1314
  C:1C83H         LINE#         1315
  C:1C8BH         LINE#         1316
  C:1C97H         LINE#         1317
  C:1C97H         LINE#         1319
  C:1C9CH         LINE#         1320
  C:1CA3H         LINE#         1321
  C:1CA3H         LINE#         1322
  C:1CA9H         LINE#         1323
  C:1CB8H         LINE#         1324
  C:1CB8H         LINE#         1325
  C:1CBCH         LINE#         1326
  C:1CC1H         LINE#         1327
  C:1CC1H         LINE#         1328
  -------         ENDPROC       TIMER1_RPT
  -------         PROC          UART1_RPT
BL51 BANKED LINKER/LOCATER V6.22                                                      02/05/2021  12:51:58  PAGE 28


  -------         DO            
  D:0007H         SYMBOL        i
  -------         ENDDO         
  C:2533H         LINE#         1337
  C:254AH         LINE#         1342
  C:254FH         LINE#         1343
  C:254FH         LINE#         1344
  C:2551H         LINE#         1345
  C:2554H         LINE#         1346
  C:2557H         LINE#         1347
  C:2559H         LINE#         1348
  C:2559H         LINE#         1349
  -------         ENDPROC       UART1_RPT
  -------         PROC          _FLASH_ERASEBLOCK
  D:0006H         SYMBOL        fui_Address
  C:2899H         LINE#         1351
  C:2899H         LINE#         1352
  C:2899H         LINE#         1353
  C:2899H         LINE#         1354
  C:2899H         LINE#         1355
  C:289CH         LINE#         1356
  C:289EH         LINE#         1357
  C:28A3H         LINE#         1358
  C:28A3H         LINE#         1360
  C:28A5H         LINE#         1361
  C:28A7H         LINE#         1362
  C:28ADH         LINE#         1363
  C:28B1H         LINE#         1364
  C:28B7H         LINE#         1365
  C:28BDH         LINE#         1367
  -------         ENDPROC       _FLASH_ERASEBLOCK
  -------         PROC          _FLASH_WRITEDATA
  D:0007H         SYMBOL        fuc_SaveData
  D:0004H         SYMBOL        fui_Address
  C:284CH         LINE#         1377
  C:284CH         LINE#         1378
  C:284CH         LINE#         1379
  C:284CH         LINE#         1380
  C:284CH         LINE#         1381
  C:284FH         LINE#         1382
  C:2851H         LINE#         1383
  C:2856H         LINE#         1384
  C:2856H         LINE#         1386
  C:2858H         LINE#         1387
  C:285AH         LINE#         1388
  C:285CH         LINE#         1389
  C:2862H         LINE#         1390
  C:2866H         LINE#         1391
  C:286CH         LINE#         1392
  C:2872H         LINE#         1394
  -------         ENDPROC       _FLASH_WRITEDATA
  -------         PROC          SAVEVAR
  -------         DO            
  D:0007H         SYMBOL        i
  -------         ENDDO         
  C:1D77H         LINE#         1429
  C:1D77H         LINE#         1430
BL51 BANKED LINKER/LOCATER V6.22                                                      02/05/2021  12:51:58  PAGE 29


  C:1D77H         LINE#         1432
  C:1D79H         LINE#         1433
  C:1D7CH         LINE#         1435
  C:1D87H         LINE#         1436
  C:1D89H         LINE#         1437
  C:1D8CH         LINE#         1439
  C:1D92H         LINE#         1440
  C:1D94H         LINE#         1441
  C:1D97H         LINE#         1443
  C:1D9AH         LINE#         1444
  C:1D9CH         LINE#         1445
  C:1D9FH         LINE#         1447
  C:1DA2H         LINE#         1448
  C:1DA4H         LINE#         1449
  C:1DA7H         LINE#         1450
  C:1DAAH         LINE#         1451
  C:1DACH         LINE#         1452
  C:1DAFH         LINE#         1454
  C:1DB4H         LINE#         1455
  C:1DB6H         LINE#         1456
  C:1DB9H         LINE#         1458
  C:1DBEH         LINE#         1459
  C:1DC0H         LINE#         1460
  C:1DC3H         LINE#         1462
  C:1DC9H         LINE#         1463
  C:1DCBH         LINE#         1464
  C:1DCEH         LINE#         1466
  C:1DD3H         LINE#         1467
  C:1DD5H         LINE#         1468
  C:1DD8H         LINE#         1470
  C:1DDDH         LINE#         1471
  C:1DDFH         LINE#         1472
  C:1DE2H         LINE#         1474
  C:1DE7H         LINE#         1475
  C:1DE9H         LINE#         1476
  C:1DECH         LINE#         1478
  C:1DEEH         LINE#         1479
  C:1DF1H         LINE#         1480
  C:1DF7H         LINE#         1481
  C:1DFAH         LINE#         1482
  C:1E00H         LINE#         1483
  C:1E03H         LINE#         1485
  C:1E05H         LINE#         1487
  -------         ENDPROC       SAVEVAR
  -------         ENDMOD        HC_MCU_XBR

  -------         MODULE        MCU_API
  C:0000H         SYMBOL        _ICE_DUMMY_
  C:26ACH         PUBLIC        _uart_receive_input
  C:2A1DH         PUBLIC        mcu_reset_zigbee
  C:22DFH         PUBLIC        _byte_to_int
  C:29F9H         PUBLIC        mcu_network_start
  C:191EH         PUBLIC        _my_memcpy
  C:2612H         PUBLIC        _my_memset
  C:2AA0H         PUBLIC        _mcu_get_dp_download_value
  C:23B8H         PUBLIC        _my_strlen
  C:2167H         PUBLIC        _mcu_dp_value_update
BL51 BANKED LINKER/LOCATER V6.22                                                      02/05/2021  12:51:58  PAGE 30


  C:2A0BH         PUBLIC        zigbee_protocol_init
  C:2A73H         PUBLIC        _mcu_get_dp_download_bool
  C:0FC8H         PUBLIC        zigbee_uart_service
  C:256EH         PUBLIC        _mcu_dp_bool_update
  C:2A7CH         PUBLIC        _mcu_get_dp_download_enum
  C:2772H         PUBLIC        _mcu_dp_enum_update
  C:1F1AH         SYMBOL        Com0048
  C:1F1AH         SYMBOL        L?0073
  C:1F33H         SYMBOL        L?0074
  C:1F38H         SYMBOL        L?0075
  C:1F3FH         SYMBOL        L?0076
  C:1F4DH         SYMBOL        L?0077
  C:1F4DH         SYMBOL        L?0078
  C:1F56H         SYMBOL        L?0079
  C:1F63H         SYMBOL        L?0081
  C:1F63H         SYMBOL        L?0082
  C:1F6AH         SYMBOL        L?0084
  C:1F74H         SYMBOL        L?0085
  C:1F7EH         SYMBOL        L?0086
  C:1F88H         SYMBOL        L?0087
  -------         PROC          COM0048
  -------         ENDPROC       COM0048
  -------         PROC          _MY_STRLEN
  D:001AH         SYMBOL        str
  -------         DO            
  D:001DH         SYMBOL        len
  -------         ENDDO         
  C:23B8H         LINE#         47
  C:23BEH         LINE#         48
  C:23BEH         LINE#         49
  C:23C1H         LINE#         50
  C:23C6H         LINE#         51
  C:23C6H         LINE#         52
  C:23CBH         LINE#         53
  C:23CBH         LINE#         55
  C:23D8H         LINE#         56
  C:23D8H         LINE#         57
  C:23F0H         LINE#         58
  C:23F2H         LINE#         60
  C:23FAH         LINE#         61
  -------         ENDPROC       _MY_STRLEN
  -------         PROC          _MY_MEMSET
  D:0036H         SYMBOL        src
  D:0005H         SYMBOL        ch
  D:003AH         SYMBOL        count
  -------         DO            
  D:003CH         SYMBOL        tmp
  -------         ENDDO         
  C:2612H         LINE#         70
  C:2618H         LINE#         71
  C:2618H         LINE#         72
  C:261EH         LINE#         74
  C:2623H         LINE#         75
  C:2623H         LINE#         76
  C:2627H         LINE#         77
  C:2627H         LINE#         79
  C:2634H         LINE#         80
BL51 BANKED LINKER/LOCATER V6.22                                                      02/05/2021  12:51:58  PAGE 31


  C:2634H         LINE#         81
  C:263DH         LINE#         82
  C:263FH         LINE#         84
  C:2645H         LINE#         85
  -------         ENDPROC       _MY_MEMSET
  -------         PROC          _MY_MEMCPY
  D:0021H         SYMBOL        dest
  D:0024H         SYMBOL        src
  D:0027H         SYMBOL        count
  -------         DO            
  D:0029H         SYMBOL        pdest
  D:002CH         SYMBOL        psrc
  D:002FH         SYMBOL        i
  -------         ENDDO         
  C:191EH         LINE#         94
  C:1924H         LINE#         95
  C:1924H         LINE#         96
  C:192AH         LINE#         97
  C:1933H         LINE#         100
  C:1940H         LINE#         101
  C:1940H         LINE#         102
  C:1947H         LINE#         103
  C:1947H         LINE#         105
  C:1971H         LINE#         106
  C:1971H         LINE#         107
  C:1981H         LINE#         108
  C:1981H         LINE#         109
  C:1999H         LINE#         110
  C:19A3H         LINE#         111
  C:19A3H         LINE#         113
  C:19A3H         LINE#         114
  C:19B4H         LINE#         115
  C:19B4H         LINE#         116
  C:19D2H         LINE#         117
  C:19DCH         LINE#         118
  C:19DCH         LINE#         120
  C:19E2H         LINE#         121
  -------         ENDPROC       _MY_MEMCPY
  -------         PROC          _BYTE_TO_INT
  D:0001H         SYMBOL        value
  -------         DO            
  D:0029H         SYMBOL        nubmer
  -------         ENDDO         
  C:22DFH         LINE#         174
  C:22DFH         LINE#         175
  C:22DFH         LINE#         176
  C:22E8H         LINE#         178
  C:22F5H         LINE#         179
  C:2300H         LINE#         180
  C:2303H         LINE#         181
  C:2308H         LINE#         182
  C:230BH         LINE#         183
  C:2310H         LINE#         184
  C:2328H         LINE#         186
  C:2329H         LINE#         187
  -------         ENDPROC       _BYTE_TO_INT
  -------         PROC          MCU_RESET_ZIGBEE
BL51 BANKED LINKER/LOCATER V6.22                                                      02/05/2021  12:51:58  PAGE 32


  -------         DO            
  D:0004H         SYMBOL        length
  -------         ENDDO         
  C:2A1DH         LINE#         196
  C:2A1DH         LINE#         197
  C:2A1DH         LINE#         198
  C:2A20H         LINE#         200
  C:2A29H         LINE#         201
  -------         ENDPROC       MCU_RESET_ZIGBEE
  -------         PROC          MCU_NETWORK_START
  -------         DO            
  D:0004H         SYMBOL        length
  -------         ENDDO         
  C:29F9H         LINE#         211
  C:29F9H         LINE#         212
  C:29F9H         LINE#         213
  C:29FCH         LINE#         215
  C:2A06H         LINE#         216
  -------         ENDPROC       MCU_NETWORK_START
  C:2599H         SYMBOL        L?0080
  -------         PROC          _MCU_DP_BOOL_UPDATE
  D:0003H         SYMBOL        dpid
  D:0024H         SYMBOL        value
  -------         DO            
  D:0004H         SYMBOL        length
  -------         ENDDO         
  C:256EH         LINE#         250
  C:2570H         LINE#         251
  C:2570H         LINE#         252
  C:2570H         LINE#         254
  C:2573H         LINE#         255
  C:2576H         LINE#         257
  C:2578H         LINE#         258
  C:257DH         LINE#         260
  C:2581H         LINE#         261
  C:2581H         LINE#         262
  C:2582H         LINE#         263
  C:2584H         LINE#         265
  C:2584H         LINE#         266
  C:2591H         LINE#         267
  C:2591H         LINE#         269
  C:2596H         LINE#         271
  C:2598H         LINE#         272
  -------         ENDPROC       _MCU_DP_BOOL_UPDATE
  -------         PROC          _MCU_DP_VALUE_UPDATE
  D:0003H         SYMBOL        dpid
  D:0028H         SYMBOL        value
  -------         DO            
  D:0004H         SYMBOL        length
  -------         ENDDO         
  C:2167H         LINE#         280
  C:2167H         LINE#         281
  C:2167H         LINE#         282
  C:2167H         LINE#         284
  C:216FH         LINE#         285
  C:2176H         LINE#         287
  C:217DH         LINE#         288
BL51 BANKED LINKER/LOCATER V6.22                                                      02/05/2021  12:51:58  PAGE 33


[...]
  C:0F30H         LINE#         295
  C:0F3AH         LINE#         296
  C:0F3AH         LINE#         297
  C:0F40H         LINE#         298
  C:0F40H         LINE#         299
  C:0F58H         LINE#         300
  C:0F5AH         LINE#         302
  C:0F5AH         LINE#         303
  C:0F61H         LINE#         304
  C:0F61H         LINE#         305
  C:0F6BH         LINE#         306
  C:0F70H         LINE#         307
  C:0F73H         LINE#         308
BL51 BANKED LINKER/LOCATER V6.22                                                      02/05/2021  12:51:58  PAGE 53


  C:0F73H         LINE#         309
  C:0F73H         LINE#         310
  C:0F73H         LINE#         313
  C:0F8DH         LINE#         314
  C:0F8DH         LINE#         315
  C:0FA7H         LINE#         316
  C:0FB4H         LINE#         317
  C:0FBFH         LINE#         318
  C:0FC7H         LINE#         319
  C:0FC7H         LINE#         320
  -------         ENDPROC       _ZIGBEE_TIME_CONVERT
  C:1EFAH         SYMBOL        L?0110
  C:1F0AH         SYMBOL        L?0120
  -------         PROC          PRODUCT_INFO_CMD_HANDLE
  -------         DO            
  D:0019H         SYMBOL        length
  -------         ENDDO         
  C:1E92H         LINE#         393
  C:1E92H         LINE#         394
  C:1E92H         LINE#         395
  C:1E95H         LINE#         397
  C:1EA5H         LINE#         398
  C:1EB5H         LINE#         399
  C:1EC5H         LINE#         400
  C:1ED5H         LINE#         401
  C:1EF1H         LINE#         403
  C:1EFAH         LINE#         404
  -------         ENDPROC       PRODUCT_INFO_CMD_HANDLE
  -------         PROC          _ZIGBEE_STATE_CMD_HANDLE
  D:0007H         SYMBOL        current_state
  -------         DO            
  D:0019H         SYMBOL        temp
  -------         ENDDO         
  C:2A69H         LINE#         412
  C:2A69H         LINE#         413
  C:2A69H         LINE#         414
  C:2A6BH         LINE#         415
  -------         ENDPROC       _ZIGBEE_STATE_CMD_HANDLE
  -------         PROC          ZIGBEE_CFG_CMD_HANDLE
  C:0022H         LINE#         424
  C:0022H         LINE#         425
  C:0022H         LINE#         427
  -------         ENDPROC       ZIGBEE_CFG_CMD_HANDLE
  -------         PROC          _ZIGBEE_DATA_POINT_HANDLE
  D:0001H         SYMBOL        value
  -------         DO            
  D:0004H         SYMBOL        dp_id
  D:0007H         SYMBOL        index
  D:0019H         SYMBOL        dp_type
  D:0007H         SYMBOL        ret
  D:001AH         SYMBOL        dp_len
  -------         ENDDO         
  C:228FH         LINE#         435
  C:228FH         LINE#         436
  C:228FH         LINE#         442
  C:2293H         LINE#         443
  C:229BH         LINE#         444
BL51 BANKED LINKER/LOCATER V6.22                                                      02/05/2021  12:51:58  PAGE 54


  C:22A6H         LINE#         445
  C:22B5H         LINE#         448
  C:22BAH         LINE#         450
  C:22C9H         LINE#         451
  C:22C9H         LINE#         453
  C:22CCH         LINE#         454
  C:22CCH         LINE#         456
  C:22CCH         LINE#         457
  C:22DEH         LINE#         458
  C:22DEH         LINE#         460
  C:22DEH         LINE#         461
  -------         ENDPROC       _ZIGBEE_DATA_POINT_HANDLE
  -------         PROC          _ZIGBEE_DATA_RSP_HANDLE
  D:0007H         SYMBOL        rsp_status
  -------         DO            
  D:0019H         SYMBOL        temp
  -------         ENDDO         
  C:2AC2H         LINE#         469
  C:2AC2H         LINE#         470
  C:2AC2H         LINE#         473
  C:2AC4H         LINE#         474
  -------         ENDPROC       _ZIGBEE_DATA_RSP_HANDLE
  -------         PROC          ZIGBEE_OTA_VER_REQ_HANDLE
  -------         DO            
  D:0019H         SYMBOL        length
  -------         ENDDO         
  C:2920H         LINE#         518
  C:2920H         LINE#         519
  C:2920H         LINE#         520
  C:2925H         LINE#         521
  C:2935H         LINE#         522
  -------         ENDPROC       ZIGBEE_OTA_VER_REQ_HANDLE
  -------         PROC          GET_CURRENT_MCU_FW_VER
  -------         DO            
  D:001BH         SYMBOL        fw_ver
  D:001EH         SYMBOL        current_mcu_fw_ver
  -------         ENDDO         
  C:24B8H         LINE#         525
  C:24B8H         LINE#         526
  C:24B8H         LINE#         527
  C:24C4H         LINE#         528
  C:24C7H         LINE#         529
  C:24D6H         LINE#         530
  C:24E6H         LINE#         531
  C:24F3H         LINE#         532
  C:24F5H         LINE#         533
  -------         ENDPROC       GET_CURRENT_MCU_FW_VER
  -------         PROC          _ASSIC_TO_HEX
  D:0007H         SYMBOL        assic_num
  C:29A7H         LINE#         535
  C:29A7H         LINE#         536
  C:29A7H         LINE#         537
  C:29B2H         LINE#         538
  C:29B5H         LINE#         540
  C:29BCH         LINE#         541
  -------         ENDPROC       _ASSIC_TO_HEX
  -------         PROC          _ZIGBEE_TIME_GET_HANDLE
BL51 BANKED LINKER/LOCATER V6.22                                                      02/05/2021  12:51:58  PAGE 55


  D:0001H         SYMBOL        data0
  D:0019H         SYMBOL        data_len
  -------         DO            
  D:001AH         SYMBOL        time1
  D:001EH         SYMBOL        time2
  D:0022H         SYMBOL        localTime
  D:002AH         SYMBOL        utcTime
  D:0032H         SYMBOL        i
  D:0033H         SYMBOL        ptr
  -------         ENDDO         
  C:1B65H         LINE#         574
  C:1B67H         LINE#         575
  C:1B67H         LINE#         576
  C:1B78H         LINE#         578
  C:1B7AH         LINE#         579
  C:1B80H         LINE#         581
  C:1B8AH         LINE#         582
  C:1B8AH         LINE#         584
  C:1B8AH         LINE#         586
  C:1B9BH         LINE#         587
  C:1BA7H         LINE#         589
  C:1BAAH         LINE#         590
  C:1BAAH         LINE#         591
  C:1BB2H         LINE#         592
  C:1BBDH         LINE#         593
  C:1BC4H         LINE#         594
  C:1BCCH         LINE#         596
  C:1BCFH         LINE#         597
  C:1BCFH         LINE#         598
  C:1BD7H         LINE#         599
  C:1BE2H         LINE#         600
  C:1BE9H         LINE#         601
  C:1BF1H         LINE#         603
  C:1BFFH         LINE#         604
  C:1C10H         LINE#         606
  C:1C18H         LINE#         607
  C:1C20H         LINE#         608
  -------         ENDPROC       _ZIGBEE_TIME_GET_HANDLE
  -------         PROC          _SET_ZIGBEE_STATE
  D:0007H         SYMBOL        state
  C:27FBH         LINE#         616
  C:27FBH         LINE#         617
  C:27FBH         LINE#         618
  C:2800H         LINE#         619
  C:2802H         LINE#         620
  C:2802H         LINE#         621
  C:2804H         LINE#         622
  C:2805H         LINE#         623
  C:280CH         LINE#         624
  C:280CH         LINE#         625
  C:280FH         LINE#         626
  C:2812H         LINE#         627
  C:2815H         LINE#         628
  C:2815H         LINE#         629
  C:281CH         LINE#         630
  C:281CH         LINE#         631
  C:281FH         LINE#         632
BL51 BANKED LINKER/LOCATER V6.22                                                      02/05/2021  12:51:58  PAGE 56


  C:2820H         LINE#         634
  C:2820H         LINE#         635
  C:2823H         LINE#         636
  C:2823H         LINE#         637
  -------         ENDPROC       _SET_ZIGBEE_STATE
  -------         PROC          _DATA_HANDLE
  D:0011H         SYMBOL        offset
  -------         DO            
  D:0005H         SYMBOL        cmd_type
  D:0013H         SYMBOL        total_len
  D:0006H         SYMBOL        seq_num
  -------         DO            
  D:0015H         SYMBOL        current_state
  D:0015H         SYMBOL        current_state
  D:0015H         SYMBOL        i
  D:0016H         SYMBOL        ret
  D:0017H         SYMBOL        dp_len
  D:0015H         SYMBOL        rsp_status
  -------         ENDDO         
  -------         DO            
  D:0015H         SYMBOL        current_state
  D:0015H         SYMBOL        i
  D:0016H         SYMBOL        ret
  D:0017H         SYMBOL        dp_len
  D:0015H         SYMBOL        rsp_status
  -------         ENDDO         
  -------         DO            
  D:0015H         SYMBOL        i
  D:0016H         SYMBOL        ret
  D:0017H         SYMBOL        dp_len
  D:0015H         SYMBOL        rsp_status
  -------         ENDDO         
  -------         DO            
  D:0015H         SYMBOL        rsp_status
  -------         ENDDO         
  -------         ENDDO         
  C:1410H         LINE#         657
  C:1414H         LINE#         658
  C:1414H         LINE#         659
  C:1415H         LINE#         660
  C:1419H         LINE#         662
  C:1427H         LINE#         663
  C:1439H         LINE#         664
  C:144FH         LINE#         666
  C:145FH         LINE#         667
  C:1471H         LINE#         668
  C:1474H         LINE#         670
  C:14A0H         LINE#         671
  C:14A0H         LINE#         672
  C:14A0H         LINE#         673
  C:14A0H         LINE#         674
  C:14A0H         LINE#         675
  C:14A6H         LINE#         676
  C:14A6H         LINE#         677
  C:14A6H         LINE#         678
  C:14A6H         LINE#         680
  C:14A9H         LINE#         681
BL51 BANKED LINKER/LOCATER V6.22                                                      02/05/2021  12:51:58  PAGE 57


  C:14A9H         LINE#         682
  C:14A9H         LINE#         684
  C:14ACH         LINE#         685
  C:14ACH         LINE#         686
  C:14ACH         LINE#         687
  C:14AFH         LINE#         688
  C:14AFH         LINE#         690
  C:14AFH         LINE#         691
  C:14AFH         LINE#         692
  C:14AFH         LINE#         693
  C:14B5H         LINE#         694
  C:14BAH         LINE#         695
  C:14BAH         LINE#         696
  C:14BAH         LINE#         698
  C:14BAH         LINE#         699
  C:14BDH         LINE#         700
  C:14BDH         LINE#         702
  C:14BDH         LINE#         703
  C:14BDH         LINE#         704
  C:14C0H         LINE#         705
  C:14C4H         LINE#         707
  C:14D3H         LINE#         708
  C:14D3H         LINE#         709
  C:14EBH         LINE#         710
  C:14FFH         LINE#         712
  C:150DH         LINE#         714
  C:1512H         LINE#         715
  C:1512H         LINE#         717
  C:1515H         LINE#         718
  C:1515H         LINE#         720
  C:1515H         LINE#         722
  C:1515H         LINE#         723
  C:151DH         LINE#         724
  C:151FH         LINE#         725
  C:151FH         LINE#         726
  C:151FH         LINE#         728
  C:151FH         LINE#         729
  C:151FH         LINE#         730
  C:151FH         LINE#         731
  C:151FH         LINE#         732
  C:1525H         LINE#         733
  C:1525H         LINE#         734
  C:1525H         LINE#         749
  C:1525H         LINE#         750
  C:1525H         LINE#         754
  C:1525H         LINE#         755
  C:1525H         LINE#         756
  C:1525H         LINE#         757
  C:1525H         LINE#         758
  C:1528H         LINE#         759
  C:1528H         LINE#         760
  C:1528H         LINE#         762
  C:1528H         LINE#         763
  C:1528H         LINE#         764
  C:152DH         LINE#         765
  C:152DH         LINE#         766
  C:152DH         LINE#         768
BL51 BANKED LINKER/LOCATER V6.22                                                      02/05/2021  12:51:58  PAGE 58


  C:152DH         LINE#         769
  C:152DH         LINE#         771
  C:152DH         LINE#         772
  C:152DH         LINE#         773
  C:152DH         LINE#         774
  C:1535H         LINE#         775
  C:1535H         LINE#         777
  C:1535H         LINE#         778
  C:1535H         LINE#         779
  C:1535H         LINE#         780
  -------         ENDPROC       _DATA_HANDLE
  -------         PROC          _RESPONSE_MCU_OTA_NOTIFY_EVENT
  D:0019H         SYMBOL        offset
  -------         DO            
  D:0007H         SYMBOL        i
  D:001AH         SYMBOL        length
  D:001CH         SYMBOL        result
  -------         ENDDO         
  C:165AH         LINE#         782
  C:165CH         LINE#         783
  C:165CH         LINE#         784
  C:165EH         LINE#         785
  C:1662H         LINE#         786
  C:1666H         LINE#         788
  C:1674H         LINE#         790
  C:1674H         LINE#         791
  C:1674H         LINE#         792
  C:1688H         LINE#         793
  C:1689H         LINE#         794
  C:168CH         LINE#         795
  C:169AH         LINE#         796
  C:16F6H         LINE#         800
  C:1752H         LINE#         805
  -------         ENDPROC       _RESPONSE_MCU_OTA_NOTIFY_EVENT
  -------         ENDMOD        SYSTEM

  -------         MODULE        ?C?FPADD
  C:002DH         PUBLIC        ?C?FPADD
  C:0029H         PUBLIC        ?C?FPSUB
  -------         ENDMOD        ?C?FPADD

  -------         MODULE        ?C?FPDIV
  C:0121H         PUBLIC        ?C?FPDIV
  -------         ENDMOD        ?C?FPDIV

  -------         MODULE        ?C?FCAST
  C:01C8H         PUBLIC        ?C?FCASTC
  C:01C3H         PUBLIC        ?C?FCASTI
  C:01BEH         PUBLIC        ?C?FCASTL
  -------         ENDMOD        ?C?FCAST

  -------         MODULE        ?C?CASTF
  C:01FCH         PUBLIC        ?C?CASTF
  -------         ENDMOD        ?C?CASTF

  -------         MODULE        ?C?COPY
  C:034DH         PUBLIC        ?C?COPY
BL51 BANKED LINKER/LOCATER V6.22                                                      02/05/2021  12:51:58  PAGE 59


  -------         ENDMOD        ?C?COPY

  -------         MODULE        ?C?CLDPTR
  C:0373H         PUBLIC        ?C?CLDPTR
  -------         ENDMOD        ?C?CLDPTR

  -------         MODULE        ?C?CLDOPTR
  C:038CH         PUBLIC        ?C?CLDOPTR
  -------         ENDMOD        ?C?CLDOPTR

  -------         MODULE        ?C?CILDOPTR
  C:03B9H         PUBLIC        ?C?CILDOPTR
  -------         ENDMOD        ?C?CILDOPTR

  -------         MODULE        ?C?CSTPTR
  C:03ECH         PUBLIC        ?C?CSTPTR
  -------         ENDMOD        ?C?CSTPTR

  -------         MODULE        ?C?CSTOPTR
  C:03FEH         PUBLIC        ?C?CSTOPTR
  -------         ENDMOD        ?C?CSTOPTR

  -------         MODULE        ?C?IMUL
  C:0420H         PUBLIC        ?C?IMUL
  -------         ENDMOD        ?C?IMUL

  -------         MODULE        ?C?IILDX
  C:0432H         PUBLIC        ?C?IILDX
  -------         ENDMOD        ?C?IILDX

  -------         MODULE        ?C?ILDPTR
  C:0448H         PUBLIC        ?C?ILDPTR
  -------         ENDMOD        ?C?ILDPTR

  -------         MODULE        ?C?IILDPTR
  C:0473H         PUBLIC        ?C?IILDPTR
  -------         ENDMOD        ?C?IILDPTR

  -------         MODULE        ?C?ISTPTR
  C:04ABH         PUBLIC        ?C?ISTPTR
  -------         ENDMOD        ?C?ISTPTR

  -------         MODULE        ?C?ISTOPTR
  C:04CAH         PUBLIC        ?C?ISTOPTR
  -------         ENDMOD        ?C?ISTOPTR

  -------         MODULE        ?C?LADD
  C:04F7H         PUBLIC        ?C?LADD
  -------         ENDMOD        ?C?LADD

  -------         MODULE        ?C?LSUB
  C:0504H         PUBLIC        ?C?LSUB
  -------         ENDMOD        ?C?LSUB

  -------         MODULE        ?C?LMUL
  C:0512H         PUBLIC        ?C?LMUL
  -------         ENDMOD        ?C?LMUL
BL51 BANKED LINKER/LOCATER V6.22                                                      02/05/2021  12:51:58  PAGE 60



  -------         MODULE        ?C?ULDIV
  C:059DH         PUBLIC        ?C?ULDIV
  -------         ENDMOD        ?C?ULDIV

  -------         MODULE        ?C?LNEG
  C:062FH         PUBLIC        ?C?LNEG
  -------         ENDMOD        ?C?LNEG

  -------         MODULE        ?C?SLCMP
  C:063DH         PUBLIC        ?C?SLCMP
  -------         ENDMOD        ?C?SLCMP

  -------         MODULE        ?C?ULCMP
  C:0653H         PUBLIC        ?C?ULCMP
  -------         ENDMOD        ?C?ULCMP

  -------         MODULE        ?C?ULSHR
  C:0664H         PUBLIC        ?C?ULSHR
  -------         ENDMOD        ?C?ULSHR

  -------         MODULE        ?C?LSHL
  C:0677H         PUBLIC        ?C?LSHL
  -------         ENDMOD        ?C?LSHL

  -------         MODULE        ?C?LLDXDATA
  C:068AH         PUBLIC        ?C?LLDXDATA
  -------         ENDMOD        ?C?LLDXDATA

  -------         MODULE        ?C?LLDXDATA0
  C:0696H         PUBLIC        ?C?LLDXDATA0
  -------         ENDMOD        ?C?LLDXDATA0

  -------         MODULE        ?C?LSTXDATA
  C:06A2H         PUBLIC        ?C?LSTXDATA
  -------         ENDMOD        ?C?LSTXDATA

  -------         MODULE        ?C?LSTKXDATA
  C:06AEH         PUBLIC        ?C?LSTKXDATA
  -------         ENDMOD        ?C?LSTKXDATA

  -------         MODULE        ?C?OFFXADD
  C:06DFH         PUBLIC        ?C?OFFXADD
  -------         ENDMOD        ?C?OFFXADD

  -------         MODULE        ?C?PLDIIDATA
  C:06EBH         PUBLIC        ?C?PLDIIDATA
  -------         ENDMOD        ?C?PLDIIDATA

  -------         MODULE        ?C?CCASE
  C:06FBH         PUBLIC        ?C?CCASE
  -------         ENDMOD        ?C?CCASE



FUNCTION REGISTER MASKS

BL51 BANKED LINKER/LOCATER V6.22                                                      02/05/2021  12:51:58  PAGE 61



FUNCTION . . . . . . . . . . . . . REG MASK
-------------------------------------------

ADC_INIT . . . . . . . . . . . . . @0xf30f
GET_DOWNLOAD_CMD_TOTAL . . . . . . @0x8001
GET_QUEUE_TOTAL_DATA . . . . . . . @0xe063
GPIO_INIT. . . . . . . . . . . . . @0xe300
IAR_SOFT_RST_NO_OPTION . . . . . . @0xc000
IAR_SOFT_RST_OPTION. . . . . . . . @0xc000
INITSYS. . . . . . . . . . . . . . @0xe300
QUEUE_READ_BYTE. . . . . . . . . . @0xfff1
RESET_DEFAULT_PARAMETER. . . . . . @0x8000
TIMER_INIT . . . . . . . . . . . . @0xe300
TUYA_RETRY_OTA . . . . . . . . . . @0x8000
UART1_INIT . . . . . . . . . . . . @0xe300
UART1_RPT. . . . . . . . . . . . . @0xfff1
ZIGBEE_PROTOCOL_INIT . . . . . . . @0xe060
_ASSIC_TO_HEX. . . . . . . . . . . @0xf401
_BYTE_TO_INT . . . . . . . . . . . @0xf38f
_DELAY_US. . . . . . . . . . . . . @0xf00c
_FLASH_ERASEBLOCK. . . . . . . . . @0xe000
_FLASH_READARR . . . . . . . . . . @0xfff7
_FLASH_WRITEDATA . . . . . . . . . @0xe000
_GET_CHECK_SUM . . . . . . . . . . @0xfffd
_MCU_GET_DP_DOWNLOAD_BOOL. . . . . @0xb301
_MCU_GET_DP_DOWNLOAD_ENUM. . . . . @0xb301
_MCU_GET_DP_DOWNLOAD_VALUE . . . . @0xf38f
_MCU_WRITE_RTCTIME . . . . . . . . @0x8000
_MY_MEMCPY . . . . . . . . . . . . @0xf3f3
_MY_MEMSET . . . . . . . . . . . . @0xfff2
_READ_AD . . . . . . . . . . . . . @0xf07f
_SEND_DATA . . . . . . . . . . . . @0xe000
_SET_ZIGBEE_UART_BUFFER. . . . . . @0xf3ff
_SET_ZIGBEE_UART_BYTE. . . . . . . @0xf373
_UART_RECEIVE_INPUT. . . . . . . . @0xfff0
_UART_TRANSMIT_OUTPUT. . . . . . . @0xe000

Program Size: data=120.0 xdata=310 code=10949
LINK/LOCATE RUN COMPLETE.  0 WARNING(S),  0 ERROR(S)
