BL51 BANKED LINKER/LOCATER V6.22                                                        01/25/2021  19:01:18  PAGE 1


BL51 BANKED LINKER/LOCATER V6.22, INVOKED BY:
D:\CCCC2020\TOOL\KEIL\C51\BIN\BL51.EXE .\Objects\STARTUP.obj, .\Objects\HC-MCU-XBR.obj, .\Objects\mcu_api.obj, .\Objects
>> \protocol.obj, .\Objects\system.obj TO .\Objects\HC-MCU-XBR PRINT (.\Listings\HC-MCU-XBR.m51) RAMSIZE (256) CODE (0X0
>> 000-0X2FFF) XDATA (0X0000-0X07FF)


MEMORY MODEL: SMALL WITH FLOATING POINT ARITHMETIC


INPUT MODULES INCLUDED:
  .\Objects\STARTUP.obj (?C_STARTUP)
  .\Objects\HC-MCU-XBR.obj (HC_MCU_XBR)
  .\Objects\mcu_api.obj (MCU_API)
  .\Objects\protocol.obj (PROTOCOL)
  .\Objects\system.obj (SYSTEM)
  D:\CCCC2020\TOOL\KEIL\C51\LIB\C51FPS.LIB (?C?FPADD)
  D:\CCCC2020\TOOL\KEIL\C51\LIB\C51FPS.LIB (?C?FPDIV)
  D:\CCCC2020\TOOL\KEIL\C51\LIB\C51FPS.LIB (?C?FCAST)
  D:\CCCC2020\TOOL\KEIL\C51\LIB\C51FPS.LIB (?C?CASTF)
  D:\CCCC2020\TOOL\KEIL\C51\LIB\C51FPS.LIB (?C?FPGETOPN)
  D:\CCCC2020\TOOL\KEIL\C51\LIB\C51S.LIB (?C_INIT)
  D:\CCCC2020\TOOL\KEIL\C51\LIB\C51S.LIB (?C?COPY)
  D:\CCCC2020\TOOL\KEIL\C51\LIB\C51S.LIB (?C?CLDPTR)
  D:\CCCC2020\TOOL\KEIL\C51\LIB\C51S.LIB (?C?CLDOPTR)
  D:\CCCC2020\TOOL\KEIL\C51\LIB\C51S.LIB (?C?CSTPTR)
  D:\CCCC2020\TOOL\KEIL\C51\LIB\C51S.LIB (?C?CSTOPTR)
  D:\CCCC2020\TOOL\KEIL\C51\LIB\C51S.LIB (?C?IMUL)
  D:\CCCC2020\TOOL\KEIL\C51\LIB\C51S.LIB (?C?IILDX)
  D:\CCCC2020\TOOL\KEIL\C51\LIB\C51S.LIB (?C?LADD)
  D:\CCCC2020\TOOL\KEIL\C51\LIB\C51S.LIB (?C?LSUB)
  D:\CCCC2020\TOOL\KEIL\C51\LIB\C51S.LIB (?C?LMUL)
  D:\CCCC2020\TOOL\KEIL\C51\LIB\C51S.LIB (?C?ULDIV)
  D:\CCCC2020\TOOL\KEIL\C51\LIB\C51S.LIB (?C?LNEG)
  D:\CCCC2020\TOOL\KEIL\C51\LIB\C51S.LIB (?C?SLCMP)
  D:\CCCC2020\TOOL\KEIL\C51\LIB\C51S.LIB (?C?ULCMP)
  D:\CCCC2020\TOOL\KEIL\C51\LIB\C51S.LIB (?C?ULSHR)
  D:\CCCC2020\TOOL\KEIL\C51\LIB\C51S.LIB (?C?LSHL)
  D:\CCCC2020\TOOL\KEIL\C51\LIB\C51S.LIB (?C?LLDXDATA)
  D:\CCCC2020\TOOL\KEIL\C51\LIB\C51S.LIB (?C?LLDXDATA0)
  D:\CCCC2020\TOOL\KEIL\C51\LIB\C51S.LIB (?C?LSTXDATA)
  D:\CCCC2020\TOOL\KEIL\C51\LIB\C51S.LIB (?C?LSTKXDATA)
  D:\CCCC2020\TOOL\KEIL\C51\LIB\C51S.LIB (?C?OFFXADD)
  D:\CCCC2020\TOOL\KEIL\C51\LIB\C51S.LIB (?C?PLDIIDATA)
  D:\CCCC2020\TOOL\KEIL\C51\LIB\C51S.LIB (?C?CCASE)


LINK MAP OF MODULE:  .\Objects\HC-MCU-XBR (?C_STARTUP)


            TYPE    BASE      LENGTH    RELOCATION   SEGMENT NAME
            -----------------------------------------------------

            * * * * * * *   D A T A   M E M O R Y   * * * * * * *
            REG     0000H     0008H     ABSOLUTE     "REG BANK 0"
            DATA    0008H     0034H     UNIT         _DATA_GROUP_
            DATA    003CH     0008H     UNIT         ?DT?SYSTEM
            DATA    0044H     0007H     UNIT         ?DT?HC_MCU_XBR
            DATA    004BH     0002H     UNIT         ?DT?MCU_API
BL51 BANKED LINKER/LOCATER V6.22                                                      01/25/2021  19:01:18  PAGE 2


            IDATA   004DH     0004H     UNIT         ?ID?HC_MCU_XBR
            IDATA   0051H     0001H     UNIT         ?STACK

            * * * * * * *  X D A T A   M E M O R Y  * * * * * * *
            XDATA   0000H     0068H     UNIT         ?XD?HC_MCU_XBR
            XDATA   0068H     0066H     UNIT         ?XD?SYSTEM
            XDATA   00CEH     0023H     UNIT         ?XD?PROTOCOL
            XDATA   00F1H     0010H     UNIT         _XDATA_GROUP_
                    0101H     FD7FH                  *** GAP ***
            XDATA   FE80H     0001H     ABSOLUTE     
                    FE81H     0004H                  *** GAP ***
            XDATA   FE85H     0001H     ABSOLUTE     
                    FE86H     0002H                  *** GAP ***
            XDATA   FE88H     0001H     ABSOLUTE     
            XDATA   FE89H     0001H     ABSOLUTE     
            XDATA   FE8AH     0001H     ABSOLUTE     
                    FE8BH     0006H                  *** GAP ***
            XDATA   FE91H     0001H     ABSOLUTE     
            XDATA   FE92H     0001H     ABSOLUTE     
            XDATA   FE93H     0001H     ABSOLUTE     
            XDATA   FE94H     0001H     ABSOLUTE     
            XDATA   FE95H     0001H     ABSOLUTE     
                    FE96H     0002H                  *** GAP ***
            XDATA   FE98H     0001H     ABSOLUTE     
                    FE99H     0002H                  *** GAP ***
            XDATA   FE9BH     0001H     ABSOLUTE     
                    FE9CH     0004H                  *** GAP ***
            XDATA   FEA0H     0001H     ABSOLUTE     
                    FEA1H     0001H                  *** GAP ***
            XDATA   FEA2H     0001H     ABSOLUTE     
                    FEA3H     0001H                  *** GAP ***
            XDATA   FEA4H     0001H     ABSOLUTE     
            XDATA   FEA5H     0001H     ABSOLUTE     
                    FEA6H     0001H                  *** GAP ***
            XDATA   FEA7H     0001H     ABSOLUTE     
                    FEA8H     0002H                  *** GAP ***
            XDATA   FEAAH     0001H     ABSOLUTE     
                    FEABH     0005H                  *** GAP ***
            XDATA   FEB0H     0001H     ABSOLUTE     
            XDATA   FEB1H     0001H     ABSOLUTE     
            XDATA   FEB2H     0001H     ABSOLUTE     
            XDATA   FEB3H     0001H     ABSOLUTE     
                    FEB4H     0004H                  *** GAP ***
            XDATA   FEB8H     0001H     ABSOLUTE     
            XDATA   FEB9H     0001H     ABSOLUTE     
                    FEBAH     0002H                  *** GAP ***
            XDATA   FEBCH     0001H     ABSOLUTE     
                    FEBDH     0043H                  *** GAP ***
            XDATA   FF00H     0001H     ABSOLUTE     
            XDATA   FF01H     0001H     ABSOLUTE     
            XDATA   FF02H     0001H     ABSOLUTE     
            XDATA   FF03H     0001H     ABSOLUTE     
                    FF04H     0001H                  *** GAP ***
            XDATA   FF05H     0001H     ABSOLUTE     
                    FF06H     0002H                  *** GAP ***
            XDATA   FF08H     0001H     ABSOLUTE     
                    FF09H     0007H                  *** GAP ***
BL51 BANKED LINKER/LOCATER V6.22                                                      01/25/2021  19:01:18  PAGE 3


            XDATA   FF10H     0001H     ABSOLUTE     
            XDATA   FF11H     0001H     ABSOLUTE     
            XDATA   FF12H     0001H     ABSOLUTE     
            XDATA   FF13H     0001H     ABSOLUTE     
                    FF14H     002CH                  *** GAP ***
            XDATA   FF40H     0001H     ABSOLUTE     
            XDATA   FF41H     0001H     ABSOLUTE     
            XDATA   FF42H     0001H     ABSOLUTE     
                    FF43H     003DH                  *** GAP ***
            XDATA   FF80H     0001H     ABSOLUTE     
            XDATA   FF81H     0001H     ABSOLUTE     
                    FF82H     0001H                  *** GAP ***
            XDATA   FF83H     0001H     ABSOLUTE     
            XDATA   FF84H     0001H     ABSOLUTE     
            XDATA   FF85H     0001H     ABSOLUTE     
                    FF86H     0009H                  *** GAP ***
            XDATA   FF8FH     0001H     ABSOLUTE     
            XDATA   FF90H     0001H     ABSOLUTE     
            XDATA   FF91H     0001H     ABSOLUTE     
                    FF92H     0002H                  *** GAP ***
            XDATA   FF94H     0001H     ABSOLUTE     
            XDATA   FF95H     0001H     ABSOLUTE     
                    FF96H     0002H                  *** GAP ***
            XDATA   FF98H     0001H     ABSOLUTE     
            XDATA   FF99H     0001H     ABSOLUTE     
                    FF9AH     0002H                  *** GAP ***
            XDATA   FF9CH     0001H     ABSOLUTE     
                    FF9DH     0003H                  *** GAP ***
            XDATA   FFA0H     0001H     ABSOLUTE     
            XDATA   FFA1H     0001H     ABSOLUTE     
                    FFA2H     0002H                  *** GAP ***
            XDATA   FFA4H     0001H     ABSOLUTE     
            XDATA   FFA5H     0001H     ABSOLUTE     
            XDATA   FFA6H     0001H     ABSOLUTE     
            XDATA   FFA7H     0001H     ABSOLUTE     
            XDATA   FFA8H     0001H     ABSOLUTE     
            XDATA   FFA9H     0001H     ABSOLUTE     

            * * * * * * *   C O D E   M E M O R Y   * * * * * * *
            CODE    0000H     0003H     ABSOLUTE     
            CODE    0003H     0018H     UNIT         ?PR?ZIGBEE_PROTOCOL_INIT?MCU_API
            CODE    001BH     0003H     ABSOLUTE     
            CODE    001EH     0003H     UNIT         ?PR?RESET_BT_MODULE?PROTOCOL
            CODE    0021H     0001H     UNIT         ?PR?TUYA_RETRY_OTA?PROTOCOL
            CODE    0022H     0001H     UNIT         ?PR?RESET_DEFAULT_PARAMETER?PROTOCOL
            CODE    0023H     0003H     ABSOLUTE     
            CODE    0026H     06BEH     UNIT         ?PR?XBRHANDLE?HC_MCU_XBR
            CODE    06E4H     0619H     UNIT         ?C?LIB_CODE
            CODE    0CFDH     0291H     UNIT         ?PR?_ZIGBEE_TIME_CONVERT?SYSTEM
            CODE    0F8EH     024DH     UNIT         ?PR?MAIN?HC_MCU_XBR
            CODE    11DBH     01B5H     UNIT         ?PR?ZIGBEE_UART_SERVICE?MCU_API
            CODE    1390H     0193H     UNIT         ?PR?SET_VAR?HC_MCU_XBR
            CODE    1523H     0165H     UNIT         ?PR?_DATA_HANDLE?SYSTEM
            CODE    1688H     0130H     UNIT         ?PR?_ZIGBEE_TIME_GET_HANDLE?SYSTEM
            CODE    17B8H     0121H     UNIT         ?C_INITSEG
            CODE    18D9H     0112H     UNIT         ?PR?_DP_DOWNLOAD_HANDLE?PROTOCOL
            CODE    19EBH     00F1H     UNIT         ?PR?ALL_DATA_UPDATE?PROTOCOL
BL51 BANKED LINKER/LOCATER V6.22                                                      01/25/2021  19:01:18  PAGE 4


            CODE    1ADCH     00D1H     UNIT         ?PR?_MY_MEMCPY?MCU_API
            CODE    1BADH     00C5H     UNIT         ?PR?CMD0?SYSTEM
            CODE    1C72H     00C3H     UNIT         ?PR?TIMER1_RPT?HC_MCU_XBR
            CODE    1D35H     00C3H     UNIT         ?PR?SAVEVAR?HC_MCU_XBR
            CODE    1DF8H     0098H     UNIT         ?PR?_BYTE_TO_INT?MCU_API
            CODE    1E90H     008CH     UNIT         ?C_C51STARTUP
            CODE    1F1CH     008CH     UNIT         ?PR?PRODUCT_INFO_CMD_HANDLE?SYSTEM
            CODE    1FA8H     0089H     UNIT         ?PR?_MCU_DP_VALUE_UPDATE?MCU_API
            CODE    2031H     0077H     UNIT         ?PR?_ZIGBEE_UART_WRITE_FRAME?SYSTEM
            CODE    20A8H     0076H     UNIT         ?PR?_DP_DOWNLOAD_CDS_HANDLE?PROTOCOL
            CODE    211EH     0074H     UNIT         ?PR?_PWM3INIT?HC_MCU_XBR
            CODE    2192H     0074H     UNIT         ?PR?_DP_DOWNLOAD_SENSE_STRESS_HANDLE?PROTOCOL
            CODE    2206H     006AH     UNIT         ?PR?WAIT1?HC_MCU_XBR
            CODE    2270H     0067H     UNIT         ?PR?WAIT2?HC_MCU_XBR
            CODE    22D7H     005BH     UNIT         ?PR?_ZIGBEE_DATA_POINT_HANDLE?SYSTEM
            CODE    2332H     0056H     UNIT         ?PR?_DP_DOWNLOAD_PIR_DELAY_HANDLE?PROTOCOL
            CODE    2388H     0053H     UNIT         ?PR?_MY_STRLEN?MCU_API
            CODE    23DBH     0052H     UNIT         ?PR?_DP_DOWNLOAD_BRIGHT_VALUE_HANDLE?PROTOCOL
            CODE    242DH     0051H     UNIT         ?PR?_ZIGBEE_OTA_END_REQ_SEND?SYSTEM
            CODE    247EH     004DH     UNIT         ?PR?_DP_DOWNLOAD_STANDBY_TIME_HANDLE?PROTOCOL
            CODE    24CBH     0047H     UNIT         ?PR?UART1_RPT?HC_MCU_XBR
            CODE    2512H     0046H     UNIT         ?PR?_DP_DOWNLOAD_FACTORY_OP_HANDLE?PROTOCOL
            CODE    2558H     0045H     UNIT         ?PR?_READ_AD?HC_MCU_XBR
            CODE    259DH     0042H     UNIT         ?PR?_MCU_DP_BOOL_UPDATE?MCU_API
            CODE    25DFH     003FH     UNIT         ?PR?_DP_DOWNLOAD_SWITCH_LED2_HANDLE?PROTOCOL
            CODE    261EH     003DH     UNIT         ?PR?_ZIGBEE_UART_WRITE_DATA?SYSTEM
            CODE    265BH     003DH     UNIT         ?PR?QUEUE_READ_BYTE?SYSTEM
            CODE    2698H     003CH     UNIT         ?PR?_UART_RECEIVE_INPUT?MCU_API
            CODE    26D4H     003CH     UNIT         ?PR?_SET_ZIGBEE_UART_BUFFER?SYSTEM
            CODE    2710H     0038H     UNIT         ?PR?_MY_MEMSET?MCU_API
            CODE    2748H     0036H     UNIT         ?PR?GET_CURRENT_MCU_FW_VER?SYSTEM
            CODE    277EH     0035H     UNIT         ?PR?_MCU_DP_ENUM_UPDATE?MCU_API
            CODE    27B3H     0032H     UNIT         ?PR?_FLASH_READARR?HC_MCU_XBR
            CODE    27E5H     0032H     UNIT         ?PR?_DP_DOWNLOAD_SWITCH_XBR_HANDLE?PROTOCOL
            CODE    2817H     0031H     UNIT         ?PR?UART1_INIT?HC_MCU_XBR
            CODE    2848H     002DH     UNIT         ?PR?_GET_CHECK_SUM?SYSTEM
            CODE    2875H     002DH     UNIT         ?CO?SYSTEM
            CODE    28A2H     002CH     UNIT         ?PR?_DP_DOWNLOAD_SWITCH_LINKAGE_HANDLE?PROTOCOL
            CODE    28CEH     0028H     UNIT         ?PR?_DELAY_MS?HC_MCU_XBR
            CODE    28F6H     0027H     UNIT         ?PR?_FLASH_WRITEDATA?HC_MCU_XBR
            CODE    291DH     0026H     UNIT         ?PR?_DP_DOWNLOAD_CLEAR_TRIGGER_NUMBER_HANDLE?PROTOCOL
            CODE    2943H     0025H     UNIT         ?PR?_FLASH_ERASEBLOCK?HC_MCU_XBR
            CODE    2968H     0024H     UNIT         ?PR?_DP_DOWNLOAD_ALL_DAY_MICRO_LIGHT_HANDLE?PROTOCOL
            CODE    298CH     0022H     UNIT         ?PR?_SET_ZIGBEE_STATE?SYSTEM
            CODE    29AEH     0021H     UNIT         ?PR?_GET_DOWMLOAD_DPID_INDEX?SYSTEM
            CODE    29CFH     0020H     UNIT         ?PR?_ASSIC_TO_HEX?SYSTEM
            CODE    29EFH     001EH     UNIT         ?PR?TIMER_INIT?HC_MCU_XBR
            CODE    2A0DH     001EH     UNIT         ?PR?ZIGBEE_OTA_VER_REQ_HANDLE?SYSTEM
            CODE    2A2BH     001CH     UNIT         ?PR?GPIO_INIT?HC_MCU_XBR
            CODE    2A47H     001BH     UNIT         ?PR?_DELAY_US?HC_MCU_XBR
            CODE    2A62H     0017H     UNIT         ?PR?INITSYS?HC_MCU_XBR
            CODE    2A79H     0017H     UNIT         ?PR?ADC_INIT?HC_MCU_XBR
            CODE    2A90H     0015H     UNIT         ?PR?_DP_DOWNLOAD_SWITCH_LED_HANDLE?PROTOCOL
            CODE    2AA5H     0014H     UNIT         ?PR?_SET_ZIGBEE_UART_BYTE?SYSTEM
            CODE    2AB9H     0013H     UNIT         ?PR?GO_BOOTLOADER_OTA?PROTOCOL
            CODE    2ACCH     0012H     UNIT         ?PR?MCU_NETWORK_START?MCU_API
            CODE    2ADEH     0011H     UNIT         ?PR?MCU_RESET_ZIGBEE?MCU_API
BL51 BANKED LINKER/LOCATER V6.22                                                      01/25/2021  19:01:18  PAGE 5


            CODE    2AEFH     0011H     UNIT         ?PR?IAR_SOFT_RST_NO_OPTION?PROTOCOL
            CODE    2B00H     0011H     UNIT         ?PR?IAR_SOFT_RST_OPTION?PROTOCOL
            CODE    2B11H     000EH     UNIT         ?PR?GET_QUEUE_TOTAL_DATA?SYSTEM
            CODE    2B1FH     000BH     UNIT         ?PR?_SEND_DATA?HC_MCU_XBR
            CODE    2B2AH     000AH     UNIT         ?PR?_ZIGBEE_STATE_CMD_HANDLE?SYSTEM
            CODE    2B34H     0009H     UNIT         ?PR?_MCU_GET_DP_DOWNLOAD_BOOL?MCU_API
            CODE    2B3DH     0009H     UNIT         ?PR?_MCU_GET_DP_DOWNLOAD_ENUM?MCU_API
            CODE    2B46H     0009H     UNIT         ?PR?_SEQ_NUM_SET?SYSTEM
            CODE    2B4FH     0009H     UNIT         ?PR?SEQ_NUM_GET?SYSTEM
            CODE    2B58H     0008H     UNIT         ?PR?_MCU_GET_DP_DOWNLOAD_VALUE?MCU_API
            CODE    2B60H     0008H     UNIT         ?PR?CMD1?SYSTEM
            CODE    2B68H     0007H     UNIT         ?PR?_MCU_WRITE_RTCTIME?PROTOCOL
            CODE    2B6FH     0003H     UNIT         ?PR?_UART_TRANSMIT_OUTPUT?PROTOCOL
            CODE    2B72H     0003H     UNIT         ?PR?GET_DOWNLOAD_CMD_TOTAL?PROTOCOL
            CODE    2B75H     0003H     UNIT         ?PR?SOFT_RESET_MCU?PROTOCOL
            CODE    2B78H     0003H     UNIT         ?PR?TUYA_RE_CONFIG_NETWORK?PROTOCOL
            CODE    2B7BH     0003H     UNIT         ?PR?TUYA_RESET_MODULE?PROTOCOL
            CODE    2B7EH     0003H     UNIT         ?PR?_ZIGBEE_DATA_RSP_HANDLE?SYSTEM
            CODE    2B81H     0001H     UNIT         ?PR?ZIGBEE_CFG_CMD_HANDLE?SYSTEM



OVERLAY MAP OF MODULE:   .\Objects\HC-MCU-XBR (?C_STARTUP)


SEGMENT                                            DATA_GROUP          XDATA_GROUP
  +--> CALLED SEGMENT                            START    LENGTH     START    LENGTH
------------------------------------------------------------------------------------
?C_C51STARTUP                                    -----    -----      -----    -----
  +--> ?PR?MAIN?HC_MCU_XBR
  +--> ?C_INITSEG

?PR?MAIN?HC_MCU_XBR                              0008H    0001H      -----    -----
  +--> ?PR?ZIGBEE_PROTOCOL_INIT?MCU_API
  +--> ?PR?INITSYS?HC_MCU_XBR
  +--> ?PR?GPIO_INIT?HC_MCU_XBR
  +--> ?PR?TIMER_INIT?HC_MCU_XBR
  +--> ?PR?UART1_INIT?HC_MCU_XBR
  +--> ?PR?ADC_INIT?HC_MCU_XBR
  +--> ?PR?_DELAY_MS?HC_MCU_XBR
  +--> ?PR?_READ_AD?HC_MCU_XBR
  +--> ?PR?SET_VAR?HC_MCU_XBR
  +--> ?PR?_PWM3INIT?HC_MCU_XBR
  +--> ?PR?WAIT1?HC_MCU_XBR
  +--> ?PR?WAIT2?HC_MCU_XBR
  +--> ?PR?RESET_BT_MODULE?PROTOCOL
  +--> ?PR?SAVEVAR?HC_MCU_XBR
  +--> ?PR?_MCU_DP_ENUM_UPDATE?MCU_API
  +--> ?PR?_MCU_DP_VALUE_UPDATE?MCU_API
  +--> ?PR?ZIGBEE_UART_SERVICE?MCU_API
  +--> ?PR?XBRHANDLE?HC_MCU_XBR

?PR?ADC_INIT?HC_MCU_XBR                          -----    -----      -----    -----
  +--> ?PR?_DELAY_US?HC_MCU_XBR

?PR?_DELAY_US?HC_MCU_XBR                         -----    -----      -----    -----
  +--> ?PR?_FLASH_WRITEDATA?HC_MCU_XBR
BL51 BANKED LINKER/LOCATER V6.22                                                      01/25/2021  19:01:18  PAGE 6



?PR?_READ_AD?HC_MCU_XBR                          -----    -----      -----    -----
  +--> ?PR?_DELAY_US?HC_MCU_XBR

?PR?SET_VAR?HC_MCU_XBR                           -----    -----      -----    -----
  +--> ?PR?_FLASH_READARR?HC_MCU_XBR
  +--> ?PR?_FLASH_ERASEBLOCK?HC_MCU_XBR
  +--> ?PR?_DELAY_US?HC_MCU_XBR
  +--> ?PR?_FLASH_WRITEDATA?HC_MCU_XBR
  +--> ?PR?RESET_BT_MODULE?PROTOCOL

?PR?_FLASH_READARR?HC_MCU_XBR                    0009H    0005H      -----    -----

?PR?RESET_BT_MODULE?PROTOCOL                     -----    -----      -----    -----
  +--> ?PR?MCU_NETWORK_START?MCU_API

?PR?MCU_NETWORK_START?MCU_API                    -----    -----      -----    -----
  +--> ?PR?_SET_ZIGBEE_UART_BYTE?SYSTEM
  +--> ?PR?_ZIGBEE_UART_WRITE_FRAME?SYSTEM

?PR?_ZIGBEE_UART_WRITE_FRAME?SYSTEM              0030H    0002H      -----    -----
  +--> ?PR?SEQ_NUM_GET?SYSTEM
  +--> ?PR?_SEQ_NUM_SET?SYSTEM
  +--> ?PR?_GET_CHECK_SUM?SYSTEM
  +--> ?PR?_ZIGBEE_UART_WRITE_DATA?SYSTEM

?PR?_GET_CHECK_SUM?SYSTEM                        0032H    0005H      -----    -----

?PR?_ZIGBEE_UART_WRITE_DATA?SYSTEM               0032H    0005H      -----    -----
  +--> ?PR?_UART_TRANSMIT_OUTPUT?PROTOCOL

?PR?_UART_TRANSMIT_OUTPUT?PROTOCOL               -----    -----      -----    -----
  +--> ?PR?_SEND_DATA?HC_MCU_XBR

?PR?_PWM3INIT?HC_MCU_XBR                         000BH    0004H      -----    -----

?PR?WAIT1?HC_MCU_XBR                             0009H    0002H      -----    -----
  +--> ?PR?_DELAY_MS?HC_MCU_XBR

?PR?WAIT2?HC_MCU_XBR                             0009H    0005H      -----    -----

?PR?SAVEVAR?HC_MCU_XBR                           -----    -----      -----    -----
  +--> ?PR?_FLASH_ERASEBLOCK?HC_MCU_XBR
  +--> ?PR?_DELAY_US?HC_MCU_XBR
  +--> ?PR?_FLASH_WRITEDATA?HC_MCU_XBR

?PR?_MCU_DP_ENUM_UPDATE?MCU_API                  0028H    0001H      -----    -----
  +--> ?PR?_SET_ZIGBEE_UART_BYTE?SYSTEM
  +--> ?PR?_ZIGBEE_UART_WRITE_FRAME?SYSTEM

?PR?_MCU_DP_VALUE_UPDATE?MCU_API                 002BH    0005H      -----    -----
  +--> ?PR?_SET_ZIGBEE_UART_BYTE?SYSTEM
  +--> ?PR?_ZIGBEE_UART_WRITE_FRAME?SYSTEM

?PR?ZIGBEE_UART_SERVICE?MCU_API                  0009H    0008H      -----    -----
  +--> ?PR?GET_QUEUE_TOTAL_DATA?SYSTEM
  +--> ?PR?QUEUE_READ_BYTE?SYSTEM
BL51 BANKED LINKER/LOCATER V6.22                                                      01/25/2021  19:01:18  PAGE 7


  +--> ?PR?_GET_CHECK_SUM?SYSTEM
  +--> ?PR?_DATA_HANDLE?SYSTEM
  +--> ?PR?_MY_MEMCPY?MCU_API

?PR?GET_QUEUE_TOTAL_DATA?SYSTEM                  -----    -----      -----    -----
  +--> ?PR?ZIGBEE_PROTOCOL_INIT?MCU_API

?PR?_DATA_HANDLE?SYSTEM                          0011H    0008H      -----    -----
  +--> ?PR?_SEQ_NUM_SET?SYSTEM
  +--> ?PR?_SET_ZIGBEE_STATE?SYSTEM
  +--> ?PR?CMD0?SYSTEM
  +--> ?PR?CMD1?SYSTEM
  +--> ?PR?PRODUCT_INFO_CMD_HANDLE?SYSTEM
  +--> ?PR?_ZIGBEE_STATE_CMD_HANDLE?SYSTEM
  +--> ?PR?ZIGBEE_CFG_CMD_HANDLE?SYSTEM
  +--> ?PR?_ZIGBEE_DATA_POINT_HANDLE?SYSTEM
  +--> ?PR?SAVEVAR?HC_MCU_XBR
  +--> ?PR?_ZIGBEE_DATA_RSP_HANDLE?SYSTEM
  +--> ?PR?ZIGBEE_OTA_VER_REQ_HANDLE?SYSTEM
  +--> ?PR?_ZIGBEE_OTA_END_REQ_SEND?SYSTEM
  +--> ?PR?GO_BOOTLOADER_OTA?PROTOCOL
  +--> ?PR?_ZIGBEE_TIME_GET_HANDLE?SYSTEM

?PR?_SET_ZIGBEE_STATE?SYSTEM                     -----    -----      -----    -----
  +--> ?PR?ALL_DATA_UPDATE?PROTOCOL
  +--> ?PR?SAVEVAR?HC_MCU_XBR

?PR?ALL_DATA_UPDATE?PROTOCOL                     0019H    0001H      -----    -----
  +--> ?PR?_MCU_DP_BOOL_UPDATE?MCU_API
  +--> ?PR?_MCU_DP_VALUE_UPDATE?MCU_API
  +--> ?PR?_MCU_DP_ENUM_UPDATE?MCU_API

?PR?_MCU_DP_BOOL_UPDATE?MCU_API                  0028H    0001H      -----    -----
  +--> ?PR?_SET_ZIGBEE_UART_BYTE?SYSTEM
  +--> ?PR?_ZIGBEE_UART_WRITE_FRAME?SYSTEM

?PR?CMD0?SYSTEM                                  -----    -----      -----    -----
  +--> ?PR?_SET_ZIGBEE_UART_BYTE?SYSTEM
  +--> ?PR?_ZIGBEE_UART_WRITE_FRAME?SYSTEM

?PR?CMD1?SYSTEM                                  -----    -----      -----    -----
  +--> ?PR?_ZIGBEE_UART_WRITE_FRAME?SYSTEM

?PR?PRODUCT_INFO_CMD_HANDLE?SYSTEM               0019H    0001H      -----    -----
  +--> ?CO?SYSTEM
  +--> ?PR?_MY_STRLEN?MCU_API
  +--> ?PR?_SET_ZIGBEE_UART_BUFFER?SYSTEM
  +--> ?PR?_ZIGBEE_UART_WRITE_FRAME?SYSTEM

?PR?_MY_STRLEN?MCU_API                           001AH    0007H      -----    -----

?PR?_SET_ZIGBEE_UART_BUFFER?SYSTEM               001AH    0007H      -----    -----
  +--> ?PR?_MY_MEMCPY?MCU_API

?PR?_MY_MEMCPY?MCU_API                           0021H    0010H      -----    -----

?PR?_ZIGBEE_STATE_CMD_HANDLE?SYSTEM              0019H    0001H      -----    -----
BL51 BANKED LINKER/LOCATER V6.22                                                      01/25/2021  19:01:18  PAGE 8


  +--> ?PR?_ZIGBEE_UART_WRITE_FRAME?SYSTEM

?PR?_ZIGBEE_DATA_POINT_HANDLE?SYSTEM             0019H    0007H      -----    -----
  +--> ?PR?_GET_DOWMLOAD_DPID_INDEX?SYSTEM
  +--> ?PR?_DP_DOWNLOAD_HANDLE?PROTOCOL

?PR?_GET_DOWMLOAD_DPID_INDEX?SYSTEM              0020H    0001H      -----    -----
  +--> ?PR?GET_DOWNLOAD_CMD_TOTAL?PROTOCOL

?PR?_DP_DOWNLOAD_HANDLE?PROTOCOL                 0020H    0007H      -----    -----
  +--> ?PR?_DP_DOWNLOAD_SWITCH_LED_HANDLE?PR...
  +--> ?PR?_DP_DOWNLOAD_BRIGHT_VALUE_HANDLE?...
  +--> ?PR?_DP_DOWNLOAD_CDS_HANDLE?PROTOCOL
  +--> ?PR?_DP_DOWNLOAD_PIR_DELAY_HANDLE?PRO...
  +--> ?PR?_DP_DOWNLOAD_SWITCH_XBR_HANDLE?PR...
  +--> ?PR?_DP_DOWNLOAD_STANDBY_TIME_HANDLE?...
  +--> ?PR?_DP_DOWNLOAD_SENSE_STRESS_HANDLE?...
  +--> ?PR?_DP_DOWNLOAD_SWITCH_LED2_HANDLE?P...
  +--> ?PR?_DP_DOWNLOAD_SWITCH_LINKAGE_HANDL...
  +--> ?PR?_DP_DOWNLOAD_ALL_DAY_MICRO_LIGHT_...
  +--> ?PR?_DP_DOWNLOAD_CLEAR_TRIGGER_NUMBER...
  +--> ?PR?_DP_DOWNLOAD_FACTORY_OP_HANDLE?PR...

?PR?_DP_DOWNLOAD_SWITCH_LED_HANDLE?PR...         0027H    0001H      -----    -----
  +--> ?PR?_MCU_GET_DP_DOWNLOAD_BOOL?MCU_API
  +--> ?PR?_MCU_DP_BOOL_UPDATE?MCU_API

?PR?_MCU_GET_DP_DOWNLOAD_BOOL?MCU_API            0028H    0002H      -----    -----

?PR?_DP_DOWNLOAD_BRIGHT_VALUE_HANDLE?...         0027H    0004H      -----    -----
  +--> ?PR?_MCU_GET_DP_DOWNLOAD_VALUE?MCU_API
  +--> ?PR?SAVEVAR?HC_MCU_XBR
  +--> ?PR?_MCU_DP_VALUE_UPDATE?MCU_API

?PR?_MCU_GET_DP_DOWNLOAD_VALUE?MCU_API           002BH    0002H      -----    -----
  +--> ?PR?_BYTE_TO_INT?MCU_API

?PR?_BYTE_TO_INT?MCU_API                         002DH    0004H      -----    -----

?PR?_DP_DOWNLOAD_CDS_HANDLE?PROTOCOL             -----    -----      -----    -----
  +--> ?PR?_MCU_GET_DP_DOWNLOAD_ENUM?MCU_API
  +--> ?PR?SAVEVAR?HC_MCU_XBR
  +--> ?PR?_MCU_DP_ENUM_UPDATE?MCU_API

?PR?_MCU_GET_DP_DOWNLOAD_ENUM?MCU_API            0028H    0002H      -----    -----

?PR?_DP_DOWNLOAD_PIR_DELAY_HANDLE?PRO...         0027H    0004H      -----    -----
  +--> ?PR?_MCU_GET_DP_DOWNLOAD_VALUE?MCU_API
  +--> ?PR?SAVEVAR?HC_MCU_XBR
  +--> ?PR?_MCU_DP_VALUE_UPDATE?MCU_API

?PR?_DP_DOWNLOAD_SWITCH_XBR_HANDLE?PR...         -----    -----      -----    -----
  +--> ?PR?_MCU_GET_DP_DOWNLOAD_BOOL?MCU_API
  +--> ?PR?SAVEVAR?HC_MCU_XBR
  +--> ?PR?_MCU_DP_BOOL_UPDATE?MCU_API

?PR?_DP_DOWNLOAD_STANDBY_TIME_HANDLE?...         0027H    0004H      -----    -----
BL51 BANKED LINKER/LOCATER V6.22                                                      01/25/2021  19:01:18  PAGE 9


  +--> ?PR?_MCU_GET_DP_DOWNLOAD_VALUE?MCU_API
  +--> ?PR?SAVEVAR?HC_MCU_XBR
  +--> ?PR?_MCU_DP_VALUE_UPDATE?MCU_API

?PR?_DP_DOWNLOAD_SENSE_STRESS_HANDLE?...         0027H    0004H      -----    -----
  +--> ?PR?_MCU_GET_DP_DOWNLOAD_VALUE?MCU_API
  +--> ?PR?SAVEVAR?HC_MCU_XBR
  +--> ?PR?_MCU_DP_VALUE_UPDATE?MCU_API

?PR?_DP_DOWNLOAD_SWITCH_LED2_HANDLE?P...         -----    -----      -----    -----
  +--> ?PR?_MCU_GET_DP_DOWNLOAD_BOOL?MCU_API
  +--> ?PR?_MCU_DP_BOOL_UPDATE?MCU_API

?PR?_DP_DOWNLOAD_SWITCH_LINKAGE_HANDL...         -----    -----      -----    -----
  +--> ?PR?_MCU_GET_DP_DOWNLOAD_BOOL?MCU_API
  +--> ?PR?_MCU_DP_BOOL_UPDATE?MCU_API

?PR?_DP_DOWNLOAD_ALL_DAY_MICRO_LIGHT_...         -----    -----      -----    -----
  +--> ?PR?_MCU_GET_DP_DOWNLOAD_BOOL?MCU_API
  +--> ?PR?_MCU_DP_BOOL_UPDATE?MCU_API

?PR?_DP_DOWNLOAD_CLEAR_TRIGGER_NUMBER...         -----    -----      -----    -----
  +--> ?PR?_MCU_GET_DP_DOWNLOAD_BOOL?MCU_API
  +--> ?PR?_MCU_DP_VALUE_UPDATE?MCU_API

?PR?_DP_DOWNLOAD_FACTORY_OP_HANDLE?PR...         0027H    0001H      -----    -----
  +--> ?PR?_MCU_GET_DP_DOWNLOAD_ENUM?MCU_API
  +--> ?PR?SOFT_RESET_MCU?PROTOCOL
  +--> ?PR?GO_BOOTLOADER_OTA?PROTOCOL
  +--> ?PR?TUYA_RE_CONFIG_NETWORK?PROTOCOL
  +--> ?PR?TUYA_RESET_MODULE?PROTOCOL
  +--> ?PR?TUYA_RETRY_OTA?PROTOCOL
  +--> ?PR?RESET_DEFAULT_PARAMETER?PROTOCOL
  +--> ?PR?_MCU_DP_ENUM_UPDATE?MCU_API

?PR?SOFT_RESET_MCU?PROTOCOL                      -----    -----      -----    -----
  +--> ?PR?IAR_SOFT_RST_NO_OPTION?PROTOCOL

?PR?GO_BOOTLOADER_OTA?PROTOCOL                   -----    -----      -----    -----
  +--> ?PR?_FLASH_ERASEBLOCK?HC_MCU_XBR
  +--> ?PR?_FLASH_WRITEDATA?HC_MCU_XBR
  +--> ?PR?IAR_SOFT_RST_OPTION?PROTOCOL

?PR?TUYA_RE_CONFIG_NETWORK?PROTOCOL              -----    -----      -----    -----
  +--> ?PR?MCU_NETWORK_START?MCU_API

?PR?TUYA_RESET_MODULE?PROTOCOL                   -----    -----      -----    -----
  +--> ?PR?MCU_RESET_ZIGBEE?MCU_API

?PR?MCU_RESET_ZIGBEE?MCU_API                     -----    -----      -----    -----
  +--> ?PR?_SET_ZIGBEE_UART_BYTE?SYSTEM
  +--> ?PR?_ZIGBEE_UART_WRITE_FRAME?SYSTEM

?PR?_ZIGBEE_DATA_RSP_HANDLE?SYSTEM               0019H    0001H      -----    -----

?PR?ZIGBEE_OTA_VER_REQ_HANDLE?SYSTEM             0019H    0002H      -----    -----
  +--> ?PR?GET_CURRENT_MCU_FW_VER?SYSTEM
BL51 BANKED LINKER/LOCATER V6.22                                                      01/25/2021  19:01:18  PAGE 10


  +--> ?PR?_SET_ZIGBEE_UART_BYTE?SYSTEM
  +--> ?PR?_ZIGBEE_UART_WRITE_FRAME?SYSTEM

?PR?GET_CURRENT_MCU_FW_VER?SYSTEM                001BH    0004H      -----    -----
  +--> ?CO?SYSTEM
  +--> ?PR?_ASSIC_TO_HEX?SYSTEM

?PR?_ZIGBEE_OTA_END_REQ_SEND?SYSTEM              0019H    0006H      -----    -----
  +--> ?CO?SYSTEM
  +--> ?PR?_SET_ZIGBEE_UART_BYTE?SYSTEM
  +--> ?PR?_ZIGBEE_UART_WRITE_FRAME?SYSTEM

?PR?_ZIGBEE_TIME_GET_HANDLE?SYSTEM               0019H    000DH      00F1H    0010H
  +--> ?PR?_MY_MEMSET?MCU_API
  +--> ?PR?_ZIGBEE_TIME_CONVERT?SYSTEM
  +--> ?PR?_MCU_WRITE_RTCTIME?PROTOCOL

?PR?_MY_MEMSET?MCU_API                           0026H    0009H      -----    -----

?PR?_ZIGBEE_TIME_CONVERT?SYSTEM                  0026H    0016H      -----    -----
  +--> ?CO?SYSTEM

?PR?_MCU_WRITE_RTCTIME?PROTOCOL                  0026H    0003H      -----    -----

?PR?XBRHANDLE?HC_MCU_XBR                         0009H    0002H      -----    -----
  +--> ?PR?_PWM3INIT?HC_MCU_XBR
  +--> ?PR?_READ_AD?HC_MCU_XBR
  +--> ?PR?_DELAY_MS?HC_MCU_XBR

*** NEW ROOT ***************************************************

?PR?UART1_RPT?HC_MCU_XBR                         -----    -----      -----    -----
  +--> ?PR?_UART_RECEIVE_INPUT?MCU_API



SYMBOL TABLE OF MODULE:  .\Objects\HC-MCU-XBR (?C_STARTUP)

  VALUE           TYPE          NAME
  ----------------------------------

  -------         MODULE        ?C_STARTUP
  C:1E90H         SEGMENT       ?C_C51STARTUP
  I:0051H         SEGMENT       ?STACK
  C:0000H         PUBLIC        ?C_STARTUP
  D:00E0H         SYMBOL        ACC
  D:00F0H         SYMBOL        B
  D:0083H         SYMBOL        DPH
  D:0082H         SYMBOL        DPL
  N:0000H         SYMBOL        IBPSTACK
  N:0100H         SYMBOL        IBPSTACKTOP
  N:0080H         SYMBOL        IDATALEN
  C:1E93H         SYMBOL        IDATALOOP
  N:0000H         SYMBOL        PBPSTACK
  N:0100H         SYMBOL        PBPSTACKTOP
  N:0000H         SYMBOL        PDATALEN
  N:0000H         SYMBOL        PDATASTART
BL51 BANKED LINKER/LOCATER V6.22                                                      01/25/2021  19:01:18  PAGE 11


  N:0000H         SYMBOL        PPAGE
  N:0000H         SYMBOL        PPAGEENABLE
  D:00A0H         SYMBOL        PPAGE_SFR
  D:0081H         SYMBOL        SP
  C:1E90H         SYMBOL        STARTUP1
  N:0000H         SYMBOL        XBPSTACK
  N:0000H         SYMBOL        XBPSTACKTOP
  N:0000H         SYMBOL        XDATALEN
  N:0000H         SYMBOL        XDATASTART
  C:0000H         LINE#         126
  C:1E90H         LINE#         133
  C:1E92H         LINE#         134
  C:1E93H         LINE#         135
  C:1E94H         LINE#         136
  C:1E96H         LINE#         185
  C:1E99H         LINE#         196
  -------         ENDMOD        ?C_STARTUP

  -------         MODULE        HC_MCU_XBR
  C:0000H         SYMBOL        _ICE_DUMMY_
  X:FF08H         PUBLIC        P1M0
  X:FF01H         PUBLIC        P0M1
  X:0000H         PUBLIC        Light_on_flagpre
  X:FF10H         PUBLIC        P2M0
  X:FF02H         PUBLIC        P0M2
  D:0080H         PUBLIC        P0
  X:FF11H         PUBLIC        P2M1
  X:FF03H         PUBLIC        P0M3
  D:0090H         PUBLIC        P1
  X:FF12H         PUBLIC        P2M2
  D:00A0H         PUBLIC        P2
  X:0001H         PUBLIC        check_light_times
  X:FF13H         PUBLIC        P2M3
  X:0002H         PUBLIC        radar_number_send_flag
  X:0003H         PUBLIC        lowlight1minflag
  X:0004H         PUBLIC        light_status_xxx_last
  B:00A8H.7       PUBLIC        EA
  C:24CBH         PUBLIC        UART1_Rpt
  X:0005H         PUBLIC        radar_number_count
  X:FE94H         PUBLIC        XTALCFG
  X:0007H         PUBLIC        SUM1_counter
  D:00A8H         PUBLIC        IE
  B:0080H.0       PUBLIC        P0_0
  D:00FCH         PUBLIC        IAP_CMD
  X:0008H         PUBLIC        guc_Read_a1
  D:00F8H         PUBLIC        RSTFR
  B:0080H.4       PUBLIC        P0_4
  X:000AH         PUBLIC        lowlight1mincount
  X:000CH         PUBLIC        alarm_times
  X:FF91H         PUBLIC        PWM01_MAP
  C:2A62H         PUBLIC        InitSYS
  X:000DH         PUBLIC        LIGHT_off
  X:FF95H         PUBLIC        PWM11_MAP
  X:FF99H         PUBLIC        PWM21_MAP
  X:FE89H         PUBLIC        S2CON2
  D:00B6H         PUBLIC        ADCR
  X:000FH         PUBLIC        TH
BL51 BANKED LINKER/LOCATER V6.22                                                      01/25/2021  19:01:18  PAGE 12


  X:FEA2H         PUBLIC        CRCC
  X:FE85H         PUBLIC        T5CON1
  X:0013H         PUBLIC        all_day_micro_light_enable
  X:FFA5H         PUBLIC        SCK_MAP
  X:0014H         PUBLIC        SWITCHflag2
  X:0015H         PUBLIC        times
  X:0017H         PUBLIC        SUM0
  C:0F8EH         PUBLIC        main
  C:2A2BH         PUBLIC        GPIO_Init
  X:001BH         PUBLIC        SUM1
  X:FEA4H         PUBLIC        BORC
  X:001FH         PUBLIC        SUM2
  C:2B1FH         PUBLIC        _send_data
  X:0023H         PUBLIC        SWITCHfXBR
  D:00BBH         PUBLIC        LVDC
  X:0024H         PUBLIC        radar_trig_times
  X:FFA1H         PUBLIC        RXD_MAP
  X:FEA5H         PUBLIC        BORDBC
  X:FFA0H         PUBLIC        TXD_MAP
  X:FEA7H         PUBLIC        LVDDBC
  D:0099H         PUBLIC        SBUF
  X:FEB8H         PUBLIC        PINTE0
  C:28CEH         PUBLIC        _Delay_ms
  C:2943H         PUBLIC        _Flash_EraseBlock
  X:0026H         PUBLIC        lowlightDELAY_NUM
  X:0027H         PUBLIC        MAX_DELTA
  X:FEB9H         PUBLIC        PINTE1
  D:00BDH         PUBLIC        WDTC
  X:002BH         PUBLIC        zigbee_join_cnt
  D:0098H         PUBLIC        SCON
  D:0089H         PUBLIC        TMOD
  D:0088H         PUBLIC        TCON
  X:002CH         PUBLIC        Light_on_flag
  X:002DH         PUBLIC        radar_number_send_flag2
  X:002EH         PUBLIC        start_times
  X:FE95H         PUBLIC        SPOV_RSTEN
  C:2A50H         PUBLIC        _Delay_us
  X:0030H         PUBLIC        Linkage_flag
  X:0031H         PUBLIC        lightvalue
  D:00B4H         PUBLIC        ADCC0
  C:0026H         PUBLIC        XBRHandle
  D:00B5H         PUBLIC        ADCC1
  X:FE9BH         PUBLIC        ADCC2
  C:2A79H         PUBLIC        ADC_Init
  X:FE91H         PUBLIC        CLKDIV
  D:00B8H         PUBLIC        IE1
  X:0032H         PUBLIC        person_in_range_flag
  X:0033H         PUBLIC        light_ad
  D:0044H         PUBLIC        upload_disable
  X:0034H         PUBLIC        DELAY_NUM
  X:0036H         PUBLIC        radar_trig_times_last
  X:FF80H         PUBLIC        T0_MAP
  C:2558H         PUBLIC        _read_ad
  X:FF81H         PUBLIC        T1_MAP
  X:FEAAH         PUBLIC        RSTDBC
  X:0038H         PUBLIC        resetbtcnt
  X:FF83H         PUBLIC        T3_MAP
BL51 BANKED LINKER/LOCATER V6.22                                                      01/25/2021  19:01:18  PAGE 13


  X:FF84H         PUBLIC        T4_MAP
  X:FF85H         PUBLIC        T5_MAP
  D:0045H         PUBLIC        Timer_Counter
  X:FEA0H         PUBLIC        WDTCCR
  D:0049H         PUBLIC        while_1flag
  D:004AH         PUBLIC        while_2flag
  C:1C72H         PUBLIC        TIMER1_Rpt
  D:008CH         PUBLIC        TH0
  D:008DH         PUBLIC        TH1
  X:0039H         PUBLIC        stop_times
  X:003AH         PUBLIC        XRBoffbrightvalue
  D:00CEH         PUBLIC        TH4
  D:008AH         PUBLIC        TL0
  D:008BH         PUBLIC        TL1
  X:FE93H         PUBLIC        CLKOUT
  D:00CDH         PUBLIC        TL4
  D:00FBH         PUBLIC        IAP_DATA
  X:003BH         PUBLIC        SUM10
  X:003FH         PUBLIC        SUM01
  D:00F9H         PUBLIC        IAP_ADDR
  X:0043H         PUBLIC        person_in_range_flag_last
  X:0044H         PUBLIC        SUM0_num
  D:008EH         PUBLIC        CLKSWR
  X:0045H         PUBLIC        SUM1_num
  C:28F6H         PUBLIC        _FLASH_WriteData
  X:0046H         PUBLIC        slowchcnt
  X:0047H         PUBLIC        calc_average_times
  I:004DH         PUBLIC        light1sflag
  X:0048H         PUBLIC        switchcnt
  X:0049H         PUBLIC        SUM16
  C:211EH         PUBLIC        _PWM3init
  X:004DH         PUBLIC        average
  X:004FH         PUBLIC        guc_Read_a
  X:FFA9H         PUBLIC        RXD2_MAP
  X:005BH         PUBLIC        ALL_SUM1
  X:FFA8H         PUBLIC        TXD2_MAP
  X:FE98H         PUBLIC        ADCWC
  X:FE8AH         PUBLIC        S2BUF
  X:FF90H         PUBLIC        PWM0_MAP
  C:2817H         PUBLIC        UART1_Init
  X:FFA4H         PUBLIC        SS_MAP
  X:FF94H         PUBLIC        PWM1_MAP
  X:FF98H         PUBLIC        PWM2_MAP
  X:FE88H         PUBLIC        S2CON
  X:FE80H         PUBLIC        TCON1
  D:009EH         PUBLIC        SCON2
  X:FF9CH         PUBLIC        PWM3_MAP
  C:2206H         PUBLIC        wait1
  C:2270H         PUBLIC        wait2
  X:FF8FH         PUBLIC        CLKO_MAP
  X:FEBCH         PUBLIC        INT01_PINS
  D:00CCH         PUBLIC        T4CON
  X:FE92H         PUBLIC        FREQ_CLK
  D:00DDH         PUBLIC        PWM3C
  D:00DFH         PUBLIC        PWM3D
  I:004FH         PUBLIC        light1scount
  X:005FH         PUBLIC        light_status_xxx
BL51 BANKED LINKER/LOCATER V6.22                                                      01/25/2021  19:01:18  PAGE 14


  X:0060H         PUBLIC        light_ad0
  X:FEB0H         PUBLIC        PITS0
  X:FF05H         PUBLIC        P0LPU
  X:FEB1H         PUBLIC        PITS1
  X:FEB2H         PUBLIC        PITS2
  X:FEB3H         PUBLIC        PITS3
  X:0061H         PUBLIC        SUM
  C:27B3H         PUBLIC        _Flash_ReadArr
  X:0065H         PUBLIC        LIGHT_TH
  C:1390H         PUBLIC        set_var
  X:FFA7H         PUBLIC        MISO_MAP
  X:FFA6H         PUBLIC        MOSI_MAP
  D:00DEH         PUBLIC        PWM3P
  X:0066H         PUBLIC        LIGHT
  C:29EFH         PUBLIC        Timer_Init
  X:FF40H         PUBLIC        P00DBC
  D:00D0H         PUBLIC        PSW
  X:FF41H         PUBLIC        P01DBC
  C:1D35H         PUBLIC        savevar
  X:FF42H         PUBLIC        P02DBC
  X:FF00H         PUBLIC        P0M0
  -------         PROC          _FLASH_READARR
  D:0009H         SYMBOL        fui_Address
  D:0005H         SYMBOL        fuc_Length
  D:000BH         SYMBOL        fucp_SaveArr
  C:27B3H         LINE#         108
  C:27BDH         LINE#         109
  C:27BDH         LINE#         110
  C:27C3H         LINE#         111
  C:27E4H         LINE#         112
  -------         ENDPROC       _FLASH_READARR
  -------         PROC          _DELAY_MS
  D:0082H         SYMBOL        t
  C:28CEH         LINE#         114
  C:28D2H         LINE#         115
  C:28D2H         LINE#         116
  C:28DBH         LINE#         117
  C:28F0H         LINE#         118
  C:28F0H         LINE#         119
  C:28F3H         LINE#         120
  C:28F5H         LINE#         121
  -------         ENDPROC       _DELAY_MS
  C:2A49H         SYMBOL        L?0192
  -------         PROC          L?0191
  -------         ENDPROC       L?0191
  C:2A49H         SYMBOL        L?0192
  -------         PROC          _DELAY_US
  D:0006H         SYMBOL        q1
  -------         DO            
  D:0004H         SYMBOL        j
  -------         ENDDO         
  C:2A50H         LINE#         123
  C:2A50H         LINE#         124
  C:2A50H         LINE#         126
  C:2A5AH         LINE#         127
  C:2A5AH         LINE#         129
  C:2A61H         LINE#         130
BL51 BANKED LINKER/LOCATER V6.22                                                      01/25/2021  19:01:18  PAGE 15


  -------         ENDPROC       _DELAY_US
  -------         PROC          INITSYS
  C:2A62H         LINE#         138
  C:2A62H         LINE#         139
  C:2A62H         LINE#         142
  C:2A65H         LINE#         143
  C:2A6BH         LINE#         144
  C:2A6FH         LINE#         152
  C:2A72H         LINE#         153
  C:2A78H         LINE#         155
  -------         ENDPROC       INITSYS
  -------         PROC          TIMER_INIT
  C:29EFH         LINE#         163
  C:29EFH         LINE#         164
  C:29EFH         LINE#         166
  C:29F4H         LINE#         167
  C:29F7H         LINE#         179
  C:29FAH         LINE#         180
  C:29FDH         LINE#         181
  C:2A00H         LINE#         182
  C:2A03H         LINE#         184
  C:2A06H         LINE#         185
  C:2A09H         LINE#         187
  C:2A0CH         LINE#         188
  -------         ENDPROC       TIMER_INIT
  -------         PROC          UART1_INIT
  C:2817H         LINE#         196
  C:2817H         LINE#         197
  C:2817H         LINE#         199
  C:2820H         LINE#         200
  C:2829H         LINE#         201
  C:282BH         LINE#         202
  C:2831H         LINE#         203
  C:2835H         LINE#         204
  C:2838H         LINE#         220
  C:283BH         LINE#         221
  C:283EH         LINE#         222
  C:2841H         LINE#         223
  C:2844H         LINE#         224
  C:2847H         LINE#         226
  -------         ENDPROC       UART1_INIT
  -------         PROC          ADC_INIT
  C:2A79H         LINE#         234
  C:2A79H         LINE#         235
  C:2A79H         LINE#         237
  C:2A7CH         LINE#         238
  C:2A7FH         LINE#         239
  C:2A86H         LINE#         250
  C:2A89H         LINE#         253
  C:2A8FH         LINE#         254
  -------         ENDPROC       ADC_INIT
  -------         PROC          GPIO_INIT
  C:2A2BH         LINE#         262
  C:2A2BH         LINE#         263
  C:2A2BH         LINE#         303
  C:2A34H         LINE#         305
  C:2A3DH         LINE#         307
BL51 BANKED LINKER/LOCATER V6.22                                                      01/25/2021  19:01:18  PAGE 16


  C:2A46H         LINE#         342
  -------         ENDPROC       GPIO_INIT
  -------         PROC          _SEND_DATA
  D:0007H         SYMBOL        d
  C:2B1FH         LINE#         344
  C:2B1FH         LINE#         345
  C:2B1FH         LINE#         346
  C:2B21H         LINE#         347
  C:2B26H         LINE#         349
  C:2B29H         LINE#         350
  -------         ENDPROC       _SEND_DATA
  -------         PROC          _READ_AD
  D:0007H         SYMBOL        ch
  -------         DO            
  D:0001H         SYMBOL        i
  D:0002H         SYMBOL        ad_sum
  -------         ENDDO         
  C:2558H         LINE#         353
  C:2558H         LINE#         354
  C:2558H         LINE#         358
  C:255AH         LINE#         359
  C:255DH         LINE#         360
  C:2562H         LINE#         362
  C:2565H         LINE#         364
  C:256CH         LINE#         366
  C:256FH         LINE#         368
  C:2570H         LINE#         369
  C:2570H         LINE#         370
  C:2573H         LINE#         371
  C:2578H         LINE#         373
  C:257BH         LINE#         374
  C:2583H         LINE#         376
  C:258AH         LINE#         377
  C:258EH         LINE#         388
  C:2591H         LINE#         391
  C:2593H         LINE#         393
  C:259AH         LINE#         394
  C:259CH         LINE#         395
  -------         ENDPROC       _READ_AD
  -------         PROC          SET_VAR
  C:1390H         LINE#         397
  C:1390H         LINE#         398
  C:1390H         LINE#         400
  C:139FH         LINE#         402
  C:13AEH         LINE#         403
  C:13BFH         LINE#         404
  C:13D7H         LINE#         405
  C:13EDH         LINE#         406
  C:1414H         LINE#         407
  C:141EH         LINE#         409
  C:1426H         LINE#         411
  C:1428H         LINE#         412
  C:142AH         LINE#         413
  C:1431H         LINE#         414
  C:1434H         LINE#         416
  C:1441H         LINE#         417
  C:144AH         LINE#         418
BL51 BANKED LINKER/LOCATER V6.22                                                      01/25/2021  19:01:18  PAGE 17


  C:1458H         LINE#         419
  C:146CH         LINE#         420
  C:1475H         LINE#         423
  C:147DH         LINE#         425
  C:1481H         LINE#         427
  C:1489H         LINE#         428
  C:1491H         LINE#         429
  C:1497H         LINE#         431
  C:14A2H         LINE#         433
  C:14ACH         LINE#         435
  C:14B6H         LINE#         437
  C:14C0H         LINE#         439
  C:14CFH         LINE#         440
  C:14D7H         LINE#         441
  C:14DFH         LINE#         443
  C:14E6H         LINE#         444
  C:14EDH         LINE#         446
  C:14F3H         LINE#         448
  C:14FCH         LINE#         449
  C:1503H         LINE#         451
  C:1509H         LINE#         452
  C:1509H         LINE#         453
  C:150CH         LINE#         454
  C:150CH         LINE#         455
  C:1514H         LINE#         456
  C:1514H         LINE#         457
  C:151BH         LINE#         458
  C:1522H         LINE#         459
  C:1522H         LINE#         460
  -------         ENDPROC       SET_VAR
  -------         PROC          XBRHANDLE
  -------         DO            
  D:0009H         SYMBOL        k
  -------         ENDDO         
  C:0026H         LINE#         462
  C:0026H         LINE#         463
  C:0026H         LINE#         466
  C:002DH         LINE#         467
  C:002DH         LINE#         479
  C:0030H         LINE#         480
  C:0035H         LINE#         482
  C:0038H         LINE#         483
  C:003EH         LINE#         485
  C:0048H         LINE#         487
  C:005EH         LINE#         490
  C:006EH         LINE#         491
  C:006EH         LINE#         492
  C:0079H         LINE#         493
  C:007BH         LINE#         495
  C:007BH         LINE#         496
  C:0086H         LINE#         497
  C:0086H         LINE#         498
  C:009CH         LINE#         500
  C:00A8H         LINE#         501
  C:00A8H         LINE#         502
  C:00B7H         LINE#         503
  C:00B7H         LINE#         517
BL51 BANKED LINKER/LOCATER V6.22                                                      01/25/2021  19:01:18  PAGE 18


  C:00BDH         LINE#         519
  C:00BEH         LINE#         520
  C:00C0H         LINE#         521
  C:00CCH         LINE#         522
  C:00CCH         LINE#         532
  C:00D5H         LINE#         534
  C:00D8H         LINE#         535
  C:00D8H         LINE#         536
  C:00D8H         LINE#         538
  C:00E4H         LINE#         539
  C:00E4H         LINE#         541
  C:00E7H         LINE#         543
  C:00EBH         LINE#         545
  C:00F1H         LINE#         547
  C:0106H         LINE#         549
  C:010FH         LINE#         550
  C:010FH         LINE#         551
  C:0111H         LINE#         553
  C:0122H         LINE#         555
  C:0131H         LINE#         556
  C:013CH         LINE#         557
  C:0146H         LINE#         558
  C:0146H         LINE#         560
  C:014FH         LINE#         561
  C:014FH         LINE#         562
  C:0152H         LINE#         563
  C:0154H         LINE#         565
  C:0154H         LINE#         566
  C:015EH         LINE#         567
  C:015EH         LINE#         578
  C:0168H         LINE#         581
  C:0195H         LINE#         582
  C:019DH         LINE#         584
  C:01A5H         LINE#         586
  C:01AAH         LINE#         587
  C:01AAH         LINE#         588
  C:01AAH         LINE#         590
  C:01BBH         LINE#         591
  C:01BBH         LINE#         592
  C:01D5H         LINE#         593
  C:01F2H         LINE#         594
  C:01FCH         LINE#         595
  C:01FCH         LINE#         597
  C:0202H         LINE#         598
  C:0202H         LINE#         599
  C:020EH         LINE#         600
  C:0218H         LINE#         602
  C:0218H         LINE#         604
  C:0254H         LINE#         605
  C:0254H         LINE#         606
  C:025AH         LINE#         607
  C:026FH         LINE#         608
  C:0288H         LINE#         609
  C:0299H         LINE#         610
  C:02ACH         LINE#         611
  C:02B6H         LINE#         612
  C:02C9H         LINE#         613
BL51 BANKED LINKER/LOCATER V6.22                                                      01/25/2021  19:01:18  PAGE 19


  C:02D3H         LINE#         615
  C:02E5H         LINE#         616
  C:02E5H         LINE#         617
  C:02FAH         LINE#         618
  C:030EH         LINE#         619
  C:0316H         LINE#         620
  C:032CH         LINE#         621
  C:0331H         LINE#         626
  C:0331H         LINE#         627
  C:0337H         LINE#         628
  C:0337H         LINE#         630
  C:0356H         LINE#         631
  C:0356H         LINE#         632
  C:0361H         LINE#         633
  C:0361H         LINE#         634
  C:036AH         LINE#         635
  C:0372H         LINE#         636
  C:0392H         LINE#         637
  C:0392H         LINE#         638
  C:03A7H         LINE#         639
  C:03BCH         LINE#         640
  C:03BCH         LINE#         641
  C:03BCH         LINE#         642
  C:03BCH         LINE#         643
  C:03BCH         LINE#         644
  C:03BFH         LINE#         646
  C:03CFH         LINE#         647
  C:03CFH         LINE#         655
  C:03F2H         LINE#         656
  C:03F2H         LINE#         657
  C:0407H         LINE#         659
  C:0432H         LINE#         661
  C:0432H         LINE#         662
  C:043AH         LINE#         663
  C:043AH         LINE#         664
  C:043AH         LINE#         665
  C:043AH         LINE#         666
  C:043CH         LINE#         668
  C:043CH         LINE#         669
  C:0450H         LINE#         670
  C:0458H         LINE#         671
  C:046FH         LINE#         672
  C:0474H         LINE#         674
  C:0477H         LINE#         675
  C:0484H         LINE#         676
  C:0484H         LINE#         677
  C:0499H         LINE#         678
  C:04AEH         LINE#         679
  C:04AEH         LINE#         680
  C:04AEH         LINE#         681
  C:04AEH         LINE#         682
  C:04AEH         LINE#         689
  C:04BBH         LINE#         690
  C:04BBH         LINE#         691
  C:04BCH         LINE#         692
  C:04BCH         LINE#         693
  C:04BCH         LINE#         694
BL51 BANKED LINKER/LOCATER V6.22                                                      01/25/2021  19:01:18  PAGE 20


  C:04BCH         LINE#         695
  C:04BEH         LINE#         697
  C:04BEH         LINE#         698
  C:04C3H         LINE#         699
  C:04CDH         LINE#         700
  C:04CDH         LINE#         702
  C:04D6H         LINE#         703
  C:04D6H         LINE#         704
  C:04D9H         LINE#         705
  C:051FH         LINE#         706
  C:0539H         LINE#         707
  C:053CH         LINE#         709
  C:053CH         LINE#         711
  C:054BH         LINE#         712
  C:054BH         LINE#         713
  C:0552H         LINE#         715
  C:0561H         LINE#         716
  C:0561H         LINE#         724
  C:0575H         LINE#         725
  C:0575H         LINE#         726
  C:057FH         LINE#         727
  C:0581H         LINE#         729
  C:0581H         LINE#         730
  C:0596H         LINE#         731
  C:05AAH         LINE#         732
  C:05AAH         LINE#         733
  C:05C6H         LINE#         734
  C:05C6H         LINE#         736
  C:05C6H         LINE#         737
  C:05C6H         LINE#         739
  C:05C6H         LINE#         745
  C:05C6H         LINE#         746
  C:05C6H         LINE#         748
  C:05E1H         LINE#         749
  C:05E1H         LINE#         754
  C:05FDH         LINE#         755
  C:05FDH         LINE#         763
  C:05FDH         LINE#         764
  C:0607H         LINE#         765
  C:0613H         LINE#         766
  C:061BH         LINE#         767
  C:061FH         LINE#         786
  C:0629H         LINE#         788
  C:062FH         LINE#         790
  C:0635H         LINE#         791
  C:063CH         LINE#         792
  C:0641H         LINE#         793
  C:0646H         LINE#         795
  C:0646H         LINE#         796
  C:0646H         LINE#         797
  C:0646H         LINE#         798
  C:0646H         LINE#         800
  C:0652H         LINE#         809
  C:065CH         LINE#         810
  C:0666H         LINE#         812
  C:0676H         LINE#         813
  C:0676H         LINE#         824
BL51 BANKED LINKER/LOCATER V6.22                                                      01/25/2021  19:01:18  PAGE 21


  C:0685H         LINE#         825
  C:0685H         LINE#         826
  C:068CH         LINE#         827
  C:068FH         LINE#         828
  C:0693H         LINE#         829
  C:0697H         LINE#         832
  C:0697H         LINE#         833
  C:0697H         LINE#         834
  C:0697H         LINE#         835
  C:0698H         LINE#         837
  C:0698H         LINE#         838
  C:06A0H         LINE#         839
  C:06A3H         LINE#         849
  C:06A9H         LINE#         850
  C:06ADH         LINE#         854
  C:06B3H         LINE#         860
  C:06BDH         LINE#         861
  C:06C2H         LINE#         862
  C:06C8H         LINE#         864
  C:06CEH         LINE#         866
  C:06D4H         LINE#         868
  C:06D9H         LINE#         869
  C:06E3H         LINE#         873
  C:06E3H         LINE#         874
  -------         ENDPROC       XBRHANDLE
  -------         PROC          WAIT1
  -------         DO            
  D:0009H         SYMBOL        i
  D:000AH         SYMBOL        j
  -------         ENDDO         
  C:2206H         LINE#         876
  C:2206H         LINE#         877
  C:2206H         LINE#         881
  C:2209H         LINE#         882
  C:2209H         LINE#         883
  C:2209H         LINE#         884
  C:2213H         LINE#         902
  C:2216H         LINE#         903
  C:2216H         LINE#         905
  C:2219H         LINE#         906
  C:221EH         LINE#         908
  C:2221H         LINE#         911
  C:2237H         LINE#         912
  C:223EH         LINE#         931
  C:2245H         LINE#         935
  C:2252H         LINE#         936
  C:2265H         LINE#         937
  C:2265H         LINE#         939
  C:2267H         LINE#         941
  C:226EH         LINE#         942
  C:226FH         LINE#         944
  -------         ENDPROC       WAIT1
  -------         PROC          WAIT2
  -------         DO            
  D:0009H         SYMBOL        i
  D:000AH         SYMBOL        k
  D:000CH         SYMBOL        t
BL51 BANKED LINKER/LOCATER V6.22                                                      01/25/2021  19:01:18  PAGE 22


  -------         ENDDO         
  C:2270H         LINE#         945
  C:2270H         LINE#         946
  C:2270H         LINE#         951
  C:227AH         LINE#         953
  C:227DH         LINE#         954
  C:227DH         LINE#         955
  C:2282H         LINE#         956
  C:2282H         LINE#         967
  C:2285H         LINE#         968
  C:228AH         LINE#         970
  C:228DH         LINE#         971
  C:2293H         LINE#         973
  C:22A9H         LINE#         974
  C:22B9H         LINE#         975
  C:22BCH         LINE#         976
  C:22C3H         LINE#         978
  C:22D6H         LINE#         984
  -------         ENDPROC       WAIT2
  -------         PROC          _PWM3INIT
  D:0007H         SYMBOL        ab
  -------         DO            
  D:000BH         SYMBOL        i11
  D:0006H         SYMBOL        j11
  -------         ENDDO         
  C:211EH         LINE#         986
  C:211EH         LINE#         987
  C:211EH         LINE#         991
  C:2121H         LINE#         992
  C:2121H         LINE#         993
  C:2125H         LINE#         994
  C:2125H         LINE#         995
  C:2127H         LINE#         996
  C:212AH         LINE#         997
  C:212AH         LINE#         998
  C:212FH         LINE#         999
  C:2134H         LINE#         1000
  C:2136H         LINE#         1002
  C:2136H         LINE#         1003
  C:213CH         LINE#         1004
  C:2141H         LINE#         1005
  C:2141H         LINE#         1007
  C:2144H         LINE#         1008
  C:2144H         LINE#         1009
  C:2146H         LINE#         1010
  C:2148H         LINE#         1012
  C:2148H         LINE#         1013
  C:216BH         LINE#         1014
  C:2181H         LINE#         1015
  C:2181H         LINE#         1030
  C:2187H         LINE#         1048
  C:218AH         LINE#         1055
  C:218CH         LINE#         1056
  C:218FH         LINE#         1058
  C:2191H         LINE#         1059
  -------         ENDPROC       _PWM3INIT
  -------         PROC          MAIN
BL51 BANKED LINKER/LOCATER V6.22                                                      01/25/2021  19:01:18  PAGE 23


  -------         DO            
  D:0008H         SYMBOL        i
  -------         ENDDO         
  C:0F8EH         LINE#         1069
  C:0F8EH         LINE#         1070
  C:0F8EH         LINE#         1072
  C:0F91H         LINE#         1073
  C:0F94H         LINE#         1074
  C:0F97H         LINE#         1078
  C:0F9AH         LINE#         1079
  C:0F9DH         LINE#         1080
  C:0FA0H         LINE#         1082
  C:0FA3H         LINE#         1086
  C:0FA9H         LINE#         1087
  C:0FACH         LINE#         1089
  C:0FAEH         LINE#         1091
  C:0FB5H         LINE#         1107
  C:0FBFH         LINE#         1110
  C:0FC3H         LINE#         1112
  C:0FC5H         LINE#         1113
  C:0FC8H         LINE#         1115
  C:0FCDH         LINE#         1117
  C:0FCFH         LINE#         1119
  C:0FD2H         LINE#         1121
  C:0FDBH         LINE#         1123
  C:0FDEH         LINE#         1126
  C:0FE5H         LINE#         1128
  C:0FE8H         LINE#         1130
  C:0FF2H         LINE#         1132
  C:0FFBH         LINE#         1133
  C:0FFBH         LINE#         1134
  C:0FFDH         LINE#         1135
  C:1000H         LINE#         1136
  C:1002H         LINE#         1138
  C:1002H         LINE#         1139
  C:1005H         LINE#         1140
  C:1005H         LINE#         1142
  C:1005H         LINE#         1143
  C:1005H         LINE#         1144
  C:100CH         LINE#         1145
  C:100CH         LINE#         1146
  C:1019H         LINE#         1147
  C:1019H         LINE#         1148
  C:101EH         LINE#         1149
  C:1026H         LINE#         1150
  C:1026H         LINE#         1152
  C:1033H         LINE#         1153
  C:1033H         LINE#         1154
  C:1038H         LINE#         1155
  C:1040H         LINE#         1156
  C:1040H         LINE#         1158
  C:1048H         LINE#         1159
  C:1048H         LINE#         1160
  C:104FH         LINE#         1161
  C:104FH         LINE#         1162
  C:1054H         LINE#         1163
  C:1058H         LINE#         1164
BL51 BANKED LINKER/LOCATER V6.22                                                      01/25/2021  19:01:18  PAGE 24


  C:106CH         LINE#         1165
  C:106CH         LINE#         1166
  C:107AH         LINE#         1167
  C:1089H         LINE#         1168
  C:1089H         LINE#         1169
  C:1089H         LINE#         1170
  C:1089H         LINE#         1171
  C:1089H         LINE#         1173
  C:108CH         LINE#         1175
  C:1090H         LINE#         1176
  C:1090H         LINE#         1177
  C:1098H         LINE#         1178
  C:109BH         LINE#         1179
  C:109BH         LINE#         1181
  C:10A6H         LINE#         1182
  C:10A6H         LINE#         1183
  C:10AAH         LINE#         1184
  C:10AAH         LINE#         1185
  C:10ACH         LINE#         1187
  C:10AFH         LINE#         1188
  C:10B7H         LINE#         1190
  C:10C1H         LINE#         1191
  C:10C6H         LINE#         1192
  C:10CCH         LINE#         1194
  C:10D2H         LINE#         1196
  C:10D8H         LINE#         1198
  C:10DDH         LINE#         1199
  C:10E7H         LINE#         1200
  C:10E7H         LINE#         1202
  C:10EAH         LINE#         1204
  C:10F9H         LINE#         1205
  C:10F9H         LINE#         1206
  C:1100H         LINE#         1207
  C:1100H         LINE#         1208
  C:1102H         LINE#         1209
  C:110BH         LINE#         1210
  C:111EH         LINE#         1211
  C:111EH         LINE#         1212
  C:1122H         LINE#         1213
  C:112AH         LINE#         1214
  C:112AH         LINE#         1216
  C:112AH         LINE#         1218
  C:112AH         LINE#         1219
  C:112FH         LINE#         1220
  C:112FH         LINE#         1221
  C:112FH         LINE#         1222
  C:112FH         LINE#         1223
  C:112FH         LINE#         1224
  C:113EH         LINE#         1225
  C:113EH         LINE#         1226
  C:1147H         LINE#         1227
  C:1147H         LINE#         1228
  C:114AH         LINE#         1229
  C:1150H         LINE#         1236
  C:1150H         LINE#         1237
  C:1150H         LINE#         1240
  C:115BH         LINE#         1241
BL51 BANKED LINKER/LOCATER V6.22                                                      01/25/2021  19:01:18  PAGE 25


  C:115BH         LINE#         1242
  C:116AH         LINE#         1243
  C:116AH         LINE#         1244
  C:116CH         LINE#         1245
  C:1174H         LINE#         1247
  C:1181H         LINE#         1248
  C:1181H         LINE#         1251
  C:1185H         LINE#         1252
  C:1185H         LINE#         1253
  C:1185H         LINE#         1254
  C:1185H         LINE#         1256
  C:1185H         LINE#         1257
  C:1188H         LINE#         1258
  C:118EH         LINE#         1259
  C:118EH         LINE#         1260
  C:1192H         LINE#         1261
  C:1195H         LINE#         1263
  C:1195H         LINE#         1264
  C:119DH         LINE#         1266
  C:11A0H         LINE#         1268
  C:11A8H         LINE#         1271
  C:11B2H         LINE#         1272
  C:11B7H         LINE#         1273
  C:11BDH         LINE#         1275
  C:11C3H         LINE#         1277
  C:11C9H         LINE#         1279
  C:11CEH         LINE#         1280
  C:11D8H         LINE#         1281
  C:11D8H         LINE#         1282
  C:11D8H         LINE#         1283
  -------         ENDPROC       MAIN
  -------         PROC          TIMER1_RPT
  C:1C72H         LINE#         1292
  C:1C8FH         LINE#         1295
  C:1CABH         LINE#         1297
  C:1CB5H         LINE#         1298
  C:1CCCH         LINE#         1299
  C:1CCCH         LINE#         1300
  C:1CD3H         LINE#         1301
  C:1CD8H         LINE#         1302
  C:1CD8H         LINE#         1303
  C:1CE0H         LINE#         1304
  C:1CECH         LINE#         1305
  C:1CECH         LINE#         1307
  C:1CF1H         LINE#         1308
  C:1CF8H         LINE#         1309
  C:1CF8H         LINE#         1310
  C:1D02H         LINE#         1311
  C:1D11H         LINE#         1312
  C:1D11H         LINE#         1313
  C:1D15H         LINE#         1314
  C:1D1AH         LINE#         1315
  C:1D1AH         LINE#         1316
  -------         ENDPROC       TIMER1_RPT
  -------         PROC          UART1_RPT
  -------         DO            
  D:0007H         SYMBOL        i
BL51 BANKED LINKER/LOCATER V6.22                                                      01/25/2021  19:01:18  PAGE 26


  -------         ENDDO         
  C:24CBH         LINE#         1325
  C:24E8H         LINE#         1330
  C:24EDH         LINE#         1331
  C:24EDH         LINE#         1332
  C:24EFH         LINE#         1333
  C:24F2H         LINE#         1334
  C:24F5H         LINE#         1335
  C:24F7H         LINE#         1336
  C:24F7H         LINE#         1337
  -------         ENDPROC       UART1_RPT
  -------         PROC          _FLASH_ERASEBLOCK
  D:0006H         SYMBOL        fui_Address
  C:2943H         LINE#         1339
  C:2943H         LINE#         1340
  C:2943H         LINE#         1341
  C:2943H         LINE#         1342
  C:2943H         LINE#         1343
  C:2946H         LINE#         1344
  C:2948H         LINE#         1345
  C:294DH         LINE#         1346
  C:294DH         LINE#         1348
  C:294FH         LINE#         1349
  C:2951H         LINE#         1350
  C:2957H         LINE#         1351
  C:295BH         LINE#         1352
  C:2961H         LINE#         1353
  C:2967H         LINE#         1355
  -------         ENDPROC       _FLASH_ERASEBLOCK
  -------         PROC          _FLASH_WRITEDATA
  D:0007H         SYMBOL        fuc_SaveData
  D:0004H         SYMBOL        fui_Address
  C:28F6H         LINE#         1365
  C:28F6H         LINE#         1366
  C:28F6H         LINE#         1367
  C:28F6H         LINE#         1368
  C:28F6H         LINE#         1369
  C:28F9H         LINE#         1370
  C:28FBH         LINE#         1371
  C:2900H         LINE#         1372
  C:2900H         LINE#         1374
  C:2902H         LINE#         1375
  C:2904H         LINE#         1376
  C:2906H         LINE#         1377
  C:290CH         LINE#         1378
  C:2910H         LINE#         1379
  C:2916H         LINE#         1380
  C:291CH         LINE#         1382
  -------         ENDPROC       _FLASH_WRITEDATA
  -------         PROC          SAVEVAR
  -------         DO            
  D:0007H         SYMBOL        i
  -------         ENDDO         
  C:1D35H         LINE#         1417
  C:1D35H         LINE#         1418
  C:1D35H         LINE#         1420
  C:1D3CH         LINE#         1421
BL51 BANKED LINKER/LOCATER V6.22                                                      01/25/2021  19:01:18  PAGE 27


  C:1D43H         LINE#         1423
  C:1D58H         LINE#         1424
  C:1D5FH         LINE#         1425
  C:1D66H         LINE#         1427
  C:1D76H         LINE#         1428
  C:1D7DH         LINE#         1429
  C:1D84H         LINE#         1431
  C:1D87H         LINE#         1432
  C:1D89H         LINE#         1433
  C:1D8CH         LINE#         1435
  C:1D8FH         LINE#         1436
  C:1D91H         LINE#         1437
  C:1D94H         LINE#         1438
  C:1D97H         LINE#         1439
  C:1D99H         LINE#         1440
  C:1D9CH         LINE#         1442
  C:1DA1H         LINE#         1443
  C:1DA3H         LINE#         1444
  C:1DA6H         LINE#         1446
  C:1DABH         LINE#         1447
  C:1DADH         LINE#         1448
  C:1DB0H         LINE#         1450
  C:1DB6H         LINE#         1451
  C:1DB8H         LINE#         1452
  C:1DBBH         LINE#         1454
  C:1DC0H         LINE#         1455
  C:1DC2H         LINE#         1456
  C:1DC5H         LINE#         1458
  C:1DCAH         LINE#         1459
  C:1DCCH         LINE#         1460
  C:1DCFH         LINE#         1462
  C:1DD4H         LINE#         1463
  C:1DD6H         LINE#         1464
  C:1DD9H         LINE#         1468
  C:1DE0H         LINE#         1469
  C:1DE7H         LINE#         1470
  C:1DF0H         LINE#         1471
  C:1DF5H         LINE#         1473
  C:1DF7H         LINE#         1475
  -------         ENDPROC       SAVEVAR
  -------         ENDMOD        HC_MCU_XBR

  -------         MODULE        MCU_API
  C:0000H         SYMBOL        _ICE_DUMMY_
  C:2698H         PUBLIC        _uart_receive_input
  C:2ADEH         PUBLIC        mcu_reset_zigbee
  C:1DF8H         PUBLIC        _byte_to_int
  C:2ACCH         PUBLIC        mcu_network_start
  C:1ADCH         PUBLIC        _my_memcpy
  C:2710H         PUBLIC        _my_memset
  C:2B58H         PUBLIC        _mcu_get_dp_download_value
  C:2388H         PUBLIC        _my_strlen
  C:1FA8H         PUBLIC        _mcu_dp_value_update
  C:0003H         PUBLIC        zigbee_protocol_init
  C:2B34H         PUBLIC        _mcu_get_dp_download_bool
  C:11DBH         PUBLIC        zigbee_uart_service
  C:259DH         PUBLIC        _mcu_dp_bool_update
BL51 BANKED LINKER/LOCATER V6.22                                                      01/25/2021  19:01:18  PAGE 28


  C:2B3DH         PUBLIC        _mcu_get_dp_download_enum
  C:277EH         PUBLIC        _mcu_dp_enum_update
  -------         PROC          _MY_STRLEN
  D:001AH         SYMBOL        str
  -------         DO            
  D:001DH         SYMBOL        len
  -------         ENDDO         
  C:2388H         LINE#         47
  C:238EH         LINE#         48
  C:238EH         LINE#         49
  C:2397H         LINE#         50
  C:239CH         LINE#         51
  C:239CH         LINE#         52
  C:23A1H         LINE#         53
  C:23A1H         LINE#         55
  C:23B8H         LINE#         56
  C:23B8H         LINE#         57
  C:23D0H         LINE#         58
  C:23D2H         LINE#         60
  C:23DAH         LINE#         61
  -------         ENDPROC       _MY_STRLEN
  -------         PROC          _MY_MEMSET
  D:0026H         SYMBOL        src
  D:0005H         SYMBOL        ch
  D:002AH         SYMBOL        count
  -------         DO            
  D:002CH         SYMBOL        tmp
  -------         ENDDO         
  C:2710H         LINE#         70
  C:2716H         LINE#         71
  C:2716H         LINE#         72
  C:271CH         LINE#         74
  C:2721H         LINE#         75
  C:2721H         LINE#         76
  C:2725H         LINE#         77
  C:2725H         LINE#         79
  C:2732H         LINE#         80
  C:2732H         LINE#         81
  C:273FH         LINE#         82
  C:2741H         LINE#         84
  C:2747H         LINE#         85
  -------         ENDPROC       _MY_MEMSET
  -------         PROC          _MY_MEMCPY
  D:0021H         SYMBOL        dest
  D:0024H         SYMBOL        src
  D:0027H         SYMBOL        count
  -------         DO            
  D:0029H         SYMBOL        pdest
  D:002CH         SYMBOL        psrc
  D:002FH         SYMBOL        i
  -------         ENDDO         
  C:1ADCH         LINE#         94
  C:1AE2H         LINE#         95
  C:1AE2H         LINE#         96
  C:1AE8H         LINE#         97
  C:1AF1H         LINE#         100
  C:1AFEH         LINE#         101
BL51 BANKED LINKER/LOCATER V6.22                                                      01/25/2021  19:01:18  PAGE 29


  C:1AFEH         LINE#         102
  C:1B05H         LINE#         103
  C:1B05H         LINE#         105
  C:1B2FH         LINE#         106
  C:1B2FH         LINE#         107
  C:1B3FH         LINE#         108
  C:1B3FH         LINE#         109
  C:1B5DH         LINE#         110
  C:1B67H         LINE#         111
  C:1B67H         LINE#         113
  C:1B67H         LINE#         114
  C:1B78H         LINE#         115
  C:1B78H         LINE#         116
  C:1B9CH         LINE#         117
  C:1BA6H         LINE#         118
  C:1BA6H         LINE#         120
  C:1BACH         LINE#         121
  -------         ENDPROC       _MY_MEMCPY
  -------         PROC          _BYTE_TO_INT
  D:0001H         SYMBOL        value
  -------         DO            
  D:002DH         SYMBOL        nubmer
  -------         ENDDO         
  C:1DF8H         LINE#         174
  C:1DF8H         LINE#         175
  C:1DF8H         LINE#         176
  C:1E01H         LINE#         178
  C:1E0EH         LINE#         179
  C:1E21H         LINE#         180
  C:1E3CH         LINE#         181
  C:1E4AH         LINE#         182
  C:1E65H         LINE#         183
  C:1E73H         LINE#         184
  C:1E8EH         LINE#         186
  C:1E8FH         LINE#         187
  -------         ENDPROC       _BYTE_TO_INT
  -------         PROC          MCU_RESET_ZIGBEE
  -------         DO            
  D:0004H         SYMBOL        length
  -------         ENDDO         
  C:2ADEH         LINE#         196
  C:2ADEH         LINE#         197
  C:2ADEH         LINE#         198
  C:2AE1H         LINE#         200
  C:2AEAH         LINE#         201
  -------         ENDPROC       MCU_RESET_ZIGBEE
  -------         PROC          MCU_NETWORK_START
  -------         DO            
  D:0004H         SYMBOL        length
  -------         ENDDO         
  C:2ACCH         LINE#         211
  C:2ACCH         LINE#         212
  C:2ACCH         LINE#         213
  C:2ACFH         LINE#         215
  C:2AD9H         LINE#         216
  -------         ENDPROC       MCU_NETWORK_START
  -------         PROC          _MCU_DP_BOOL_UPDATE
BL51 BANKED LINKER/LOCATER V6.22                                                      01/25/2021  19:01:18  PAGE 30


  D:0003H         SYMBOL        dpid
  D:0028H         SYMBOL        value
  -------         DO            
  D:0004H         SYMBOL        length
  -------         ENDDO         
  C:259DH         LINE#         250
  C:25A1H         LINE#         251
  C:25A1H         LINE#         252
  C:25A3H         LINE#         254
  C:25ACH         LINE#         255
  C:25B3H         LINE#         257
  C:25BAH         LINE#         258
  C:25C3H         LINE#         260
  C:25C7H         LINE#         261
  C:25C7H         LINE#         262
  C:25C8H         LINE#         263
  C:25CAH         LINE#         265
  C:25CAH         LINE#         266
  C:25D7H         LINE#         267
  C:25D7H         LINE#         269
  C:25DCH         LINE#         271
  C:25DEH         LINE#         272
  -------         ENDPROC       _MCU_DP_BOOL_UPDATE
  -------         PROC          _MCU_DP_VALUE_UPDATE
  D:0003H         SYMBOL        dpid
  D:002CH         SYMBOL        value
  -------         DO            
  D:0004H         SYMBOL        length
  -------         ENDDO         
  C:1FA8H         LINE#         280
  C:1FAAH         LINE#         281
  C:1FAAH         LINE#         282
  C:1FACH         LINE#         284
  C:1FB5H         LINE#         285
  C:1FBCH         LINE#         287
  C:1FC3H         LINE#         288
  C:1FC8H         LINE#         290
  C:1FE2H         LINE#         291
  C:1FFCH         LINE#         292
  C:2018H         LINE#         293
  C:2029H         LINE#         295
  C:202EH         LINE#         297
  C:2030H         LINE#         298
  -------         ENDPROC       _MCU_DP_VALUE_UPDATE
  -------         PROC          _MCU_DP_ENUM_UPDATE
  D:0003H         SYMBOL        dpid
  D:0028H         SYMBOL        value
  -------         DO            
  D:0004H         SYMBOL        length
  -------         ENDDO         
  C:277EH         LINE#         330
  C:2782H         LINE#         331
  C:2782H         LINE#         332
  C:2784H         LINE#         334
  C:278DH         LINE#         335
  C:2794H         LINE#         337
  C:279BH         LINE#         338
BL51 BANKED LINKER/LOCATER V6.22                                                      01/25/2021  19:01:18  PAGE 31


  C:27A2H         LINE#         340
  C:27ABH         LINE#         342
  C:27B0H         LINE#         344
  C:27B2H         LINE#         345
  -------         ENDPROC       _MCU_DP_ENUM_UPDATE
  -------         PROC          _MCU_GET_DP_DOWNLOAD_BOOL
  D:0001H         SYMBOL        value
  D:0004H         SYMBOL        len
  -------         DO            
  D:0028H         SYMBOL        i
  -------         ENDDO         
  C:2B34H         LINE#         393
  C:2B34H         LINE#         394
  C:2B34H         LINE#         396
  C:2B38H         LINE#         397
  C:2B3CH         LINE#         398
  -------         ENDPROC       _MCU_GET_DP_DOWNLOAD_BOOL
  -------         PROC          _MCU_GET_DP_DOWNLOAD_ENUM
  D:0001H         SYMBOL        value
  D:0004H         SYMBOL        len
  -------         DO            
  D:0028H         SYMBOL        i
  -------         ENDDO         
  C:2B3DH         LINE#         406
  C:2B3DH         LINE#         407
  C:2B3DH         LINE#         409
  C:2B41H         LINE#         410
  C:2B45H         LINE#         411
  -------         ENDPROC       _MCU_GET_DP_DOWNLOAD_ENUM
  -------         PROC          _MCU_GET_DP_DOWNLOAD_VALUE
  D:0001H         SYMBOL        value
  D:0004H         SYMBOL        len
  -------         DO            
  D:002BH         SYMBOL        i
  -------         ENDDO         
  C:2B58H         LINE#         419
  C:2B58H         LINE#         420
  C:2B58H         LINE#         422
  C:2B5CH         LINE#         423
  C:2B5FH         LINE#         424
  -------         ENDPROC       _MCU_GET_DP_DOWNLOAD_VALUE
  -------         PROC          ZIGBEE_PROTOCOL_INIT
  C:0003H         LINE#         433
  C:0003H         LINE#         434
  C:0003H         LINE#         436
  C:000CH         LINE#         437
  C:0015H         LINE#         438
  C:001AH         LINE#         439
  -------         ENDPROC       ZIGBEE_PROTOCOL_INIT
  -------         PROC          _UART_RECEIVE_INPUT
  D:0007H         SYMBOL        value
  C:2698H         LINE#         448
  C:2698H         LINE#         449
  C:2698H         LINE#         452
  C:26A3H         LINE#         453
  C:26A3H         LINE#         455
  C:26B1H         LINE#         456
BL51 BANKED LINKER/LOCATER V6.22                                                      01/25/2021  19:01:18  PAGE 32


  C:26B1H         LINE#         457
  C:26BEH         LINE#         458
  C:26BEH         LINE#         460
  C:26CBH         LINE#         461
  C:26D3H         LINE#         462
  C:26D3H         LINE#         464
  C:26D3H         LINE#         466
  C:26D3H         LINE#         467
  -------         ENDPROC       _UART_RECEIVE_INPUT
  -------         PROC          ZIGBEE_UART_SERVICE
  -------         DO            
  D:004BH         SYMBOL        rx_in
  D:0009H         SYMBOL        offset
  D:000BH         SYMBOL        rx_value_len
  D:000DH         SYMBOL        protocol_version
[...]
  C:2B11H         LINE#         218
  C:2B11H         LINE#         219
  C:2B17H         LINE#         220
  C:2B17H         LINE#         221
  C:2B1AH         LINE#         222
  C:2B1AH         LINE#         223
  C:2B1EH         LINE#         224
  -------         ENDPROC       GET_QUEUE_TOTAL_DATA
  -------         PROC          QUEUE_READ_BYTE
  -------         DO            
  D:0007H         SYMBOL        value
  -------         ENDDO         
  C:265BH         LINE#         234
  C:265BH         LINE#         235
  C:265BH         LINE#         236
  C:265DH         LINE#         238
  C:2668H         LINE#         239
  C:2668H         LINE#         241
  C:2675H         LINE#         242
  C:2675H         LINE#         244
  C:2682H         LINE#         245
  C:2682H         LINE#         246
  C:268FH         LINE#         247
  C:2697H         LINE#         248
  C:2697H         LINE#         249
  C:2697H         LINE#         250
  -------         ENDPROC       QUEUE_READ_BYTE
  -------         PROC          _ZIGBEE_TIME_CONVERT
  D:0026H         SYMBOL        time
  D:002AH         SYMBOL        convert_time
  -------         DO            
  D:002CH         SYMBOL        days
  D:0038H         SYMBOL        pass4_year
  D:003AH         SYMBOL        hours_per_year
  -------         ENDDO         
  C:0CFDH         LINE#         259
  C:0D05H         LINE#         260
  C:0D05H         LINE#         261
  C:0D18H         LINE#         262
  C:0D21H         LINE#         264
BL51 BANKED LINKER/LOCATER V6.22                                                      01/25/2021  19:01:18  PAGE 48


  C:0D39H         LINE#         265
  C:0D39H         LINE#         266
  C:0D40H         LINE#         267
  C:0D40H         LINE#         269
  C:0D63H         LINE#         270
  C:0D7CH         LINE#         271
  C:0D92H         LINE#         272
  C:0DABH         LINE#         274
  C:0DB9H         LINE#         275
  C:0DD4H         LINE#         277
  C:0DF6H         LINE#         279
  C:0DF6H         LINE#         280
  C:0DF6H         LINE#         281
  C:0DFCH         LINE#         282
  C:0E08H         LINE#         283
  C:0E08H         LINE#         284
  C:0E13H         LINE#         285
  C:0E13H         LINE#         287
  C:0E28H         LINE#         288
  C:0E28H         LINE#         289
  C:0E28H         LINE#         290
  C:0E28H         LINE#         292
  C:0E35H         LINE#         293
  C:0E57H         LINE#         294
  C:0E59H         LINE#         296
  C:0E77H         LINE#         297
  C:0E90H         LINE#         298
  C:0EA4H         LINE#         299
  C:0EB0H         LINE#         300
  C:0EB0H         LINE#         301
  C:0EC3H         LINE#         302
  C:0EC3H         LINE#         303
  C:0EDEH         LINE#         304
  C:0EE0H         LINE#         306
  C:0EE0H         LINE#         307
  C:0EF4H         LINE#         308
  C:0EF4H         LINE#         309
  C:0EFEH         LINE#         310
  C:0F09H         LINE#         311
  C:0F0BH         LINE#         312
  C:0F0BH         LINE#         313
  C:0F0BH         LINE#         314
  C:0F0BH         LINE#         317
  C:0F37H         LINE#         318
  C:0F37H         LINE#         319
  C:0F63H         LINE#         320
  C:0F70H         LINE#         321
  C:0F7BH         LINE#         322
  C:0F87H         LINE#         323
  C:0F8DH         LINE#         324
  -------         ENDPROC       _ZIGBEE_TIME_CONVERT
  -------         PROC          _ZIGBEE_OTA_END_REQ_SEND
  D:0019H         SYMBOL        status
  -------         DO            
  D:0004H         SYMBOL        length
  D:001AH         SYMBOL        pid_len
  D:001CH         SYMBOL        pid
BL51 BANKED LINKER/LOCATER V6.22                                                      01/25/2021  19:01:18  PAGE 49


  -------         ENDDO         
  C:242DH         LINE#         398
  C:242FH         LINE#         399
  C:242FH         LINE#         400
  C:2436H         LINE#         403
  C:243FH         LINE#         405
  C:2445H         LINE#         406
  C:2452H         LINE#         407
  C:2452H         LINE#         408
  C:246AH         LINE#         409
  C:246CH         LINE#         411
  C:2479H         LINE#         412
  -------         ENDPROC       _ZIGBEE_OTA_END_REQ_SEND
  -------         PROC          PRODUCT_INFO_CMD_HANDLE
  -------         DO            
  D:0019H         SYMBOL        length
  -------         ENDDO         
  C:1F1CH         LINE#         425
  C:1F1CH         LINE#         426
  C:1F1CH         LINE#         427
  C:1F1FH         LINE#         429
  C:1F35H         LINE#         430
  C:1F4BH         LINE#         431
  C:1F67H         LINE#         432
  C:1F83H         LINE#         433
  C:1F9FH         LINE#         435
  -------         ENDPROC       PRODUCT_INFO_CMD_HANDLE
  -------         PROC          _ZIGBEE_STATE_CMD_HANDLE
  D:0007H         SYMBOL        current_state
  -------         DO            
  D:0019H         SYMBOL        temp
  -------         ENDDO         
  C:2B2AH         LINE#         444
  C:2B2AH         LINE#         445
  C:2B2AH         LINE#         446
  C:2B2CH         LINE#         447
  -------         ENDPROC       _ZIGBEE_STATE_CMD_HANDLE
  -------         PROC          ZIGBEE_CFG_CMD_HANDLE
  C:2B81H         LINE#         456
  C:2B81H         LINE#         457
  C:2B81H         LINE#         459
  -------         ENDPROC       ZIGBEE_CFG_CMD_HANDLE
  -------         PROC          _ZIGBEE_DATA_POINT_HANDLE
  D:0019H         SYMBOL        value
  -------         DO            
  D:001CH         SYMBOL        dp_id
  D:0007H         SYMBOL        index
  D:001DH         SYMBOL        dp_type
  D:0007H         SYMBOL        ret
  D:001EH         SYMBOL        dp_len
  -------         ENDDO         
  C:22D7H         LINE#         467
  C:22DDH         LINE#         468
  C:22DDH         LINE#         474
  C:22E2H         LINE#         475
  C:22EAH         LINE#         476
  C:22F5H         LINE#         477
BL51 BANKED LINKER/LOCATER V6.22                                                      01/25/2021  19:01:18  PAGE 50


  C:2304H         LINE#         480
  C:2309H         LINE#         482
  C:2318H         LINE#         483
  C:2318H         LINE#         485
  C:231BH         LINE#         486
  C:231BH         LINE#         488
  C:231BH         LINE#         489
  C:2331H         LINE#         490
  C:2331H         LINE#         492
  C:2331H         LINE#         493
  -------         ENDPROC       _ZIGBEE_DATA_POINT_HANDLE
  -------         PROC          _ZIGBEE_DATA_RSP_HANDLE
  D:0007H         SYMBOL        rsp_status
  -------         DO            
  D:0019H         SYMBOL        temp
  -------         ENDDO         
  C:2B7EH         LINE#         501
  C:2B7EH         LINE#         502
  C:2B7EH         LINE#         505
  C:2B80H         LINE#         506
  -------         ENDPROC       _ZIGBEE_DATA_RSP_HANDLE
  -------         PROC          ZIGBEE_OTA_VER_REQ_HANDLE
  -------         DO            
  D:0019H         SYMBOL        length
  -------         ENDDO         
  C:2A0DH         LINE#         550
  C:2A0DH         LINE#         551
  C:2A0DH         LINE#         552
  C:2A12H         LINE#         553
  C:2A22H         LINE#         554
  -------         ENDPROC       ZIGBEE_OTA_VER_REQ_HANDLE
  -------         PROC          GET_CURRENT_MCU_FW_VER
  -------         DO            
  D:001BH         SYMBOL        fw_ver
  D:001EH         SYMBOL        current_mcu_fw_ver
  -------         ENDDO         
  C:2748H         LINE#         557
  C:2748H         LINE#         558
  C:2748H         LINE#         559
  C:2754H         LINE#         560
  C:2757H         LINE#         561
  C:2766H         LINE#         562
  C:2772H         LINE#         563
  C:277BH         LINE#         564
  C:277DH         LINE#         565
  -------         ENDPROC       GET_CURRENT_MCU_FW_VER
  -------         PROC          L?0104
  -------         ENDPROC       L?0104
  -------         PROC          _ASSIC_TO_HEX
  D:0007H         SYMBOL        assic_num
  C:29D9H         LINE#         567
  C:29D9H         LINE#         568
  C:29D9H         LINE#         569
  C:29E4H         LINE#         570
  C:29E7H         LINE#         572
  C:29EEH         LINE#         573
  -------         ENDPROC       _ASSIC_TO_HEX
BL51 BANKED LINKER/LOCATER V6.22                                                      01/25/2021  19:01:18  PAGE 51


  -------         PROC          _ZIGBEE_TIME_GET_HANDLE
  D:0001H         SYMBOL        data0
  D:0019H         SYMBOL        data_len
  -------         DO            
  D:001AH         SYMBOL        time1
  D:001EH         SYMBOL        time2
  X:00F1H         SYMBOL        localTime
  X:00F9H         SYMBOL        utcTime
  D:0022H         SYMBOL        i
  D:0023H         SYMBOL        ptr
  -------         ENDDO         
  C:1688H         LINE#         606
  C:168AH         LINE#         607
  C:168AH         LINE#         608
  C:169BH         LINE#         610
  C:169DH         LINE#         611
  C:16A3H         LINE#         613
  C:16ADH         LINE#         614
  C:16ADH         LINE#         616
  C:16ADH         LINE#         618
  C:16BEH         LINE#         619
  C:16CFH         LINE#         621
  C:16D2H         LINE#         622
  C:16D2H         LINE#         623
  C:16F3H         LINE#         624
  C:1701H         LINE#         625
  C:1708H         LINE#         626
  C:1729H         LINE#         628
  C:172CH         LINE#         629
  C:172CH         LINE#         630
  C:174DH         LINE#         631
  C:175BH         LINE#         632
  C:1762H         LINE#         633
  C:1783H         LINE#         635
  C:1794H         LINE#         636
  C:17A5H         LINE#         638
  C:17AEH         LINE#         639
  C:17B7H         LINE#         640
  -------         ENDPROC       _ZIGBEE_TIME_GET_HANDLE
  -------         PROC          _SET_ZIGBEE_STATE
  D:0007H         SYMBOL        state
  C:298CH         LINE#         648
  C:298CH         LINE#         649
  C:298CH         LINE#         650
  C:2991H         LINE#         651
  C:2993H         LINE#         652
  C:2993H         LINE#         653
  C:2993H         LINE#         654
  C:299AH         LINE#         655
  C:299AH         LINE#         656
  C:299DH         LINE#         657
  C:29A0H         LINE#         658
  C:29A3H         LINE#         659
  C:29A3H         LINE#         660
  C:29AAH         LINE#         661
  C:29AAH         LINE#         662
  C:29ADH         LINE#         663
BL51 BANKED LINKER/LOCATER V6.22                                                      01/25/2021  19:01:18  PAGE 52


  C:29ADH         LINE#         664
  -------         ENDPROC       _SET_ZIGBEE_STATE
  -------         PROC          _DATA_HANDLE
  D:0011H         SYMBOL        offset
  -------         DO            
  D:0005H         SYMBOL        cmd_type
  D:0013H         SYMBOL        total_len
  D:0006H         SYMBOL        seq_num
  -------         DO            
  D:0015H         SYMBOL        current_state
  D:0015H         SYMBOL        current_state
  D:0015H         SYMBOL        i
  D:0016H         SYMBOL        ret
  D:0017H         SYMBOL        dp_len
  D:0015H         SYMBOL        rsp_status
  -------         ENDDO         
  -------         DO            
  D:0015H         SYMBOL        current_state
  D:0015H         SYMBOL        i
  D:0016H         SYMBOL        ret
  D:0017H         SYMBOL        dp_len
  D:0015H         SYMBOL        rsp_status
  -------         ENDDO         
  -------         DO            
  D:0015H         SYMBOL        i
  D:0016H         SYMBOL        ret
  D:0017H         SYMBOL        dp_len
  D:0015H         SYMBOL        rsp_status
  -------         ENDDO         
  -------         DO            
  D:0015H         SYMBOL        rsp_status
  -------         ENDDO         
  -------         ENDDO         
  C:1523H         LINE#         684
  C:1527H         LINE#         685
  C:1527H         LINE#         686
  C:1528H         LINE#         687
  C:152CH         LINE#         689
  C:153AH         LINE#         690
  C:154CH         LINE#         691
  C:1562H         LINE#         693
  C:1572H         LINE#         694
  C:1584H         LINE#         695
  C:1587H         LINE#         697
  C:15B3H         LINE#         698
  C:15B3H         LINE#         699
  C:15B3H         LINE#         700
  C:15B3H         LINE#         701
  C:15C2H         LINE#         702
  C:15C6H         LINE#         703
  C:15C6H         LINE#         704
  C:15C6H         LINE#         705
  C:15C6H         LINE#         707
  C:15C9H         LINE#         708
  C:15C9H         LINE#         709
  C:15C9H         LINE#         711
  C:15CCH         LINE#         712
BL51 BANKED LINKER/LOCATER V6.22                                                      01/25/2021  19:01:18  PAGE 53


  C:15CCH         LINE#         713
  C:15CCH         LINE#         714
  C:15CFH         LINE#         715
  C:15CFH         LINE#         717
  C:15CFH         LINE#         718
  C:15CFH         LINE#         719
  C:15DEH         LINE#         720
  C:15E2H         LINE#         721
  C:15E7H         LINE#         722
  C:15E7H         LINE#         723
  C:15E7H         LINE#         725
  C:15E7H         LINE#         726
  C:15EAH         LINE#         727
  C:15EAH         LINE#         729
  C:15EAH         LINE#         730
  C:15EAH         LINE#         731
  C:15EDH         LINE#         732
  C:15F1H         LINE#         734
  C:1603H         LINE#         735
  C:1603H         LINE#         736
  C:161BH         LINE#         737
  C:162FH         LINE#         739
  C:1646H         LINE#         741
  C:164BH         LINE#         742
  C:164BH         LINE#         744
  C:164EH         LINE#         745
  C:164EH         LINE#         747
  C:164EH         LINE#         749
  C:164EH         LINE#         750
  C:1656H         LINE#         751
  C:1658H         LINE#         752
  C:1658H         LINE#         753
  C:1658H         LINE#         755
  C:1658H         LINE#         756
  C:1658H         LINE#         757
  C:1658H         LINE#         758
  C:1667H         LINE#         759
  C:166BH         LINE#         760
  C:166BH         LINE#         761
  C:166BH         LINE#         776
  C:166BH         LINE#         777
  C:166BH         LINE#         781
  C:166BH         LINE#         782
  C:166BH         LINE#         783
  C:166BH         LINE#         784
  C:166BH         LINE#         785
  C:166EH         LINE#         786
  C:166EH         LINE#         787
  C:166EH         LINE#         789
  C:166EH         LINE#         790
  C:166EH         LINE#         792
  C:1673H         LINE#         793
  C:1676H         LINE#         794
  C:1676H         LINE#         795
  C:1676H         LINE#         797
  C:1676H         LINE#         798
  C:1676H         LINE#         800
BL51 BANKED LINKER/LOCATER V6.22                                                      01/25/2021  19:01:18  PAGE 54


  C:1676H         LINE#         801
  C:1676H         LINE#         802
  C:1676H         LINE#         803
  C:1687H         LINE#         804
  C:1687H         LINE#         806
  C:1687H         LINE#         807
  C:1687H         LINE#         808
  C:1687H         LINE#         809
  -------         ENDPROC       _DATA_HANDLE
  -------         ENDMOD        SYSTEM

  -------         MODULE        ?C?FPADD
  C:06EBH         PUBLIC        ?C?FPADD
  C:06E7H         PUBLIC        ?C?FPSUB
  -------         ENDMOD        ?C?FPADD

  -------         MODULE        ?C?FPDIV
  C:07DFH         PUBLIC        ?C?FPDIV
  -------         ENDMOD        ?C?FPDIV

  -------         MODULE        ?C?FCAST
  C:0886H         PUBLIC        ?C?FCASTC
  C:0881H         PUBLIC        ?C?FCASTI
  C:087CH         PUBLIC        ?C?FCASTL
  -------         ENDMOD        ?C?FCAST

  -------         MODULE        ?C?CASTF
  C:08BAH         PUBLIC        ?C?CASTF
  -------         ENDMOD        ?C?CASTF

  -------         MODULE        ?C?COPY
  C:0A0BH         PUBLIC        ?C?COPY
  -------         ENDMOD        ?C?COPY

  -------         MODULE        ?C?CLDPTR
  C:0A31H         PUBLIC        ?C?CLDPTR
  -------         ENDMOD        ?C?CLDPTR

  -------         MODULE        ?C?CLDOPTR
  C:0A4AH         PUBLIC        ?C?CLDOPTR
  -------         ENDMOD        ?C?CLDOPTR

  -------         MODULE        ?C?CSTPTR
  C:0A77H         PUBLIC        ?C?CSTPTR
  -------         ENDMOD        ?C?CSTPTR

  -------         MODULE        ?C?CSTOPTR
  C:0A89H         PUBLIC        ?C?CSTOPTR
  -------         ENDMOD        ?C?CSTOPTR

  -------         MODULE        ?C?IMUL
  C:0AABH         PUBLIC        ?C?IMUL
  -------         ENDMOD        ?C?IMUL

  -------         MODULE        ?C?IILDX
  C:0ABDH         PUBLIC        ?C?IILDX
  -------         ENDMOD        ?C?IILDX
BL51 BANKED LINKER/LOCATER V6.22                                                      01/25/2021  19:01:18  PAGE 55



  -------         MODULE        ?C?LADD
  C:0AD3H         PUBLIC        ?C?LADD
  -------         ENDMOD        ?C?LADD

  -------         MODULE        ?C?LSUB
  C:0AE0H         PUBLIC        ?C?LSUB
  -------         ENDMOD        ?C?LSUB

  -------         MODULE        ?C?LMUL
  C:0AEEH         PUBLIC        ?C?LMUL
  -------         ENDMOD        ?C?LMUL

  -------         MODULE        ?C?ULDIV
  C:0B79H         PUBLIC        ?C?ULDIV
  -------         ENDMOD        ?C?ULDIV

  -------         MODULE        ?C?LNEG
  C:0C0BH         PUBLIC        ?C?LNEG
  -------         ENDMOD        ?C?LNEG

  -------         MODULE        ?C?SLCMP
  C:0C19H         PUBLIC        ?C?SLCMP
  -------         ENDMOD        ?C?SLCMP

  -------         MODULE        ?C?ULCMP
  C:0C2FH         PUBLIC        ?C?ULCMP
  -------         ENDMOD        ?C?ULCMP

  -------         MODULE        ?C?ULSHR
  C:0C40H         PUBLIC        ?C?ULSHR
  -------         ENDMOD        ?C?ULSHR

  -------         MODULE        ?C?LSHL
  C:0C53H         PUBLIC        ?C?LSHL
  -------         ENDMOD        ?C?LSHL

  -------         MODULE        ?C?LLDXDATA
  C:0C66H         PUBLIC        ?C?LLDXDATA
  -------         ENDMOD        ?C?LLDXDATA

  -------         MODULE        ?C?LLDXDATA0
  C:0C72H         PUBLIC        ?C?LLDXDATA0
  -------         ENDMOD        ?C?LLDXDATA0

  -------         MODULE        ?C?LSTXDATA
  C:0C7EH         PUBLIC        ?C?LSTXDATA
  -------         ENDMOD        ?C?LSTXDATA

  -------         MODULE        ?C?LSTKXDATA
  C:0C8AH         PUBLIC        ?C?LSTKXDATA
  -------         ENDMOD        ?C?LSTKXDATA

  -------         MODULE        ?C?OFFXADD
  C:0CBBH         PUBLIC        ?C?OFFXADD
  -------         ENDMOD        ?C?OFFXADD

BL51 BANKED LINKER/LOCATER V6.22                                                      01/25/2021  19:01:18  PAGE 56


  -------         MODULE        ?C?PLDIIDATA
  C:0CC7H         PUBLIC        ?C?PLDIIDATA
  -------         ENDMOD        ?C?PLDIIDATA

  -------         MODULE        ?C?CCASE
  C:0CD7H         PUBLIC        ?C?CCASE
  -------         ENDMOD        ?C?CCASE

Program Size: data=82.0 xdata=316 code=11138
LINK/LOCATE RUN COMPLETE.  0 WARNING(S),  0 ERROR(S)
