BL51 BANKED LINKER/LOCATER V6.22                                                        10/21/2020  10:49:10  PAGE 1


BL51 BANKED LINKER/LOCATER V6.22, INVOKED BY:
D:\CCCC2020\TOOL\KEIL\C51\BIN\BL51.EXE .\Objects\STARTUP.obj, .\Objects\HC-MCU-XBR.obj, .\Objects\mcu_api.obj, .\Objects
>> \protocol.obj, .\Objects\system.obj TO .\Objects\HC-MCU-XBR PRINT (.\Listings\HC-MCU-XBR.m51) RAMSIZE (256) DISABLEWA
>> RNING (16, 1, 2) CODE (0X0000-0X3FFF) XDATA (0X0000-0X07FF)


MEMORY MODEL: SMALL WITH FLOATING POINT ARITHMETIC


INPUT MODULES INCLUDED:
  .\Objects\STARTUP.obj (?C_STARTUP)
  .\Objects\HC-MCU-XBR.obj (HC_MCU_XBR)
  .\Objects\mcu_api.obj (MCU_API)
  .\Objects\protocol.obj (PROTOCOL)
  .\Objects\system.obj (SYSTEM)
  D:\CCCC2020\TOOL\KEIL\C51\LIB\C51FPS.LIB (?C?FPDIV)
  D:\CCCC2020\TOOL\KEIL\C51\LIB\C51FPS.LIB (?C?FCAST)
  D:\CCCC2020\TOOL\KEIL\C51\LIB\C51FPS.LIB (?C?CASTF)
  D:\CCCC2020\TOOL\KEIL\C51\LIB\C51FPS.LIB (PRINTF)
  D:\CCCC2020\TOOL\KEIL\C51\LIB\C51FPS.LIB (?C?FPGETOPN)
  D:\CCCC2020\TOOL\KEIL\C51\LIB\C51FPS.LIB (?C?FPROUND)
  D:\CCCC2020\TOOL\KEIL\C51\LIB\C51FPS.LIB (?C?FPCONVERT)
  D:\CCCC2020\TOOL\KEIL\C51\LIB\C51FPS.LIB (?C?FPADD)
  D:\CCCC2020\TOOL\KEIL\C51\LIB\C51FPS.LIB (?C?FPMUL)
  D:\CCCC2020\TOOL\KEIL\C51\LIB\C51FPS.LIB (?C?FTNPWR)
  D:\CCCC2020\TOOL\KEIL\C51\LIB\C51S.LIB (?C_INIT)
  D:\CCCC2020\TOOL\KEIL\C51\LIB\C51S.LIB (?C?COPY)
  D:\CCCC2020\TOOL\KEIL\C51\LIB\C51S.LIB (?C?CLDPTR)
  D:\CCCC2020\TOOL\KEIL\C51\LIB\C51S.LIB (?C?CLDOPTR)
  D:\CCCC2020\TOOL\KEIL\C51\LIB\C51S.LIB (?C?CSTPTR)
  D:\CCCC2020\TOOL\KEIL\C51\LIB\C51S.LIB (?C?CSTOPTR)
  D:\CCCC2020\TOOL\KEIL\C51\LIB\C51S.LIB (?C?IMUL)
  D:\CCCC2020\TOOL\KEIL\C51\LIB\C51S.LIB (?C?IILDX)
  D:\CCCC2020\TOOL\KEIL\C51\LIB\C51S.LIB (?C?LADD)
  D:\CCCC2020\TOOL\KEIL\C51\LIB\C51S.LIB (?C?LSUB)
  D:\CCCC2020\TOOL\KEIL\C51\LIB\C51S.LIB (?C?LMUL)
  D:\CCCC2020\TOOL\KEIL\C51\LIB\C51S.LIB (?C?ULDIV)
  D:\CCCC2020\TOOL\KEIL\C51\LIB\C51S.LIB (?C?LNEG)
  D:\CCCC2020\TOOL\KEIL\C51\LIB\C51S.LIB (?C?SLCMP)
  D:\CCCC2020\TOOL\KEIL\C51\LIB\C51S.LIB (?C?ULCMP)
  D:\CCCC2020\TOOL\KEIL\C51\LIB\C51S.LIB (?C?ULSHR)
  D:\CCCC2020\TOOL\KEIL\C51\LIB\C51S.LIB (?C?LSHL)
  D:\CCCC2020\TOOL\KEIL\C51\LIB\C51S.LIB (?C?LLDXDATA)
  D:\CCCC2020\TOOL\KEIL\C51\LIB\C51S.LIB (?C?LLDXDATA0)
  D:\CCCC2020\TOOL\KEIL\C51\LIB\C51S.LIB (?C?LSTXDATA)
  D:\CCCC2020\TOOL\KEIL\C51\LIB\C51S.LIB (?C?LSTKXDATA)
  D:\CCCC2020\TOOL\KEIL\C51\LIB\C51S.LIB (?C?OFFXADD)
  D:\CCCC2020\TOOL\KEIL\C51\LIB\C51S.LIB (?C?PLDIIDATA)
  D:\CCCC2020\TOOL\KEIL\C51\LIB\C51S.LIB (?C?CCASE)
  D:\CCCC2020\TOOL\KEIL\C51\LIB\C51S.LIB (PUTCHAR)


LINK MAP OF MODULE:  .\Objects\HC-MCU-XBR (?C_STARTUP)


            TYPE    BASE      LENGTH    RELOCATION   SEGMENT NAME
            -----------------------------------------------------

BL51 BANKED LINKER/LOCATER V6.22                                                      10/21/2020  10:49:10  PAGE 2


            * * * * * * *   D A T A   M E M O R Y   * * * * * * *
            REG     0000H     0008H     ABSOLUTE     "REG BANK 0"
            DATA    0008H     0009H     UNIT         ?DT?_MY_MEMSET?MCU_API
            DATA    0011H     0009H     UNIT         ?DT?_MY_STRCPY?MCU_API
            DATA    001AH     0006H     UNIT         ?DT?HC_MCU_XBR
            BIT     0020H.0   0001H.1   UNIT         _BIT_GROUP_
                    0021H.1   0000H.7                *** GAP ***
            DATA    0022H     0030H     UNIT         _DATA_GROUP_
            DATA    0052H     0007H     UNIT         ?DT?_MCU_DP_FAULT_UPDATE?MCU_API
            DATA    0059H     0007H     UNIT         ?DT?PROTOCOL
            DATA    0060H     0007H     UNIT         ?DT?SYSTEM
            DATA    0067H     0006H     UNIT         ?DT?_MY_STRCMP?MCU_API
            DATA    006DH     0006H     UNIT         ?DT?_MCU_DP_RAW_UPDATE?MCU_API
            DATA    0073H     0006H     UNIT         ?DT?_MCU_DP_STRING_UPDATE?MCU_API
            DATA    0079H     0004H     UNIT         ?DT?_INT_TO_BYTE?MCU_API
            DATA    007DH     0002H     UNIT         ?DT?MCU_API
            IDATA   007FH     0019H     UNIT         ?ID?HC_MCU_XBR
            IDATA   0098H     0001H     UNIT         ?STACK

            * * * * * * *  X D A T A   M E M O R Y  * * * * * * *
            XDATA   0000H     0071H     UNIT         ?XD?SYSTEM
            XDATA   0071H     0057H     UNIT         ?XD?HC_MCU_XBR
            XDATA   00C8H     0017H     UNIT         ?XD?PROTOCOL
                    00DFH     FDA1H                  *** GAP ***
            XDATA   FE80H     0001H     ABSOLUTE     
                    FE81H     0004H                  *** GAP ***
            XDATA   FE85H     0001H     ABSOLUTE     
                    FE86H     0002H                  *** GAP ***
            XDATA   FE88H     0001H     ABSOLUTE     
            XDATA   FE89H     0001H     ABSOLUTE     
            XDATA   FE8AH     0001H     ABSOLUTE     
                    FE8BH     0006H                  *** GAP ***
            XDATA   FE91H     0001H     ABSOLUTE     
            XDATA   FE92H     0001H     ABSOLUTE     
            XDATA   FE93H     0001H     ABSOLUTE     
            XDATA   FE94H     0001H     ABSOLUTE     
            XDATA   FE95H     0001H     ABSOLUTE     
                    FE96H     0002H                  *** GAP ***
            XDATA   FE98H     0001H     ABSOLUTE     
                    FE99H     0002H                  *** GAP ***
            XDATA   FE9BH     0001H     ABSOLUTE     
                    FE9CH     0004H                  *** GAP ***
            XDATA   FEA0H     0001H     ABSOLUTE     
                    FEA1H     0001H                  *** GAP ***
            XDATA   FEA2H     0001H     ABSOLUTE     
                    FEA3H     0001H                  *** GAP ***
            XDATA   FEA4H     0001H     ABSOLUTE     
            XDATA   FEA5H     0001H     ABSOLUTE     
                    FEA6H     0001H                  *** GAP ***
            XDATA   FEA7H     0001H     ABSOLUTE     
                    FEA8H     0002H                  *** GAP ***
            XDATA   FEAAH     0001H     ABSOLUTE     
                    FEABH     0005H                  *** GAP ***
            XDATA   FEB0H     0001H     ABSOLUTE     
            XDATA   FEB1H     0001H     ABSOLUTE     
            XDATA   FEB2H     0001H     ABSOLUTE     
            XDATA   FEB3H     0001H     ABSOLUTE     
BL51 BANKED LINKER/LOCATER V6.22                                                      10/21/2020  10:49:10  PAGE 3


                    FEB4H     0004H                  *** GAP ***
            XDATA   FEB8H     0001H     ABSOLUTE     
            XDATA   FEB9H     0001H     ABSOLUTE     
                    FEBAH     0002H                  *** GAP ***
            XDATA   FEBCH     0001H     ABSOLUTE     
                    FEBDH     0043H                  *** GAP ***
            XDATA   FF00H     0001H     ABSOLUTE     
            XDATA   FF01H     0001H     ABSOLUTE     
            XDATA   FF02H     0001H     ABSOLUTE     
            XDATA   FF03H     0001H     ABSOLUTE     
                    FF04H     0001H                  *** GAP ***
            XDATA   FF05H     0001H     ABSOLUTE     
                    FF06H     0002H                  *** GAP ***
            XDATA   FF08H     0001H     ABSOLUTE     
                    FF09H     0007H                  *** GAP ***
            XDATA   FF10H     0001H     ABSOLUTE     
            XDATA   FF11H     0001H     ABSOLUTE     
            XDATA   FF12H     0001H     ABSOLUTE     
            XDATA   FF13H     0001H     ABSOLUTE     
                    FF14H     002CH                  *** GAP ***
            XDATA   FF40H     0001H     ABSOLUTE     
            XDATA   FF41H     0001H     ABSOLUTE     
            XDATA   FF42H     0001H     ABSOLUTE     
                    FF43H     003DH                  *** GAP ***
            XDATA   FF80H     0001H     ABSOLUTE     
            XDATA   FF81H     0001H     ABSOLUTE     
                    FF82H     0001H                  *** GAP ***
            XDATA   FF83H     0001H     ABSOLUTE     
            XDATA   FF84H     0001H     ABSOLUTE     
            XDATA   FF85H     0001H     ABSOLUTE     
                    FF86H     0009H                  *** GAP ***
            XDATA   FF8FH     0001H     ABSOLUTE     
            XDATA   FF90H     0001H     ABSOLUTE     
            XDATA   FF91H     0001H     ABSOLUTE     
                    FF92H     0002H                  *** GAP ***
            XDATA   FF94H     0001H     ABSOLUTE     
            XDATA   FF95H     0001H     ABSOLUTE     
                    FF96H     0002H                  *** GAP ***
            XDATA   FF98H     0001H     ABSOLUTE     
            XDATA   FF99H     0001H     ABSOLUTE     
                    FF9AH     0002H                  *** GAP ***
            XDATA   FF9CH     0001H     ABSOLUTE     
                    FF9DH     0003H                  *** GAP ***
            XDATA   FFA0H     0001H     ABSOLUTE     
            XDATA   FFA1H     0001H     ABSOLUTE     
                    FFA2H     0002H                  *** GAP ***
            XDATA   FFA4H     0001H     ABSOLUTE     
            XDATA   FFA5H     0001H     ABSOLUTE     
            XDATA   FFA6H     0001H     ABSOLUTE     
            XDATA   FFA7H     0001H     ABSOLUTE     
            XDATA   FFA8H     0001H     ABSOLUTE     
            XDATA   FFA9H     0001H     ABSOLUTE     

            * * * * * * *   C O D E   M E M O R Y   * * * * * * *
            CODE    0000H     0003H     ABSOLUTE     
            CODE    0003H     0017H     UNIT         ?PR?INITSYS?HC_MCU_XBR
            CODE    001AH     0001H     UNIT         ?PR?UART2_RPT?HC_MCU_XBR
BL51 BANKED LINKER/LOCATER V6.22                                                      10/21/2020  10:49:10  PAGE 4


            CODE    001BH     0003H     ABSOLUTE     
            CODE    001EH     0005H     UNIT         ?PR?_WIFI_TEST_RESULT?PROTOCOL
            CODE    0023H     0003H     ABSOLUTE     
            CODE    0026H     0014H     UNIT         ?PR?_SET_WIFI_UART_BYTE?SYSTEM
                    003AH     0001H                  *** GAP ***
            CODE    003BH     0003H     ABSOLUTE     
            CODE    003EH     08C1H     UNIT         ?C?LIB_CODE
            CODE    08FFH     06D5H     UNIT         ?PR?XBRHANDLE?HC_MCU_XBR
            CODE    0FD4H     046FH     UNIT         ?PR?PRINTF?PRINTF
            CODE    1443H     01F2H     UNIT         ?PR?MAIN?HC_MCU_XBR
            CODE    1635H     01B9H     UNIT         ?PR?WIFI_UART_SERVICE?MCU_API
            CODE    17EEH     0129H     UNIT         ?PR?SET_VAR?HC_MCU_XBR
            CODE    1917H     0116H     UNIT         ?C_INITSEG
            CODE    1A2DH     0116H     UNIT         ?PR?_DATA_HANDLE?SYSTEM
            CODE    1B43H     00EAH     UNIT         ?PR?_MCU_DP_FAULT_UPDATE?MCU_API
            CODE    1C2DH     00DAH     UNIT         ?PR?_DP_DOWNLOAD_HANDLE?PROTOCOL
            CODE    1D07H     00D7H     UNIT         ?PR?PRODUCT_INFO_UPDATE?SYSTEM
            CODE    1DDEH     00D1H     UNIT         ?PR?_MY_MEMCPY?MCU_API
            CODE    1EAFH     00B8H     UNIT         ?PR?ALL_DATA_UPDATE?PROTOCOL
            CODE    1F67H     00AAH     UNIT         ?PR?_MCU_DP_VALUE_UPDATE?MCU_API
            CODE    2011H     00A7H     UNIT         ?PR?TIMER1_RPT?HC_MCU_XBR
            CODE    20B8H     0098H     UNIT         ?PR?_BYTE_TO_INT?MCU_API
            CODE    2150H     008CH     UNIT         ?C_C51STARTUP
            CODE    21DCH     007FH     UNIT         ?PR?_DP_DOWNLOAD_CDS_HANDLE?PROTOCOL
            CODE    225BH     0078H     UNIT         ?PR?_DP_DOWNLOAD_SENSE_STRESS_HANDLE?PROTOCOL
            CODE    22D3H     0071H     UNIT         ?PR?_HEX_TO_BCD?MCU_API
            CODE    2344H     006AH     UNIT         ?PR?WAIT1?HC_MCU_XBR
            CODE    23AEH     0067H     UNIT         ?PR?WAIT2?HC_MCU_XBR
            CODE    2415H     0063H     UNIT         ?PR?_UART_RECEIVE_INPUT?MCU_API
            CODE    2478H     005DH     UNIT         ?PR?_DP_DOWNLOAD_BRIGHT_VALUE_HANDLE?PROTOCOL
            CODE    24D5H     005CH     UNIT         ?PR?_MY_STRCMP?MCU_API
            CODE    2531H     005BH     UNIT         ?PR?_DATA_POINT_HANDLE?SYSTEM
            CODE    258CH     005AH     UNIT         ?PR?_DP_DOWNLOAD_PIR_DELAY_HANDLE?PROTOCOL
            CODE    25E6H     0057H     UNIT         ?PR?_MCU_DP_BOOL_UPDATE?MCU_API
            CODE    263DH     0055H     UNIT         ?PR?_MCU_DP_RAW_UPDATE?MCU_API
            CODE    2692H     0055H     UNIT         ?PR?_MCU_DP_STRING_UPDATE?MCU_API
            CODE    26E7H     0055H     UNIT         ?PR?_WIFI_UART_WRITE_FRAME?SYSTEM
            CODE    273CH     0053H     UNIT         ?PR?_MY_STRLEN?MCU_API
            CODE    278FH     0051H     UNIT         ?PR?_DP_DOWNLOAD_STANDBY_TIME_HANDLE?PROTOCOL
            CODE    27E0H     004CH     UNIT         ?PR?_MCU_DP_ENUM_UPDATE?MCU_API
            CODE    282CH     0047H     UNIT         ?PR?UART1_RPT?HC_MCU_XBR
            CODE    2873H     0047H     UNIT         ?PR?TAKE_BYTE_RXBUFF?SYSTEM
            CODE    28BAH     0045H     UNIT         ?PR?_READ_AD?HC_MCU_XBR
            CODE    28FFH     0044H     UNIT         ?PR?_MY_STRCPY?MCU_API
            CODE    2943H     0043H     UNIT         ?PR?_INT_TO_BYTE?MCU_API
            CODE    2986H     0041H     UNIT         ?PR?_DP_DOWNLOAD_SWITCH_LED2_HANDLE?PROTOCOL
            CODE    29C7H     003DH     UNIT         ?PR?_WIFI_UART_WRITE_DATA?SYSTEM
            CODE    2A04H     003CH     UNIT         ?PR?_SET_WIFI_UART_BUFFER?SYSTEM
            CODE    2A40H     003BH     UNIT         ?CO?SYSTEM
            CODE    2A7BH     0038H     UNIT         ?PR?_MY_MEMSET?MCU_API
            CODE    2AB3H     0036H     UNIT         ?PR?_DP_DOWNLOAD_SWITCH_XBR_HANDLE?PROTOCOL
            CODE    2AE9H     0032H     UNIT         ?PR?_FLASH_READARR?HC_MCU_XBR
            CODE    2B1BH     0031H     UNIT         ?PR?UART1_INIT?HC_MCU_XBR
            CODE    2B4CH     002FH     UNIT         ?PR?_PWM3INIT?HC_MCU_XBR
            CODE    2B7BH     002DH     UNIT         ?PR?_GET_CHECK_SUM?SYSTEM
            CODE    2BA8H     0029H     UNIT         ?PR?_DP_DOWNLOAD_SWITCH_LINKAGE_HANDLE?PROTOCOL
            CODE    2BD1H     0028H     UNIT         ?PR?_DELAY_MS?HC_MCU_XBR
BL51 BANKED LINKER/LOCATER V6.22                                                      10/21/2020  10:49:10  PAGE 5


            CODE    2BF9H     0027H     UNIT         ?PR?_FLASH_WRITEDATA?HC_MCU_XBR
            CODE    2C20H     0027H     UNIT         ?PR?PUTCHAR?PUTCHAR
            CODE    2C47H     0026H     UNIT         ?CO?MCU_API
            CODE    2C6DH     0025H     UNIT         ?PR?_FLASH_ERASEBLOCK?HC_MCU_XBR
            CODE    2C92H     0023H     UNIT         ?PR?RESET_BT_MODULE?PROTOCOL
            CODE    2CB5H     0022H     UNIT         ?PR?HEAT_BEAT_CHECK?SYSTEM
            CODE    2CD7H     0021H     UNIT         ?PR?_GET_DOWMLOAD_DPID_INDEX?SYSTEM
            CODE    2CF8H     001EH     UNIT         ?PR?TIMER_INIT?HC_MCU_XBR
            CODE    2D16H     001EH     UNIT         ?PR?WITH_DATA_RXBUFF?SYSTEM
            CODE    2D34H     001CH     UNIT         ?PR?GPIO_INIT?HC_MCU_XBR
            CODE    2D50H     0019H     UNIT         ?PR?WIFI_PROTOCOL_INIT?MCU_API
            CODE    2D69H     0017H     UNIT         ?PR?ADC_INIT?HC_MCU_XBR
            CODE    2D80H     0017H     UNIT         ?PR?_MCU_SET_WIFI_MODE?MCU_API
            CODE    2D97H     0017H     UNIT         ?PR?_DP_DOWNLOAD_SWITCH_LED_HANDLE?PROTOCOL
            CODE    2DAEH     0012H     UNIT         ?PR?_DELAY_US?HC_MCU_XBR
            CODE    2DC0H     0012H     UNIT         ?PR?_DELAY_US_1?HC_MCU_XBR
            CODE    2DD2H     000EH     UNIT         ?PR?MCU_RESET_WIFI?MCU_API
            CODE    2DE0H     000BH     UNIT         ?PR?_SEND_DATA?HC_MCU_XBR
            CODE    2DEBH     000AH     UNIT         ?PR?MCU_START_WIFITEST?MCU_API
            CODE    2DF5H     000AH     UNIT         ?PR?GET_MCU_WIFI_MODE?SYSTEM
            CODE    2DFFH     0009H     UNIT         ?PR?_MCU_GET_DP_DOWNLOAD_BOOL?MCU_API
            CODE    2E08H     0009H     UNIT         ?PR?_MCU_GET_DP_DOWNLOAD_ENUM?MCU_API
            CODE    2E11H     0008H     UNIT         ?PR?_MCU_GET_DP_DOWNLOAD_VALUE?MCU_API
            CODE    2E19H     0006H     UNIT         ?PR?MCU_GET_RESET_WIFI_FLAG?MCU_API
            CODE    2E1FH     0006H     UNIT         ?PR?MCU_GET_WIFIMODE_FLAG?MCU_API
            CODE    2E25H     0006H     UNIT         ?PR?MCU_GET_WIFI_WORK_STATE?MCU_API
            CODE    2E2BH     0003H     UNIT         ?PR?_UART_TRANSMIT_OUTPUT?PROTOCOL
            CODE    2E2EH     0003H     UNIT         ?PR?GET_DOWNLOAD_CMD_TOTAL?PROTOCOL



OVERLAY MAP OF MODULE:   .\Objects\HC-MCU-XBR (?C_STARTUP)


SEGMENT                                             BIT_GROUP          DATA_GROUP 
  +--> CALLED SEGMENT                            START    LENGTH     START    LENGTH
------------------------------------------------------------------------------------
?C_C51STARTUP                                    -----    -----      -----    -----
  +--> ?PR?MAIN?HC_MCU_XBR
  +--> ?C_INITSEG

?PR?MAIN?HC_MCU_XBR                              -----    -----      -----    -----
  +--> ?PR?WIFI_PROTOCOL_INIT?MCU_API
  +--> ?PR?INITSYS?HC_MCU_XBR
  +--> ?PR?GPIO_INIT?HC_MCU_XBR
  +--> ?PR?_PWM3INIT?HC_MCU_XBR
  +--> ?PR?TIMER_INIT?HC_MCU_XBR
  +--> ?PR?UART1_INIT?HC_MCU_XBR
  +--> ?PR?ADC_INIT?HC_MCU_XBR
  +--> ?PR?_DELAY_MS?HC_MCU_XBR
  +--> ?PR?_READ_AD?HC_MCU_XBR
  +--> ?PR?SET_VAR?HC_MCU_XBR
  +--> ?PR?_FLASH_ERASEBLOCK?HC_MCU_XBR
  +--> ?PR?_DELAY_US_1?HC_MCU_XBR
  +--> ?PR?_FLASH_WRITEDATA?HC_MCU_XBR
  +--> ?PR?WAIT1?HC_MCU_XBR
  +--> ?PR?WAIT2?HC_MCU_XBR
BL51 BANKED LINKER/LOCATER V6.22                                                      10/21/2020  10:49:10  PAGE 6


  +--> ?PR?RESET_BT_MODULE?PROTOCOL
  +--> ?PR?_SEND_DATA?HC_MCU_XBR
  +--> ?PR?WIFI_UART_SERVICE?MCU_API
  +--> ?PR?XBRHANDLE?HC_MCU_XBR

?PR?ADC_INIT?HC_MCU_XBR                          -----    -----      -----    -----
  +--> ?PR?_DELAY_US?HC_MCU_XBR

?PR?_READ_AD?HC_MCU_XBR                          -----    -----      -----    -----
  +--> ?PR?_DELAY_US?HC_MCU_XBR

?PR?SET_VAR?HC_MCU_XBR                           -----    -----      -----    -----
  +--> ?PR?_FLASH_READARR?HC_MCU_XBR

?PR?_FLASH_READARR?HC_MCU_XBR                    -----    -----      0022H    0005H

?PR?WAIT1?HC_MCU_XBR                             -----    -----      0022H    0002H
  +--> ?PR?_DELAY_MS?HC_MCU_XBR

?PR?WAIT2?HC_MCU_XBR                             -----    -----      0022H    0005H

?PR?RESET_BT_MODULE?PROTOCOL                     -----    -----      -----    -----
  +--> ?PR?_SEND_DATA?HC_MCU_XBR

?PR?WIFI_UART_SERVICE?MCU_API                    -----    -----      0022H    0004H
  +--> ?PR?WITH_DATA_RXBUFF?SYSTEM
  +--> ?PR?TAKE_BYTE_RXBUFF?SYSTEM
  +--> ?PR?_GET_CHECK_SUM?SYSTEM
  +--> ?CO?MCU_API
  +--> ?PR?PRINTF?PRINTF
  +--> ?PR?_DATA_HANDLE?SYSTEM
  +--> ?PR?_MY_MEMCPY?MCU_API

?PR?_GET_CHECK_SUM?SYSTEM                        -----    -----      0048H    0005H

?PR?PRINTF?PRINTF                                0020H.0  0001H.1    0026H    001CH
  +--> ?PR?PUTCHAR?PUTCHAR

?PR?_DATA_HANDLE?SYSTEM                          -----    -----      0026H    0009H
  +--> ?PR?HEAT_BEAT_CHECK?SYSTEM
  +--> ?PR?PRODUCT_INFO_UPDATE?SYSTEM
  +--> ?PR?GET_MCU_WIFI_MODE?SYSTEM
  +--> ?PR?_WIFI_UART_WRITE_FRAME?SYSTEM
  +--> ?PR?_DATA_POINT_HANDLE?SYSTEM
  +--> ?PR?ALL_DATA_UPDATE?PROTOCOL
  +--> ?PR?_WIFI_TEST_RESULT?PROTOCOL

?PR?HEAT_BEAT_CHECK?SYSTEM                       -----    -----      -----    -----
  +--> ?PR?_SET_WIFI_UART_BYTE?SYSTEM
  +--> ?PR?_WIFI_UART_WRITE_FRAME?SYSTEM

?PR?_WIFI_UART_WRITE_FRAME?SYSTEM                -----    -----      0046H    0002H
  +--> ?PR?_GET_CHECK_SUM?SYSTEM
  +--> ?PR?_WIFI_UART_WRITE_DATA?SYSTEM

?PR?_WIFI_UART_WRITE_DATA?SYSTEM                 -----    -----      0048H    0005H
  +--> ?PR?_UART_TRANSMIT_OUTPUT?PROTOCOL
BL51 BANKED LINKER/LOCATER V6.22                                                      10/21/2020  10:49:10  PAGE 7



?PR?_UART_TRANSMIT_OUTPUT?PROTOCOL               -----    -----      -----    -----
  +--> ?PR?_SEND_DATA?HC_MCU_XBR

?PR?PRODUCT_INFO_UPDATE?SYSTEM                   -----    -----      002FH    000BH
  +--> ?CO?SYSTEM
  +--> ?PR?_MY_STRLEN?MCU_API
  +--> ?PR?_SET_WIFI_UART_BUFFER?SYSTEM
  +--> ?PR?_WIFI_UART_WRITE_FRAME?SYSTEM

?PR?_MY_STRLEN?MCU_API                           -----    -----      003AH    0007H

?PR?_SET_WIFI_UART_BUFFER?SYSTEM                 -----    -----      003AH    0007H
  +--> ?PR?_MY_MEMCPY?MCU_API

?PR?_MY_MEMCPY?MCU_API                           -----    -----      0041H    0010H

?PR?GET_MCU_WIFI_MODE?SYSTEM                     -----    -----      -----    -----
  +--> ?PR?_WIFI_UART_WRITE_FRAME?SYSTEM

?PR?_DATA_POINT_HANDLE?SYSTEM                    -----    -----      002FH    0007H
  +--> ?PR?_GET_DOWMLOAD_DPID_INDEX?SYSTEM
  +--> ?PR?_DP_DOWNLOAD_HANDLE?PROTOCOL

?PR?_GET_DOWMLOAD_DPID_INDEX?SYSTEM              -----    -----      0036H    0001H
  +--> ?PR?GET_DOWNLOAD_CMD_TOTAL?PROTOCOL

?PR?_DP_DOWNLOAD_HANDLE?PROTOCOL                 -----    -----      0036H    0007H
  +--> ?PR?_DP_DOWNLOAD_SWITCH_LED_HANDLE?PR...
  +--> ?PR?RESET_BT_MODULE?PROTOCOL
  +--> ?PR?_DP_DOWNLOAD_BRIGHT_VALUE_HANDLE?...
  +--> ?PR?_DP_DOWNLOAD_CDS_HANDLE?PROTOCOL
  +--> ?PR?_DP_DOWNLOAD_PIR_DELAY_HANDLE?PRO...
  +--> ?PR?_DP_DOWNLOAD_SWITCH_XBR_HANDLE?PR...
  +--> ?PR?_DP_DOWNLOAD_STANDBY_TIME_HANDLE?...
  +--> ?PR?_DP_DOWNLOAD_SENSE_STRESS_HANDLE?...
  +--> ?PR?_DP_DOWNLOAD_SWITCH_LED2_HANDLE?P...
  +--> ?PR?_DP_DOWNLOAD_SWITCH_LINKAGE_HANDL...

?PR?_DP_DOWNLOAD_SWITCH_LED_HANDLE?PR...         -----    -----      -----    -----
  +--> ?PR?_MCU_GET_DP_DOWNLOAD_BOOL?MCU_API
  +--> ?PR?_MCU_DP_BOOL_UPDATE?MCU_API

?PR?_MCU_GET_DP_DOWNLOAD_BOOL?MCU_API            -----    -----      003DH    0002H

?PR?_MCU_DP_BOOL_UPDATE?MCU_API                  -----    -----      003DH    0001H
  +--> ?PR?_SET_WIFI_UART_BYTE?SYSTEM
  +--> ?PR?_WIFI_UART_WRITE_FRAME?SYSTEM

?PR?_DP_DOWNLOAD_BRIGHT_VALUE_HANDLE?...         -----    -----      003DH    0004H
  +--> ?PR?_MCU_GET_DP_DOWNLOAD_VALUE?MCU_API
  +--> ?PR?_MCU_DP_VALUE_UPDATE?MCU_API

?PR?_MCU_GET_DP_DOWNLOAD_VALUE?MCU_API           -----    -----      0041H    0002H
  +--> ?PR?_BYTE_TO_INT?MCU_API

?PR?_BYTE_TO_INT?MCU_API                         -----    -----      0043H    0004H
BL51 BANKED LINKER/LOCATER V6.22                                                      10/21/2020  10:49:10  PAGE 8



?PR?_MCU_DP_VALUE_UPDATE?MCU_API                 -----    -----      0041H    0005H
  +--> ?PR?_SET_WIFI_UART_BYTE?SYSTEM
  +--> ?PR?_WIFI_UART_WRITE_FRAME?SYSTEM

?PR?_DP_DOWNLOAD_CDS_HANDLE?PROTOCOL             -----    -----      -----    -----
  +--> ?PR?_MCU_GET_DP_DOWNLOAD_ENUM?MCU_API
  +--> ?PR?_MCU_DP_ENUM_UPDATE?MCU_API

?PR?_MCU_GET_DP_DOWNLOAD_ENUM?MCU_API            -----    -----      003DH    0002H

?PR?_MCU_DP_ENUM_UPDATE?MCU_API                  -----    -----      003DH    0001H
  +--> ?PR?_SET_WIFI_UART_BYTE?SYSTEM
  +--> ?PR?_WIFI_UART_WRITE_FRAME?SYSTEM

?PR?_DP_DOWNLOAD_PIR_DELAY_HANDLE?PRO...         -----    -----      003DH    0004H
  +--> ?PR?_MCU_GET_DP_DOWNLOAD_VALUE?MCU_API
  +--> ?PR?_MCU_DP_VALUE_UPDATE?MCU_API

?PR?_DP_DOWNLOAD_SWITCH_XBR_HANDLE?PR...         -----    -----      -----    -----
  +--> ?PR?_MCU_GET_DP_DOWNLOAD_BOOL?MCU_API
  +--> ?PR?_MCU_DP_BOOL_UPDATE?MCU_API

?PR?_DP_DOWNLOAD_STANDBY_TIME_HANDLE?...         -----    -----      003DH    0004H
  +--> ?PR?_MCU_GET_DP_DOWNLOAD_VALUE?MCU_API
  +--> ?PR?_MCU_DP_VALUE_UPDATE?MCU_API

?PR?_DP_DOWNLOAD_SENSE_STRESS_HANDLE?...         -----    -----      003DH    0004H
  +--> ?PR?_MCU_GET_DP_DOWNLOAD_VALUE?MCU_API
  +--> ?PR?_MCU_DP_VALUE_UPDATE?MCU_API

?PR?_DP_DOWNLOAD_SWITCH_LED2_HANDLE?P...         -----    -----      -----    -----
  +--> ?PR?_MCU_GET_DP_DOWNLOAD_BOOL?MCU_API
  +--> ?PR?_MCU_DP_BOOL_UPDATE?MCU_API

?PR?_DP_DOWNLOAD_SWITCH_LINKAGE_HANDL...         -----    -----      -----    -----
  +--> ?PR?_MCU_GET_DP_DOWNLOAD_BOOL?MCU_API
  +--> ?PR?_MCU_DP_BOOL_UPDATE?MCU_API

?PR?ALL_DATA_UPDATE?PROTOCOL                     -----    -----      002FH    0001H
  +--> ?PR?_MCU_DP_BOOL_UPDATE?MCU_API
  +--> ?PR?_MCU_DP_VALUE_UPDATE?MCU_API
  +--> ?PR?_MCU_DP_ENUM_UPDATE?MCU_API

?PR?_WIFI_TEST_RESULT?PROTOCOL                   -----    -----      002FH    0002H

?PR?XBRHANDLE?HC_MCU_XBR                         -----    -----      0022H    0002H
  +--> ?PR?_PWM3INIT?HC_MCU_XBR
  +--> ?PR?_READ_AD?HC_MCU_XBR
  +--> ?PR?_SEND_DATA?HC_MCU_XBR
  +--> ?PR?_DELAY_MS?HC_MCU_XBR

*** NEW ROOT ***************************************************

?PR?UART1_RPT?HC_MCU_XBR                         -----    -----      -----    -----
  +--> ?PR?_UART_RECEIVE_INPUT?MCU_API

BL51 BANKED LINKER/LOCATER V6.22                                                      10/21/2020  10:49:10  PAGE 9


?PR?_UART_RECEIVE_INPUT?MCU_API                  -----    -----      0051H    0001H



UNRESOLVED EXTERNAL SYMBOLS:
   RESET_BT_BN
   SAVEVAR



SYMBOL TABLE OF MODULE:  .\Objects\HC-MCU-XBR (?C_STARTUP)

  VALUE           TYPE          NAME
  ----------------------------------

  -------         MODULE        ?C_STARTUP
  C:2150H         SEGMENT       ?C_C51STARTUP
  I:0098H         SEGMENT       ?STACK
  C:0000H         PUBLIC        ?C_STARTUP
  D:00E0H         SYMBOL        ACC
  D:00F0H         SYMBOL        B
  D:0083H         SYMBOL        DPH
  D:0082H         SYMBOL        DPL
  N:0000H         SYMBOL        IBPSTACK
  N:0100H         SYMBOL        IBPSTACKTOP
  N:0080H         SYMBOL        IDATALEN
  C:2153H         SYMBOL        IDATALOOP
  N:0000H         SYMBOL        PBPSTACK
  N:0100H         SYMBOL        PBPSTACKTOP
  N:0000H         SYMBOL        PDATALEN
  N:0000H         SYMBOL        PDATASTART
  N:0000H         SYMBOL        PPAGE
  N:0000H         SYMBOL        PPAGEENABLE
  D:00A0H         SYMBOL        PPAGE_SFR
  D:0081H         SYMBOL        SP
  C:2150H         SYMBOL        STARTUP1
  N:0000H         SYMBOL        XBPSTACK
  N:0000H         SYMBOL        XBPSTACKTOP
  N:0000H         SYMBOL        XDATALEN
  N:0000H         SYMBOL        XDATASTART
  C:0000H         LINE#         126
  C:2150H         LINE#         133
  C:2152H         LINE#         134
  C:2153H         LINE#         135
  C:2154H         LINE#         136
  C:2156H         LINE#         185
  C:2159H         LINE#         196
  -------         ENDMOD        ?C_STARTUP

  -------         MODULE        HC_MCU_XBR
  C:0000H         SYMBOL        _ICE_DUMMY_
  X:FF08H         PUBLIC        P1M0
  X:FF01H         PUBLIC        P0M1
  I:007FH         PUBLIC        Light_on_flagpre
  X:FF10H         PUBLIC        P2M0
  X:FF02H         PUBLIC        P0M2
  D:0080H         PUBLIC        P0
BL51 BANKED LINKER/LOCATER V6.22                                                      10/21/2020  10:49:10  PAGE 10


  X:FF11H         PUBLIC        P2M1
  X:FF03H         PUBLIC        P0M3
  D:0090H         PUBLIC        P1
  X:FF12H         PUBLIC        P2M2
  D:00A0H         PUBLIC        P2
  X:0071H         PUBLIC        check_light_times
  X:FF13H         PUBLIC        P2M3
  X:0072H         PUBLIC        lowlight1minflag
  B:00A8H.7       PUBLIC        EA
  C:282CH         PUBLIC        UART1_Rpt
  C:001AH         PUBLIC        UART2_Rpt
  X:FE94H         PUBLIC        XTALCFG
  X:0073H         PUBLIC        SUM1_counter
  D:00A8H         PUBLIC        IE
  I:0080H         PUBLIC        check_group_flag
  B:0080H.0       PUBLIC        P0_0
  D:00FCH         PUBLIC        IAP_CMD
  X:0074H         PUBLIC        guc_Read_a1
  D:00F8H         PUBLIC        RSTFR
  B:0080H.4       PUBLIC        P0_4
  X:0075H         PUBLIC        lowlight1mincount
  X:0077H         PUBLIC        alarm_times
  X:FF91H         PUBLIC        PWM01_MAP
  C:0003H         PUBLIC        InitSYS
  X:0078H         PUBLIC        LIGHT_off
  X:FF95H         PUBLIC        PWM11_MAP
  X:FF99H         PUBLIC        PWM21_MAP
  X:FE89H         PUBLIC        S2CON2
  D:00B6H         PUBLIC        ADCR
  X:007AH         PUBLIC        TH
  X:FEA2H         PUBLIC        CRCC
  X:FE85H         PUBLIC        T5CON1
  X:007EH         PUBLIC        addr
  I:0081H         PUBLIC        check_group_count
  X:FFA5H         PUBLIC        SCK_MAP
  X:007FH         PUBLIC        SWITCHflag2
  X:0080H         PUBLIC        times
  X:0082H         PUBLIC        SUM0
  C:1443H         PUBLIC        main
  C:2D34H         PUBLIC        GPIO_Init
  X:0086H         PUBLIC        SUM1
  X:FEA4H         PUBLIC        BORC
  C:2DE0H         PUBLIC        _send_data
  X:008AH         PUBLIC        SWITCHfXBR
  D:00BBH         PUBLIC        LVDC
  X:FFA1H         PUBLIC        RXD_MAP
  X:FEA5H         PUBLIC        BORDBC
  X:FFA0H         PUBLIC        TXD_MAP
  X:FEA7H         PUBLIC        LVDDBC
  D:0099H         PUBLIC        SBUF
  X:FEB8H         PUBLIC        PINTE0
  C:2BD1H         PUBLIC        _Delay_ms
  C:2C6DH         PUBLIC        _Flash_EraseBlock
  X:008BH         PUBLIC        lowlightDELAY_NUM
  X:008CH         PUBLIC        MAX_DELTA
  X:FEB9H         PUBLIC        PINTE1
  D:00BDH         PUBLIC        WDTC
BL51 BANKED LINKER/LOCATER V6.22                                                      10/21/2020  10:49:10  PAGE 11


  D:0098H         PUBLIC        SCON
  D:0089H         PUBLIC        TMOD
  D:0088H         PUBLIC        TCON
  I:0082H         PUBLIC        Light_on_flag
  X:0090H         PUBLIC        start_times
  X:0092H         PUBLIC        check_sum
  X:FE95H         PUBLIC        SPOV_RSTEN
  C:2DAEH         PUBLIC        _Delay_us
  I:0083H         PUBLIC        Linkage_flag
  X:0093H         PUBLIC        lightvalue
  D:00B4H         PUBLIC        ADCC0
  C:08FFH         PUBLIC        XBRHandle
  D:00B5H         PUBLIC        ADCC1
  X:FE9BH         PUBLIC        ADCC2
  C:2D69H         PUBLIC        ADC_Init
  X:FE91H         PUBLIC        CLKDIV
  D:00B8H         PUBLIC        IE1
  X:0094H         PUBLIC        light_ad
  X:0095H         PUBLIC        DELAY_NUM
  X:0097H         PUBLIC        send_byte
  X:FF80H         PUBLIC        T0_MAP
  C:28BAH         PUBLIC        _read_ad
  X:FF81H         PUBLIC        T1_MAP
  X:FEAAH         PUBLIC        RSTDBC
  X:0098H         PUBLIC        resetbtcnt
  X:FF83H         PUBLIC        T3_MAP
  X:FF84H         PUBLIC        T4_MAP
  X:FF85H         PUBLIC        T5_MAP
  D:001AH         PUBLIC        Timer_Counter
  X:FEA0H         PUBLIC        WDTCCR
  D:001EH         PUBLIC        while_1flag
  D:001FH         PUBLIC        while_2flag
  C:2011H         PUBLIC        TIMER1_Rpt
  C:2DC0H         PUBLIC        _Delay_us_1
  D:008CH         PUBLIC        TH0
  D:008DH         PUBLIC        TH1
  I:0084H         PUBLIC        groupaddr
  X:0099H         PUBLIC        stop_times
  X:009AH         PUBLIC        XRBoffbrightvalue
  D:00CEH         PUBLIC        TH4
  D:008AH         PUBLIC        TL0
  D:008BH         PUBLIC        TL1
  X:FE93H         PUBLIC        CLKOUT
  D:00CDH         PUBLIC        TL4
  X:009BH         PUBLIC        addrend
  D:00FBH         PUBLIC        IAP_DATA
  X:009CH         PUBLIC        SUM10
  X:00A0H         PUBLIC        SUM01
  D:00F9H         PUBLIC        IAP_ADDR
  X:00A4H         PUBLIC        SUM0_num
  D:008EH         PUBLIC        CLKSWR
  X:00A5H         PUBLIC        SUM1_num
  C:2BF9H         PUBLIC        _FLASH_WriteData
  X:00A6H         PUBLIC        slowchcnt
  X:00A7H         PUBLIC        calc_average_times
  I:0094H         PUBLIC        light1sflag
  X:00A8H         PUBLIC        switchcnt
BL51 BANKED LINKER/LOCATER V6.22                                                      10/21/2020  10:49:10  PAGE 12


  X:00A9H         PUBLIC        SUM16
  C:2B4CH         PUBLIC        _PWM3init
  X:00ADH         PUBLIC        average
  X:00AFH         PUBLIC        guc_Read_a
  X:FFA9H         PUBLIC        RXD2_MAP
  X:00B9H         PUBLIC        ALL_SUM1
  X:FFA8H         PUBLIC        TXD2_MAP
  X:FE98H         PUBLIC        ADCWC
  X:FE8AH         PUBLIC        S2BUF
  X:FF90H         PUBLIC        PWM0_MAP
  C:2B1BH         PUBLIC        UART1_Init
  X:FFA4H         PUBLIC        SS_MAP
  X:FF94H         PUBLIC        PWM1_MAP
  X:FF98H         PUBLIC        PWM2_MAP
  X:FE88H         PUBLIC        S2CON
  X:FE80H         PUBLIC        TCON1
  D:009EH         PUBLIC        SCON2
  X:FF9CH         PUBLIC        PWM3_MAP
  C:2344H         PUBLIC        wait1
  C:23AEH         PUBLIC        wait2
  X:FF8FH         PUBLIC        CLKO_MAP
  X:FEBCH         PUBLIC        INT01_PINS
  D:00CCH         PUBLIC        T4CON
  X:FE92H         PUBLIC        FREQ_CLK
  D:00DDH         PUBLIC        PWM3C
  D:00DFH         PUBLIC        PWM3D
  I:0096H         PUBLIC        light1scount
  X:00BDH         PUBLIC        devgroup
  X:00BEH         PUBLIC        SWITCHflag
  X:00BFH         PUBLIC        light_ad0
  X:FEB0H         PUBLIC        PITS0
  X:FF05H         PUBLIC        P0LPU
  X:FEB1H         PUBLIC        PITS1
  X:FEB2H         PUBLIC        PITS2
  X:FEB3H         PUBLIC        PITS3
  X:00C0H         PUBLIC        SUM
  C:2AE9H         PUBLIC        _Flash_ReadArr
  X:00C4H         PUBLIC        LIGHT_TH
  C:17EEH         PUBLIC        set_var
  X:FFA7H         PUBLIC        MISO_MAP
  X:FFA6H         PUBLIC        MOSI_MAP
  D:00DEH         PUBLIC        PWM3P
  X:00C5H         PUBLIC        LIGHT
  C:2CF8H         PUBLIC        Timer_Init
  X:FF40H         PUBLIC        P00DBC
  D:00D0H         PUBLIC        PSW
  X:FF41H         PUBLIC        P01DBC
  X:00C7H         PUBLIC        RXnum
  X:FF42H         PUBLIC        P02DBC
  X:FF00H         PUBLIC        P0M0
  -------         PROC          _FLASH_READARR
  D:0022H         SYMBOL        fui_Address
  D:0005H         SYMBOL        fuc_Length
  D:0024H         SYMBOL        fucp_SaveArr
  C:2AE9H         LINE#         135
  C:2AF3H         LINE#         136
  C:2AF3H         LINE#         137
BL51 BANKED LINKER/LOCATER V6.22                                                      10/21/2020  10:49:10  PAGE 13


  C:2AF9H         LINE#         138
  C:2B1AH         LINE#         139
  -------         ENDPROC       _FLASH_READARR
  -------         PROC          _DELAY_US
  D:0006H         SYMBOL        q
  -------         DO            
  D:0004H         SYMBOL        j
  -------         ENDDO         
  C:2DAEH         LINE#         141
  C:2DAEH         LINE#         142
  C:2DAEH         LINE#         144
  C:2DB8H         LINE#         145
  C:2DB8H         LINE#         147
  C:2DBFH         LINE#         148
  -------         ENDPROC       _DELAY_US
  -------         PROC          _DELAY_MS
  D:0082H         SYMBOL        t
  C:2BD1H         LINE#         150
  C:2BD5H         LINE#         151
  C:2BD5H         LINE#         152
  C:2BDEH         LINE#         153
  C:2BF3H         LINE#         154
  C:2BF3H         LINE#         155
  C:2BF6H         LINE#         156
  C:2BF8H         LINE#         157
  -------         ENDPROC       _DELAY_MS
  -------         PROC          _DELAY_US_1
  D:0006H         SYMBOL        q1
  -------         DO            
  D:0004H         SYMBOL        j
  -------         ENDDO         
  C:2DC0H         LINE#         159
  C:2DC0H         LINE#         160
  C:2DC0H         LINE#         162
  C:2DCAH         LINE#         163
  C:2DCAH         LINE#         165
  C:2DD1H         LINE#         166
  -------         ENDPROC       _DELAY_US_1
  -------         PROC          INITSYS
  C:0003H         LINE#         183
  C:0003H         LINE#         184
  C:0003H         LINE#         187
  C:0006H         LINE#         188
  C:000CH         LINE#         189
  C:0010H         LINE#         197
  C:0013H         LINE#         198
  C:0019H         LINE#         200
  -------         ENDPROC       INITSYS
  -------         PROC          TIMER_INIT
  C:2CF8H         LINE#         208
  C:2CF8H         LINE#         209
  C:2CF8H         LINE#         211
  C:2CFDH         LINE#         212
  C:2D00H         LINE#         224
  C:2D03H         LINE#         225
  C:2D06H         LINE#         226
  C:2D09H         LINE#         227
BL51 BANKED LINKER/LOCATER V6.22                                                      10/21/2020  10:49:10  PAGE 14


  C:2D0CH         LINE#         229
  C:2D0FH         LINE#         230
  C:2D12H         LINE#         232
  C:2D15H         LINE#         233
  -------         ENDPROC       TIMER_INIT
  -------         PROC          UART1_INIT
  C:2B1BH         LINE#         241
  C:2B1BH         LINE#         242
  C:2B1BH         LINE#         244
  C:2B24H         LINE#         245
  C:2B2DH         LINE#         246
  C:2B2FH         LINE#         247
  C:2B35H         LINE#         248
  C:2B39H         LINE#         249
  C:2B3CH         LINE#         265
  C:2B3FH         LINE#         266
  C:2B42H         LINE#         267
  C:2B45H         LINE#         268
  C:2B48H         LINE#         269
  C:2B4BH         LINE#         271
  -------         ENDPROC       UART1_INIT
  -------         PROC          ADC_INIT
  C:2D69H         LINE#         279
  C:2D69H         LINE#         280
  C:2D69H         LINE#         282
  C:2D6CH         LINE#         283
  C:2D6FH         LINE#         284
  C:2D76H         LINE#         285
  C:2D79H         LINE#         286
  C:2D7FH         LINE#         287
  -------         ENDPROC       ADC_INIT
  -------         PROC          GPIO_INIT
  C:2D34H         LINE#         295
  C:2D34H         LINE#         296
  C:2D34H         LINE#         336
  C:2D3DH         LINE#         338
  C:2D46H         LINE#         340
  C:2D4FH         LINE#         352
  -------         ENDPROC       GPIO_INIT
  -------         PROC          _SEND_DATA
  D:0007H         SYMBOL        d
  C:2DE0H         LINE#         507
  C:2DE0H         LINE#         508
  C:2DE0H         LINE#         509
  C:2DE2H         LINE#         510
  C:2DE7H         LINE#         512
  C:2DEAH         LINE#         513
  -------         ENDPROC       _SEND_DATA
  -------         PROC          _READ_AD
  D:0007H         SYMBOL        ch
  -------         DO            
  D:0001H         SYMBOL        i
  D:0002H         SYMBOL        ad_sum
  -------         ENDDO         
  C:28BAH         LINE#         516
  C:28BAH         LINE#         517
  C:28BAH         LINE#         543
BL51 BANKED LINKER/LOCATER V6.22                                                      10/21/2020  10:49:10  PAGE 15


  C:28BCH         LINE#         544
  C:28BFH         LINE#         545
  C:28C4H         LINE#         547
  C:28C7H         LINE#         554
  C:28CEH         LINE#         556
  C:28D1H         LINE#         559
  C:28D2H         LINE#         560
  C:28D2H         LINE#         572
  C:28D5H         LINE#         573
  C:28DAH         LINE#         575
  C:28DDH         LINE#         576
  C:28E5H         LINE#         578
  C:28ECH         LINE#         579
  C:28F0H         LINE#         582
  C:28F3H         LINE#         583
  C:28F5H         LINE#         585
  C:28FCH         LINE#         586
  C:28FEH         LINE#         587
  -------         ENDPROC       _READ_AD
  -------         PROC          SET_VAR
  C:17EEH         LINE#         589
  C:17EEH         LINE#         590
  C:17EEH         LINE#         592
  C:17FDH         LINE#         594
  C:180CH         LINE#         595
  C:181DH         LINE#         596
  C:1835H         LINE#         597
  C:184BH         LINE#         598
  C:1872H         LINE#         599
  C:187CH         LINE#         601
  C:1884H         LINE#         603
  C:1886H         LINE#         604
  C:1888H         LINE#         605
  C:188FH         LINE#         606
  C:1892H         LINE#         608
  C:189FH         LINE#         609
  C:18A8H         LINE#         610
  C:18B6H         LINE#         611
  C:18CAH         LINE#         612
  C:18D3H         LINE#         615
  C:18DBH         LINE#         617
  C:18DFH         LINE#         619
  C:18E7H         LINE#         620
  C:18EFH         LINE#         621
  C:18F5H         LINE#         623
  C:18FFH         LINE#         630
  C:190EH         LINE#         631
  C:1916H         LINE#         632
  -------         ENDPROC       SET_VAR
  -------         PROC          XBRHANDLE
  -------         DO            
  D:0022H         SYMBOL        k
  -------         ENDDO         
  C:08FFH         LINE#         634
  C:08FFH         LINE#         635
  C:08FFH         LINE#         638
  C:0906H         LINE#         639
BL51 BANKED LINKER/LOCATER V6.22                                                      10/21/2020  10:49:10  PAGE 16


  C:0906H         LINE#         651
  C:0909H         LINE#         652
  C:090EH         LINE#         654
  C:0911H         LINE#         655
  C:0917H         LINE#         657
  C:0921H         LINE#         659
  C:0937H         LINE#         662
  C:0947H         LINE#         663
  C:0947H         LINE#         664
  C:0952H         LINE#         665
  C:0954H         LINE#         667
  C:0954H         LINE#         668
  C:095FH         LINE#         669
  C:095FH         LINE#         670
  C:0975H         LINE#         672
  C:0981H         LINE#         673
  C:0981H         LINE#         674
  C:0990H         LINE#         675
  C:0990H         LINE#         679
  C:0998H         LINE#         680
  C:0998H         LINE#         681
  C:099CH         LINE#         682
  C:09A2H         LINE#         683
  C:09A2H         LINE#         684
  C:09A5H         LINE#         685
  C:09A5H         LINE#         686
  C:09A5H         LINE#         687
  C:09A5H         LINE#         688
  C:09A7H         LINE#         689
  C:09B3H         LINE#         690
  C:09B3H         LINE#         691
  C:09C1H         LINE#         692
  C:09C1H         LINE#         693
  C:09C6H         LINE#         694
  C:09CAH         LINE#         695
  C:09D2H         LINE#         696
  C:09DAH         LINE#         697
  C:09DAH         LINE#         698
  C:09E2H         LINE#         699
  C:09E2H         LINE#         700
  C:09E2H         LINE#         702
  C:09EEH         LINE#         703
  C:09EEH         LINE#         705
  C:09F1H         LINE#         707
  C:09F5H         LINE#         709
  C:09FBH         LINE#         711
  C:0A10H         LINE#         713
  C:0A19H         LINE#         714
  C:0A19H         LINE#         715
  C:0A1BH         LINE#         717
  C:0A2CH         LINE#         719
  C:0A3BH         LINE#         720
  C:0A46H         LINE#         721
  C:0A50H         LINE#         722
  C:0A50H         LINE#         724
  C:0A59H         LINE#         725
  C:0A59H         LINE#         726
BL51 BANKED LINKER/LOCATER V6.22                                                      10/21/2020  10:49:10  PAGE 17


  C:0A5CH         LINE#         727
  C:0A5EH         LINE#         729
  C:0A5EH         LINE#         730
  C:0A68H         LINE#         731
  C:0A68H         LINE#         733
  C:0A72H         LINE#         735
  C:0A9FH         LINE#         736
  C:0AA7H         LINE#         738
  C:0AAFH         LINE#         740
  C:0AB4H         LINE#         741
  C:0AB4H         LINE#         742
  C:0AB4H         LINE#         744
  C:0AC5H         LINE#         745
  C:0AC5H         LINE#         746
  C:0ADFH         LINE#         747
  C:0AFCH         LINE#         748
  C:0B06H         LINE#         749
  C:0B06H         LINE#         751
  C:0B0CH         LINE#         752
  C:0B0CH         LINE#         753
  C:0B18H         LINE#         754
  C:0B22H         LINE#         756
  C:0B22H         LINE#         758
  C:0B5EH         LINE#         759
  C:0B5EH         LINE#         760
  C:0B64H         LINE#         761
  C:0B79H         LINE#         762
  C:0B92H         LINE#         763
  C:0BA3H         LINE#         764
  C:0BB6H         LINE#         765
  C:0BC0H         LINE#         766
  C:0BD3H         LINE#         767
  C:0BDDH         LINE#         769
  C:0BEFH         LINE#         770
  C:0BEFH         LINE#         771
  C:0C04H         LINE#         772
  C:0C18H         LINE#         773
  C:0C20H         LINE#         774
  C:0C36H         LINE#         775
  C:0C3BH         LINE#         780
  C:0C3BH         LINE#         781
  C:0C41H         LINE#         782
  C:0C41H         LINE#         784
  C:0C60H         LINE#         785
  C:0C60H         LINE#         786
  C:0C6BH         LINE#         787
  C:0C6BH         LINE#         788
  C:0C74H         LINE#         789
  C:0C7CH         LINE#         790
  C:0C9CH         LINE#         791
  C:0C9CH         LINE#         792
  C:0CB1H         LINE#         793
  C:0CC6H         LINE#         794
  C:0CC6H         LINE#         795
  C:0CC6H         LINE#         796
  C:0CC6H         LINE#         797
  C:0CC6H         LINE#         798
BL51 BANKED LINKER/LOCATER V6.22                                                      10/21/2020  10:49:10  PAGE 18


  C:0CC9H         LINE#         800
  C:0CD9H         LINE#         801
  C:0CD9H         LINE#         809
  C:0CFCH         LINE#         810
  C:0CFCH         LINE#         811
  C:0D11H         LINE#         813
  C:0D3CH         LINE#         815
  C:0D3CH         LINE#         816
  C:0D44H         LINE#         817
  C:0D44H         LINE#         818
  C:0D44H         LINE#         819
  C:0D44H         LINE#         820
  C:0D46H         LINE#         822
  C:0D46H         LINE#         823
  C:0D5AH         LINE#         824
  C:0D62H         LINE#         825
  C:0D79H         LINE#         826
  C:0D7EH         LINE#         828
  C:0D81H         LINE#         829
  C:0D8EH         LINE#         830
  C:0D8EH         LINE#         831
  C:0DA3H         LINE#         832
  C:0DB8H         LINE#         833
  C:0DB8H         LINE#         834
  C:0DB8H         LINE#         835
  C:0DB8H         LINE#         836
  C:0DB8H         LINE#         843
  C:0DC5H         LINE#         844
  C:0DC5H         LINE#         845
  C:0DC6H         LINE#         846
  C:0DC6H         LINE#         847
  C:0DC6H         LINE#         848
  C:0DC6H         LINE#         849
  C:0DC8H         LINE#         851
  C:0DC8H         LINE#         852
  C:0DCDH         LINE#         853
  C:0DD7H         LINE#         854
  C:0DD7H         LINE#         856
  C:0DE0H         LINE#         857
  C:0DE0H         LINE#         858
  C:0DE3H         LINE#         859
  C:0E29H         LINE#         860
  C:0E43H         LINE#         861
  C:0E46H         LINE#         863
  C:0E46H         LINE#         865
  C:0E55H         LINE#         866
  C:0E55H         LINE#         867
  C:0E5CH         LINE#         869
  C:0E6BH         LINE#         870
  C:0E6BH         LINE#         878
  C:0E7FH         LINE#         879
  C:0E7FH         LINE#         880
  C:0E89H         LINE#         881
  C:0E8BH         LINE#         883
  C:0E8BH         LINE#         884
  C:0EA0H         LINE#         885
  C:0EB4H         LINE#         886
BL51 BANKED LINKER/LOCATER V6.22                                                      10/21/2020  10:49:10  PAGE 19


  C:0EB4H         LINE#         887
  C:0ED0H         LINE#         888
  C:0ED0H         LINE#         890
  C:0ED0H         LINE#         891
  C:0ED0H         LINE#         893
  C:0ED0H         LINE#         899
  C:0ED0H         LINE#         900
  C:0ED0H         LINE#         902
  C:0EEBH         LINE#         903
  C:0EEBH         LINE#         908
  C:0F07H         LINE#         909
  C:0F07H         LINE#         917
  C:0F07H         LINE#         918
  C:0F11H         LINE#         919
  C:0F1DH         LINE#         920
  C:0F25H         LINE#         921
  C:0F28H         LINE#         939
  C:0F2DH         LINE#         941
  C:0F33H         LINE#         942
  C:0F3AH         LINE#         943
  C:0F3FH         LINE#         944
  C:0F44H         LINE#         946
  C:0F44H         LINE#         947
  C:0F44H         LINE#         948
  C:0F44H         LINE#         949
  C:0F44H         LINE#         960
  C:0F4EH         LINE#         961
  C:0F58H         LINE#         963
  C:0F68H         LINE#         964
  C:0F68H         LINE#         975
  C:0F77H         LINE#         976
  C:0F77H         LINE#         977
  C:0F7EH         LINE#         978
  C:0F81H         LINE#         979
  C:0F84H         LINE#         980
  C:0F87H         LINE#         983
  C:0F87H         LINE#         984
  C:0F87H         LINE#         985
  C:0F87H         LINE#         986
  C:0F88H         LINE#         988
  C:0F88H         LINE#         989
  C:0F90H         LINE#         990
  C:0F93H         LINE#         1000
  C:0F99H         LINE#         1001
  C:0F9DH         LINE#         1005
  C:0FA3H         LINE#         1011
  C:0FADH         LINE#         1012
  C:0FB2H         LINE#         1013
  C:0FB8H         LINE#         1015
  C:0FBEH         LINE#         1017
  C:0FC4H         LINE#         1019
  C:0FC9H         LINE#         1020
  C:0FD3H         LINE#         1024
  C:0FD3H         LINE#         1025
  -------         ENDPROC       XBRHANDLE
  -------         PROC          WAIT1
  -------         DO            
BL51 BANKED LINKER/LOCATER V6.22                                                      10/21/2020  10:49:10  PAGE 20


  D:0022H         SYMBOL        i
  D:0023H         SYMBOL        j
  -------         ENDDO         
  C:2344H         LINE#         1027
  C:2344H         LINE#         1028
  C:2344H         LINE#         1032
  C:2347H         LINE#         1033
  C:2347H         LINE#         1034
  C:2347H         LINE#         1035
  C:2351H         LINE#         1053
  C:2354H         LINE#         1054
  C:2354H         LINE#         1056
  C:2357H         LINE#         1057
  C:235CH         LINE#         1059
  C:235FH         LINE#         1062
  C:2375H         LINE#         1063
  C:237CH         LINE#         1082
  C:2383H         LINE#         1086
  C:2390H         LINE#         1087
  C:23A3H         LINE#         1088
  C:23A3H         LINE#         1090
  C:23A5H         LINE#         1092
  C:23ACH         LINE#         1093
  C:23ADH         LINE#         1095
  -------         ENDPROC       WAIT1
  -------         PROC          WAIT2
  -------         DO            
  D:0022H         SYMBOL        i
  D:0023H         SYMBOL        k
  D:0025H         SYMBOL        t
  -------         ENDDO         
  C:23AEH         LINE#         1096
  C:23AEH         LINE#         1097
  C:23AEH         LINE#         1102
  C:23B8H         LINE#         1104
  C:23BBH         LINE#         1105
  C:23BBH         LINE#         1106
  C:23C0H         LINE#         1107
  C:23C0H         LINE#         1118
  C:23C3H         LINE#         1119
  C:23C8H         LINE#         1121
  C:23CBH         LINE#         1122
  C:23D1H         LINE#         1124
  C:23E7H         LINE#         1125
  C:23F7H         LINE#         1126
  C:23FAH         LINE#         1127
  C:2401H         LINE#         1129
  C:2414H         LINE#         1135
  -------         ENDPROC       WAIT2
  -------         PROC          _PWM3INIT
  D:0007H         SYMBOL        ab
  -------         DO            
  D:0004H         SYMBOL        i11
  D:0007H         SYMBOL        j11
  -------         ENDDO         
  C:2B4CH         LINE#         1137
  C:2B4CH         LINE#         1138
BL51 BANKED LINKER/LOCATER V6.22                                                      10/21/2020  10:49:10  PAGE 21


  C:2B4CH         LINE#         1141
  C:2B67H         LINE#         1142
  C:2B6AH         LINE#         1156
  C:2B70H         LINE#         1165
  C:2B73H         LINE#         1172
  C:2B75H         LINE#         1173
  C:2B78H         LINE#         1175
  C:2B7AH         LINE#         1176
  -------         ENDPROC       _PWM3INIT
  -------         PROC          MAIN
  C:1443H         LINE#         1186
  C:1443H         LINE#         1187
  C:1443H         LINE#         1189
  C:1446H         LINE#         1190
  C:1449H         LINE#         1191
  C:144CH         LINE#         1194
  C:1451H         LINE#         1195
  C:1454H         LINE#         1196
  C:1457H         LINE#         1197
  C:145AH         LINE#         1199
  C:145DH         LINE#         1203
  C:1463H         LINE#         1204
  C:1466H         LINE#         1206
  C:1468H         LINE#         1208
  C:146FH         LINE#         1211
  C:1474H         LINE#         1212
  C:147AH         LINE#         1213
  C:1484H         LINE#         1214
  C:1488H         LINE#         1216
  C:148AH         LINE#         1217
  C:148DH         LINE#         1233
  C:1493H         LINE#         1235
  C:149AH         LINE#         1236
  C:14A1H         LINE#         1237
  C:14ADH         LINE#         1238
  C:14B4H         LINE#         1240
  C:14B6H         LINE#         1242
  C:14B9H         LINE#         1244
  C:14C2H         LINE#         1246
  C:14C5H         LINE#         1249
  C:14CCH         LINE#         1251
  C:14CFH         LINE#         1253
  C:14D9H         LINE#         1254
  C:14D9H         LINE#         1255
  C:14D9H         LINE#         1256
  C:14E2H         LINE#         1257
  C:14E2H         LINE#         1258
  C:14E4H         LINE#         1259
  C:14E7H         LINE#         1260
  C:14E7H         LINE#         1262
  C:14EFH         LINE#         1263
  C:14EFH         LINE#         1264
  C:14F5H         LINE#         1265
  C:14F5H         LINE#         1266
  C:14F6H         LINE#         1267
  C:14F8H         LINE#         1269
  C:14FDH         LINE#         1270
BL51 BANKED LINKER/LOCATER V6.22                                                      10/21/2020  10:49:10  PAGE 22


  C:1502H         LINE#         1271
  C:1507H         LINE#         1272
  C:150CH         LINE#         1273
  C:1511H         LINE#         1274
  C:1514H         LINE#         1275
  C:1519H         LINE#         1276
  C:1519H         LINE#         1277
  C:1519H         LINE#         1278
  C:151CH         LINE#         1280
  C:1520H         LINE#         1281
  C:1520H         LINE#         1282
  C:1528H         LINE#         1283
  C:152BH         LINE#         1284
  C:152BH         LINE#         1286
  C:1536H         LINE#         1287
  C:1536H         LINE#         1288
  C:153AH         LINE#         1289
  C:153AH         LINE#         1290
  C:153CH         LINE#         1292
  C:153FH         LINE#         1293
  C:1547H         LINE#         1295
  C:1551H         LINE#         1296
  C:1556H         LINE#         1297
  C:155CH         LINE#         1299
  C:1562H         LINE#         1301
  C:1568H         LINE#         1303
  C:156DH         LINE#         1304
  C:1577H         LINE#         1305
  C:1577H         LINE#         1307
  C:157AH         LINE#         1309
  C:1589H         LINE#         1310
  C:1589H         LINE#         1311
  C:1590H         LINE#         1312
  C:1590H         LINE#         1313
  C:1592H         LINE#         1314
  C:159BH         LINE#         1315
  C:15AEH         LINE#         1316
  C:15AEH         LINE#         1317
  C:15B2H         LINE#         1318
  C:15B6H         LINE#         1319
  C:15B6H         LINE#         1320
  C:15B6H         LINE#         1321
  C:15B6H         LINE#         1322
  C:15C5H         LINE#         1323
  C:15C5H         LINE#         1324
  C:15CEH         LINE#         1325
  C:15CEH         LINE#         1326
  C:15D1H         LINE#         1327
  C:15D7H         LINE#         1334
  C:15D7H         LINE#         1335
  C:15D7H         LINE#         1338
  C:15DCH         LINE#         1339
  C:15DCH         LINE#         1353
  C:15DCH         LINE#         1354
  C:15DFH         LINE#         1356
  C:15DFH         LINE#         1357
  C:15E2H         LINE#         1358
BL51 BANKED LINKER/LOCATER V6.22                                                      10/21/2020  10:49:10  PAGE 23


  C:15E8H         LINE#         1359
  C:15E8H         LINE#         1360
  C:15ECH         LINE#         1361
  C:15EFH         LINE#         1363
  C:15EFH         LINE#         1364
  C:15F7H         LINE#         1366
  C:15FAH         LINE#         1368
  C:1602H         LINE#         1371
  C:160CH         LINE#         1372
  C:1611H         LINE#         1373
  C:1617H         LINE#         1375
  C:161DH         LINE#         1377
  C:1623H         LINE#         1379
  C:1628H         LINE#         1380
  C:1632H         LINE#         1381
  C:1632H         LINE#         1382
  C:1632H         LINE#         1383
  -------         ENDPROC       MAIN
  -------         PROC          TIMER1_RPT
  C:2011H         LINE#         1399
  C:202EH         LINE#         1402
  C:204AH         LINE#         1404
  C:2054H         LINE#         1405
  C:206BH         LINE#         1406
  C:206BH         LINE#         1407
  C:2072H         LINE#         1408
  C:2077H         LINE#         1409
  C:2077H         LINE#         1410
  C:207FH         LINE#         1411
  C:208BH         LINE#         1412
  C:208BH         LINE#         1413
  C:208FH         LINE#         1414
  C:2096H         LINE#         1415
  C:209DH         LINE#         1416
  C:209DH         LINE#         1417
  -------         ENDPROC       TIMER1_RPT
  -------         PROC          UART1_RPT
  -------         DO            
  D:0007H         SYMBOL        i
  -------         ENDDO         
  C:282CH         LINE#         1426
  C:2849H         LINE#         1431
  C:284EH         LINE#         1432
  C:284EH         LINE#         1433
  C:2850H         LINE#         1434
  C:2853H         LINE#         1435
  C:2856H         LINE#         1436
  C:2858H         LINE#         1437
  C:2858H         LINE#         1438
  -------         ENDPROC       UART1_RPT
  -------         PROC          UART2_RPT
  C:001AH         LINE#         1440
  C:001AH         LINE#         1442
  -------         ENDPROC       UART2_RPT
  -------         PROC          _FLASH_ERASEBLOCK
  D:0006H         SYMBOL        fui_Address
  C:2C6DH         LINE#         1449
BL51 BANKED LINKER/LOCATER V6.22                                                      10/21/2020  10:49:10  PAGE 24


  C:2C6DH         LINE#         1450
  C:2C6DH         LINE#         1451
  C:2C6DH         LINE#         1452
  C:2C6DH         LINE#         1453
  C:2C70H         LINE#         1454
  C:2C72H         LINE#         1455
  C:2C77H         LINE#         1456
  C:2C77H         LINE#         1458
  C:2C79H         LINE#         1459
  C:2C7BH         LINE#         1460
  C:2C81H         LINE#         1461
  C:2C85H         LINE#         1462
  C:2C8BH         LINE#         1463
  C:2C91H         LINE#         1465
  -------         ENDPROC       _FLASH_ERASEBLOCK
  -------         PROC          _FLASH_WRITEDATA
  D:0007H         SYMBOL        fuc_SaveData
  D:0004H         SYMBOL        fui_Address
  C:2BF9H         LINE#         1475
  C:2BF9H         LINE#         1476
  C:2BF9H         LINE#         1477
  C:2BF9H         LINE#         1478
  C:2BF9H         LINE#         1479
  C:2BFCH         LINE#         1480
  C:2BFEH         LINE#         1481
  C:2C03H         LINE#         1482
  C:2C03H         LINE#         1484
  C:2C05H         LINE#         1485
  C:2C07H         LINE#         1486
  C:2C09H         LINE#         1487
  C:2C0FH         LINE#         1488
  C:2C13H         LINE#         1489
  C:2C19H         LINE#         1490
  C:2C1FH         LINE#         1492
  -------         ENDPROC       _FLASH_WRITEDATA
  -------         ENDMOD        HC_MCU_XBR

  -------         MODULE        MCU_API
  C:0000H         SYMBOL        _ICE_DUMMY_
  C:2E19H         PUBLIC        mcu_get_reset_wifi_flag
  C:2D80H         PUBLIC        _mcu_set_wifi_mode
  C:263DH         PUBLIC        _mcu_dp_raw_update
  C:22D3H         PUBLIC        _hex_to_bcd
  C:2415H         PUBLIC        _uart_receive_input
  C:2E1FH         PUBLIC        mcu_get_wifimode_flag
  C:2D50H         PUBLIC        wifi_protocol_init
  C:2E25H         PUBLIC        mcu_get_wifi_work_state
  C:1635H         PUBLIC        wifi_uart_service
  C:20B8H         PUBLIC        _byte_to_int
  C:2943H         PUBLIC        _int_to_byte
  C:2DEBH         PUBLIC        mcu_start_wifitest
  C:1DDEH         PUBLIC        _my_memcpy
  C:2A7BH         PUBLIC        _my_memset
  C:2E11H         PUBLIC        _mcu_get_dp_download_value
  C:2DD2H         PUBLIC        mcu_reset_wifi
  C:2692H         PUBLIC        _mcu_dp_string_update
  C:1B43H         PUBLIC        _mcu_dp_fault_update
BL51 BANKED LINKER/LOCATER V6.22                                                      10/21/2020  10:49:10  PAGE 25


  C:273CH         PUBLIC        _my_strlen
  C:1F67H         PUBLIC        _mcu_dp_value_update
  C:24D5H         PUBLIC        _my_strcmp
  C:2DFFH         PUBLIC        _mcu_get_dp_download_bool
  C:28FFH         PUBLIC        _my_strcpy
  C:25E6H         PUBLIC        _mcu_dp_bool_update
  C:2E08H         PUBLIC        _mcu_get_dp_download_enum
  C:27E0H         PUBLIC        _mcu_dp_enum_update
  -------         PROC          _HEX_TO_BCD
  D:0007H         SYMBOL        Value_H
  D:0005H         SYMBOL        Value_L
  -------         DO            
  D:0007H         SYMBOL        bcd_value
  -------         ENDDO         
  C:22D3H         LINE#         26
  C:22D3H         LINE#         27
  C:22D3H         LINE#         30
  C:22DFH         LINE#         31
  C:22E5H         LINE#         32
  C:22F1H         LINE#         33
  C:22F7H         LINE#         34
  C:2303H         LINE#         35
  C:2307H         LINE#         37
  C:230AH         LINE#         39
  C:230EH         LINE#         40
  C:231AH         LINE#         41
  C:2320H         LINE#         42
  C:232CH         LINE#         43
  C:232EH         LINE#         44
  C:233AH         LINE#         45
  C:233EH         LINE#         47
  C:2343H         LINE#         49
  C:2343H         LINE#         50
  -------         ENDPROC       _HEX_TO_BCD
  -------         PROC          _MY_STRLEN
  D:003AH         SYMBOL        str
  -------         DO            
  D:003DH         SYMBOL        len
  -------         ENDDO         
  C:273CH         LINE#         57
  C:2742H         LINE#         58
  C:2742H         LINE#         59
  C:274BH         LINE#         60
  C:2750H         LINE#         61
  C:2755H         LINE#         62
  C:2755H         LINE#         64
  C:276CH         LINE#         65
  C:2784H         LINE#         66
  C:2786H         LINE#         68
  C:278EH         LINE#         69
  -------         ENDPROC       _MY_STRLEN
  -------         PROC          _MY_MEMSET
  D:0008H         SYMBOL        src
  D:0005H         SYMBOL        ch
  D:000CH         SYMBOL        count
  -------         DO            
  D:000EH         SYMBOL        tmp
BL51 BANKED LINKER/LOCATER V6.22                                                      10/21/2020  10:49:10  PAGE 26


  -------         ENDDO         
  C:2A7BH         LINE#         78
  C:2A81H         LINE#         79
  C:2A81H         LINE#         80
  C:2A87H         LINE#         82
  C:2A8CH         LINE#         83
  C:2A90H         LINE#         84
  C:2A90H         LINE#         86
  C:2A9DH         LINE#         87
  C:2AAAH         LINE#         88
  C:2AACH         LINE#         90
  C:2AB2H         LINE#         91
  -------         ENDPROC       _MY_MEMSET
  -------         PROC          _MY_MEMCPY
  D:0041H         SYMBOL        dest
  D:0044H         SYMBOL        src
  D:0047H         SYMBOL        count
  -------         DO            
  D:0049H         SYMBOL        pdest
  D:004CH         SYMBOL        psrc
  D:004FH         SYMBOL        i
  -------         ENDDO         
  C:1DDEH         LINE#         100
  C:1DE4H         LINE#         101
  C:1DE4H         LINE#         102
  C:1DEAH         LINE#         103
  C:1DF3H         LINE#         106
  C:1E00H         LINE#         107
  C:1E07H         LINE#         108
  C:1E07H         LINE#         110
  C:1E31H         LINE#         111
  C:1E41H         LINE#         112
  C:1E5FH         LINE#         113
  C:1E69H         LINE#         114
  C:1E69H         LINE#         115
  C:1E7AH         LINE#         116
  C:1E9EH         LINE#         117
  C:1EA8H         LINE#         118
  C:1EA8H         LINE#         120
  C:1EAEH         LINE#         121
  -------         ENDPROC       _MY_MEMCPY
  -------         PROC          _MY_STRCPY
  D:0011H         SYMBOL        dest
  D:0014H         SYMBOL        src
  -------         DO            
  D:0017H         SYMBOL        p
  -------         ENDDO         
  C:28FFH         LINE#         129
  C:2905H         LINE#         130
  C:2905H         LINE#         131
  C:290BH         LINE#         132
  C:2916H         LINE#         133
  C:2930H         LINE#         134
  C:2932H         LINE#         135
  C:293CH         LINE#         136
  C:2942H         LINE#         137
  -------         ENDPROC       _MY_STRCPY
BL51 BANKED LINKER/LOCATER V6.22                                                      10/21/2020  10:49:10  PAGE 27


  -------         PROC          _MY_STRCMP
  D:0067H         SYMBOL        s1
  D:006AH         SYMBOL        s2
  C:24D5H         LINE#         148
  C:24DBH         LINE#         149
  C:24DBH         LINE#         150
  C:24F5H         LINE#         151
  C:2500H         LINE#         152
  C:250BH         LINE#         153
  C:250DH         LINE#         154
  C:2530H         LINE#         155
  -------         ENDPROC       _MY_STRCMP
  -------         PROC          _INT_TO_BYTE
  D:0079H         SYMBOL        number
  D:0001H         SYMBOL        value
  C:2943H         LINE#         163
  C:294BH         LINE#         164
  C:294BH         LINE#         165
  C:2954H         LINE#         166
  C:2968H         LINE#         167
  C:297CH         LINE#         168
  -------         ENDPROC       _INT_TO_BYTE
  -------         PROC          _BYTE_TO_INT
  D:0001H         SYMBOL        value
  -------         DO            
  D:0043H         SYMBOL        nubmer
  -------         ENDDO         
  C:20B8H         LINE#         176
  C:20B8H         LINE#         177
  C:20B8H         LINE#         178
  C:20C1H         LINE#         180
  C:20CEH         LINE#         181
  C:20E1H         LINE#         182
  C:20FCH         LINE#         183
  C:210AH         LINE#         184
  C:2125H         LINE#         185
  C:2133H         LINE#         186
  C:214EH         LINE#         188
  C:214FH         LINE#         189
  -------         ENDPROC       _BYTE_TO_INT
  -------         PROC          _MCU_DP_RAW_UPDATE
  D:0005H         SYMBOL        dpid
  D:006EH         SYMBOL        value
  D:0071H         SYMBOL        len
  -------         DO            
  D:0002H         SYMBOL        send_len
  -------         ENDDO         
  C:263DH         LINE#         199
  C:2645H         LINE#         200
  C:2645H         LINE#         201
  C:2648H         LINE#         203
  C:264FH         LINE#         204
  C:2652H         LINE#         206
  C:265DH         LINE#         207
  C:2666H         LINE#         209
  C:2670H         LINE#         210
  C:2675H         LINE#         212
BL51 BANKED LINKER/LOCATER V6.22                                                      10/21/2020  10:49:10  PAGE 28


  C:2688H         LINE#         214
  C:268FH         LINE#         216
  C:2691H         LINE#         217
  -------         ENDPROC       _MCU_DP_RAW_UPDATE
  -------         PROC          _MCU_DP_BOOL_UPDATE
  D:0004H         SYMBOL        dpid
  D:003DH         SYMBOL        value
  -------         DO            
  D:0002H         SYMBOL        send_len
  -------         ENDDO         
  C:25E6H         LINE#         226
  C:25EAH         LINE#         227
  C:25EAH         LINE#         228
  C:25EDH         LINE#         230
  C:25F4H         LINE#         231
  C:25F7H         LINE#         233
  C:2604H         LINE#         234
  C:260DH         LINE#         236
  C:2616H         LINE#         237
  C:261FH         LINE#         239
  C:2623H         LINE#         240
  C:2624H         LINE#         241
  C:2626H         LINE#         242
  C:2633H         LINE#         243
  C:2633H         LINE#         245
  C:263AH         LINE#         247
  C:263CH         LINE#         248
  -------         ENDPROC       _MCU_DP_BOOL_UPDATE
  -------         PROC          _MCU_DP_VALUE_UPDATE
  D:0005H         SYMBOL        dpid
  D:0042H         SYMBOL        value
  -------         DO            
  D:0002H         SYMBOL        send_len
  -------         ENDDO         
  C:1F67H         LINE#         257
  C:1F69H         LINE#         258
  C:1F69H         LINE#         259
  C:1F6CH         LINE#         261
  C:1F73H         LINE#         262
  C:1F76H         LINE#         264
  C:1F81H         LINE#         265
  C:1F8AH         LINE#         267
  C:1F93H         LINE#         268
  C:1F9CH         LINE#         270
  C:1FBAH         LINE#         271
  C:1FD8H         LINE#         272
  C:1FF6H         LINE#         273
  C:2007H         LINE#         275
  C:200EH         LINE#         277
  C:2010H         LINE#         278
  -------         ENDPROC       _MCU_DP_VALUE_UPDATE
  -------         PROC          _MCU_DP_STRING_UPDATE
  D:0005H         SYMBOL        dpid
  D:0074H         SYMBOL        value
  D:0077H         SYMBOL        len
  -------         DO            
  D:0002H         SYMBOL        send_len
BL51 BANKED LINKER/LOCATER V6.22                                                      10/21/2020  10:49:10  PAGE 29


  -------         ENDDO         
  C:2692H         LINE#         288
  C:269AH         LINE#         289
  C:269AH         LINE#         290
  C:269DH         LINE#         292
  C:26A4H         LINE#         293
  C:26A7H         LINE#         295
  C:26B2H         LINE#         296
  C:26BBH         LINE#         298
  C:26C5H         LINE#         299
  C:26CAH         LINE#         301
  C:26DDH         LINE#         303
  C:26E4H         LINE#         305
  C:26E6H         LINE#         306
  -------         ENDPROC       _MCU_DP_STRING_UPDATE
  -------         PROC          _MCU_DP_ENUM_UPDATE
  D:0004H         SYMBOL        dpid
  D:003DH         SYMBOL        value
  -------         DO            
  D:0002H         SYMBOL        send_len
  -------         ENDDO         
  C:27E0H         LINE#         315
  C:27E4H         LINE#         316
  C:27E4H         LINE#         317
  C:27E7H         LINE#         319
  C:27EEH         LINE#         320
  C:27F1H         LINE#         322
  C:27FEH         LINE#         323
  C:2807H         LINE#         325
  C:2810H         LINE#         326
  C:2819H         LINE#         328
  C:2822H         LINE#         330
  C:2829H         LINE#         332
  C:282BH         LINE#         333
  -------         ENDPROC       _MCU_DP_ENUM_UPDATE
  -------         PROC          _MCU_DP_FAULT_UPDATE
  D:0005H         SYMBOL        dpid
  D:0053H         SYMBOL        value
  -------         DO            
  D:0057H         SYMBOL        send_len
  -------         ENDDO         
  C:1B43H         LINE#         342
  C:1B45H         LINE#         343
  C:1B45H         LINE#         344
  C:1B4AH         LINE#         346
  C:1B51H         LINE#         347
  C:1B54H         LINE#         349
  C:1B5FH         LINE#         350
  C:1B68H         LINE#         352
  C:1B71H         LINE#         354
  C:1B89H         LINE#         355
  C:1B96H         LINE#         356
  C:1B98H         LINE#         357
  C:1BB1H         LINE#         358
  C:1BB3H         LINE#         359
  C:1BB3H         LINE#         360
  C:1BB3H         LINE#         361
BL51 BANKED LINKER/LOCATER V6.22                                                      10/21/2020  10:49:10  PAGE 30


  C:1BB5H         LINE#         362
  C:1BC2H         LINE#         363
  C:1BDCH         LINE#         364
  C:1BF6H         LINE#         365
  C:1C10H         LINE#         366
  C:1C1FH         LINE#         367
  C:1C1FH         LINE#         369
  C:1C2AH         LINE#         371
  C:1C2CH         LINE#         372
  -------         ENDPROC       _MCU_DP_FAULT_UPDATE
  -------         PROC          _MCU_GET_DP_DOWNLOAD_BOOL
  D:0001H         SYMBOL        value
  D:0004H         SYMBOL        len
  -------         DO            
  D:003DH         SYMBOL        i
  -------         ENDDO         
  C:2DFFH         LINE#         566
  C:2DFFH         LINE#         567
  C:2DFFH         LINE#         569
  C:2E03H         LINE#         570
  C:2E07H         LINE#         571
  -------         ENDPROC       _MCU_GET_DP_DOWNLOAD_BOOL
  -------         PROC          _MCU_GET_DP_DOWNLOAD_ENUM
  D:0001H         SYMBOL        value
  D:0004H         SYMBOL        len
  -------         DO            
  D:003DH         SYMBOL        i
  -------         ENDDO         
  C:2E08H         LINE#         580
  C:2E08H         LINE#         581
  C:2E08H         LINE#         583
  C:2E0CH         LINE#         584
  C:2E10H         LINE#         585
  -------         ENDPROC       _MCU_GET_DP_DOWNLOAD_ENUM
  -------         PROC          _MCU_GET_DP_DOWNLOAD_VALUE
  D:0001H         SYMBOL        value
  D:0004H         SYMBOL        len
  -------         DO            
  D:0041H         SYMBOL        i
  -------         ENDDO         
  C:2E11H         LINE#         594
  C:2E11H         LINE#         595
  C:2E11H         LINE#         597
  C:2E15H         LINE#         598
  C:2E18H         LINE#         599
  -------         ENDPROC       _MCU_GET_DP_DOWNLOAD_VALUE
  -------         PROC          _UART_RECEIVE_INPUT
  D:0051H         SYMBOL        value
  C:2415H         LINE#         607
  C:2417H         LINE#         608
  C:2417H         LINE#         611
  C:2428H         LINE#         613
  C:244EH         LINE#         615
  C:244EH         LINE#         617
  C:245CH         LINE#         618
  C:2469H         LINE#         619
  C:2469H         LINE#         621
BL51 BANKED LINKER/LOCATER V6.22                                                      10/21/2020  10:49:10  PAGE 31


  C:2477H         LINE#         622
  C:2477H         LINE#         623
  -------         ENDPROC       _UART_RECEIVE_INPUT
  -------         PROC          WIFI_UART_SERVICE
  -------         DO            
  D:007DH         SYMBOL        rx_in
  D:0022H         SYMBOL        offset
  D:0024H         SYMBOL        rx_value_len
  -------         ENDDO         
  C:1635H         LINE#         631
  C:1635H         LINE#         632
  C:1635H         LINE#         635
  C:163AH         LINE#         636
  C:163EH         LINE#         638
  C:1652H         LINE#         639
  C:166BH         LINE#         640
  C:166DH         LINE#         642
  C:167BH         LINE#         645
  C:1692H         LINE#         646
  C:16A3H         LINE#         647
  C:16ABH         LINE#         648
  C:16ADH         LINE#         649
  C:16ADH         LINE#         651
  C:16BEH         LINE#         652
  C:16C6H         LINE#         653
  C:16C8H         LINE#         654
  C:16C8H         LINE#         656
  C:16D7H         LINE#         657
  C:16D9H         LINE#         658
  C:16DBH         LINE#         659
  C:16DBH         LINE#         661
  C:16EDH         LINE#         662
  C:170AH         LINE#         663
  C:1715H         LINE#         664
  C:171CH         LINE#         665
  C:171FH         LINE#         666
  C:171FH         LINE#         668
  C:172BH         LINE#         669
  C:172BH         LINE#         670
  C:172BH         LINE#         673
  C:175CH         LINE#         675
  C:1797H         LINE#         676
  C:179EH         LINE#         677
  C:17A0H         LINE#         678
  C:17A0H         LINE#         680
  C:17A7H         LINE#         681
  C:17B3H         LINE#         682
  C:17B6H         LINE#         684
  C:17C3H         LINE#         685
  C:17CEH         LINE#         686
  C:17EDH         LINE#         687
  C:17EDH         LINE#         688
  -------         ENDPROC       WIFI_UART_SERVICE
  -------         PROC          WIFI_PROTOCOL_INIT
  C:2D50H         LINE#         696
  C:2D50H         LINE#         697
  C:2D50H         LINE#         699
BL51 BANKED LINKER/LOCATER V6.22                                                      10/21/2020  10:49:10  PAGE 32


  C:2D59H         LINE#         700
  C:2D62H         LINE#         703
  C:2D68H         LINE#         705
  -------         ENDPROC       WIFI_PROTOCOL_INIT
  -------         PROC          MCU_GET_RESET_WIFI_FLAG
  C:2E19H         LINE#         719
  C:2E19H         LINE#         720
  C:2E19H         LINE#         721
  C:2E1EH         LINE#         722
  -------         ENDPROC       MCU_GET_RESET_WIFI_FLAG
  -------         PROC          MCU_RESET_WIFI
  C:2DD2H         LINE#         731
  C:2DD2H         LINE#         732
  C:2DD2H         LINE#         733
  C:2DD7H         LINE#         735
  -------         ENDPROC       MCU_RESET_WIFI
  -------         PROC          MCU_GET_WIFIMODE_FLAG
  C:2E1FH         LINE#         747
  C:2E1FH         LINE#         748
  C:2E1FH         LINE#         749
  C:2E24H         LINE#         750
  -------         ENDPROC       MCU_GET_WIFIMODE_FLAG
  -------         PROC          _MCU_SET_WIFI_MODE
  D:0005H         SYMBOL        mode
[...]
  D:0007H         SYMBOL        dpid
  D:0037H         SYMBOL        value
  D:003AH         SYMBOL        length
  -------         DO            
  D:003CH         SYMBOL        ret
  -------         ENDDO         
  C:1C2DH         LINE#         793
  C:1C33H         LINE#         794
  C:1C33H         LINE#         801
  C:1C56H         LINE#         802
  C:1C56H         LINE#         804
  C:1C65H         LINE#         805
  C:1C6EH         LINE#         806
  C:1C6EH         LINE#         807
  C:1C74H         LINE#         808
  C:1C7DH         LINE#         809
  C:1C7DH         LINE#         810
  C:1C7FH         LINE#         811
  C:1C82H         LINE#         812
  C:1C82H         LINE#         813
  C:1C82H         LINE#         814
  C:1C85H         LINE#         815
  C:1C85H         LINE#         817
  C:1C92H         LINE#         818
  C:1C92H         LINE#         819
  C:1C94H         LINE#         820
  C:1C94H         LINE#         822
  C:1CA1H         LINE#         823
  C:1CA1H         LINE#         824
  C:1CA3H         LINE#         825
  C:1CA3H         LINE#         827
  C:1CB0H         LINE#         828
  C:1CB0H         LINE#         829
BL51 BANKED LINKER/LOCATER V6.22                                                      10/21/2020  10:49:10  PAGE 40


  C:1CB2H         LINE#         830
  C:1CB2H         LINE#         832
  C:1CBFH         LINE#         833
  C:1CBFH         LINE#         834
  C:1CC1H         LINE#         835
  C:1CC1H         LINE#         837
  C:1CCEH         LINE#         838
  C:1CCEH         LINE#         839
  C:1CD0H         LINE#         840
  C:1CD0H         LINE#         842
  C:1CDDH         LINE#         843
  C:1CDDH         LINE#         844
  C:1CDFH         LINE#         845
  C:1CDFH         LINE#         847
  C:1CECH         LINE#         848
  C:1CECH         LINE#         849
  C:1CEEH         LINE#         850
  C:1CEEH         LINE#         852
  C:1CFDH         LINE#         853
  C:1CFDH         LINE#         854
  C:1CFFH         LINE#         856
  C:1CFFH         LINE#         857
  C:1D04H         LINE#         858
  C:1D04H         LINE#         859
  C:1D04H         LINE#         860
  C:1D06H         LINE#         861
  -------         ENDPROC       _DP_DOWNLOAD_HANDLE
  -------         PROC          GET_DOWNLOAD_CMD_TOTAL
  C:2E2EH         LINE#         869
  C:2E2EH         LINE#         870
  C:2E2EH         LINE#         871
  C:2E30H         LINE#         872
  -------         ENDPROC       GET_DOWNLOAD_CMD_TOTAL
  -------         PROC          _WIFI_TEST_RESULT
  D:002FH         SYMBOL        result
  D:0030H         SYMBOL        rssi
  C:001EH         LINE#         988
  C:0022H         LINE#         989
  C:0022H         LINE#         991
  C:0022H         LINE#         993
  C:0022H         LINE#         995
  C:0022H         LINE#         997
  C:0022H         LINE#         998
  C:0022H         LINE#         1001
  C:0022H         LINE#         1002
  -------         ENDPROC       _WIFI_TEST_RESULT
  -------         ENDMOD        PROTOCOL

  -------         MODULE        SYSTEM
  C:0000H         SYMBOL        _ICE_DUMMY_
  C:2CD7H         SYMBOL        _get_dowmload_dpid_index
  D:0080H         PUBLIC        P0
  D:0090H         PUBLIC        P1
  D:00A0H         PUBLIC        P2
  C:2DF5H         SYMBOL        get_mcu_wifi_mode
  C:2CB5H         SYMBOL        heat_beat_check
  X:0000H         PUBLIC        set_wifimode_flag
BL51 BANKED LINKER/LOCATER V6.22                                                      10/21/2020  10:49:10  PAGE 41


  D:00A8H         PUBLIC        IE
  D:00F8H         PUBLIC        RSTFR
  C:0026H         PUBLIC        _set_wifi_uart_byte
  C:2D16H         PUBLIC        with_data_rxbuff
  X:0001H         PUBLIC        stop_update_flag
  C:2873H         PUBLIC        take_byte_rxbuff
  X:0002H         PUBLIC        wifi_data_process_buf
  D:0098H         PUBLIC        SCON
  D:0088H         PUBLIC        TCON
  X:0021H         PUBLIC        reset_wifi_flag
  X:0022H         PUBLIC        wifi_uart_rx_buf
  X:0039H         PUBLIC        wifi_uart_tx_buf
  D:00B8H         PUBLIC        IE1
  D:0061H         PUBLIC        rx_buf_in
  C:2A71H         SYMBOL        _?ix1000
  D:0064H         PUBLIC        rx_buf_out
  C:26E7H         PUBLIC        _wifi_uart_write_frame
  C:2B7BH         PUBLIC        _get_check_sum
  C:29C7H         SYMBOL        _wifi_uart_write_data
  X:0070H         PUBLIC        wifi_work_state
  C:2A0AH         PUBLIC        _set_wifi_uart_buffer
  C:1A2DH         PUBLIC        _data_handle
  C:2531H         SYMBOL        _data_point_handle
  D:00D0H         PUBLIC        PSW
  C:1D07H         SYMBOL        product_info_update
  -------         PROC          _SET_WIFI_UART_BYTE
  D:0006H         SYMBOL        dest
  D:0005H         SYMBOL        byte
  -------         DO            
  D:0001H         SYMBOL        obj
  -------         ENDDO         
  C:0026H         LINE#         32
  C:0026H         LINE#         33
  C:0026H         LINE#         34
  C:0030H         LINE#         36
  C:0034H         LINE#         37
  C:0039H         LINE#         39
  C:0039H         LINE#         40
  -------         ENDPROC       _SET_WIFI_UART_BYTE
  -------         PROC          L?0056
  -------         ENDPROC       L?0056
  -------         PROC          _SET_WIFI_UART_BUFFER
  D:003AH         SYMBOL        dest
  D:003CH         SYMBOL        src
  D:003FH         SYMBOL        len
  -------         DO            
  D:0001H         SYMBOL        obj
  -------         ENDDO         
  C:2A0AH         LINE#         49
  C:2A14H         LINE#         50
  C:2A14H         LINE#         51
  C:2A1EH         LINE#         53
  C:2A30H         LINE#         55
  C:2A3CH         LINE#         56
  C:2A3FH         LINE#         57
  -------         ENDPROC       _SET_WIFI_UART_BUFFER
  -------         PROC          _GET_CHECK_SUM
BL51 BANKED LINKER/LOCATER V6.22                                                      10/21/2020  10:49:10  PAGE 42


  D:0048H         SYMBOL        pack
  D:004BH         SYMBOL        pack_len
  -------         DO            
  D:0004H         SYMBOL        i
  D:0007H         SYMBOL        check_sum
  -------         ENDDO         
  C:2B7BH         LINE#         65
  C:2B85H         LINE#         66
  C:2B85H         LINE#         68
  C:2B87H         LINE#         70
  C:2B92H         LINE#         71
  C:2BA0H         LINE#         72
  C:2BA7H         LINE#         74
  C:2BA7H         LINE#         75
  -------         ENDPROC       _GET_CHECK_SUM
  -------         PROC          _WIFI_UART_WRITE_DATA
  D:0048H         SYMBOL        in
  D:004BH         SYMBOL        len
  C:29C7H         LINE#         83
  C:29D1H         LINE#         84
  C:29D1H         LINE#         85
  C:29DCH         LINE#         87
  C:29DCH         LINE#         89
  C:29E9H         LINE#         90
  C:29F6H         LINE#         91
  C:2A01H         LINE#         92
  C:2A03H         LINE#         93
  -------         ENDPROC       _WIFI_UART_WRITE_DATA
  -------         PROC          _WIFI_UART_WRITE_FRAME
  D:0007H         SYMBOL        fr_type
  D:0005H         SYMBOL        fr_ver
  D:0046H         SYMBOL        len
  -------         DO            
  D:0006H         SYMBOL        check_sum
  -------         ENDDO         
  C:26E7H         LINE#         102
  C:26EBH         LINE#         103
  C:26EBH         LINE#         104
  C:26EBH         LINE#         106
  C:26F1H         LINE#         107
  C:26F5H         LINE#         108
  C:26F8H         LINE#         109
  C:26FBH         LINE#         110
  C:26FFH         LINE#         111
  C:2703H         LINE#         113
  C:270CH         LINE#         114
  C:2721H         LINE#         115
  C:272FH         LINE#         117
  -------         ENDPROC       _WIFI_UART_WRITE_FRAME
  -------         PROC          HEAT_BEAT_CHECK
  -------         DO            
  D:0007H         SYMBOL        length
  D:0060H         SYMBOL        mcu_reset_state
  -------         ENDDO         
  C:2CB5H         LINE#         125
  C:2CB5H         LINE#         126
  C:2CB5H         LINE#         127
BL51 BANKED LINKER/LOCATER V6.22                                                      10/21/2020  10:49:10  PAGE 43


  C:2CB7H         LINE#         130
  C:2CBBH         LINE#         131
  C:2CC0H         LINE#         132
  C:2CC3H         LINE#         133
  C:2CC5H         LINE#         134
  C:2CCCH         LINE#         135
  C:2CCCH         LINE#         137
  -------         ENDPROC       HEAT_BEAT_CHECK
  -------         PROC          PRODUCT_INFO_UPDATE
  -------         DO            
  D:002FH         SYMBOL        length
  D:0030H         SYMBOL        str
  -------         ENDDO         
  C:1D07H         LINE#         145
  C:1D07H         LINE#         146
  C:1D07H         LINE#         147
  C:1D0AH         LINE#         148
  C:1D1BH         LINE#         150
  C:1D31H         LINE#         151
  C:1D47H         LINE#         152
  C:1D63H         LINE#         153
  C:1D7FH         LINE#         154
  C:1D9BH         LINE#         155
  C:1DB7H         LINE#         173
  C:1DD3H         LINE#         175
  -------         ENDPROC       PRODUCT_INFO_UPDATE
  -------         PROC          GET_MCU_WIFI_MODE
  -------         DO            
  D:0007H         SYMBOL        length
  -------         ENDDO         
  C:2DF5H         LINE#         183
  C:2DF5H         LINE#         184
  C:2DF5H         LINE#         185
  C:2DF6H         LINE#         194
  -------         ENDPROC       GET_MCU_WIFI_MODE
  -------         PROC          _GET_DOWMLOAD_DPID_INDEX
  D:0036H         SYMBOL        dpid
  -------         DO            
  D:0006H         SYMBOL        index
  D:0007H         SYMBOL        total
  -------         ENDDO         
  C:2CD7H         LINE#         202
  C:2CD9H         LINE#         203
  C:2CD9H         LINE#         205
  C:2CDCH         LINE#         207
  C:2CE3H         LINE#         208
  C:2CF2H         LINE#         209
  C:2CF2H         LINE#         210
  C:2CF2H         LINE#         211
  C:2CF5H         LINE#         213
  C:2CF7H         LINE#         214
  -------         ENDPROC       _GET_DOWMLOAD_DPID_INDEX
  -------         PROC          _DATA_POINT_HANDLE
  D:002FH         SYMBOL        value
  -------         DO            
  D:0032H         SYMBOL        dp_id
  D:0007H         SYMBOL        index
BL51 BANKED LINKER/LOCATER V6.22                                                      10/21/2020  10:49:10  PAGE 44


  D:0033H         SYMBOL        dp_type
  D:0007H         SYMBOL        ret
  D:0034H         SYMBOL        dp_len
  -------         ENDDO         
  C:2531H         LINE#         221
  C:2537H         LINE#         222
  C:2537H         LINE#         228
  C:253CH         LINE#         229
  C:2544H         LINE#         230
  C:254FH         LINE#         231
  C:255EH         LINE#         233
  C:2563H         LINE#         235
  C:2572H         LINE#         237
  C:2575H         LINE#         238
  C:2575H         LINE#         239
  C:258BH         LINE#         240
  C:258BH         LINE#         242
  C:258BH         LINE#         243
  -------         ENDPROC       _DATA_POINT_HANDLE
  -------         PROC          _DATA_HANDLE
  D:0026H         SYMBOL        offset
  -------         DO            
  D:0028H         SYMBOL        dp_len
  D:002AH         SYMBOL        ret
  D:002BH         SYMBOL        i
  D:002DH         SYMBOL        total_len
  D:0007H         SYMBOL        cmd_type
  D:0007H         SYMBOL        result
  D:0005H         SYMBOL        rssi
  -------         ENDDO         
  C:1A2DH         LINE#         389
  C:1A31H         LINE#         390
  C:1A31H         LINE#         404
  C:1A3DH         LINE#         422
  C:1A5FH         LINE#         423
  C:1A5FH         LINE#         424
  C:1A5FH         LINE#         425
  C:1A62H         LINE#         426
  C:1A62H         LINE#         428
  C:1A62H         LINE#         429
  C:1A65H         LINE#         430
  C:1A65H         LINE#         432
  C:1A65H         LINE#         433
  C:1A68H         LINE#         434
  C:1A68H         LINE#         437
  C:1A68H         LINE#         438
  C:1A79H         LINE#         439
  C:1A83H         LINE#         446
  C:1A83H         LINE#         448
  C:1A83H         LINE#         449
  C:1A86H         LINE#         450
  C:1A88H         LINE#         452
  C:1A88H         LINE#         453
  C:1A8EH         LINE#         454
  C:1A8FH         LINE#         457
  C:1A8FH         LINE#         458
  C:1AB1H         LINE#         460
BL51 BANKED LINKER/LOCATER V6.22                                                      10/21/2020  10:49:10  PAGE 45


  C:1AC4H         LINE#         461
  C:1ADEH         LINE#         462
  C:1AF2H         LINE#         464
  C:1B0BH         LINE#         466
  C:1B0BH         LINE#         468
  C:1B0BH         LINE#         470
  C:1B0BH         LINE#         472
  C:1B1EH         LINE#         473
  C:1B20H         LINE#         474
  C:1B20H         LINE#         476
  C:1B20H         LINE#         477
  C:1B23H         LINE#         478
  C:1B23H         LINE#         555
  C:1B23H         LINE#         556
  C:1B31H         LINE#         557
  C:1B3FH         LINE#         558
  C:1B42H         LINE#         559
  C:1B42H         LINE#         723
  C:1B42H         LINE#         724
  C:1B42H         LINE#         725
  -------         ENDPROC       _DATA_HANDLE
  -------         PROC          WITH_DATA_RXBUFF
  C:2D16H         LINE#         732
  C:2D16H         LINE#         733
  C:2D16H         LINE#         734
  C:2D2EH         LINE#         735
  C:2D31H         LINE#         737
  C:2D33H         LINE#         738
  -------         ENDPROC       WITH_DATA_RXBUFF
  -------         PROC          TAKE_BYTE_RXBUFF
  -------         DO            
  D:0007H         SYMBOL        value
  -------         ENDDO         
  C:2873H         LINE#         745
  C:2873H         LINE#         746
  C:2873H         LINE#         749
  C:2891H         LINE#         751
  C:289FH         LINE#         753
  C:28ACH         LINE#         754
  C:28ACH         LINE#         756
  C:28B9H         LINE#         757
  C:28B9H         LINE#         759
  C:28B9H         LINE#         760
  -------         ENDPROC       TAKE_BYTE_RXBUFF
  -------         ENDMOD        SYSTEM

  -------         MODULE        ?C?FPDIV
  C:0041H         PUBLIC        ?C?FPDIV
  -------         ENDMOD        ?C?FPDIV

  -------         MODULE        ?C?FCAST
  C:00E8H         PUBLIC        ?C?FCASTC
  C:00E3H         PUBLIC        ?C?FCASTI
  C:00DEH         PUBLIC        ?C?FCASTL
  -------         ENDMOD        ?C?FCAST

  -------         MODULE        ?C?CASTF
BL51 BANKED LINKER/LOCATER V6.22                                                      10/21/2020  10:49:10  PAGE 46


  C:011CH         PUBLIC        ?C?CASTF
  -------         ENDMOD        ?C?CASTF

  -------         MODULE        PRINTF
  D:0026H         PUBLIC        ?_PRINTF?BYTE
  D:0026H         PUBLIC        ?_SPRINTF?BYTE
  C:1036H         PUBLIC        _PRINTF
  C:1030H         PUBLIC        _SPRINTF
  -------         ENDMOD        PRINTF

  -------         MODULE        ?C?FPROUND
  C:019DH         PUBLIC        ?C?FPROUND
  -------         ENDMOD        ?C?FPROUND

  -------         MODULE        ?C?FPCONVERT
  C:01CCH         PUBLIC        ?C?FPCONVERT
  -------         ENDMOD        ?C?FPCONVERT

  -------         MODULE        ?C?FPADD
  C:02D6H         PUBLIC        ?C?FPADD
  C:02D2H         PUBLIC        ?C?FPSUB
  -------         ENDMOD        ?C?FPADD

  -------         MODULE        ?C?FPMUL
  C:03C7H         PUBLIC        ?C?FPMUL
  -------         ENDMOD        ?C?FPMUL

  -------         MODULE        ?C?FTNPWR
  C:04FDH         PUBLIC        ?C?FTNPWR
  -------         ENDMOD        ?C?FTNPWR

  -------         MODULE        ?C?COPY
  C:060DH         PUBLIC        ?C?COPY
  -------         ENDMOD        ?C?COPY

  -------         MODULE        ?C?CLDPTR
  C:0633H         PUBLIC        ?C?CLDPTR
  -------         ENDMOD        ?C?CLDPTR

  -------         MODULE        ?C?CLDOPTR
  C:064CH         PUBLIC        ?C?CLDOPTR
  -------         ENDMOD        ?C?CLDOPTR

  -------         MODULE        ?C?CSTPTR
  C:0679H         PUBLIC        ?C?CSTPTR
  -------         ENDMOD        ?C?CSTPTR

  -------         MODULE        ?C?CSTOPTR
  C:068BH         PUBLIC        ?C?CSTOPTR
  -------         ENDMOD        ?C?CSTOPTR

  -------         MODULE        ?C?IMUL
  C:06ADH         PUBLIC        ?C?IMUL
  -------         ENDMOD        ?C?IMUL

  -------         MODULE        ?C?IILDX
  C:06BFH         PUBLIC        ?C?IILDX
BL51 BANKED LINKER/LOCATER V6.22                                                      10/21/2020  10:49:10  PAGE 47


  -------         ENDMOD        ?C?IILDX

  -------         MODULE        ?C?LADD
  C:06D5H         PUBLIC        ?C?LADD
  -------         ENDMOD        ?C?LADD

  -------         MODULE        ?C?LSUB
  C:06E2H         PUBLIC        ?C?LSUB
  -------         ENDMOD        ?C?LSUB

  -------         MODULE        ?C?LMUL
  C:06F0H         PUBLIC        ?C?LMUL
  -------         ENDMOD        ?C?LMUL

  -------         MODULE        ?C?ULDIV
  C:077BH         PUBLIC        ?C?ULDIV
  -------         ENDMOD        ?C?ULDIV

  -------         MODULE        ?C?LNEG
  C:080DH         PUBLIC        ?C?LNEG
  -------         ENDMOD        ?C?LNEG

  -------         MODULE        ?C?SLCMP
  C:081BH         PUBLIC        ?C?SLCMP
  -------         ENDMOD        ?C?SLCMP

  -------         MODULE        ?C?ULCMP
  C:0831H         PUBLIC        ?C?ULCMP
  -------         ENDMOD        ?C?ULCMP

  -------         MODULE        ?C?ULSHR
  C:0842H         PUBLIC        ?C?ULSHR
  -------         ENDMOD        ?C?ULSHR

  -------         MODULE        ?C?LSHL
  C:0855H         PUBLIC        ?C?LSHL
  -------         ENDMOD        ?C?LSHL

  -------         MODULE        ?C?LLDXDATA
  C:0868H         PUBLIC        ?C?LLDXDATA
  -------         ENDMOD        ?C?LLDXDATA

  -------         MODULE        ?C?LLDXDATA0
  C:0874H         PUBLIC        ?C?LLDXDATA0
  -------         ENDMOD        ?C?LLDXDATA0

  -------         MODULE        ?C?LSTXDATA
  C:0880H         PUBLIC        ?C?LSTXDATA
  -------         ENDMOD        ?C?LSTXDATA

  -------         MODULE        ?C?LSTKXDATA
  C:088CH         PUBLIC        ?C?LSTKXDATA
  -------         ENDMOD        ?C?LSTKXDATA

  -------         MODULE        ?C?OFFXADD
  C:08BDH         PUBLIC        ?C?OFFXADD
  -------         ENDMOD        ?C?OFFXADD
BL51 BANKED LINKER/LOCATER V6.22                                                      10/21/2020  10:49:10  PAGE 48



  -------         MODULE        ?C?PLDIIDATA
  C:08C9H         PUBLIC        ?C?PLDIIDATA
  -------         ENDMOD        ?C?PLDIIDATA

  -------         MODULE        ?C?CCASE
  C:08D9H         PUBLIC        ?C?CCASE
  -------         ENDMOD        ?C?CCASE

  -------         MODULE        PUTCHAR
  C:2C20H         PUBLIC        _PUTCHAR
  -------         ENDMOD        PUTCHAR

Program Size: data=152.1 xdata=282 code=11824
LINK/LOCATE RUN COMPLETE.  0 WARNING(S),  0 ERROR(S)
