BL51 BANKED LINKER/LOCATER V6.22                                                        02/01/2021  13:32:17  PAGE 1


BL51 BANKED LINKER/LOCATER V6.22, INVOKED BY:
D:\CCCC2020\TOOL\KEIL\C51\BIN\BL51.EXE .\Objects\STARTUP.obj, .\Objects\HC-MCU-XBR.obj, .\Objects\mcu_api.obj, .\Objects
>> \protocol.obj, .\Objects\system.obj TO .\Objects\HC-MCU-XBR REGFILE (.\Objects\HC-MCU-XBR.ORC) PRINT (.\Listings\HC-M
>> CU-XBR.m51) RAMSIZE (256) CODE (0X0000-0X2E80) XDATA (0X0000-0X07FF)


MEMORY MODEL: SMALL WITH FLOATING POINT ARITHMETIC


INPUT MODULES INCLUDED:
  .\Objects\STARTUP.obj (?C_STARTUP)
  .\Objects\HC-MCU-XBR.obj (HC_MCU_XBR)
  .\Objects\mcu_api.obj (MCU_API)
  .\Objects\protocol.obj (PROTOCOL)
  .\Objects\system.obj (SYSTEM)
  D:\CCCC2020\TOOL\KEIL\C51\LIB\C51FPS.LIB (?C?FPADD)
  D:\CCCC2020\TOOL\KEIL\C51\LIB\C51FPS.LIB (?C?FPDIV)
  D:\CCCC2020\TOOL\KEIL\C51\LIB\C51FPS.LIB (?C?FCAST)
  D:\CCCC2020\TOOL\KEIL\C51\LIB\C51FPS.LIB (?C?CASTF)
  D:\CCCC2020\TOOL\KEIL\C51\LIB\C51FPS.LIB (?C?FPGETOPN)
  D:\CCCC2020\TOOL\KEIL\C51\LIB\C51S.LIB (?C_INIT)
  D:\CCCC2020\TOOL\KEIL\C51\LIB\C51S.LIB (?C?COPY)
  D:\CCCC2020\TOOL\KEIL\C51\LIB\C51S.LIB (?C?CLDPTR)
  D:\CCCC2020\TOOL\KEIL\C51\LIB\C51S.LIB (?C?CLDOPTR)
  D:\CCCC2020\TOOL\KEIL\C51\LIB\C51S.LIB (?C?CILDOPTR)
  D:\CCCC2020\TOOL\KEIL\C51\LIB\C51S.LIB (?C?CSTPTR)
  D:\CCCC2020\TOOL\KEIL\C51\LIB\C51S.LIB (?C?CSTOPTR)
  D:\CCCC2020\TOOL\KEIL\C51\LIB\C51S.LIB (?C?IMUL)
  D:\CCCC2020\TOOL\KEIL\C51\LIB\C51S.LIB (?C?IILDX)
  D:\CCCC2020\TOOL\KEIL\C51\LIB\C51S.LIB (?C?ILDPTR)
  D:\CCCC2020\TOOL\KEIL\C51\LIB\C51S.LIB (?C?IILDPTR)
  D:\CCCC2020\TOOL\KEIL\C51\LIB\C51S.LIB (?C?ISTPTR)
  D:\CCCC2020\TOOL\KEIL\C51\LIB\C51S.LIB (?C?ISTOPTR)
  D:\CCCC2020\TOOL\KEIL\C51\LIB\C51S.LIB (?C?LADD)
  D:\CCCC2020\TOOL\KEIL\C51\LIB\C51S.LIB (?C?LSUB)
  D:\CCCC2020\TOOL\KEIL\C51\LIB\C51S.LIB (?C?LMUL)
  D:\CCCC2020\TOOL\KEIL\C51\LIB\C51S.LIB (?C?ULDIV)
  D:\CCCC2020\TOOL\KEIL\C51\LIB\C51S.LIB (?C?LNEG)
  D:\CCCC2020\TOOL\KEIL\C51\LIB\C51S.LIB (?C?SLCMP)
  D:\CCCC2020\TOOL\KEIL\C51\LIB\C51S.LIB (?C?ULCMP)
  D:\CCCC2020\TOOL\KEIL\C51\LIB\C51S.LIB (?C?ULSHR)
  D:\CCCC2020\TOOL\KEIL\C51\LIB\C51S.LIB (?C?LSHL)
  D:\CCCC2020\TOOL\KEIL\C51\LIB\C51S.LIB (?C?LLDXDATA)
  D:\CCCC2020\TOOL\KEIL\C51\LIB\C51S.LIB (?C?LLDXDATA0)
  D:\CCCC2020\TOOL\KEIL\C51\LIB\C51S.LIB (?C?LSTXDATA)
  D:\CCCC2020\TOOL\KEIL\C51\LIB\C51S.LIB (?C?LSTKXDATA)
  D:\CCCC2020\TOOL\KEIL\C51\LIB\C51S.LIB (?C?OFFXADD)
  D:\CCCC2020\TOOL\KEIL\C51\LIB\C51S.LIB (?C?PLDIIDATA)
  D:\CCCC2020\TOOL\KEIL\C51\LIB\C51S.LIB (?C?CCASE)


LINK MAP OF MODULE:  .\Objects\HC-MCU-XBR (?C_STARTUP)


            TYPE    BASE      LENGTH    RELOCATION   SEGMENT NAME
            -----------------------------------------------------

            * * * * * * *   D A T A   M E M O R Y   * * * * * * *
BL51 BANKED LINKER/LOCATER V6.22                                                      02/01/2021  13:32:17  PAGE 2


            REG     0000H     0008H     ABSOLUTE     "REG BANK 0"
            DATA    0008H     0045H     UNIT         _DATA_GROUP_
            DATA    004DH     0017H     UNIT         ?DT?SYSTEM
            DATA    0064H     0007H     UNIT         ?DT?HC_MCU_XBR
            DATA    006BH     0002H     UNIT         ?DT?MCU_API
            IDATA   006DH     0004H     UNIT         ?ID?HC_MCU_XBR
            IDATA   0071H     0001H     UNIT         ?STACK

            * * * * * * *  X D A T A   M E M O R Y  * * * * * * *
            XDATA   0000H     0072H     UNIT         ?XD?SYSTEM
            XDATA   0072H     0068H     UNIT         ?XD?HC_MCU_XBR
            XDATA   00DAH     0025H     UNIT         ?XD?PROTOCOL
                    00FFH     FD81H                  *** GAP ***
            XDATA   FE80H     0001H     ABSOLUTE     
                    FE81H     0004H                  *** GAP ***
            XDATA   FE85H     0001H     ABSOLUTE     
                    FE86H     0002H                  *** GAP ***
            XDATA   FE88H     0001H     ABSOLUTE     
            XDATA   FE89H     0001H     ABSOLUTE     
            XDATA   FE8AH     0001H     ABSOLUTE     
                    FE8BH     0006H                  *** GAP ***
            XDATA   FE91H     0001H     ABSOLUTE     
            XDATA   FE92H     0001H     ABSOLUTE     
            XDATA   FE93H     0001H     ABSOLUTE     
            XDATA   FE94H     0001H     ABSOLUTE     
            XDATA   FE95H     0001H     ABSOLUTE     
                    FE96H     0002H                  *** GAP ***
            XDATA   FE98H     0001H     ABSOLUTE     
                    FE99H     0002H                  *** GAP ***
            XDATA   FE9BH     0001H     ABSOLUTE     
                    FE9CH     0004H                  *** GAP ***
            XDATA   FEA0H     0001H     ABSOLUTE     
                    FEA1H     0001H                  *** GAP ***
            XDATA   FEA2H     0001H     ABSOLUTE     
                    FEA3H     0001H                  *** GAP ***
            XDATA   FEA4H     0001H     ABSOLUTE     
            XDATA   FEA5H     0001H     ABSOLUTE     
                    FEA6H     0001H                  *** GAP ***
            XDATA   FEA7H     0001H     ABSOLUTE     
                    FEA8H     0002H                  *** GAP ***
            XDATA   FEAAH     0001H     ABSOLUTE     
                    FEABH     0005H                  *** GAP ***
            XDATA   FEB0H     0001H     ABSOLUTE     
            XDATA   FEB1H     0001H     ABSOLUTE     
            XDATA   FEB2H     0001H     ABSOLUTE     
            XDATA   FEB3H     0001H     ABSOLUTE     
                    FEB4H     0004H                  *** GAP ***
            XDATA   FEB8H     0001H     ABSOLUTE     
            XDATA   FEB9H     0001H     ABSOLUTE     
                    FEBAH     0002H                  *** GAP ***
            XDATA   FEBCH     0001H     ABSOLUTE     
                    FEBDH     0043H                  *** GAP ***
            XDATA   FF00H     0001H     ABSOLUTE     
            XDATA   FF01H     0001H     ABSOLUTE     
            XDATA   FF02H     0001H     ABSOLUTE     
            XDATA   FF03H     0001H     ABSOLUTE     
                    FF04H     0001H                  *** GAP ***
BL51 BANKED LINKER/LOCATER V6.22                                                      02/01/2021  13:32:17  PAGE 3


            XDATA   FF05H     0001H     ABSOLUTE     
                    FF06H     0002H                  *** GAP ***
            XDATA   FF08H     0001H     ABSOLUTE     
                    FF09H     0007H                  *** GAP ***
            XDATA   FF10H     0001H     ABSOLUTE     
            XDATA   FF11H     0001H     ABSOLUTE     
            XDATA   FF12H     0001H     ABSOLUTE     
            XDATA   FF13H     0001H     ABSOLUTE     
                    FF14H     002CH                  *** GAP ***
            XDATA   FF40H     0001H     ABSOLUTE     
            XDATA   FF41H     0001H     ABSOLUTE     
            XDATA   FF42H     0001H     ABSOLUTE     
                    FF43H     003DH                  *** GAP ***
            XDATA   FF80H     0001H     ABSOLUTE     
            XDATA   FF81H     0001H     ABSOLUTE     
                    FF82H     0001H                  *** GAP ***
            XDATA   FF83H     0001H     ABSOLUTE     
            XDATA   FF84H     0001H     ABSOLUTE     
            XDATA   FF85H     0001H     ABSOLUTE     
                    FF86H     0009H                  *** GAP ***
            XDATA   FF8FH     0001H     ABSOLUTE     
            XDATA   FF90H     0001H     ABSOLUTE     
            XDATA   FF91H     0001H     ABSOLUTE     
                    FF92H     0002H                  *** GAP ***
            XDATA   FF94H     0001H     ABSOLUTE     
            XDATA   FF95H     0001H     ABSOLUTE     
                    FF96H     0002H                  *** GAP ***
            XDATA   FF98H     0001H     ABSOLUTE     
            XDATA   FF99H     0001H     ABSOLUTE     
                    FF9AH     0002H                  *** GAP ***
            XDATA   FF9CH     0001H     ABSOLUTE     
                    FF9DH     0003H                  *** GAP ***
            XDATA   FFA0H     0001H     ABSOLUTE     
            XDATA   FFA1H     0001H     ABSOLUTE     
                    FFA2H     0002H                  *** GAP ***
            XDATA   FFA4H     0001H     ABSOLUTE     
            XDATA   FFA5H     0001H     ABSOLUTE     
            XDATA   FFA6H     0001H     ABSOLUTE     
            XDATA   FFA7H     0001H     ABSOLUTE     
            XDATA   FFA8H     0001H     ABSOLUTE     
            XDATA   FFA9H     0001H     ABSOLUTE     

            * * * * * * *   C O D E   M E M O R Y   * * * * * * *
            CODE    0000H     0003H     ABSOLUTE     
            CODE    0003H     0017H     UNIT         ?PR?INITSYS?HC_MCU_XBR
            CODE    001AH     0001H     UNIT         ?PR?TUYA_RETRY_OTA?PROTOCOL
            CODE    001BH     0003H     ABSOLUTE     
            CODE    001EH     0003H     UNIT         ?PR?_UART_TRANSMIT_OUTPUT?PROTOCOL
            CODE    0021H     0001H     UNIT         ?PR?RESET_DEFAULT_PARAMETER?PROTOCOL
            CODE    0022H     0001H     UNIT         ?PR?ZIGBEE_CFG_CMD_HANDLE?SYSTEM
            CODE    0023H     0003H     ABSOLUTE     
            CODE    0026H     06FBH     UNIT         ?C?LIB_CODE
            CODE    0721H     04DBH     UNIT         ?PR?XBRHANDLE?HC_MCU_XBR
            CODE    0BFCH     0208H     UNIT         ?PR?MAIN?HC_MCU_XBR
            CODE    0E04H     01B2H     UNIT         ?PR?_ZIGBEE_TIME_CONVERT?SYSTEM
            CODE    0FB6H     0196H     UNIT         ?PR?ZIGBEE_UART_SERVICE?MCU_API
            CODE    114CH     0171H     UNIT         ?PR?SET_VAR?HC_MCU_XBR
BL51 BANKED LINKER/LOCATER V6.22                                                      02/01/2021  13:32:17  PAGE 4


            CODE    12BDH     0136H     UNIT         ?PR?HC_MCU_XBR
            CODE    13F3H     0126H     UNIT         ?PR?_DATA_HANDLE?SYSTEM
            CODE    1519H     0124H     UNIT         ?C_INITSEG
            CODE    163DH     00FBH     UNIT         ?PR?_RESPONSE_MCU_OTA_NOTIFY_EVENT?SYSTEM
            CODE    1738H     00E8H     UNIT         ?PR?SYSTEM
            CODE    1820H     00E1H     UNIT         ?PR?GO_BOOTLOADER_OTA?PROTOCOL
            CODE    1901H     00C5H     UNIT         ?PR?_MY_MEMCPY?MCU_API
            CODE    19C6H     00C4H     UNIT         ?PR?_DP_DOWNLOAD_HANDLE?PROTOCOL
            CODE    1A8AH     00BEH     UNIT         ?PR?ALL_DATA_UPDATE?PROTOCOL
            CODE    1B48H     00BCH     UNIT         ?PR?_ZIGBEE_TIME_GET_HANDLE?SYSTEM
            CODE    1C04H     00BBH     UNIT         ?PR?TIMER1_RPT?HC_MCU_XBR
            CODE    1CBFH     009BH     UNIT         ?PR?CMD0?SYSTEM
            CODE    1D5AH     0099H     UNIT         ?PR?SAVEVAR?HC_MCU_XBR
            CODE    1DF3H     008CH     UNIT         ?C_C51STARTUP
            CODE    1E7FH     0088H     UNIT         ?PR?PRODUCT_INFO_CMD_HANDLE?SYSTEM
            CODE    1F07H     0078H     UNIT         ?PR?MCU_API
            CODE    1F7FH     0077H     UNIT         ?PR?_ZIGBEE_UART_WRITE_FRAME?SYSTEM
            CODE    1FF6H     0076H     UNIT         ?PR?_DP_DOWNLOAD_CDS_HANDLE?PROTOCOL
            CODE    206CH     0074H     UNIT         ?PR?_PWM3INIT?HC_MCU_XBR
            CODE    20E0H     0074H     UNIT         ?PR?_DP_DOWNLOAD_SENSE_STRESS_HANDLE?PROTOCOL
            CODE    2154H     006FH     UNIT         ?PR?_MCU_DP_VALUE_UPDATE?MCU_API
            CODE    21C3H     005EH     UNIT         ?PR?WAIT1?HC_MCU_XBR
            CODE    2221H     005BH     UNIT         ?PR?WAIT2?HC_MCU_XBR
            CODE    227CH     0050H     UNIT         ?PR?_ZIGBEE_DATA_POINT_HANDLE?SYSTEM
            CODE    22CCH     004BH     UNIT         ?PR?_BYTE_TO_INT?MCU_API
            CODE    2317H     0048H     UNIT         ?PR?_DP_DOWNLOAD_PIR_DELAY_HANDLE?PROTOCOL
            CODE    235FH     0046H     UNIT         ?PR?_DP_DOWNLOAD_FACTORY_OP_HANDLE?PROTOCOL
            CODE    23A5H     0043H     UNIT         ?PR?_MY_STRLEN?MCU_API
            CODE    23E8H     0040H     UNIT         ?PR?_DP_DOWNLOAD_BRIGHT_VALUE_HANDLE?PROTOCOL
            CODE    2428H     003FH     UNIT         ?PR?_DP_DOWNLOAD_SWITCH_LED2_HANDLE?PROTOCOL
            CODE    2467H     003EH     UNIT         ?PR?_DP_DOWNLOAD_STANDBY_TIME_HANDLE?PROTOCOL
            CODE    24A5H     003EH     UNIT         ?PR?GET_CURRENT_MCU_FW_VER?SYSTEM
            CODE    24E3H     003DH     UNIT         ?PR?_READ_AD?HC_MCU_XBR
            CODE    2520H     003BH     UNIT         ?PR?UART1_RPT?HC_MCU_XBR
            CODE    255BH     0038H     UNIT         ?PR?_MCU_DP_BOOL_UPDATE?MCU_API
            CODE    2593H     0036H     UNIT         ?PR?PROTOCOL
            CODE    25C9H     0036H     UNIT         ?PR?QUEUE_READ_BYTE?SYSTEM
            CODE    25FFH     0034H     UNIT         ?PR?_MY_MEMSET?MCU_API
            CODE    2633H     0034H     UNIT         ?PR?_ZIGBEE_UART_WRITE_DATA?SYSTEM
            CODE    2667H     0032H     UNIT         ?PR?_FLASH_READARR?HC_MCU_XBR
            CODE    2699H     0032H     UNIT         ?PR?_UART_RECEIVE_INPUT?MCU_API
            CODE    26CBH     0032H     UNIT         ?PR?_DP_DOWNLOAD_SWITCH_XBR_HANDLE?PROTOCOL
            CODE    26FDH     0031H     UNIT         ?PR?UART1_INIT?HC_MCU_XBR
            CODE    272EH     0031H     UNIT         ?PR?_SET_ZIGBEE_UART_BUFFER?SYSTEM
            CODE    275FH     0030H     UNIT         ?PR?_MCU_DP_ENUM_UPDATE?MCU_API
            CODE    278FH     002DH     UNIT         ?CO?SYSTEM
            CODE    27BCH     002CH     UNIT         ?PR?_DP_DOWNLOAD_SWITCH_LINKAGE_HANDLE?PROTOCOL
            CODE    27E8H     0029H     UNIT         ?PR?_SET_ZIGBEE_STATE?SYSTEM
            CODE    2811H     0028H     UNIT         ?PR?_DELAY_MS?HC_MCU_XBR
            CODE    2839H     0027H     UNIT         ?PR?_FLASH_WRITEDATA?HC_MCU_XBR
            CODE    2860H     0026H     UNIT         ?PR?_GET_CHECK_SUM?SYSTEM
            CODE    2886H     0025H     UNIT         ?PR?_FLASH_ERASEBLOCK?HC_MCU_XBR
            CODE    28ABH     0024H     UNIT         ?PR?_DP_DOWNLOAD_ALL_DAY_MICRO_LIGHT_HANDLE?PROTOCOL
            CODE    28CFH     0020H     UNIT         ?PR?_GET_DOWMLOAD_DPID_INDEX?SYSTEM
            CODE    28EFH     001EH     UNIT         ?PR?TIMER_INIT?HC_MCU_XBR
            CODE    290DH     001EH     UNIT         ?PR?ZIGBEE_OTA_VER_REQ_HANDLE?SYSTEM
            CODE    292BH     001CH     UNIT         ?PR?GPIO_INIT?HC_MCU_XBR
BL51 BANKED LINKER/LOCATER V6.22                                                      02/01/2021  13:32:17  PAGE 5


            CODE    2947H     001BH     UNIT         ?PR?_DELAY_US?HC_MCU_XBR
            CODE    2962H     001BH     UNIT         ?PR?_DP_DOWNLOAD_CLEAR_TRIGGER_NUMBER_HANDLE?PROTOCOL
            CODE    297DH     0017H     UNIT         ?PR?ADC_INIT?HC_MCU_XBR
            CODE    2994H     0016H     UNIT         ?PR?_ASSIC_TO_HEX?SYSTEM
            CODE    29AAH     0015H     UNIT         ?PR?_DP_DOWNLOAD_SWITCH_LED_HANDLE?PROTOCOL
            CODE    29BFH     0014H     UNIT         ?PR?_SET_ZIGBEE_UART_BYTE?SYSTEM
            CODE    29D3H     0013H     UNIT         ?PR?_DP_DOWNLOAD_OTA_RESULT_HANDLE?PROTOCOL
            CODE    29E6H     0012H     UNIT         ?PR?MCU_NETWORK_START?MCU_API
            CODE    29F8H     0012H     UNIT         ?PR?ZIGBEE_PROTOCOL_INIT?MCU_API
            CODE    2A0AH     0011H     UNIT         ?PR?MCU_RESET_ZIGBEE?MCU_API
            CODE    2A1BH     0011H     UNIT         ?PR?IAR_SOFT_RST_NO_OPTION?PROTOCOL
            CODE    2A2CH     0011H     UNIT         ?PR?IAR_SOFT_RST_OPTION?PROTOCOL
            CODE    2A3DH     000EH     UNIT         ?PR?GET_QUEUE_TOTAL_DATA?SYSTEM
            CODE    2A4BH     000BH     UNIT         ?PR?_SEND_DATA?HC_MCU_XBR
            CODE    2A56H     000AH     UNIT         ?PR?_ZIGBEE_STATE_CMD_HANDLE?SYSTEM
            CODE    2A60H     0009H     UNIT         ?PR?_MCU_GET_DP_DOWNLOAD_BOOL?MCU_API
            CODE    2A69H     0009H     UNIT         ?PR?_MCU_GET_DP_DOWNLOAD_ENUM?MCU_API
            CODE    2A72H     0009H     UNIT         ?PR?_MCU_WRITE_RTCTIME?PROTOCOL
            CODE    2A7BH     0009H     UNIT         ?PR?_SEQ_NUM_SET?SYSTEM
            CODE    2A84H     0009H     UNIT         ?PR?SEQ_NUM_GET?SYSTEM
            CODE    2A8DH     0008H     UNIT         ?PR?_MCU_GET_DP_DOWNLOAD_VALUE?MCU_API
            CODE    2A95H     0008H     UNIT         ?PR?CMD1?SYSTEM
            CODE    2A9DH     0006H     UNIT         ?PR?RESET_BT_MODULE?PROTOCOL
            CODE    2AA3H     0003H     UNIT         ?PR?GET_DOWNLOAD_CMD_TOTAL?PROTOCOL
            CODE    2AA6H     0003H     UNIT         ?PR?SOFT_RESET_MCU?PROTOCOL
            CODE    2AA9H     0003H     UNIT         ?PR?TUYA_RE_CONFIG_NETWORK?PROTOCOL
            CODE    2AACH     0003H     UNIT         ?PR?TUYA_RESET_MODULE?PROTOCOL
            CODE    2AAFH     0003H     UNIT         ?PR?_ZIGBEE_DATA_RSP_HANDLE?SYSTEM



OVERLAY MAP OF MODULE:   .\Objects\HC-MCU-XBR (?C_STARTUP)


SEGMENT                                            DATA_GROUP 
  +--> CALLED SEGMENT                            START    LENGTH
----------------------------------------------------------------
?C_C51STARTUP                                    -----    -----
  +--> ?PR?MAIN?HC_MCU_XBR
  +--> ?C_INITSEG

?PR?MAIN?HC_MCU_XBR                              0008H    0001H
  +--> ?PR?ZIGBEE_PROTOCOL_INIT?MCU_API
  +--> ?PR?INITSYS?HC_MCU_XBR
  +--> ?PR?GPIO_INIT?HC_MCU_XBR
  +--> ?PR?TIMER_INIT?HC_MCU_XBR
  +--> ?PR?UART1_INIT?HC_MCU_XBR
  +--> ?PR?ADC_INIT?HC_MCU_XBR
  +--> ?PR?_DELAY_MS?HC_MCU_XBR
  +--> ?PR?HC_MCU_XBR
  +--> ?PR?SET_VAR?HC_MCU_XBR
  +--> ?PR?_PWM3INIT?HC_MCU_XBR
  +--> ?PR?WAIT1?HC_MCU_XBR
  +--> ?PR?WAIT2?HC_MCU_XBR
  +--> ?PR?RESET_BT_MODULE?PROTOCOL
  +--> ?PR?GO_BOOTLOADER_OTA?PROTOCOL
  +--> ?PR?SAVEVAR?HC_MCU_XBR
BL51 BANKED LINKER/LOCATER V6.22                                                      02/01/2021  13:32:17  PAGE 6


  +--> ?PR?_MY_MEMSET?MCU_API
  +--> ?PR?_MCU_DP_ENUM_UPDATE?MCU_API
  +--> ?PR?_MCU_DP_VALUE_UPDATE?MCU_API
  +--> ?PR?ZIGBEE_UART_SERVICE?MCU_API
  +--> ?PR?XBRHANDLE?HC_MCU_XBR

?PR?ZIGBEE_PROTOCOL_INIT?MCU_API                 -----    -----
  +--> ?PR?MCU_API

?PR?ADC_INIT?HC_MCU_XBR                          -----    -----
  +--> ?PR?_DELAY_US?HC_MCU_XBR

?PR?_DELAY_US?HC_MCU_XBR                         -----    -----
  +--> ?PR?_FLASH_WRITEDATA?HC_MCU_XBR

?PR?HC_MCU_XBR                                   -----    -----
  +--> ?PR?_DELAY_US?HC_MCU_XBR
  +--> ?PR?_READ_AD?HC_MCU_XBR
  +--> ?PR?_FLASH_ERASEBLOCK?HC_MCU_XBR

?PR?_READ_AD?HC_MCU_XBR                          -----    -----
  +--> ?PR?_DELAY_US?HC_MCU_XBR

?PR?SET_VAR?HC_MCU_XBR                           -----    -----
  +--> ?PR?_FLASH_READARR?HC_MCU_XBR
  +--> ?PR?HC_MCU_XBR
  +--> ?PR?_FLASH_ERASEBLOCK?HC_MCU_XBR
  +--> ?PR?_DELAY_US?HC_MCU_XBR
  +--> ?PR?_FLASH_WRITEDATA?HC_MCU_XBR
  +--> ?PR?RESET_BT_MODULE?PROTOCOL

?PR?_FLASH_READARR?HC_MCU_XBR                    0009H    0005H

?PR?RESET_BT_MODULE?PROTOCOL                     -----    -----
  +--> ?PR?MCU_NETWORK_START?MCU_API

?PR?MCU_NETWORK_START?MCU_API                    -----    -----
  +--> ?PR?_SET_ZIGBEE_UART_BYTE?SYSTEM
  +--> ?PR?_ZIGBEE_UART_WRITE_FRAME?SYSTEM

?PR?_ZIGBEE_UART_WRITE_FRAME?SYSTEM              002CH    0002H
  +--> ?PR?SEQ_NUM_GET?SYSTEM
  +--> ?PR?_SEQ_NUM_SET?SYSTEM
  +--> ?PR?_GET_CHECK_SUM?SYSTEM
  +--> ?PR?_ZIGBEE_UART_WRITE_DATA?SYSTEM

?PR?_GET_CHECK_SUM?SYSTEM                        002EH    0005H
  +--> ?PR?SYSTEM

?PR?_ZIGBEE_UART_WRITE_DATA?SYSTEM               002EH    0003H
  +--> ?PR?_UART_TRANSMIT_OUTPUT?PROTOCOL

?PR?_UART_TRANSMIT_OUTPUT?PROTOCOL               -----    -----
  +--> ?PR?_SEND_DATA?HC_MCU_XBR

?PR?_PWM3INIT?HC_MCU_XBR                         000BH    0004H

BL51 BANKED LINKER/LOCATER V6.22                                                      02/01/2021  13:32:17  PAGE 7


?PR?WAIT1?HC_MCU_XBR                             0009H    0002H
  +--> ?PR?HC_MCU_XBR
  +--> ?PR?_DELAY_MS?HC_MCU_XBR

?PR?WAIT2?HC_MCU_XBR                             0009H    0005H
  +--> ?PR?HC_MCU_XBR

?PR?GO_BOOTLOADER_OTA?PROTOCOL                   -----    -----
  +--> ?PR?_FLASH_ERASEBLOCK?HC_MCU_XBR
  +--> ?PR?_DELAY_US?HC_MCU_XBR
  +--> ?PR?_FLASH_WRITEDATA?HC_MCU_XBR
  +--> ?PR?IAR_SOFT_RST_OPTION?PROTOCOL

?PR?SAVEVAR?HC_MCU_XBR                           -----    -----
  +--> ?PR?HC_MCU_XBR
  +--> ?PR?_FLASH_WRITEDATA?HC_MCU_XBR
  +--> ?PR?_DELAY_US?HC_MCU_XBR

?PR?_MY_MEMSET?MCU_API                           0036H    0009H
  +--> ?PR?MCU_API

?PR?_MCU_DP_ENUM_UPDATE?MCU_API                  0024H    0001H
  +--> ?PR?MCU_API
  +--> ?PR?_SET_ZIGBEE_UART_BYTE?SYSTEM
  +--> ?PR?_ZIGBEE_UART_WRITE_FRAME?SYSTEM

?PR?_MCU_DP_VALUE_UPDATE?MCU_API                 0027H    0005H
  +--> ?PR?MCU_API
  +--> ?PR?_SET_ZIGBEE_UART_BYTE?SYSTEM
  +--> ?PR?_ZIGBEE_UART_WRITE_FRAME?SYSTEM

?PR?ZIGBEE_UART_SERVICE?MCU_API                  0009H    0008H
  +--> ?PR?GET_QUEUE_TOTAL_DATA?SYSTEM
  +--> ?PR?QUEUE_READ_BYTE?SYSTEM
  +--> ?PR?MCU_API
  +--> ?PR?_GET_CHECK_SUM?SYSTEM
  +--> ?PR?_DATA_HANDLE?SYSTEM
  +--> ?PR?_MY_MEMCPY?MCU_API

?PR?GET_QUEUE_TOTAL_DATA?SYSTEM                  -----    -----
  +--> ?PR?ZIGBEE_PROTOCOL_INIT?MCU_API

?PR?QUEUE_READ_BYTE?SYSTEM                       -----    -----
  +--> ?PR?SYSTEM

?PR?_DATA_HANDLE?SYSTEM                          0011H    0008H
  +--> ?PR?_SEQ_NUM_SET?SYSTEM
  +--> ?PR?SYSTEM
  +--> ?PR?_SET_ZIGBEE_STATE?SYSTEM
  +--> ?PR?CMD0?SYSTEM
  +--> ?PR?CMD1?SYSTEM
  +--> ?PR?PRODUCT_INFO_CMD_HANDLE?SYSTEM
  +--> ?PR?_ZIGBEE_STATE_CMD_HANDLE?SYSTEM
  +--> ?PR?ZIGBEE_CFG_CMD_HANDLE?SYSTEM
  +--> ?PR?_ZIGBEE_DATA_POINT_HANDLE?SYSTEM
  +--> ?PR?SAVEVAR?HC_MCU_XBR
  +--> ?PR?_ZIGBEE_DATA_RSP_HANDLE?SYSTEM
BL51 BANKED LINKER/LOCATER V6.22                                                      02/01/2021  13:32:17  PAGE 8


  +--> ?PR?ZIGBEE_OTA_VER_REQ_HANDLE?SYSTEM
  +--> ?PR?_RESPONSE_MCU_OTA_NOTIFY_EVENT?SY...
  +--> ?PR?_ZIGBEE_TIME_GET_HANDLE?SYSTEM

?PR?_SET_ZIGBEE_STATE?SYSTEM                     -----    -----
  +--> ?PR?ALL_DATA_UPDATE?PROTOCOL
  +--> ?PR?SAVEVAR?HC_MCU_XBR

?PR?ALL_DATA_UPDATE?PROTOCOL                     0019H    0001H
  +--> ?PR?_MCU_DP_BOOL_UPDATE?MCU_API
  +--> ?PR?PROTOCOL
  +--> ?PR?_MCU_DP_VALUE_UPDATE?MCU_API
  +--> ?PR?_MCU_DP_ENUM_UPDATE?MCU_API

?PR?_MCU_DP_BOOL_UPDATE?MCU_API                  0024H    0001H
  +--> ?PR?MCU_API
  +--> ?PR?_SET_ZIGBEE_UART_BYTE?SYSTEM
  +--> ?PR?_ZIGBEE_UART_WRITE_FRAME?SYSTEM

?PR?CMD0?SYSTEM                                  -----    -----
  +--> ?PR?_SET_ZIGBEE_UART_BYTE?SYSTEM
  +--> ?PR?SYSTEM
  +--> ?PR?_ZIGBEE_UART_WRITE_FRAME?SYSTEM

?PR?CMD1?SYSTEM                                  -----    -----
  +--> ?PR?_ZIGBEE_UART_WRITE_FRAME?SYSTEM

?PR?PRODUCT_INFO_CMD_HANDLE?SYSTEM               0019H    0001H
  +--> ?CO?SYSTEM
  +--> ?PR?_SET_ZIGBEE_UART_BUFFER?SYSTEM
  +--> ?PR?_MY_STRLEN?MCU_API
  +--> ?PR?_ZIGBEE_UART_WRITE_FRAME?SYSTEM

?PR?_SET_ZIGBEE_UART_BUFFER?SYSTEM               001AH    0007H
  +--> ?PR?_MY_MEMCPY?MCU_API

?PR?_MY_MEMCPY?MCU_API                           0021H    0010H
  +--> ?PR?MCU_API

?PR?_MY_STRLEN?MCU_API                           001AH    0007H
  +--> ?PR?MCU_API

?PR?_ZIGBEE_STATE_CMD_HANDLE?SYSTEM              0019H    0001H
  +--> ?PR?_ZIGBEE_UART_WRITE_FRAME?SYSTEM

?PR?_ZIGBEE_DATA_POINT_HANDLE?SYSTEM             0019H    0003H
  +--> ?PR?_GET_DOWMLOAD_DPID_INDEX?SYSTEM
  +--> ?PR?_DP_DOWNLOAD_HANDLE?PROTOCOL

?PR?_GET_DOWMLOAD_DPID_INDEX?SYSTEM              -----    -----
  +--> ?PR?GET_DOWNLOAD_CMD_TOTAL?PROTOCOL

?PR?_DP_DOWNLOAD_HANDLE?PROTOCOL                 001CH    0007H
  +--> ?PR?PROTOCOL
  +--> ?PR?_DP_DOWNLOAD_SWITCH_LED_HANDLE?PR...
  +--> ?PR?_DP_DOWNLOAD_BRIGHT_VALUE_HANDLE?...
  +--> ?PR?_DP_DOWNLOAD_CDS_HANDLE?PROTOCOL
BL51 BANKED LINKER/LOCATER V6.22                                                      02/01/2021  13:32:17  PAGE 9


  +--> ?PR?_DP_DOWNLOAD_PIR_DELAY_HANDLE?PRO...
  +--> ?PR?_DP_DOWNLOAD_SWITCH_XBR_HANDLE?PR...
  +--> ?PR?_DP_DOWNLOAD_STANDBY_TIME_HANDLE?...
  +--> ?PR?_DP_DOWNLOAD_SENSE_STRESS_HANDLE?...
  +--> ?PR?_DP_DOWNLOAD_SWITCH_LED2_HANDLE?P...
  +--> ?PR?_DP_DOWNLOAD_SWITCH_LINKAGE_HANDL...
  +--> ?PR?_DP_DOWNLOAD_ALL_DAY_MICRO_LIGHT_...
  +--> ?PR?_DP_DOWNLOAD_CLEAR_TRIGGER_NUMBER...
  +--> ?PR?_DP_DOWNLOAD_FACTORY_OP_HANDLE?PR...
  +--> ?PR?_DP_DOWNLOAD_OTA_RESULT_HANDLE?PR...

?PR?_DP_DOWNLOAD_SWITCH_LED_HANDLE?PR...         0023H    0001H
  +--> ?PR?_MCU_GET_DP_DOWNLOAD_BOOL?MCU_API
  +--> ?PR?_MCU_DP_BOOL_UPDATE?MCU_API

?PR?_MCU_GET_DP_DOWNLOAD_BOOL?MCU_API            0024H    0002H

?PR?_DP_DOWNLOAD_BRIGHT_VALUE_HANDLE?...         0023H    0004H
  +--> ?PR?_MCU_GET_DP_DOWNLOAD_VALUE?MCU_API
  +--> ?PR?PROTOCOL
  +--> ?PR?SAVEVAR?HC_MCU_XBR
  +--> ?PR?_MCU_DP_VALUE_UPDATE?MCU_API

?PR?_MCU_GET_DP_DOWNLOAD_VALUE?MCU_API           0027H    0002H
  +--> ?PR?_BYTE_TO_INT?MCU_API

?PR?_BYTE_TO_INT?MCU_API                         0029H    0004H
  +--> ?PR?MCU_API

?PR?_DP_DOWNLOAD_CDS_HANDLE?PROTOCOL             -----    -----
  +--> ?PR?_MCU_GET_DP_DOWNLOAD_ENUM?MCU_API
  +--> ?PR?SAVEVAR?HC_MCU_XBR
  +--> ?PR?_MCU_DP_ENUM_UPDATE?MCU_API

?PR?_MCU_GET_DP_DOWNLOAD_ENUM?MCU_API            0024H    0002H

?PR?_DP_DOWNLOAD_PIR_DELAY_HANDLE?PRO...         0023H    0004H
  +--> ?PR?_MCU_GET_DP_DOWNLOAD_VALUE?MCU_API
  +--> ?PR?SAVEVAR?HC_MCU_XBR
  +--> ?PR?PROTOCOL
  +--> ?PR?_MCU_DP_VALUE_UPDATE?MCU_API

?PR?_DP_DOWNLOAD_SWITCH_XBR_HANDLE?PR...         -----    -----
  +--> ?PR?_MCU_GET_DP_DOWNLOAD_BOOL?MCU_API
  +--> ?PR?SAVEVAR?HC_MCU_XBR
  +--> ?PR?_MCU_DP_BOOL_UPDATE?MCU_API

?PR?_DP_DOWNLOAD_STANDBY_TIME_HANDLE?...         0023H    0004H
  +--> ?PR?_MCU_GET_DP_DOWNLOAD_VALUE?MCU_API
  +--> ?PR?PROTOCOL
  +--> ?PR?SAVEVAR?HC_MCU_XBR
  +--> ?PR?_MCU_DP_VALUE_UPDATE?MCU_API

?PR?_DP_DOWNLOAD_SENSE_STRESS_HANDLE?...         0023H    0004H
  +--> ?PR?_MCU_GET_DP_DOWNLOAD_VALUE?MCU_API
  +--> ?PR?SAVEVAR?HC_MCU_XBR
  +--> ?PR?_MCU_DP_VALUE_UPDATE?MCU_API
BL51 BANKED LINKER/LOCATER V6.22                                                      02/01/2021  13:32:17  PAGE 10



?PR?_DP_DOWNLOAD_SWITCH_LED2_HANDLE?P...         -----    -----
  +--> ?PR?_MCU_GET_DP_DOWNLOAD_BOOL?MCU_API
  +--> ?PR?_MCU_DP_BOOL_UPDATE?MCU_API

?PR?_DP_DOWNLOAD_SWITCH_LINKAGE_HANDL...         -----    -----
  +--> ?PR?_MCU_GET_DP_DOWNLOAD_BOOL?MCU_API
  +--> ?PR?_MCU_DP_BOOL_UPDATE?MCU_API

?PR?_DP_DOWNLOAD_ALL_DAY_MICRO_LIGHT_...         -----    -----
  +--> ?PR?_MCU_GET_DP_DOWNLOAD_BOOL?MCU_API
  +--> ?PR?_MCU_DP_BOOL_UPDATE?MCU_API

?PR?_DP_DOWNLOAD_CLEAR_TRIGGER_NUMBER...         -----    -----
  +--> ?PR?_MCU_GET_DP_DOWNLOAD_BOOL?MCU_API
  +--> ?PR?PROTOCOL
  +--> ?PR?_MCU_DP_VALUE_UPDATE?MCU_API

?PR?_DP_DOWNLOAD_FACTORY_OP_HANDLE?PR...         0023H    0001H
  +--> ?PR?_MCU_GET_DP_DOWNLOAD_ENUM?MCU_API
  +--> ?PR?SOFT_RESET_MCU?PROTOCOL
  +--> ?PR?GO_BOOTLOADER_OTA?PROTOCOL
  +--> ?PR?TUYA_RE_CONFIG_NETWORK?PROTOCOL
  +--> ?PR?TUYA_RESET_MODULE?PROTOCOL
  +--> ?PR?TUYA_RETRY_OTA?PROTOCOL
  +--> ?PR?RESET_DEFAULT_PARAMETER?PROTOCOL
  +--> ?PR?_MCU_DP_ENUM_UPDATE?MCU_API

?PR?SOFT_RESET_MCU?PROTOCOL                      -----    -----
  +--> ?PR?IAR_SOFT_RST_NO_OPTION?PROTOCOL

?PR?TUYA_RE_CONFIG_NETWORK?PROTOCOL              -----    -----
  +--> ?PR?MCU_NETWORK_START?MCU_API

?PR?TUYA_RESET_MODULE?PROTOCOL                   -----    -----
  +--> ?PR?MCU_RESET_ZIGBEE?MCU_API

?PR?MCU_RESET_ZIGBEE?MCU_API                     -----    -----
  +--> ?PR?_SET_ZIGBEE_UART_BYTE?SYSTEM
  +--> ?PR?_ZIGBEE_UART_WRITE_FRAME?SYSTEM

?PR?_DP_DOWNLOAD_OTA_RESULT_HANDLE?PR...         -----    -----
  +--> ?PR?_MCU_GET_DP_DOWNLOAD_ENUM?MCU_API
  +--> ?PR?_MCU_DP_ENUM_UPDATE?MCU_API

?PR?_ZIGBEE_DATA_RSP_HANDLE?SYSTEM               0019H    0001H

?PR?ZIGBEE_OTA_VER_REQ_HANDLE?SYSTEM             0019H    0002H
  +--> ?PR?GET_CURRENT_MCU_FW_VER?SYSTEM
  +--> ?PR?_SET_ZIGBEE_UART_BYTE?SYSTEM
  +--> ?PR?_ZIGBEE_UART_WRITE_FRAME?SYSTEM

?PR?GET_CURRENT_MCU_FW_VER?SYSTEM                001BH    0004H
  +--> ?CO?SYSTEM
  +--> ?PR?_ASSIC_TO_HEX?SYSTEM
  +--> ?PR?SYSTEM

BL51 BANKED LINKER/LOCATER V6.22                                                      02/01/2021  13:32:17  PAGE 11


?PR?_RESPONSE_MCU_OTA_NOTIFY_EVENT?SY...         0019H    0005H
  +--> ?PR?_MY_MEMSET?MCU_API
  +--> ?PR?GO_BOOTLOADER_OTA?PROTOCOL

?PR?_ZIGBEE_TIME_GET_HANDLE?SYSTEM               0019H    001DH
  +--> ?PR?_MY_MEMSET?MCU_API
  +--> ?PR?SYSTEM
  +--> ?PR?_ZIGBEE_TIME_CONVERT?SYSTEM
  +--> ?PR?_MCU_WRITE_RTCTIME?PROTOCOL

?PR?_ZIGBEE_TIME_CONVERT?SYSTEM                  0036H    0017H
  +--> ?PR?SYSTEM
  +--> ?CO?SYSTEM

?PR?_MCU_WRITE_RTCTIME?PROTOCOL                  0036H    0004H

?PR?XBRHANDLE?HC_MCU_XBR                         0009H    0002H
  +--> ?PR?HC_MCU_XBR
  +--> ?PR?_PWM3INIT?HC_MCU_XBR
  +--> ?PR?_DELAY_MS?HC_MCU_XBR

*** NEW ROOT ***************************************************

?PR?TIMER1_RPT?HC_MCU_XBR                        -----    -----
  +--> ?PR?HC_MCU_XBR

*** NEW ROOT ***************************************************

?PR?UART1_RPT?HC_MCU_XBR                         -----    -----
  +--> ?PR?_UART_RECEIVE_INPUT?MCU_API

?PR?_UART_RECEIVE_INPUT?MCU_API                  -----    -----
  +--> ?PR?MCU_API



SYMBOL TABLE OF MODULE:  .\Objects\HC-MCU-XBR (?C_STARTUP)

  VALUE           TYPE          NAME
  ----------------------------------

  -------         MODULE        ?C_STARTUP
  C:1DF3H         SEGMENT       ?C_C51STARTUP
  I:0071H         SEGMENT       ?STACK
  C:0000H         PUBLIC        ?C_STARTUP
  D:00E0H         SYMBOL        ACC
  D:00F0H         SYMBOL        B
  D:0083H         SYMBOL        DPH
  D:0082H         SYMBOL        DPL
  N:0000H         SYMBOL        IBPSTACK
  N:0100H         SYMBOL        IBPSTACKTOP
  N:0080H         SYMBOL        IDATALEN
  C:1DF6H         SYMBOL        IDATALOOP
  N:0000H         SYMBOL        PBPSTACK
  N:0100H         SYMBOL        PBPSTACKTOP
  N:0000H         SYMBOL        PDATALEN
  N:0000H         SYMBOL        PDATASTART
BL51 BANKED LINKER/LOCATER V6.22                                                      02/01/2021  13:32:17  PAGE 12


  N:0000H         SYMBOL        PPAGE
  N:0000H         SYMBOL        PPAGEENABLE
  D:00A0H         SYMBOL        PPAGE_SFR
  D:0081H         SYMBOL        SP
  C:1DF3H         SYMBOL        STARTUP1
  N:0000H         SYMBOL        XBPSTACK
  N:0000H         SYMBOL        XBPSTACKTOP
  N:0000H         SYMBOL        XDATALEN
  N:0000H         SYMBOL        XDATASTART
  C:0000H         LINE#         126
  C:1DF3H         LINE#         133
  C:1DF5H         LINE#         134
  C:1DF6H         LINE#         135
  C:1DF7H         LINE#         136
  C:1DF9H         LINE#         185
  C:1DFCH         LINE#         196
  -------         ENDMOD        ?C_STARTUP

  -------         MODULE        HC_MCU_XBR
  C:0000H         SYMBOL        _ICE_DUMMY_
  X:FF08H         PUBLIC        P1M0
  X:FF01H         PUBLIC        P0M1
  X:0072H         PUBLIC        Light_on_flagpre
  X:FF10H         PUBLIC        P2M0
  X:FF02H         PUBLIC        P0M2
  D:0080H         PUBLIC        P0
  X:FF11H         PUBLIC        P2M1
  X:FF03H         PUBLIC        P0M3
  D:0090H         PUBLIC        P1
  X:FF12H         PUBLIC        P2M2
  D:00A0H         PUBLIC        P2
  X:0073H         PUBLIC        check_light_times
  X:FF13H         PUBLIC        P2M3
  X:0074H         PUBLIC        radar_number_send_flag
  X:0075H         PUBLIC        lowlight1minflag
  X:0076H         PUBLIC        light_status_xxx_last
  B:00A8H.7       PUBLIC        EA
  C:2520H         PUBLIC        UART1_Rpt
  X:0077H         PUBLIC        radar_number_count
  X:FE94H         PUBLIC        XTALCFG
  X:0079H         PUBLIC        SUM1_counter
  D:00A8H         PUBLIC        IE
  B:0080H.0       PUBLIC        P0_0
  D:00FCH         PUBLIC        IAP_CMD
  X:007AH         PUBLIC        guc_Read_a1
  D:00F8H         PUBLIC        RSTFR
  B:0080H.4       PUBLIC        P0_4
  X:007CH         PUBLIC        lowlight1mincount
  X:007EH         PUBLIC        alarm_times
  X:FF91H         PUBLIC        PWM01_MAP
  C:0003H         PUBLIC        InitSYS
  X:007FH         PUBLIC        LIGHT_off
  X:FF95H         PUBLIC        PWM11_MAP
  X:FF99H         PUBLIC        PWM21_MAP
  X:FE89H         PUBLIC        S2CON2
  D:00B6H         PUBLIC        ADCR
  X:0081H         PUBLIC        TH
BL51 BANKED LINKER/LOCATER V6.22                                                      02/01/2021  13:32:17  PAGE 13


  X:FEA2H         PUBLIC        CRCC
  X:FE85H         PUBLIC        T5CON1
  X:0085H         PUBLIC        all_day_micro_light_enable
  X:FFA5H         PUBLIC        SCK_MAP
  X:0086H         PUBLIC        SWITCHflag2
  X:0087H         PUBLIC        times
  X:0089H         PUBLIC        SUM0
  C:0BFCH         PUBLIC        main
  C:292BH         PUBLIC        GPIO_Init
  X:008DH         PUBLIC        SUM1
  X:FEA4H         PUBLIC        BORC
  X:0091H         PUBLIC        SUM2
  C:2A4BH         PUBLIC        _send_data
  X:0095H         PUBLIC        SWITCHfXBR
  D:00BBH         PUBLIC        LVDC
  X:0096H         PUBLIC        radar_trig_times
  X:FFA1H         PUBLIC        RXD_MAP
  X:FEA5H         PUBLIC        BORDBC
  X:FFA0H         PUBLIC        TXD_MAP
  X:FEA7H         PUBLIC        LVDDBC
  D:0099H         PUBLIC        SBUF
  X:FEB8H         PUBLIC        PINTE0
  C:2811H         PUBLIC        _Delay_ms
  C:2886H         PUBLIC        _Flash_EraseBlock
  X:0098H         PUBLIC        lowlightDELAY_NUM
  X:0099H         PUBLIC        MAX_DELTA
  X:FEB9H         PUBLIC        PINTE1
  D:00BDH         PUBLIC        WDTC
  X:009DH         PUBLIC        zigbee_join_cnt
  D:0098H         PUBLIC        SCON
  D:0089H         PUBLIC        TMOD
  D:0088H         PUBLIC        TCON
  X:009EH         PUBLIC        Light_on_flag
  X:009FH         PUBLIC        radar_number_send_flag2
  X:00A0H         PUBLIC        start_times
  X:FE95H         PUBLIC        SPOV_RSTEN
  C:2950H         PUBLIC        _Delay_us
  X:00A2H         PUBLIC        Linkage_flag
  X:00A3H         PUBLIC        lightvalue
  D:00B4H         PUBLIC        ADCC0
  C:0721H         PUBLIC        XBRHandle
  D:00B5H         PUBLIC        ADCC1
  X:FE9BH         PUBLIC        ADCC2
  C:297DH         PUBLIC        ADC_Init
  X:FE91H         PUBLIC        CLKDIV
  D:00B8H         PUBLIC        IE1
  X:00A4H         PUBLIC        person_in_range_flag
  X:00A5H         PUBLIC        light_ad
  D:0064H         PUBLIC        upload_disable
  X:00A6H         PUBLIC        DELAY_NUM
  X:00A8H         PUBLIC        radar_trig_times_last
  X:FF80H         PUBLIC        T0_MAP
  C:24E3H         PUBLIC        _read_ad
  X:FF81H         PUBLIC        T1_MAP
  X:FEAAH         PUBLIC        RSTDBC
  X:00AAH         PUBLIC        resetbtcnt
  X:FF83H         PUBLIC        T3_MAP
BL51 BANKED LINKER/LOCATER V6.22                                                      02/01/2021  13:32:17  PAGE 14


  X:FF84H         PUBLIC        T4_MAP
  X:FF85H         PUBLIC        T5_MAP
  D:0065H         PUBLIC        Timer_Counter
  X:FEA0H         PUBLIC        WDTCCR
  D:0069H         PUBLIC        while_1flag
  D:006AH         PUBLIC        while_2flag
  C:1C04H         PUBLIC        TIMER1_Rpt
  D:008CH         PUBLIC        TH0
  D:008DH         PUBLIC        TH1
  X:00ABH         PUBLIC        stop_times
  X:00ACH         PUBLIC        XRBoffbrightvalue
  D:00CEH         PUBLIC        TH4
  D:008AH         PUBLIC        TL0
  D:008BH         PUBLIC        TL1
  X:FE93H         PUBLIC        CLKOUT
  D:00CDH         PUBLIC        TL4
  D:00FBH         PUBLIC        IAP_DATA
  X:00ADH         PUBLIC        SUM10
  X:00B1H         PUBLIC        SUM01
  D:00F9H         PUBLIC        IAP_ADDR
  X:00B5H         PUBLIC        person_in_range_flag_last
  X:00B6H         PUBLIC        SUM0_num
  D:008EH         PUBLIC        CLKSWR
  X:00B7H         PUBLIC        SUM1_num
  C:2839H         PUBLIC        _FLASH_WriteData
  X:00B8H         PUBLIC        slowchcnt
  X:00B9H         PUBLIC        calc_average_times
  I:006DH         PUBLIC        light1sflag
  X:00BAH         PUBLIC        switchcnt
  X:00BBH         PUBLIC        SUM16
  C:206CH         PUBLIC        _PWM3init
  X:00BFH         PUBLIC        average
  X:00C1H         PUBLIC        guc_Read_a
  X:FFA9H         PUBLIC        RXD2_MAP
  X:00CDH         PUBLIC        ALL_SUM1
  X:FFA8H         PUBLIC        TXD2_MAP
  X:FE98H         PUBLIC        ADCWC
  X:FE8AH         PUBLIC        S2BUF
  X:FF90H         PUBLIC        PWM0_MAP
  C:26FDH         PUBLIC        UART1_Init
  X:FFA4H         PUBLIC        SS_MAP
  X:FF94H         PUBLIC        PWM1_MAP
  X:FF98H         PUBLIC        PWM2_MAP
  X:FE88H         PUBLIC        S2CON
  X:FE80H         PUBLIC        TCON1
  D:009EH         PUBLIC        SCON2
  X:FF9CH         PUBLIC        PWM3_MAP
  C:21C3H         PUBLIC        wait1
  C:2221H         PUBLIC        wait2
  X:FF8FH         PUBLIC        CLKO_MAP
  X:FEBCH         PUBLIC        INT01_PINS
  D:00CCH         PUBLIC        T4CON
  X:FE92H         PUBLIC        FREQ_CLK
  D:00DDH         PUBLIC        PWM3C
  D:00DFH         PUBLIC        PWM3D
  I:006FH         PUBLIC        light1scount
  X:00D1H         PUBLIC        light_status_xxx
BL51 BANKED LINKER/LOCATER V6.22                                                      02/01/2021  13:32:17  PAGE 15


  X:00D2H         PUBLIC        light_ad0
  X:FEB0H         PUBLIC        PITS0
  X:FF05H         PUBLIC        P0LPU
  X:FEB1H         PUBLIC        PITS1
  X:FEB2H         PUBLIC        PITS2
  X:FEB3H         PUBLIC        PITS3
  X:00D3H         PUBLIC        SUM
  C:2667H         PUBLIC        _Flash_ReadArr
  X:00D7H         PUBLIC        LIGHT_TH
  C:114CH         PUBLIC        set_var
  X:FFA7H         PUBLIC        MISO_MAP
  X:FFA6H         PUBLIC        MOSI_MAP
  D:00DEH         PUBLIC        PWM3P
  X:00D8H         PUBLIC        LIGHT
  C:28EFH         PUBLIC        Timer_Init
  X:FF40H         PUBLIC        P00DBC
  D:00D0H         PUBLIC        PSW
  X:FF41H         PUBLIC        P01DBC
  C:1D5AH         PUBLIC        savevar
  X:FF42H         PUBLIC        P02DBC
  X:FF00H         PUBLIC        P0M0
  C:12BDH         SYMBOL        Com00C0
  C:12BDH         SYMBOL        L?0193
  C:12CBH         SYMBOL        L?0194
  C:12D2H         SYMBOL        L?0197
  C:12D2H         SYMBOL        L?0198
  C:12F2H         SYMBOL        L?0199
  C:1307H         SYMBOL        L?0200
  C:130DH         SYMBOL        L?0201
  C:130DH         SYMBOL        L?0202
  C:1310H         SYMBOL        L?0203
  C:1317H         SYMBOL        L?0204
  C:1317H         SYMBOL        L?0205
  C:131AH         SYMBOL        L?0206
  C:131DH         SYMBOL        L?0207
  C:1323H         SYMBOL        L?0208
  C:1330H         SYMBOL        L?0209
  C:133BH         SYMBOL        L?0210
  C:1345H         SYMBOL        L?0211
  C:134BH         SYMBOL        L?0212
  C:134BH         SYMBOL        L?0213
  C:134EH         SYMBOL        L?0214
  C:1357H         SYMBOL        L?0215
  C:1357H         SYMBOL        L?0216
  C:1365H         SYMBOL        L?0217
  C:1365H         SYMBOL        L?0218
  C:1366H         SYMBOL        L?0219
  C:136CH         SYMBOL        L?0220
  C:1372H         SYMBOL        L?0221
  C:1378H         SYMBOL        L?0222
  C:1378H         SYMBOL        L?0223
  C:137FH         SYMBOL        L?0224
  C:137FH         SYMBOL        L?0225
  C:1385H         SYMBOL        L?0226
  C:1385H         SYMBOL        L?0227
  C:138BH         SYMBOL        L?0228
  C:1399H         SYMBOL        L?0229
BL51 BANKED LINKER/LOCATER V6.22                                                      02/01/2021  13:32:17  PAGE 16


  C:13A7H         SYMBOL        L?0230
  C:13B3H         SYMBOL        L?0231
  C:13B4H         SYMBOL        L?0232
  C:13BAH         SYMBOL        L?0233
  C:13BAH         SYMBOL        L?0234
  C:13C0H         SYMBOL        L?0235
  C:13CAH         SYMBOL        L?0236
  C:13D4H         SYMBOL        L?0237
  C:13D4H         SYMBOL        L?0238
  C:13DAH         SYMBOL        L?0239
  C:13E3H         SYMBOL        L?0240
  C:13E3H         SYMBOL        L?0241
  C:13E9H         SYMBOL        L?0242
  -------         PROC          COM00C0
  -------         ENDPROC       COM00C0
  -------         PROC          _FLASH_READARR
  D:0009H         SYMBOL        fui_Address
  D:0005H         SYMBOL        fuc_Length
  D:000BH         SYMBOL        fucp_SaveArr
  C:2667H         LINE#         111
  C:2671H         LINE#         112
  C:2671H         LINE#         113
  C:2677H         LINE#         114
  C:2698H         LINE#         115
  -------         ENDPROC       _FLASH_READARR
  -------         PROC          _DELAY_MS
  D:0082H         SYMBOL        t
  C:2811H         LINE#         117
  C:2815H         LINE#         118
  C:2815H         LINE#         119
  C:281EH         LINE#         120
  C:2833H         LINE#         121
  C:2833H         LINE#         122
  C:2836H         LINE#         123
  C:2838H         LINE#         124
  -------         ENDPROC       _DELAY_MS
  C:2949H         SYMBOL        L?0196
  -------         PROC          L?0195
  -------         ENDPROC       L?0195
  C:2949H         SYMBOL        L?0196
  -------         PROC          _DELAY_US
  D:0006H         SYMBOL        q1
  -------         DO            
  D:0004H         SYMBOL        j
  -------         ENDDO         
  C:2950H         LINE#         126
  C:2950H         LINE#         127
  C:2950H         LINE#         129
  C:295AH         LINE#         130
  C:295AH         LINE#         132
  C:2961H         LINE#         133
  -------         ENDPROC       _DELAY_US
  -------         PROC          INITSYS
  C:0003H         LINE#         141
  C:0003H         LINE#         142
  C:0003H         LINE#         145
  C:0006H         LINE#         146
BL51 BANKED LINKER/LOCATER V6.22                                                      02/01/2021  13:32:17  PAGE 17


  C:000CH         LINE#         147
  C:0010H         LINE#         155
  C:0013H         LINE#         156
  C:0019H         LINE#         158
  -------         ENDPROC       INITSYS
  -------         PROC          TIMER_INIT
  C:28EFH         LINE#         166
  C:28EFH         LINE#         167
  C:28EFH         LINE#         169
  C:28F4H         LINE#         170
  C:28F7H         LINE#         182
  C:28FAH         LINE#         183
  C:28FDH         LINE#         184
  C:2900H         LINE#         185
  C:2903H         LINE#         187
  C:2906H         LINE#         188
  C:2909H         LINE#         190
  C:290CH         LINE#         191
  -------         ENDPROC       TIMER_INIT
  -------         PROC          UART1_INIT
  C:26FDH         LINE#         199
  C:26FDH         LINE#         200
  C:26FDH         LINE#         202
  C:2706H         LINE#         203
  C:270FH         LINE#         204
  C:2711H         LINE#         205
  C:2717H         LINE#         206
  C:271BH         LINE#         207
  C:271EH         LINE#         223
  C:2721H         LINE#         224
  C:2724H         LINE#         225
  C:2727H         LINE#         226
  C:272AH         LINE#         227
  C:272DH         LINE#         229
  -------         ENDPROC       UART1_INIT
  -------         PROC          ADC_INIT
  C:297DH         LINE#         237
  C:297DH         LINE#         238
  C:297DH         LINE#         240
  C:2980H         LINE#         241
  C:2983H         LINE#         242
  C:298AH         LINE#         253
  C:298DH         LINE#         256
  C:2993H         LINE#         257
  -------         ENDPROC       ADC_INIT
  -------         PROC          GPIO_INIT
  C:292BH         LINE#         265
  C:292BH         LINE#         266
  C:292BH         LINE#         306
  C:2934H         LINE#         308
  C:293DH         LINE#         310
  C:2946H         LINE#         345
  -------         ENDPROC       GPIO_INIT
  -------         PROC          _SEND_DATA
  D:0007H         SYMBOL        d
  C:2A4BH         LINE#         347
  C:2A4BH         LINE#         348
BL51 BANKED LINKER/LOCATER V6.22                                                      02/01/2021  13:32:17  PAGE 18


  C:2A4BH         LINE#         349
  C:2A4DH         LINE#         350
  C:2A52H         LINE#         352
  C:2A55H         LINE#         353
  -------         ENDPROC       _SEND_DATA
  -------         PROC          _READ_AD
  D:0007H         SYMBOL        ch
  -------         DO            
  D:0001H         SYMBOL        i
  D:0002H         SYMBOL        ad_sum
  -------         ENDDO         
  C:24E3H         LINE#         356
  C:24E3H         LINE#         357
  C:24E3H         LINE#         361
  C:24E5H         LINE#         362
  C:24E8H         LINE#         363
  C:24EDH         LINE#         365
  C:24F0H         LINE#         367
  C:24F3H         LINE#         369
  C:24F6H         LINE#         371
  C:24F7H         LINE#         372
  C:24F7H         LINE#         373
  C:24FAH         LINE#         374
  C:24FFH         LINE#         376
  C:2502H         LINE#         377
  C:250AH         LINE#         379
  C:2511H         LINE#         380
  C:2515H         LINE#         391
  C:2518H         LINE#         394
  C:251AH         LINE#         396
  C:251DH         LINE#         397
  C:251FH         LINE#         398
  -------         ENDPROC       _READ_AD
  -------         PROC          SET_VAR
  C:114CH         LINE#         400
  C:114CH         LINE#         401
  C:114CH         LINE#         403
  C:115BH         LINE#         405
  C:1167H         LINE#         406
  C:1172H         LINE#         407
  C:1187H         LINE#         408
  C:1197H         LINE#         409
  C:11B6H         LINE#         410
  C:11C0H         LINE#         412
  C:11C8H         LINE#         414
  C:11CAH         LINE#         415
  C:11CCH         LINE#         416
  C:11D3H         LINE#         417
  C:11D6H         LINE#         419
  C:11E3H         LINE#         420
  C:11ECH         LINE#         421
  C:11FAH         LINE#         422
  C:120EH         LINE#         423
  C:1217H         LINE#         426
  C:121FH         LINE#         428
  C:1223H         LINE#         430
  C:122BH         LINE#         431
BL51 BANKED LINKER/LOCATER V6.22                                                      02/01/2021  13:32:17  PAGE 19


  C:1233H         LINE#         432
  C:1239H         LINE#         434
  C:1244H         LINE#         436
  C:124EH         LINE#         438
  C:1258H         LINE#         440
  C:1262H         LINE#         442
  C:1271H         LINE#         443
  C:1279H         LINE#         444
  C:1281H         LINE#         446
  C:1288H         LINE#         447
  C:128FH         LINE#         449
  C:1295H         LINE#         451
  C:129EH         LINE#         452
  C:12A1H         LINE#         454
  C:12A7H         LINE#         455
  C:12A7H         LINE#         456
  C:12AAH         LINE#         457
  C:12AAH         LINE#         458
  C:12B2H         LINE#         459
  C:12B2H         LINE#         460
  C:12B9H         LINE#         461
  C:12BCH         LINE#         462
  C:12BCH         LINE#         463
  -------         ENDPROC       SET_VAR
  -------         PROC          XBRHANDLE
  -------         DO            
  D:0009H         SYMBOL        k
  -------         ENDDO         
  C:0721H         LINE#         465
  C:0721H         LINE#         466
  C:0721H         LINE#         469
  C:0728H         LINE#         470
  C:0728H         LINE#         482
  C:072BH         LINE#         483
  C:0730H         LINE#         485
  C:0733H         LINE#         486
  C:0739H         LINE#         488
  C:073FH         LINE#         490
  C:0749H         LINE#         493
  C:0759H         LINE#         494
  C:0759H         LINE#         495
  C:0764H         LINE#         496
  C:0766H         LINE#         498
  C:0766H         LINE#         499
  C:0771H         LINE#         500
  C:0771H         LINE#         501
  C:0787H         LINE#         503
  C:0793H         LINE#         504
  C:0793H         LINE#         505
  C:0798H         LINE#         506
  C:0798H         LINE#         520
  C:079EH         LINE#         522
  C:079FH         LINE#         523
  C:07A1H         LINE#         524
  C:07ADH         LINE#         525
  C:07ADH         LINE#         535
  C:07B0H         LINE#         537
BL51 BANKED LINKER/LOCATER V6.22                                                      02/01/2021  13:32:17  PAGE 20


  C:07B3H         LINE#         538
  C:07B3H         LINE#         539
  C:07B3H         LINE#         541
  C:07BFH         LINE#         542
  C:07BFH         LINE#         544
  C:07C2H         LINE#         546
  C:07C6H         LINE#         548
  C:07CBH         LINE#         550
  C:07DAH         LINE#         552
  C:07E3H         LINE#         553
  C:07E3H         LINE#         554
  C:07E4H         LINE#         556
  C:07F2H         LINE#         558
  C:07FEH         LINE#         559
  C:0809H         LINE#         560
  C:0813H         LINE#         561
  C:0813H         LINE#         563
  C:081CH         LINE#         564
  C:081CH         LINE#         565
  C:081FH         LINE#         566
  C:0821H         LINE#         568
  C:0821H         LINE#         569
  C:082BH         LINE#         570
  C:082BH         LINE#         581
  C:082BH         LINE#         584
  C:084CH         LINE#         585
  C:0854H         LINE#         587
  C:085CH         LINE#         589
  C:0861H         LINE#         590
  C:0861H         LINE#         591
  C:0861H         LINE#         593
  C:086EH         LINE#         594
  C:086EH         LINE#         595
  C:087EH         LINE#         596
  C:0897H         LINE#         597
  C:08A1H         LINE#         598
  C:08A1H         LINE#         600
  C:08A7H         LINE#         601
  C:08A7H         LINE#         602
  C:08B0H         LINE#         603
  C:08BAH         LINE#         605
  C:08BAH         LINE#         607
  C:08DFH         LINE#         608
  C:08DFH         LINE#         609
  C:08E5H         LINE#         610
  C:08F1H         LINE#         611
  C:090AH         LINE#         612
  C:0918H         LINE#         613
  C:0927H         LINE#         614
  C:0931H         LINE#         615
  C:0940H         LINE#         616
  C:094AH         LINE#         618
  C:0955H         LINE#         619
  C:0955H         LINE#         620
  C:0964H         LINE#         621
  C:0974H         LINE#         622
  C:097CH         LINE#         623
BL51 BANKED LINKER/LOCATER V6.22                                                      02/01/2021  13:32:17  PAGE 21


  C:098EH         LINE#         624
  C:0993H         LINE#         629
  C:0993H         LINE#         630
  C:0999H         LINE#         631
  C:0999H         LINE#         633
  C:09A9H         LINE#         634
  C:09A9H         LINE#         635
  C:09B4H         LINE#         636
  C:09B4H         LINE#         637
  C:09BDH         LINE#         638
  C:09C2H         LINE#         639
  C:09CDH         LINE#         640
  C:09CDH         LINE#         641
  C:09CDH         LINE#         642
  C:09D9H         LINE#         643
  C:09D9H         LINE#         644
  C:09D9H         LINE#         645
  C:09D9H         LINE#         646
  C:09D9H         LINE#         647
  C:09DCH         LINE#         649
  C:09E4H         LINE#         650
  C:09E4H         LINE#         658
  C:09EFH         LINE#         659
  C:09EFH         LINE#         660
  C:09FBH         LINE#         662
  C:0A18H         LINE#         664
  C:0A18H         LINE#         665
  C:0A20H         LINE#         666
  C:0A20H         LINE#         667
  C:0A20H         LINE#         668
  C:0A20H         LINE#         669
  C:0A22H         LINE#         671
  C:0A22H         LINE#         672
  C:0A32H         LINE#         673
  C:0A3AH         LINE#         674
  C:0A4DH         LINE#         675
  C:0A52H         LINE#         677
  C:0A55H         LINE#         678
  C:0A5AH         LINE#         679
  C:0A5AH         LINE#         680
  C:0A5AH         LINE#         681
  C:0A66H         LINE#         682
  C:0A66H         LINE#         683
  C:0A66H         LINE#         684
  C:0A66H         LINE#         685
  C:0A66H         LINE#         692
  C:0A6BH         LINE#         693
  C:0A6BH         LINE#         694
  C:0A6CH         LINE#         695
  C:0A6CH         LINE#         696
  C:0A6CH         LINE#         697
  C:0A6CH         LINE#         698
  C:0A6EH         LINE#         700
  C:0A6EH         LINE#         701
  C:0A73H         LINE#         702
  C:0A7DH         LINE#         703
  C:0A7DH         LINE#         705
BL51 BANKED LINKER/LOCATER V6.22                                                      02/01/2021  13:32:17  PAGE 22


  C:0A86H         LINE#         706
  C:0A86H         LINE#         707
  C:0A89H         LINE#         708
  C:0AB3H         LINE#         709
  C:0AB9H         LINE#         710
  C:0ABCH         LINE#         712
  C:0ABCH         LINE#         714
  C:0AC1H         LINE#         715
  C:0AC1H         LINE#         716
  C:0AC8H         LINE#         718
  C:0ACDH         LINE#         719
  C:0ACDH         LINE#         727
  C:0ADDH         LINE#         728
  C:0ADDH         LINE#         729
  C:0AE7H         LINE#         730
  C:0AE9H         LINE#         732
  C:0AE9H         LINE#         733
  C:0AF2H         LINE#         734
  C:0B02H         LINE#         735
  C:0B02H         LINE#         736
  C:0B18H         LINE#         737
  C:0B18H         LINE#         739
  C:0B18H         LINE#         740
  C:0B18H         LINE#         742
  C:0B18H         LINE#         748
  C:0B18H         LINE#         749
  C:0B18H         LINE#         751
  C:0B29H         LINE#         752
  C:0B29H         LINE#         757
  C:0B3BH         LINE#         758
  C:0B3BH         LINE#         766
  C:0B3BH         LINE#         767
  C:0B45H         LINE#         768
  C:0B4EH         LINE#         769
  C:0B56H         LINE#         770
  C:0B5AH         LINE#         789
  C:0B60H         LINE#         791
  C:0B66H         LINE#         793
  C:0B6CH         LINE#         794
  C:0B73H         LINE#         795
  C:0B78H         LINE#         796
  C:0B7DH         LINE#         798
  C:0B7DH         LINE#         799
  C:0B7DH         LINE#         800
  C:0B7DH         LINE#         801
  C:0B7DH         LINE#         803
  C:0B86H         LINE#         812
  C:0B90H         LINE#         813
  C:0B9AH         LINE#         815
  C:0BAAH         LINE#         816
  C:0BAAH         LINE#         827
  C:0BB9H         LINE#         828
  C:0BB9H         LINE#         829
  C:0BC0H         LINE#         830
  C:0BC3H         LINE#         831
  C:0BC7H         LINE#         832
  C:0BCBH         LINE#         835
BL51 BANKED LINKER/LOCATER V6.22                                                      02/01/2021  13:32:17  PAGE 23


  C:0BCBH         LINE#         836
  C:0BCBH         LINE#         837
  C:0BCBH         LINE#         838
  C:0BCCH         LINE#         840
  C:0BCCH         LINE#         841
  C:0BD4H         LINE#         842
  C:0BD7H         LINE#         852
  C:0BDDH         LINE#         853
  C:0BE1H         LINE#         857
  C:0BE7H         LINE#         863
  C:0BF1H         LINE#         864
  C:0BF1H         LINE#         865
  C:0BF1H         LINE#         867
  C:0BF1H         LINE#         869
  C:0BF1H         LINE#         871
  C:0BF1H         LINE#         872
  C:0BFBH         LINE#         876
  C:0BFBH         LINE#         877
  -------         ENDPROC       XBRHANDLE
  -------         PROC          WAIT1
  -------         DO            
  D:0009H         SYMBOL        i
  D:000AH         SYMBOL        j
  -------         ENDDO         
  C:21C3H         LINE#         879
  C:21C3H         LINE#         880
  C:21C3H         LINE#         884
  C:21C6H         LINE#         885
  C:21C6H         LINE#         886
  C:21C6H         LINE#         887
  C:21D0H         LINE#         905
  C:21D3H         LINE#         906
  C:21D3H         LINE#         908
  C:21D6H         LINE#         909
  C:21DBH         LINE#         911
  C:21DEH         LINE#         914
  C:21E8H         LINE#         915
  C:21EFH         LINE#         934
  C:21F6H         LINE#         938
  C:2203H         LINE#         939
  C:2216H         LINE#         940
  C:2216H         LINE#         942
  C:2218H         LINE#         944
  C:221FH         LINE#         945
  C:2220H         LINE#         947
  -------         ENDPROC       WAIT1
  -------         PROC          WAIT2
  -------         DO            
  D:0009H         SYMBOL        i
  D:000AH         SYMBOL        k
  D:000CH         SYMBOL        t
  -------         ENDDO         
  C:2221H         LINE#         948
  C:2221H         LINE#         949
  C:2221H         LINE#         954
  C:222BH         LINE#         956
  C:222EH         LINE#         957
BL51 BANKED LINKER/LOCATER V6.22                                                      02/01/2021  13:32:17  PAGE 24


  C:222EH         LINE#         958
  C:2233H         LINE#         959
  C:2233H         LINE#         970
  C:2236H         LINE#         971
  C:223BH         LINE#         973
  C:223EH         LINE#         974
  C:2244H         LINE#         976
  C:224EH         LINE#         977
  C:225EH         LINE#         978
  C:2261H         LINE#         979
  C:2268H         LINE#         981
  C:227BH         LINE#         987
  -------         ENDPROC       WAIT2
  -------         PROC          _PWM3INIT
  D:0007H         SYMBOL        ab
  -------         DO            
  D:000BH         SYMBOL        i11
  D:0006H         SYMBOL        j11
  -------         ENDDO         
  C:206CH         LINE#         989
  C:206CH         LINE#         990
  C:206CH         LINE#         994
  C:206FH         LINE#         995
  C:206FH         LINE#         996
  C:2073H         LINE#         997
  C:2073H         LINE#         998
  C:2075H         LINE#         999
  C:2078H         LINE#         1000
  C:2078H         LINE#         1001
  C:207DH         LINE#         1002
  C:2082H         LINE#         1003
  C:2084H         LINE#         1005
  C:2084H         LINE#         1006
  C:208AH         LINE#         1007
  C:208FH         LINE#         1008
  C:208FH         LINE#         1010
  C:2092H         LINE#         1011
  C:2092H         LINE#         1012
  C:2094H         LINE#         1013
  C:2096H         LINE#         1015
  C:2096H         LINE#         1016
  C:20B9H         LINE#         1017
  C:20CFH         LINE#         1018
  C:20CFH         LINE#         1033
  C:20D5H         LINE#         1051
  C:20D8H         LINE#         1058
  C:20DAH         LINE#         1059
  C:20DDH         LINE#         1061
  C:20DFH         LINE#         1062
  -------         ENDPROC       _PWM3INIT
  -------         PROC          MAIN
  -------         DO            
  D:0008H         SYMBOL        i
  -------         ENDDO         
  C:0BFCH         LINE#         1072
  C:0BFCH         LINE#         1073
  C:0BFCH         LINE#         1075
BL51 BANKED LINKER/LOCATER V6.22                                                      02/01/2021  13:32:17  PAGE 25


  C:0BFFH         LINE#         1076
  C:0C02H         LINE#         1077
  C:0C05H         LINE#         1081
  C:0C08H         LINE#         1082
  C:0C0BH         LINE#         1083
  C:0C0EH         LINE#         1085
  C:0C11H         LINE#         1089
  C:0C17H         LINE#         1090
  C:0C1AH         LINE#         1092
  C:0C1CH         LINE#         1094
  C:0C23H         LINE#         1110
  C:0C23H         LINE#         1113
  C:0C27H         LINE#         1115
  C:0C29H         LINE#         1116
  C:0C2CH         LINE#         1118
  C:0C31H         LINE#         1120
  C:0C33H         LINE#         1122
  C:0C36H         LINE#         1124
  C:0C39H         LINE#         1126
  C:0C3CH         LINE#         1129
  C:0C43H         LINE#         1131
  C:0C46H         LINE#         1133
  C:0C50H         LINE#         1135
  C:0C53H         LINE#         1137
  C:0C5CH         LINE#         1138
  C:0C5CH         LINE#         1139
  C:0C5FH         LINE#         1140
  C:0C68H         LINE#         1141
  C:0C68H         LINE#         1142
  C:0C6BH         LINE#         1143
  C:0C6BH         LINE#         1144
  C:0C70H         LINE#         1145
  C:0C72H         LINE#         1147
  C:0C72H         LINE#         1148
  C:0C75H         LINE#         1149
  C:0C75H         LINE#         1151
  C:0C86H         LINE#         1153
  C:0C86H         LINE#         1154
  C:0C86H         LINE#         1155
  C:0C8DH         LINE#         1156
  C:0C8DH         LINE#         1157
  C:0C9AH         LINE#         1158
  C:0C9AH         LINE#         1159
  C:0C9FH         LINE#         1160
  C:0CA7H         LINE#         1161
  C:0CA7H         LINE#         1163
  C:0CB4H         LINE#         1164
  C:0CB4H         LINE#         1165
  C:0CB9H         LINE#         1166
  C:0CC1H         LINE#         1167
  C:0CC1H         LINE#         1169
  C:0CC9H         LINE#         1170
  C:0CC9H         LINE#         1171
  C:0CD0H         LINE#         1172
  C:0CD0H         LINE#         1173
  C:0CD5H         LINE#         1174
  C:0CD9H         LINE#         1175
BL51 BANKED LINKER/LOCATER V6.22                                                      02/01/2021  13:32:17  PAGE 26


  C:0CEDH         LINE#         1176
  C:0CEDH         LINE#         1177
  C:0CFBH         LINE#         1178
  C:0D0AH         LINE#         1179
  C:0D0AH         LINE#         1180
  C:0D0AH         LINE#         1181
  C:0D0AH         LINE#         1182
  C:0D0AH         LINE#         1184
  C:0D0DH         LINE#         1186
  C:0D11H         LINE#         1187
  C:0D11H         LINE#         1188
  C:0D19H         LINE#         1189
  C:0D1CH         LINE#         1190
  C:0D1CH         LINE#         1192
  C:0D27H         LINE#         1193
  C:0D27H         LINE#         1194
  C:0D2BH         LINE#         1195
  C:0D2BH         LINE#         1196
  C:0D2DH         LINE#         1198
  C:0D30H         LINE#         1199
  C:0D30H         LINE#         1201
  C:0D3AH         LINE#         1202
  C:0D3AH         LINE#         1203
  C:0D3AH         LINE#         1205
  C:0D3AH         LINE#         1207
  C:0D3AH         LINE#         1209
  C:0D3AH         LINE#         1210
  C:0D44H         LINE#         1211
  C:0D44H         LINE#         1213
  C:0D47H         LINE#         1215
  C:0D56H         LINE#         1216
  C:0D56H         LINE#         1217
  C:0D5DH         LINE#         1218
  C:0D5DH         LINE#         1219
  C:0D5FH         LINE#         1220
  C:0D65H         LINE#         1221
  C:0D78H         LINE#         1222
  C:0D78H         LINE#         1223
  C:0D7CH         LINE#         1224
  C:0D84H         LINE#         1225
  C:0D84H         LINE#         1227
  C:0D84H         LINE#         1229
  C:0D84H         LINE#         1230
  C:0D89H         LINE#         1231
  C:0D89H         LINE#         1232
  C:0D89H         LINE#         1233
  C:0D89H         LINE#         1234
  C:0D89H         LINE#         1235
  C:0D8EH         LINE#         1236
  C:0D8EH         LINE#         1237
  C:0D97H         LINE#         1238
  C:0D97H         LINE#         1239
  C:0D9AH         LINE#         1240
  C:0D9DH         LINE#         1247
  C:0D9DH         LINE#         1248
  C:0D9DH         LINE#         1251
  C:0DA8H         LINE#         1252
BL51 BANKED LINKER/LOCATER V6.22                                                      02/01/2021  13:32:17  PAGE 27


  C:0DA8H         LINE#         1253
  C:0DB7H         LINE#         1254
  C:0DB7H         LINE#         1255
  C:0DB9H         LINE#         1256
  C:0DC1H         LINE#         1258
  C:0DCEH         LINE#         1259
  C:0DCEH         LINE#         1262
  C:0DD2H         LINE#         1263
  C:0DD2H         LINE#         1264
  C:0DD2H         LINE#         1265
  C:0DD2H         LINE#         1267
  C:0DD2H         LINE#         1268
  C:0DD5H         LINE#         1269
  C:0DDBH         LINE#         1270
  C:0DDBH         LINE#         1271
  C:0DDFH         LINE#         1272
  C:0DE2H         LINE#         1274
  C:0DE2H         LINE#         1275
  C:0DEAH         LINE#         1277
  C:0DEDH         LINE#         1279
  C:0DEDH         LINE#         1282
  C:0DF7H         LINE#         1283
  C:0DF7H         LINE#         1284
  C:0DF7H         LINE#         1286
  C:0DF7H         LINE#         1288
  C:0DF7H         LINE#         1290
  C:0DF7H         LINE#         1291
  C:0E01H         LINE#         1292
  C:0E01H         LINE#         1293
  C:0E01H         LINE#         1294
  -------         ENDPROC       MAIN
  -------         PROC          TIMER1_RPT
  C:1C04H         LINE#         1303
  C:1C21H         LINE#         1306
  C:1C3DH         LINE#         1308
  C:1C43H         LINE#         1309
  C:1C5AH         LINE#         1310
  C:1C5AH         LINE#         1311
  C:1C61H         LINE#         1312
  C:1C66H         LINE#         1313
  C:1C66H         LINE#         1314
  C:1C6EH         LINE#         1315
  C:1C7AH         LINE#         1316
  C:1C7AH         LINE#         1318
  C:1C7FH         LINE#         1319
  C:1C86H         LINE#         1320
  C:1C86H         LINE#         1321
  C:1C8CH         LINE#         1322
  C:1C9BH         LINE#         1323
  C:1C9BH         LINE#         1324
  C:1C9FH         LINE#         1325
  C:1CA4H         LINE#         1326
  C:1CA4H         LINE#         1327
  -------         ENDPROC       TIMER1_RPT
  -------         PROC          UART1_RPT
  -------         DO            
  D:0007H         SYMBOL        i
BL51 BANKED LINKER/LOCATER V6.22                                                      02/01/2021  13:32:17  PAGE 28


  -------         ENDDO         
  C:2520H         LINE#         1336
  C:2537H         LINE#         1341
  C:253CH         LINE#         1342
  C:253CH         LINE#         1343
  C:253EH         LINE#         1344
  C:2541H         LINE#         1345
  C:2544H         LINE#         1346
  C:2546H         LINE#         1347
  C:2546H         LINE#         1348
  -------         ENDPROC       UART1_RPT
  -------         PROC          _FLASH_ERASEBLOCK
  D:0006H         SYMBOL        fui_Address
  C:2886H         LINE#         1350
  C:2886H         LINE#         1351
  C:2886H         LINE#         1352
  C:2886H         LINE#         1353
  C:2886H         LINE#         1354
  C:2889H         LINE#         1355
  C:288BH         LINE#         1356
  C:2890H         LINE#         1357
  C:2890H         LINE#         1359
  C:2892H         LINE#         1360
  C:2894H         LINE#         1361
  C:289AH         LINE#         1362
  C:289EH         LINE#         1363
  C:28A4H         LINE#         1364
  C:28AAH         LINE#         1366
  -------         ENDPROC       _FLASH_ERASEBLOCK
  -------         PROC          _FLASH_WRITEDATA
  D:0007H         SYMBOL        fuc_SaveData
  D:0004H         SYMBOL        fui_Address
  C:2839H         LINE#         1376
  C:2839H         LINE#         1377
  C:2839H         LINE#         1378
  C:2839H         LINE#         1379
  C:2839H         LINE#         1380
  C:283CH         LINE#         1381
  C:283EH         LINE#         1382
  C:2843H         LINE#         1383
  C:2843H         LINE#         1385
  C:2845H         LINE#         1386
  C:2847H         LINE#         1387
  C:2849H         LINE#         1388
  C:284FH         LINE#         1389
  C:2853H         LINE#         1390
  C:2859H         LINE#         1391
  C:285FH         LINE#         1393
  -------         ENDPROC       _FLASH_WRITEDATA
  -------         PROC          SAVEVAR
  -------         DO            
  D:0007H         SYMBOL        i
  -------         ENDDO         
  C:1D5AH         LINE#         1428
  C:1D5AH         LINE#         1429
  C:1D5AH         LINE#         1431
  C:1D5CH         LINE#         1432
BL51 BANKED LINKER/LOCATER V6.22                                                      02/01/2021  13:32:17  PAGE 29


  C:1D5FH         LINE#         1434
  C:1D6AH         LINE#         1435
  C:1D71H         LINE#         1436
  C:1D75H         LINE#         1438
  C:1D7BH         LINE#         1439
  C:1D82H         LINE#         1440
  C:1D85H         LINE#         1442
  C:1D88H         LINE#         1443
  C:1D8AH         LINE#         1444
  C:1D8DH         LINE#         1446
  C:1D90H         LINE#         1447
  C:1D92H         LINE#         1448
  C:1D95H         LINE#         1449
  C:1D98H         LINE#         1450
  C:1D9AH         LINE#         1451
  C:1D9DH         LINE#         1453
  C:1DA2H         LINE#         1454
  C:1DA4H         LINE#         1455
  C:1DA7H         LINE#         1457
  C:1DACH         LINE#         1458
  C:1DAEH         LINE#         1459
  C:1DB1H         LINE#         1461
  C:1DB7H         LINE#         1462
  C:1DB9H         LINE#         1463
  C:1DBCH         LINE#         1465
  C:1DC1H         LINE#         1466
  C:1DC3H         LINE#         1467
  C:1DC6H         LINE#         1469
  C:1DCBH         LINE#         1470
  C:1DCDH         LINE#         1471
  C:1DD0H         LINE#         1473
  C:1DD5H         LINE#         1474
  C:1DD7H         LINE#         1475
  C:1DDAH         LINE#         1479
  C:1DDCH         LINE#         1480
  C:1DE2H         LINE#         1481
  C:1DEBH         LINE#         1482
  C:1DF0H         LINE#         1484
  C:1DF2H         LINE#         1486
  -------         ENDPROC       SAVEVAR
  -------         ENDMOD        HC_MCU_XBR

  -------         MODULE        MCU_API
  C:0000H         SYMBOL        _ICE_DUMMY_
  C:2699H         PUBLIC        _uart_receive_input
  C:2A0AH         PUBLIC        mcu_reset_zigbee
  C:22CCH         PUBLIC        _byte_to_int
  C:29E6H         PUBLIC        mcu_network_start
  C:1901H         PUBLIC        _my_memcpy
  C:25FFH         PUBLIC        _my_memset
  C:2A8DH         PUBLIC        _mcu_get_dp_download_value
  C:23A5H         PUBLIC        _my_strlen
  C:2154H         PUBLIC        _mcu_dp_value_update
  C:29F8H         PUBLIC        zigbee_protocol_init
  C:2A60H         PUBLIC        _mcu_get_dp_download_bool
  C:0FB6H         PUBLIC        zigbee_uart_service
  C:255BH         PUBLIC        _mcu_dp_bool_update
BL51 BANKED LINKER/LOCATER V6.22                                                      02/01/2021  13:32:17  PAGE 30


  C:2A69H         PUBLIC        _mcu_get_dp_download_enum
  C:275FH         PUBLIC        _mcu_dp_enum_update
  C:1F07H         SYMBOL        Com0048
  C:1F07H         SYMBOL        L?0073
  C:1F20H         SYMBOL        L?0074
  C:1F25H         SYMBOL        L?0075
  C:1F2CH         SYMBOL        L?0076
  C:1F3AH         SYMBOL        L?0077
  C:1F3AH         SYMBOL        L?0078
  C:1F43H         SYMBOL        L?0079
  C:1F50H         SYMBOL        L?0081
  C:1F50H         SYMBOL        L?0082
  C:1F57H         SYMBOL        L?0084
  C:1F61H         SYMBOL        L?0085
  C:1F6BH         SYMBOL        L?0086
  C:1F75H         SYMBOL        L?0087
  -------         PROC          COM0048
  -------         ENDPROC       COM0048
  -------         PROC          _MY_STRLEN
  D:001AH         SYMBOL        str
  -------         DO            
  D:001DH         SYMBOL        len
  -------         ENDDO         
  C:23A5H         LINE#         47
  C:23ABH         LINE#         48
  C:23ABH         LINE#         49
  C:23AEH         LINE#         50
  C:23B3H         LINE#         51
  C:23B3H         LINE#         52
  C:23B8H         LINE#         53
  C:23B8H         LINE#         55
  C:23C5H         LINE#         56
  C:23C5H         LINE#         57
  C:23DDH         LINE#         58
  C:23DFH         LINE#         60
  C:23E7H         LINE#         61
  -------         ENDPROC       _MY_STRLEN
  -------         PROC          _MY_MEMSET
  D:0036H         SYMBOL        src
  D:0005H         SYMBOL        ch
  D:003AH         SYMBOL        count
  -------         DO            
  D:003CH         SYMBOL        tmp
  -------         ENDDO         
  C:25FFH         LINE#         70
  C:2605H         LINE#         71
  C:2605H         LINE#         72
  C:260BH         LINE#         74
  C:2610H         LINE#         75
  C:2610H         LINE#         76
  C:2614H         LINE#         77
  C:2614H         LINE#         79
  C:2621H         LINE#         80
  C:2621H         LINE#         81
  C:262AH         LINE#         82
  C:262CH         LINE#         84
  C:2632H         LINE#         85
BL51 BANKED LINKER/LOCATER V6.22                                                      02/01/2021  13:32:17  PAGE 31


  -------         ENDPROC       _MY_MEMSET
  -------         PROC          _MY_MEMCPY
  D:0021H         SYMBOL        dest
  D:0024H         SYMBOL        src
  D:0027H         SYMBOL        count
  -------         DO            
  D:0029H         SYMBOL        pdest
  D:002CH         SYMBOL        psrc
  D:002FH         SYMBOL        i
  -------         ENDDO         
  C:1901H         LINE#         94
  C:1907H         LINE#         95
  C:1907H         LINE#         96
  C:190DH         LINE#         97
  C:1916H         LINE#         100
  C:1923H         LINE#         101
  C:1923H         LINE#         102
  C:192AH         LINE#         103
  C:192AH         LINE#         105
  C:1954H         LINE#         106
  C:1954H         LINE#         107
  C:1964H         LINE#         108
  C:1964H         LINE#         109
  C:197CH         LINE#         110
  C:1986H         LINE#         111
  C:1986H         LINE#         113
  C:1986H         LINE#         114
  C:1997H         LINE#         115
  C:1997H         LINE#         116
  C:19B5H         LINE#         117
  C:19BFH         LINE#         118
  C:19BFH         LINE#         120
  C:19C5H         LINE#         121
  -------         ENDPROC       _MY_MEMCPY
  -------         PROC          _BYTE_TO_INT
  D:0001H         SYMBOL        value
  -------         DO            
  D:0029H         SYMBOL        nubmer
  -------         ENDDO         
  C:22CCH         LINE#         174
  C:22CCH         LINE#         175
  C:22CCH         LINE#         176
  C:22D5H         LINE#         178
  C:22E2H         LINE#         179
  C:22EDH         LINE#         180
  C:22F0H         LINE#         181
  C:22F5H         LINE#         182
  C:22F8H         LINE#         183
  C:22FDH         LINE#         184
  C:2315H         LINE#         186
  C:2316H         LINE#         187
  -------         ENDPROC       _BYTE_TO_INT
  -------         PROC          MCU_RESET_ZIGBEE
  -------         DO            
  D:0004H         SYMBOL        length
  -------         ENDDO         
  C:2A0AH         LINE#         196
BL51 BANKED LINKER/LOCATER V6.22                                                      02/01/2021  13:32:17  PAGE 32


  C:2A0AH         LINE#         197
  C:2A0AH         LINE#         198
  C:2A0DH         LINE#         200
  C:2A16H         LINE#         201
  -------         ENDPROC       MCU_RESET_ZIGBEE
  -------         PROC          MCU_NETWORK_START
  -------         DO            
  D:0004H         SYMBOL        length
  -------         ENDDO         
  C:29E6H         LINE#         211
  C:29E6H         LINE#         212
  C:29E6H         LINE#         213
  C:29E9H         LINE#         215
  C:29F3H         LINE#         216
  -------         ENDPROC       MCU_NETWORK_START
  C:2586H         SYMBOL        L?0080
  -------         PROC          _MCU_DP_BOOL_UPDATE
  D:0003H         SYMBOL        dpid
  D:0024H         SYMBOL        value
  -------         DO            
  D:0004H         SYMBOL        length
  -------         ENDDO         
  C:255BH         LINE#         250
  C:255DH         LINE#         251
  C:255DH         LINE#         252
  C:255DH         LINE#         254
  C:2560H         LINE#         255
  C:2563H         LINE#         257
  C:2565H         LINE#         258
  C:256AH         LINE#         260
  C:256EH         LINE#         261
  C:256EH         LINE#         262
  C:256FH         LINE#         263
  C:2571H         LINE#         265
  C:2571H         LINE#         266
  C:257EH         LINE#         267
  C:257EH         LINE#         269
  C:2583H         LINE#         271
  C:2585H         LINE#         272
  -------         ENDPROC       _MCU_DP_BOOL_UPDATE
  -------         PROC          _MCU_DP_VALUE_UPDATE
  D:0003H         SYMBOL        dpid
  D:0028H         SYMBOL        value
  -------         DO            
  D:0004H         SYMBOL        length
  -------         ENDDO         
  C:2154H         LINE#         280
  C:2154H         LINE#         281
  C:2154H         LINE#         282
  C:2154H         LINE#         284
  C:215CH         LINE#         285
  C:2163H         LINE#         287
  C:216AH         LINE#         288
  C:216FH         LINE#         290
  C:217FH         LINE#         291
  C:218FH         LINE#         292
  C:21ABH         LINE#         293
BL51 BANKED LINKER/LOCATER V6.22                                                      02/01/2021  13:32:17  PAGE 33


[...]
  C:0F1EH         LINE#         295
  C:0F28H         LINE#         296
  C:0F28H         LINE#         297
  C:0F2EH         LINE#         298
  C:0F2EH         LINE#         299
  C:0F46H         LINE#         300
  C:0F48H         LINE#         302
  C:0F48H         LINE#         303
  C:0F4FH         LINE#         304
  C:0F4FH         LINE#         305
  C:0F59H         LINE#         306
  C:0F5EH         LINE#         307
  C:0F61H         LINE#         308
  C:0F61H         LINE#         309
  C:0F61H         LINE#         310
  C:0F61H         LINE#         313
  C:0F7BH         LINE#         314
BL51 BANKED LINKER/LOCATER V6.22                                                      02/01/2021  13:32:17  PAGE 53


  C:0F7BH         LINE#         315
  C:0F95H         LINE#         316
  C:0FA2H         LINE#         317
  C:0FADH         LINE#         318
  C:0FB5H         LINE#         319
  C:0FB5H         LINE#         320
  -------         ENDPROC       _ZIGBEE_TIME_CONVERT
  C:1EE7H         SYMBOL        L?0110
  C:1EF7H         SYMBOL        L?0120
  -------         PROC          PRODUCT_INFO_CMD_HANDLE
  -------         DO            
  D:0019H         SYMBOL        length
  -------         ENDDO         
  C:1E7FH         LINE#         393
  C:1E7FH         LINE#         394
  C:1E7FH         LINE#         395
  C:1E82H         LINE#         397
  C:1E92H         LINE#         398
  C:1EA2H         LINE#         399
  C:1EB2H         LINE#         400
  C:1EC2H         LINE#         401
  C:1EDEH         LINE#         403
  C:1EE7H         LINE#         404
  -------         ENDPROC       PRODUCT_INFO_CMD_HANDLE
  -------         PROC          _ZIGBEE_STATE_CMD_HANDLE
  D:0007H         SYMBOL        current_state
  -------         DO            
  D:0019H         SYMBOL        temp
  -------         ENDDO         
  C:2A56H         LINE#         412
  C:2A56H         LINE#         413
  C:2A56H         LINE#         414
  C:2A58H         LINE#         415
  -------         ENDPROC       _ZIGBEE_STATE_CMD_HANDLE
  -------         PROC          ZIGBEE_CFG_CMD_HANDLE
  C:0022H         LINE#         424
  C:0022H         LINE#         425
  C:0022H         LINE#         427
  -------         ENDPROC       ZIGBEE_CFG_CMD_HANDLE
  -------         PROC          _ZIGBEE_DATA_POINT_HANDLE
  D:0001H         SYMBOL        value
  -------         DO            
  D:0004H         SYMBOL        dp_id
  D:0007H         SYMBOL        index
  D:0019H         SYMBOL        dp_type
  D:0007H         SYMBOL        ret
  D:001AH         SYMBOL        dp_len
  -------         ENDDO         
  C:227CH         LINE#         435
  C:227CH         LINE#         436
  C:227CH         LINE#         442
  C:2280H         LINE#         443
  C:2288H         LINE#         444
  C:2293H         LINE#         445
  C:22A2H         LINE#         448
  C:22A7H         LINE#         450
  C:22B6H         LINE#         451
BL51 BANKED LINKER/LOCATER V6.22                                                      02/01/2021  13:32:17  PAGE 54


  C:22B6H         LINE#         453
  C:22B9H         LINE#         454
  C:22B9H         LINE#         456
  C:22B9H         LINE#         457
  C:22CBH         LINE#         458
  C:22CBH         LINE#         460
  C:22CBH         LINE#         461
  -------         ENDPROC       _ZIGBEE_DATA_POINT_HANDLE
  -------         PROC          _ZIGBEE_DATA_RSP_HANDLE
  D:0007H         SYMBOL        rsp_status
  -------         DO            
  D:0019H         SYMBOL        temp
  -------         ENDDO         
  C:2AAFH         LINE#         469
  C:2AAFH         LINE#         470
  C:2AAFH         LINE#         473
  C:2AB1H         LINE#         474
  -------         ENDPROC       _ZIGBEE_DATA_RSP_HANDLE
  -------         PROC          ZIGBEE_OTA_VER_REQ_HANDLE
  -------         DO            
  D:0019H         SYMBOL        length
  -------         ENDDO         
  C:290DH         LINE#         518
  C:290DH         LINE#         519
  C:290DH         LINE#         520
  C:2912H         LINE#         521
  C:2922H         LINE#         522
  -------         ENDPROC       ZIGBEE_OTA_VER_REQ_HANDLE
  -------         PROC          GET_CURRENT_MCU_FW_VER
  -------         DO            
  D:001BH         SYMBOL        fw_ver
  D:001EH         SYMBOL        current_mcu_fw_ver
  -------         ENDDO         
  C:24A5H         LINE#         525
  C:24A5H         LINE#         526
  C:24A5H         LINE#         527
  C:24B1H         LINE#         528
  C:24B4H         LINE#         529
  C:24C3H         LINE#         530
  C:24D3H         LINE#         531
  C:24E0H         LINE#         532
  C:24E2H         LINE#         533
  -------         ENDPROC       GET_CURRENT_MCU_FW_VER
  -------         PROC          _ASSIC_TO_HEX
  D:0007H         SYMBOL        assic_num
  C:2994H         LINE#         535
  C:2994H         LINE#         536
  C:2994H         LINE#         537
  C:299FH         LINE#         538
  C:29A2H         LINE#         540
  C:29A9H         LINE#         541
  -------         ENDPROC       _ASSIC_TO_HEX
  -------         PROC          _ZIGBEE_TIME_GET_HANDLE
  D:0001H         SYMBOL        data0
  D:0019H         SYMBOL        data_len
  -------         DO            
  D:001AH         SYMBOL        time1
BL51 BANKED LINKER/LOCATER V6.22                                                      02/01/2021  13:32:17  PAGE 55


  D:001EH         SYMBOL        time2
  D:0022H         SYMBOL        localTime
  D:002AH         SYMBOL        utcTime
  D:0032H         SYMBOL        i
  D:0033H         SYMBOL        ptr
  -------         ENDDO         
  C:1B48H         LINE#         574
  C:1B4AH         LINE#         575
  C:1B4AH         LINE#         576
  C:1B5BH         LINE#         578
  C:1B5DH         LINE#         579
  C:1B63H         LINE#         581
  C:1B6DH         LINE#         582
  C:1B6DH         LINE#         584
  C:1B6DH         LINE#         586
  C:1B7EH         LINE#         587
  C:1B8AH         LINE#         589
  C:1B8DH         LINE#         590
  C:1B8DH         LINE#         591
  C:1B95H         LINE#         592
  C:1BA0H         LINE#         593
  C:1BA7H         LINE#         594
  C:1BAFH         LINE#         596
  C:1BB2H         LINE#         597
  C:1BB2H         LINE#         598
  C:1BBAH         LINE#         599
  C:1BC5H         LINE#         600
  C:1BCCH         LINE#         601
  C:1BD4H         LINE#         603
  C:1BE2H         LINE#         604
  C:1BF3H         LINE#         606
  C:1BFBH         LINE#         607
  C:1C03H         LINE#         608
  -------         ENDPROC       _ZIGBEE_TIME_GET_HANDLE
  -------         PROC          _SET_ZIGBEE_STATE
  D:0007H         SYMBOL        state
  C:27E8H         LINE#         616
  C:27E8H         LINE#         617
  C:27E8H         LINE#         618
  C:27EDH         LINE#         619
  C:27EFH         LINE#         620
  C:27EFH         LINE#         621
  C:27F1H         LINE#         622
  C:27F2H         LINE#         623
  C:27F9H         LINE#         624
  C:27F9H         LINE#         625
  C:27FCH         LINE#         626
  C:27FFH         LINE#         627
  C:2802H         LINE#         628
  C:2802H         LINE#         629
  C:2809H         LINE#         630
  C:2809H         LINE#         631
  C:280CH         LINE#         632
  C:280DH         LINE#         634
  C:280DH         LINE#         635
  C:2810H         LINE#         636
  C:2810H         LINE#         637
BL51 BANKED LINKER/LOCATER V6.22                                                      02/01/2021  13:32:17  PAGE 56


  -------         ENDPROC       _SET_ZIGBEE_STATE
  -------         PROC          _DATA_HANDLE
  D:0011H         SYMBOL        offset
  -------         DO            
  D:0005H         SYMBOL        cmd_type
  D:0013H         SYMBOL        total_len
  D:0006H         SYMBOL        seq_num
  -------         DO            
  D:0015H         SYMBOL        current_state
  D:0015H         SYMBOL        current_state
  D:0015H         SYMBOL        i
  D:0016H         SYMBOL        ret
  D:0017H         SYMBOL        dp_len
  D:0015H         SYMBOL        rsp_status
  -------         ENDDO         
  -------         DO            
  D:0015H         SYMBOL        current_state
  D:0015H         SYMBOL        i
  D:0016H         SYMBOL        ret
  D:0017H         SYMBOL        dp_len
  D:0015H         SYMBOL        rsp_status
  -------         ENDDO         
  -------         DO            
  D:0015H         SYMBOL        i
  D:0016H         SYMBOL        ret
  D:0017H         SYMBOL        dp_len
  D:0015H         SYMBOL        rsp_status
  -------         ENDDO         
  -------         DO            
  D:0015H         SYMBOL        rsp_status
  -------         ENDDO         
  -------         ENDDO         
  C:13F3H         LINE#         657
  C:13F7H         LINE#         658
  C:13F7H         LINE#         659
  C:13F8H         LINE#         660
  C:13FCH         LINE#         662
  C:140AH         LINE#         663
  C:141CH         LINE#         664
  C:1432H         LINE#         666
  C:1442H         LINE#         667
  C:1454H         LINE#         668
  C:1457H         LINE#         670
  C:1483H         LINE#         671
  C:1483H         LINE#         672
  C:1483H         LINE#         673
  C:1483H         LINE#         674
  C:1483H         LINE#         675
  C:1489H         LINE#         676
  C:1489H         LINE#         677
  C:1489H         LINE#         678
  C:1489H         LINE#         680
  C:148CH         LINE#         681
  C:148CH         LINE#         682
  C:148CH         LINE#         684
  C:148FH         LINE#         685
  C:148FH         LINE#         686
BL51 BANKED LINKER/LOCATER V6.22                                                      02/01/2021  13:32:17  PAGE 57


  C:148FH         LINE#         687
  C:1492H         LINE#         688
  C:1492H         LINE#         690
  C:1492H         LINE#         691
  C:1492H         LINE#         692
  C:1492H         LINE#         693
  C:1498H         LINE#         694
  C:149DH         LINE#         695
  C:149DH         LINE#         696
  C:149DH         LINE#         698
  C:149DH         LINE#         699
  C:14A0H         LINE#         700
  C:14A0H         LINE#         702
  C:14A0H         LINE#         703
  C:14A0H         LINE#         704
  C:14A3H         LINE#         705
  C:14A7H         LINE#         707
  C:14B6H         LINE#         708
  C:14B6H         LINE#         709
  C:14CEH         LINE#         710
  C:14E2H         LINE#         712
  C:14F0H         LINE#         714
  C:14F5H         LINE#         715
  C:14F5H         LINE#         717
  C:14F8H         LINE#         718
  C:14F8H         LINE#         720
  C:14F8H         LINE#         722
  C:14F8H         LINE#         723
  C:1500H         LINE#         724
  C:1502H         LINE#         725
  C:1502H         LINE#         726
  C:1502H         LINE#         728
  C:1502H         LINE#         729
  C:1502H         LINE#         730
  C:1502H         LINE#         731
  C:1502H         LINE#         732
  C:1508H         LINE#         733
  C:1508H         LINE#         734
  C:1508H         LINE#         749
  C:1508H         LINE#         750
  C:1508H         LINE#         754
  C:1508H         LINE#         755
  C:1508H         LINE#         756
  C:1508H         LINE#         757
  C:1508H         LINE#         758
  C:150BH         LINE#         759
  C:150BH         LINE#         760
  C:150BH         LINE#         762
  C:150BH         LINE#         763
  C:150BH         LINE#         764
  C:1510H         LINE#         765
  C:1510H         LINE#         766
  C:1510H         LINE#         768
  C:1510H         LINE#         769
  C:1510H         LINE#         771
  C:1510H         LINE#         772
  C:1510H         LINE#         773
BL51 BANKED LINKER/LOCATER V6.22                                                      02/01/2021  13:32:17  PAGE 58


  C:1510H         LINE#         774
  C:1518H         LINE#         775
  C:1518H         LINE#         777
  C:1518H         LINE#         778
  C:1518H         LINE#         779
  C:1518H         LINE#         780
  -------         ENDPROC       _DATA_HANDLE
  -------         PROC          _RESPONSE_MCU_OTA_NOTIFY_EVENT
  D:0019H         SYMBOL        offset
  -------         DO            
  D:0007H         SYMBOL        i
  D:001AH         SYMBOL        length
  D:001CH         SYMBOL        result
  -------         ENDDO         
  C:163DH         LINE#         782
  C:163FH         LINE#         783
  C:163FH         LINE#         784
  C:1641H         LINE#         785
  C:1645H         LINE#         786
  C:1649H         LINE#         788
  C:1657H         LINE#         790
  C:1657H         LINE#         791
  C:1657H         LINE#         792
  C:166BH         LINE#         793
  C:166CH         LINE#         794
  C:166FH         LINE#         795
  C:167DH         LINE#         796
  C:16D9H         LINE#         800
  C:1735H         LINE#         805
  -------         ENDPROC       _RESPONSE_MCU_OTA_NOTIFY_EVENT
  -------         ENDMOD        SYSTEM

  -------         MODULE        ?C?FPADD
  C:002DH         PUBLIC        ?C?FPADD
  C:0029H         PUBLIC        ?C?FPSUB
  -------         ENDMOD        ?C?FPADD

  -------         MODULE        ?C?FPDIV
  C:0121H         PUBLIC        ?C?FPDIV
  -------         ENDMOD        ?C?FPDIV

  -------         MODULE        ?C?FCAST
  C:01C8H         PUBLIC        ?C?FCASTC
  C:01C3H         PUBLIC        ?C?FCASTI
  C:01BEH         PUBLIC        ?C?FCASTL
  -------         ENDMOD        ?C?FCAST

  -------         MODULE        ?C?CASTF
  C:01FCH         PUBLIC        ?C?CASTF
  -------         ENDMOD        ?C?CASTF

  -------         MODULE        ?C?COPY
  C:034DH         PUBLIC        ?C?COPY
  -------         ENDMOD        ?C?COPY

  -------         MODULE        ?C?CLDPTR
  C:0373H         PUBLIC        ?C?CLDPTR
BL51 BANKED LINKER/LOCATER V6.22                                                      02/01/2021  13:32:17  PAGE 59


  -------         ENDMOD        ?C?CLDPTR

  -------         MODULE        ?C?CLDOPTR
  C:038CH         PUBLIC        ?C?CLDOPTR
  -------         ENDMOD        ?C?CLDOPTR

  -------         MODULE        ?C?CILDOPTR
  C:03B9H         PUBLIC        ?C?CILDOPTR
  -------         ENDMOD        ?C?CILDOPTR

  -------         MODULE        ?C?CSTPTR
  C:03ECH         PUBLIC        ?C?CSTPTR
  -------         ENDMOD        ?C?CSTPTR

  -------         MODULE        ?C?CSTOPTR
  C:03FEH         PUBLIC        ?C?CSTOPTR
  -------         ENDMOD        ?C?CSTOPTR

  -------         MODULE        ?C?IMUL
  C:0420H         PUBLIC        ?C?IMUL
  -------         ENDMOD        ?C?IMUL

  -------         MODULE        ?C?IILDX
  C:0432H         PUBLIC        ?C?IILDX
  -------         ENDMOD        ?C?IILDX

  -------         MODULE        ?C?ILDPTR
  C:0448H         PUBLIC        ?C?ILDPTR
  -------         ENDMOD        ?C?ILDPTR

  -------         MODULE        ?C?IILDPTR
  C:0473H         PUBLIC        ?C?IILDPTR
  -------         ENDMOD        ?C?IILDPTR

  -------         MODULE        ?C?ISTPTR
  C:04ABH         PUBLIC        ?C?ISTPTR
  -------         ENDMOD        ?C?ISTPTR

  -------         MODULE        ?C?ISTOPTR
  C:04CAH         PUBLIC        ?C?ISTOPTR
  -------         ENDMOD        ?C?ISTOPTR

  -------         MODULE        ?C?LADD
  C:04F7H         PUBLIC        ?C?LADD
  -------         ENDMOD        ?C?LADD

  -------         MODULE        ?C?LSUB
  C:0504H         PUBLIC        ?C?LSUB
  -------         ENDMOD        ?C?LSUB

  -------         MODULE        ?C?LMUL
  C:0512H         PUBLIC        ?C?LMUL
  -------         ENDMOD        ?C?LMUL

  -------         MODULE        ?C?ULDIV
  C:059DH         PUBLIC        ?C?ULDIV
  -------         ENDMOD        ?C?ULDIV
BL51 BANKED LINKER/LOCATER V6.22                                                      02/01/2021  13:32:17  PAGE 60



  -------         MODULE        ?C?LNEG
  C:062FH         PUBLIC        ?C?LNEG
  -------         ENDMOD        ?C?LNEG

  -------         MODULE        ?C?SLCMP
  C:063DH         PUBLIC        ?C?SLCMP
  -------         ENDMOD        ?C?SLCMP

  -------         MODULE        ?C?ULCMP
  C:0653H         PUBLIC        ?C?ULCMP
  -------         ENDMOD        ?C?ULCMP

  -------         MODULE        ?C?ULSHR
  C:0664H         PUBLIC        ?C?ULSHR
  -------         ENDMOD        ?C?ULSHR

  -------         MODULE        ?C?LSHL
  C:0677H         PUBLIC        ?C?LSHL
  -------         ENDMOD        ?C?LSHL

  -------         MODULE        ?C?LLDXDATA
  C:068AH         PUBLIC        ?C?LLDXDATA
  -------         ENDMOD        ?C?LLDXDATA

  -------         MODULE        ?C?LLDXDATA0
  C:0696H         PUBLIC        ?C?LLDXDATA0
  -------         ENDMOD        ?C?LLDXDATA0

  -------         MODULE        ?C?LSTXDATA
  C:06A2H         PUBLIC        ?C?LSTXDATA
  -------         ENDMOD        ?C?LSTXDATA

  -------         MODULE        ?C?LSTKXDATA
  C:06AEH         PUBLIC        ?C?LSTKXDATA
  -------         ENDMOD        ?C?LSTKXDATA

  -------         MODULE        ?C?OFFXADD
  C:06DFH         PUBLIC        ?C?OFFXADD
  -------         ENDMOD        ?C?OFFXADD

  -------         MODULE        ?C?PLDIIDATA
  C:06EBH         PUBLIC        ?C?PLDIIDATA
  -------         ENDMOD        ?C?PLDIIDATA

  -------         MODULE        ?C?CCASE
  C:06FBH         PUBLIC        ?C?CCASE
  -------         ENDMOD        ?C?CCASE



FUNCTION REGISTER MASKS


FUNCTION . . . . . . . . . . . . . REG MASK
-------------------------------------------

BL51 BANKED LINKER/LOCATER V6.22                                                      02/01/2021  13:32:17  PAGE 61


ADC_INIT . . . . . . . . . . . . . @0xf30f
GET_DOWNLOAD_CMD_TOTAL . . . . . . @0x8001
GET_QUEUE_TOTAL_DATA . . . . . . . @0xe063
GPIO_INIT. . . . . . . . . . . . . @0xe300
IAR_SOFT_RST_NO_OPTION . . . . . . @0xc000
IAR_SOFT_RST_OPTION. . . . . . . . @0xc000
INITSYS. . . . . . . . . . . . . . @0xe300
QUEUE_READ_BYTE. . . . . . . . . . @0xfff1
RESET_DEFAULT_PARAMETER. . . . . . @0x8000
TIMER_INIT . . . . . . . . . . . . @0xe300
TUYA_RETRY_OTA . . . . . . . . . . @0x8000
UART1_INIT . . . . . . . . . . . . @0xe300
UART1_RPT. . . . . . . . . . . . . @0xfff1
ZIGBEE_PROTOCOL_INIT . . . . . . . @0xe060
_ASSIC_TO_HEX. . . . . . . . . . . @0xf401
_BYTE_TO_INT . . . . . . . . . . . @0xf38f
_DELAY_US. . . . . . . . . . . . . @0xf00c
_FLASH_ERASEBLOCK. . . . . . . . . @0xe000
_FLASH_READARR . . . . . . . . . . @0xfff7
_FLASH_WRITEDATA . . . . . . . . . @0xe000
_GET_CHECK_SUM . . . . . . . . . . @0xfffd
_MCU_GET_DP_DOWNLOAD_BOOL. . . . . @0xb301
_MCU_GET_DP_DOWNLOAD_ENUM. . . . . @0xb301
_MCU_GET_DP_DOWNLOAD_VALUE . . . . @0xf38f
_MCU_WRITE_RTCTIME . . . . . . . . @0x8000
_MY_MEMCPY . . . . . . . . . . . . @0xf3f3
_MY_MEMSET . . . . . . . . . . . . @0xfff2
_READ_AD . . . . . . . . . . . . . @0xf07f
_SEND_DATA . . . . . . . . . . . . @0xe000
_SET_ZIGBEE_UART_BUFFER. . . . . . @0xf3ff
_SET_ZIGBEE_UART_BYTE. . . . . . . @0xf373
_UART_RECEIVE_INPUT. . . . . . . . @0xfff0
_UART_TRANSMIT_OUTPUT. . . . . . . @0xe000

Program Size: data=114.0 xdata=314 code=10930
LINK/LOCATE RUN COMPLETE.  0 WARNING(S),  0 ERROR(S)
