BL51 BANKED LINKER/LOCATER V6.22                                                        01/28/2021  13:50:52  PAGE 1


BL51 BANKED LINKER/LOCATER V6.22, INVOKED BY:
D:\CCCC2020\TOOL\KEIL\C51\BIN\BL51.EXE .\Objects\STARTUP.obj, .\Objects\HC-MCU-XBR.obj, .\Objects\mcu_api.obj, .\Objects
>> \protocol.obj, .\Objects\system.obj TO .\Objects\HC-MCU-XBR PRINT (.\Listings\HC-MCU-XBR.m51) RAMSIZE (256) CODE (0X0
>> 000-0X2E80) XDATA (0X0000-0X07FF)


MEMORY MODEL: SMALL WITH FLOATING POINT ARITHMETIC


INPUT MODULES INCLUDED:
  .\Objects\STARTUP.obj (?C_STARTUP)
  .\Objects\HC-MCU-XBR.obj (HC_MCU_XBR)
  .\Objects\mcu_api.obj (MCU_API)
  .\Objects\protocol.obj (PROTOCOL)
  .\Objects\system.obj (SYSTEM)
  D:\CCCC2020\TOOL\KEIL\C51\LIB\C51FPS.LIB (?C?FPADD)
  D:\CCCC2020\TOOL\KEIL\C51\LIB\C51FPS.LIB (?C?FPDIV)
  D:\CCCC2020\TOOL\KEIL\C51\LIB\C51FPS.LIB (?C?FCAST)
  D:\CCCC2020\TOOL\KEIL\C51\LIB\C51FPS.LIB (?C?CASTF)
  D:\CCCC2020\TOOL\KEIL\C51\LIB\C51FPS.LIB (?C?FPGETOPN)
  D:\CCCC2020\TOOL\KEIL\C51\LIB\C51S.LIB (?C_INIT)
  D:\CCCC2020\TOOL\KEIL\C51\LIB\C51S.LIB (?C?COPY)
  D:\CCCC2020\TOOL\KEIL\C51\LIB\C51S.LIB (?C?CLDPTR)
  D:\CCCC2020\TOOL\KEIL\C51\LIB\C51S.LIB (?C?CLDOPTR)
  D:\CCCC2020\TOOL\KEIL\C51\LIB\C51S.LIB (?C?CSTPTR)
  D:\CCCC2020\TOOL\KEIL\C51\LIB\C51S.LIB (?C?CSTOPTR)
  D:\CCCC2020\TOOL\KEIL\C51\LIB\C51S.LIB (?C?IMUL)
  D:\CCCC2020\TOOL\KEIL\C51\LIB\C51S.LIB (?C?IILDX)
  D:\CCCC2020\TOOL\KEIL\C51\LIB\C51S.LIB (?C?LADD)
  D:\CCCC2020\TOOL\KEIL\C51\LIB\C51S.LIB (?C?LSUB)
  D:\CCCC2020\TOOL\KEIL\C51\LIB\C51S.LIB (?C?LMUL)
  D:\CCCC2020\TOOL\KEIL\C51\LIB\C51S.LIB (?C?ULDIV)
  D:\CCCC2020\TOOL\KEIL\C51\LIB\C51S.LIB (?C?LNEG)
  D:\CCCC2020\TOOL\KEIL\C51\LIB\C51S.LIB (?C?SLCMP)
  D:\CCCC2020\TOOL\KEIL\C51\LIB\C51S.LIB (?C?ULCMP)
  D:\CCCC2020\TOOL\KEIL\C51\LIB\C51S.LIB (?C?ULSHR)
  D:\CCCC2020\TOOL\KEIL\C51\LIB\C51S.LIB (?C?LSHL)
  D:\CCCC2020\TOOL\KEIL\C51\LIB\C51S.LIB (?C?LLDXDATA)
  D:\CCCC2020\TOOL\KEIL\C51\LIB\C51S.LIB (?C?LLDXDATA0)
  D:\CCCC2020\TOOL\KEIL\C51\LIB\C51S.LIB (?C?LSTXDATA)
  D:\CCCC2020\TOOL\KEIL\C51\LIB\C51S.LIB (?C?LSTKXDATA)
  D:\CCCC2020\TOOL\KEIL\C51\LIB\C51S.LIB (?C?OFFXADD)
  D:\CCCC2020\TOOL\KEIL\C51\LIB\C51S.LIB (?C?PLDIIDATA)
  D:\CCCC2020\TOOL\KEIL\C51\LIB\C51S.LIB (?C?CCASE)


LINK MAP OF MODULE:  .\Objects\HC-MCU-XBR (?C_STARTUP)


            TYPE    BASE      LENGTH    RELOCATION   SEGMENT NAME
            -----------------------------------------------------

            * * * * * * *   D A T A   M E M O R Y   * * * * * * *
            REG     0000H     0008H     ABSOLUTE     "REG BANK 0"
            DATA    0008H     0034H     UNIT         _DATA_GROUP_
            DATA    003CH     0008H     UNIT         ?DT?SYSTEM
            DATA    0044H     0007H     UNIT         ?DT?HC_MCU_XBR
            DATA    004BH     0002H     UNIT         ?DT?MCU_API
BL51 BANKED LINKER/LOCATER V6.22                                                      01/28/2021  13:50:52  PAGE 2


            IDATA   004DH     0004H     UNIT         ?ID?HC_MCU_XBR
            IDATA   0051H     0001H     UNIT         ?STACK

            * * * * * * *  X D A T A   M E M O R Y  * * * * * * *
            XDATA   0000H     0068H     UNIT         ?XD?HC_MCU_XBR
            XDATA   0068H     0066H     UNIT         ?XD?SYSTEM
            XDATA   00CEH     0025H     UNIT         ?XD?PROTOCOL
            XDATA   00F3H     0010H     UNIT         _XDATA_GROUP_
                    0103H     FD7DH                  *** GAP ***
            XDATA   FE80H     0001H     ABSOLUTE     
                    FE81H     0004H                  *** GAP ***
            XDATA   FE85H     0001H     ABSOLUTE     
                    FE86H     0002H                  *** GAP ***
            XDATA   FE88H     0001H     ABSOLUTE     
            XDATA   FE89H     0001H     ABSOLUTE     
            XDATA   FE8AH     0001H     ABSOLUTE     
                    FE8BH     0006H                  *** GAP ***
            XDATA   FE91H     0001H     ABSOLUTE     
            XDATA   FE92H     0001H     ABSOLUTE     
            XDATA   FE93H     0001H     ABSOLUTE     
            XDATA   FE94H     0001H     ABSOLUTE     
            XDATA   FE95H     0001H     ABSOLUTE     
                    FE96H     0002H                  *** GAP ***
            XDATA   FE98H     0001H     ABSOLUTE     
                    FE99H     0002H                  *** GAP ***
            XDATA   FE9BH     0001H     ABSOLUTE     
                    FE9CH     0004H                  *** GAP ***
            XDATA   FEA0H     0001H     ABSOLUTE     
                    FEA1H     0001H                  *** GAP ***
            XDATA   FEA2H     0001H     ABSOLUTE     
                    FEA3H     0001H                  *** GAP ***
            XDATA   FEA4H     0001H     ABSOLUTE     
            XDATA   FEA5H     0001H     ABSOLUTE     
                    FEA6H     0001H                  *** GAP ***
            XDATA   FEA7H     0001H     ABSOLUTE     
                    FEA8H     0002H                  *** GAP ***
            XDATA   FEAAH     0001H     ABSOLUTE     
                    FEABH     0005H                  *** GAP ***
            XDATA   FEB0H     0001H     ABSOLUTE     
            XDATA   FEB1H     0001H     ABSOLUTE     
            XDATA   FEB2H     0001H     ABSOLUTE     
            XDATA   FEB3H     0001H     ABSOLUTE     
                    FEB4H     0004H                  *** GAP ***
            XDATA   FEB8H     0001H     ABSOLUTE     
            XDATA   FEB9H     0001H     ABSOLUTE     
                    FEBAH     0002H                  *** GAP ***
            XDATA   FEBCH     0001H     ABSOLUTE     
                    FEBDH     0043H                  *** GAP ***
            XDATA   FF00H     0001H     ABSOLUTE     
            XDATA   FF01H     0001H     ABSOLUTE     
            XDATA   FF02H     0001H     ABSOLUTE     
            XDATA   FF03H     0001H     ABSOLUTE     
                    FF04H     0001H                  *** GAP ***
            XDATA   FF05H     0001H     ABSOLUTE     
                    FF06H     0002H                  *** GAP ***
            XDATA   FF08H     0001H     ABSOLUTE     
                    FF09H     0007H                  *** GAP ***
BL51 BANKED LINKER/LOCATER V6.22                                                      01/28/2021  13:50:52  PAGE 3


            XDATA   FF10H     0001H     ABSOLUTE     
            XDATA   FF11H     0001H     ABSOLUTE     
            XDATA   FF12H     0001H     ABSOLUTE     
            XDATA   FF13H     0001H     ABSOLUTE     
                    FF14H     002CH                  *** GAP ***
            XDATA   FF40H     0001H     ABSOLUTE     
            XDATA   FF41H     0001H     ABSOLUTE     
            XDATA   FF42H     0001H     ABSOLUTE     
                    FF43H     003DH                  *** GAP ***
            XDATA   FF80H     0001H     ABSOLUTE     
            XDATA   FF81H     0001H     ABSOLUTE     
                    FF82H     0001H                  *** GAP ***
            XDATA   FF83H     0001H     ABSOLUTE     
            XDATA   FF84H     0001H     ABSOLUTE     
            XDATA   FF85H     0001H     ABSOLUTE     
                    FF86H     0009H                  *** GAP ***
            XDATA   FF8FH     0001H     ABSOLUTE     
            XDATA   FF90H     0001H     ABSOLUTE     
            XDATA   FF91H     0001H     ABSOLUTE     
                    FF92H     0002H                  *** GAP ***
            XDATA   FF94H     0001H     ABSOLUTE     
            XDATA   FF95H     0001H     ABSOLUTE     
                    FF96H     0002H                  *** GAP ***
            XDATA   FF98H     0001H     ABSOLUTE     
            XDATA   FF99H     0001H     ABSOLUTE     
                    FF9AH     0002H                  *** GAP ***
            XDATA   FF9CH     0001H     ABSOLUTE     
                    FF9DH     0003H                  *** GAP ***
            XDATA   FFA0H     0001H     ABSOLUTE     
            XDATA   FFA1H     0001H     ABSOLUTE     
                    FFA2H     0002H                  *** GAP ***
            XDATA   FFA4H     0001H     ABSOLUTE     
            XDATA   FFA5H     0001H     ABSOLUTE     
            XDATA   FFA6H     0001H     ABSOLUTE     
            XDATA   FFA7H     0001H     ABSOLUTE     
            XDATA   FFA8H     0001H     ABSOLUTE     
            XDATA   FFA9H     0001H     ABSOLUTE     

            * * * * * * *   C O D E   M E M O R Y   * * * * * * *
            CODE    0000H     0003H     ABSOLUTE     
            CODE    0003H     0018H     UNIT         ?PR?ZIGBEE_PROTOCOL_INIT?MCU_API
            CODE    001BH     0003H     ABSOLUTE     
            CODE    001EH     0003H     UNIT         ?PR?_UART_TRANSMIT_OUTPUT?PROTOCOL
            CODE    0021H     0001H     UNIT         ?PR?TUYA_RETRY_OTA?PROTOCOL
            CODE    0022H     0001H     UNIT         ?PR?RESET_DEFAULT_PARAMETER?PROTOCOL
            CODE    0023H     0003H     ABSOLUTE     
            CODE    0026H     06BEH     UNIT         ?PR?XBRHANDLE?HC_MCU_XBR
            CODE    06E4H     0619H     UNIT         ?C?LIB_CODE
            CODE    0CFDH     0291H     UNIT         ?PR?_ZIGBEE_TIME_CONVERT?SYSTEM
            CODE    0F8EH     0250H     UNIT         ?PR?MAIN?HC_MCU_XBR
            CODE    11DEH     01B5H     UNIT         ?PR?ZIGBEE_UART_SERVICE?MCU_API
            CODE    1393H     0193H     UNIT         ?PR?SET_VAR?HC_MCU_XBR
            CODE    1526H     0173H     UNIT         ?PR?_DATA_HANDLE?SYSTEM
            CODE    1699H     0130H     UNIT         ?PR?_ZIGBEE_TIME_GET_HANDLE?SYSTEM
            CODE    17C9H     0125H     UNIT         ?PR?_DP_DOWNLOAD_HANDLE?PROTOCOL
            CODE    18EEH     0124H     UNIT         ?C_INITSEG
            CODE    1A12H     00F1H     UNIT         ?PR?ALL_DATA_UPDATE?PROTOCOL
BL51 BANKED LINKER/LOCATER V6.22                                                      01/28/2021  13:50:52  PAGE 4


            CODE    1B03H     00D1H     UNIT         ?PR?_MY_MEMCPY?MCU_API
            CODE    1BD4H     00C5H     UNIT         ?PR?CMD0?SYSTEM
            CODE    1C99H     00C3H     UNIT         ?PR?TIMER1_RPT?HC_MCU_XBR
            CODE    1D5CH     00C3H     UNIT         ?PR?SAVEVAR?HC_MCU_XBR
            CODE    1E1FH     0098H     UNIT         ?PR?_BYTE_TO_INT?MCU_API
            CODE    1EB7H     008CH     UNIT         ?C_C51STARTUP
            CODE    1F43H     008CH     UNIT         ?PR?PRODUCT_INFO_CMD_HANDLE?SYSTEM
            CODE    1FCFH     0089H     UNIT         ?PR?_MCU_DP_VALUE_UPDATE?MCU_API
            CODE    2058H     0077H     UNIT         ?PR?_ZIGBEE_UART_WRITE_FRAME?SYSTEM
            CODE    20CFH     0076H     UNIT         ?PR?_DP_DOWNLOAD_CDS_HANDLE?PROTOCOL
            CODE    2145H     0074H     UNIT         ?PR?_PWM3INIT?HC_MCU_XBR
            CODE    21B9H     0074H     UNIT         ?PR?_DP_DOWNLOAD_SENSE_STRESS_HANDLE?PROTOCOL
            CODE    222DH     006AH     UNIT         ?PR?WAIT1?HC_MCU_XBR
            CODE    2297H     0067H     UNIT         ?PR?WAIT2?HC_MCU_XBR
            CODE    22FEH     005BH     UNIT         ?PR?_ZIGBEE_DATA_POINT_HANDLE?SYSTEM
            CODE    2359H     0056H     UNIT         ?PR?_DP_DOWNLOAD_PIR_DELAY_HANDLE?PROTOCOL
            CODE    23AFH     0053H     UNIT         ?PR?_MY_STRLEN?MCU_API
            CODE    2402H     0052H     UNIT         ?PR?_DP_DOWNLOAD_BRIGHT_VALUE_HANDLE?PROTOCOL
            CODE    2454H     0051H     UNIT         ?PR?_ZIGBEE_OTA_END_REQ_SEND?SYSTEM
            CODE    24A5H     004DH     UNIT         ?PR?_DP_DOWNLOAD_STANDBY_TIME_HANDLE?PROTOCOL
            CODE    24F2H     0047H     UNIT         ?PR?UART1_RPT?HC_MCU_XBR
            CODE    2539H     0046H     UNIT         ?PR?_DP_DOWNLOAD_FACTORY_OP_HANDLE?PROTOCOL
            CODE    257FH     0045H     UNIT         ?PR?_READ_AD?HC_MCU_XBR
            CODE    25C4H     0042H     UNIT         ?PR?_MCU_DP_BOOL_UPDATE?MCU_API
            CODE    2606H     003FH     UNIT         ?PR?_DP_DOWNLOAD_SWITCH_LED2_HANDLE?PROTOCOL
            CODE    2645H     003DH     UNIT         ?PR?_ZIGBEE_UART_WRITE_DATA?SYSTEM
            CODE    2682H     003DH     UNIT         ?PR?QUEUE_READ_BYTE?SYSTEM
            CODE    26BFH     003CH     UNIT         ?PR?_UART_RECEIVE_INPUT?MCU_API
            CODE    26FBH     003CH     UNIT         ?PR?_SET_ZIGBEE_UART_BUFFER?SYSTEM
            CODE    2737H     0038H     UNIT         ?PR?_MY_MEMSET?MCU_API
            CODE    276FH     0036H     UNIT         ?PR?GET_CURRENT_MCU_FW_VER?SYSTEM
            CODE    27A5H     0035H     UNIT         ?PR?_MCU_DP_ENUM_UPDATE?MCU_API
            CODE    27DAH     0032H     UNIT         ?PR?_FLASH_READARR?HC_MCU_XBR
            CODE    280CH     0032H     UNIT         ?PR?_DP_DOWNLOAD_SWITCH_XBR_HANDLE?PROTOCOL
            CODE    283EH     0031H     UNIT         ?PR?UART1_INIT?HC_MCU_XBR
            CODE    286FH     002DH     UNIT         ?PR?_GET_CHECK_SUM?SYSTEM
            CODE    289CH     002DH     UNIT         ?CO?SYSTEM
            CODE    28C9H     002CH     UNIT         ?PR?_DP_DOWNLOAD_SWITCH_LINKAGE_HANDLE?PROTOCOL
            CODE    28F5H     0029H     UNIT         ?PR?_SET_ZIGBEE_STATE?SYSTEM
            CODE    291EH     0028H     UNIT         ?PR?_DELAY_MS?HC_MCU_XBR
            CODE    2946H     0027H     UNIT         ?PR?_FLASH_WRITEDATA?HC_MCU_XBR
            CODE    296DH     0026H     UNIT         ?PR?_DP_DOWNLOAD_CLEAR_TRIGGER_NUMBER_HANDLE?PROTOCOL
            CODE    2993H     0025H     UNIT         ?PR?_FLASH_ERASEBLOCK?HC_MCU_XBR
            CODE    29B8H     0024H     UNIT         ?PR?_DP_DOWNLOAD_ALL_DAY_MICRO_LIGHT_HANDLE?PROTOCOL
            CODE    29DCH     0021H     UNIT         ?PR?_GET_DOWMLOAD_DPID_INDEX?SYSTEM
            CODE    29FDH     0020H     UNIT         ?PR?_ASSIC_TO_HEX?SYSTEM
            CODE    2A1DH     001EH     UNIT         ?PR?TIMER_INIT?HC_MCU_XBR
            CODE    2A3BH     001EH     UNIT         ?PR?ZIGBEE_OTA_VER_REQ_HANDLE?SYSTEM
            CODE    2A59H     001CH     UNIT         ?PR?GPIO_INIT?HC_MCU_XBR
            CODE    2A75H     001BH     UNIT         ?PR?_DELAY_US?HC_MCU_XBR
            CODE    2A90H     0017H     UNIT         ?PR?INITSYS?HC_MCU_XBR
            CODE    2AA7H     0017H     UNIT         ?PR?ADC_INIT?HC_MCU_XBR
            CODE    2ABEH     0015H     UNIT         ?PR?_DP_DOWNLOAD_SWITCH_LED_HANDLE?PROTOCOL
            CODE    2AD3H     0014H     UNIT         ?PR?_SET_ZIGBEE_UART_BYTE?SYSTEM
            CODE    2AE7H     0013H     UNIT         ?PR?_DP_DOWNLOAD_OTA_RESULT_HANDLE?PROTOCOL
            CODE    2AFAH     0013H     UNIT         ?PR?GO_BOOTLOADER_OTA?PROTOCOL
            CODE    2B0DH     0012H     UNIT         ?PR?MCU_NETWORK_START?MCU_API
BL51 BANKED LINKER/LOCATER V6.22                                                      01/28/2021  13:50:52  PAGE 5


            CODE    2B1FH     0011H     UNIT         ?PR?MCU_RESET_ZIGBEE?MCU_API
            CODE    2B30H     0011H     UNIT         ?PR?IAR_SOFT_RST_NO_OPTION?PROTOCOL
            CODE    2B41H     0011H     UNIT         ?PR?IAR_SOFT_RST_OPTION?PROTOCOL
            CODE    2B52H     000EH     UNIT         ?PR?GET_QUEUE_TOTAL_DATA?SYSTEM
            CODE    2B60H     000BH     UNIT         ?PR?_SEND_DATA?HC_MCU_XBR
            CODE    2B6BH     000AH     UNIT         ?PR?_ZIGBEE_STATE_CMD_HANDLE?SYSTEM
            CODE    2B75H     0009H     UNIT         ?PR?_MCU_GET_DP_DOWNLOAD_BOOL?MCU_API
            CODE    2B7EH     0009H     UNIT         ?PR?_MCU_GET_DP_DOWNLOAD_ENUM?MCU_API
            CODE    2B87H     0009H     UNIT         ?PR?_SEQ_NUM_SET?SYSTEM
            CODE    2B90H     0009H     UNIT         ?PR?SEQ_NUM_GET?SYSTEM
            CODE    2B99H     0008H     UNIT         ?PR?_MCU_GET_DP_DOWNLOAD_VALUE?MCU_API
            CODE    2BA1H     0008H     UNIT         ?PR?CMD1?SYSTEM
            CODE    2BA9H     0007H     UNIT         ?PR?_MCU_WRITE_RTCTIME?PROTOCOL
            CODE    2BB0H     0006H     UNIT         ?PR?RESET_BT_MODULE?PROTOCOL
            CODE    2BB6H     0003H     UNIT         ?PR?GET_DOWNLOAD_CMD_TOTAL?PROTOCOL
            CODE    2BB9H     0003H     UNIT         ?PR?SOFT_RESET_MCU?PROTOCOL
            CODE    2BBCH     0003H     UNIT         ?PR?TUYA_RE_CONFIG_NETWORK?PROTOCOL
            CODE    2BBFH     0003H     UNIT         ?PR?TUYA_RESET_MODULE?PROTOCOL
            CODE    2BC2H     0003H     UNIT         ?PR?_ZIGBEE_DATA_RSP_HANDLE?SYSTEM
            CODE    2BC5H     0001H     UNIT         ?PR?ZIGBEE_CFG_CMD_HANDLE?SYSTEM



OVERLAY MAP OF MODULE:   .\Objects\HC-MCU-XBR (?C_STARTUP)


SEGMENT                                            DATA_GROUP          XDATA_GROUP
  +--> CALLED SEGMENT                            START    LENGTH     START    LENGTH
------------------------------------------------------------------------------------
?C_C51STARTUP                                    -----    -----      -----    -----
  +--> ?PR?MAIN?HC_MCU_XBR
  +--> ?C_INITSEG

?PR?MAIN?HC_MCU_XBR                              0008H    0001H      -----    -----
  +--> ?PR?ZIGBEE_PROTOCOL_INIT?MCU_API
  +--> ?PR?INITSYS?HC_MCU_XBR
  +--> ?PR?GPIO_INIT?HC_MCU_XBR
  +--> ?PR?TIMER_INIT?HC_MCU_XBR
  +--> ?PR?UART1_INIT?HC_MCU_XBR
  +--> ?PR?ADC_INIT?HC_MCU_XBR
  +--> ?PR?_DELAY_MS?HC_MCU_XBR
  +--> ?PR?_READ_AD?HC_MCU_XBR
  +--> ?PR?SET_VAR?HC_MCU_XBR
  +--> ?PR?_PWM3INIT?HC_MCU_XBR
  +--> ?PR?WAIT1?HC_MCU_XBR
  +--> ?PR?WAIT2?HC_MCU_XBR
  +--> ?PR?RESET_BT_MODULE?PROTOCOL
  +--> ?PR?SAVEVAR?HC_MCU_XBR
  +--> ?PR?_MCU_DP_ENUM_UPDATE?MCU_API
  +--> ?PR?_MCU_DP_VALUE_UPDATE?MCU_API
  +--> ?PR?ZIGBEE_UART_SERVICE?MCU_API
  +--> ?PR?XBRHANDLE?HC_MCU_XBR

?PR?ADC_INIT?HC_MCU_XBR                          -----    -----      -----    -----
  +--> ?PR?_DELAY_US?HC_MCU_XBR

?PR?_DELAY_US?HC_MCU_XBR                         -----    -----      -----    -----
BL51 BANKED LINKER/LOCATER V6.22                                                      01/28/2021  13:50:52  PAGE 6


  +--> ?PR?_FLASH_WRITEDATA?HC_MCU_XBR

?PR?_READ_AD?HC_MCU_XBR                          -----    -----      -----    -----
  +--> ?PR?_DELAY_US?HC_MCU_XBR

?PR?SET_VAR?HC_MCU_XBR                           -----    -----      -----    -----
  +--> ?PR?_FLASH_READARR?HC_MCU_XBR
  +--> ?PR?_FLASH_ERASEBLOCK?HC_MCU_XBR
  +--> ?PR?_DELAY_US?HC_MCU_XBR
  +--> ?PR?_FLASH_WRITEDATA?HC_MCU_XBR
  +--> ?PR?RESET_BT_MODULE?PROTOCOL

?PR?_FLASH_READARR?HC_MCU_XBR                    0009H    0005H      -----    -----

?PR?RESET_BT_MODULE?PROTOCOL                     -----    -----      -----    -----
  +--> ?PR?MCU_NETWORK_START?MCU_API

?PR?MCU_NETWORK_START?MCU_API                    -----    -----      -----    -----
  +--> ?PR?_SET_ZIGBEE_UART_BYTE?SYSTEM
  +--> ?PR?_ZIGBEE_UART_WRITE_FRAME?SYSTEM

?PR?_ZIGBEE_UART_WRITE_FRAME?SYSTEM              0030H    0002H      -----    -----
  +--> ?PR?SEQ_NUM_GET?SYSTEM
  +--> ?PR?_SEQ_NUM_SET?SYSTEM
  +--> ?PR?_GET_CHECK_SUM?SYSTEM
  +--> ?PR?_ZIGBEE_UART_WRITE_DATA?SYSTEM

?PR?_GET_CHECK_SUM?SYSTEM                        0032H    0005H      -----    -----

?PR?_ZIGBEE_UART_WRITE_DATA?SYSTEM               0032H    0005H      -----    -----
  +--> ?PR?_UART_TRANSMIT_OUTPUT?PROTOCOL

?PR?_UART_TRANSMIT_OUTPUT?PROTOCOL               -----    -----      -----    -----
  +--> ?PR?_SEND_DATA?HC_MCU_XBR

?PR?_PWM3INIT?HC_MCU_XBR                         000BH    0004H      -----    -----

?PR?WAIT1?HC_MCU_XBR                             0009H    0002H      -----    -----
  +--> ?PR?_DELAY_MS?HC_MCU_XBR

?PR?WAIT2?HC_MCU_XBR                             0009H    0005H      -----    -----

?PR?SAVEVAR?HC_MCU_XBR                           -----    -----      -----    -----
  +--> ?PR?_FLASH_ERASEBLOCK?HC_MCU_XBR
  +--> ?PR?_DELAY_US?HC_MCU_XBR
  +--> ?PR?_FLASH_WRITEDATA?HC_MCU_XBR

?PR?_MCU_DP_ENUM_UPDATE?MCU_API                  0028H    0001H      -----    -----
  +--> ?PR?_SET_ZIGBEE_UART_BYTE?SYSTEM
  +--> ?PR?_ZIGBEE_UART_WRITE_FRAME?SYSTEM

?PR?_MCU_DP_VALUE_UPDATE?MCU_API                 002BH    0005H      -----    -----
  +--> ?PR?_SET_ZIGBEE_UART_BYTE?SYSTEM
  +--> ?PR?_ZIGBEE_UART_WRITE_FRAME?SYSTEM

?PR?ZIGBEE_UART_SERVICE?MCU_API                  0009H    0008H      -----    -----
  +--> ?PR?GET_QUEUE_TOTAL_DATA?SYSTEM
BL51 BANKED LINKER/LOCATER V6.22                                                      01/28/2021  13:50:52  PAGE 7


  +--> ?PR?QUEUE_READ_BYTE?SYSTEM
  +--> ?PR?_GET_CHECK_SUM?SYSTEM
  +--> ?PR?_DATA_HANDLE?SYSTEM
  +--> ?PR?_MY_MEMCPY?MCU_API

?PR?GET_QUEUE_TOTAL_DATA?SYSTEM                  -----    -----      -----    -----
  +--> ?PR?ZIGBEE_PROTOCOL_INIT?MCU_API

?PR?_DATA_HANDLE?SYSTEM                          0011H    0008H      -----    -----
  +--> ?PR?_SEQ_NUM_SET?SYSTEM
  +--> ?PR?_SET_ZIGBEE_STATE?SYSTEM
  +--> ?PR?CMD0?SYSTEM
  +--> ?PR?CMD1?SYSTEM
  +--> ?PR?PRODUCT_INFO_CMD_HANDLE?SYSTEM
  +--> ?PR?_ZIGBEE_STATE_CMD_HANDLE?SYSTEM
  +--> ?PR?ZIGBEE_CFG_CMD_HANDLE?SYSTEM
  +--> ?PR?_ZIGBEE_DATA_POINT_HANDLE?SYSTEM
  +--> ?PR?SAVEVAR?HC_MCU_XBR
  +--> ?PR?_ZIGBEE_DATA_RSP_HANDLE?SYSTEM
  +--> ?PR?ZIGBEE_OTA_VER_REQ_HANDLE?SYSTEM
  +--> ?PR?_DELAY_MS?HC_MCU_XBR
  +--> ?PR?_ZIGBEE_OTA_END_REQ_SEND?SYSTEM
  +--> ?PR?GO_BOOTLOADER_OTA?PROTOCOL
  +--> ?PR?_ZIGBEE_TIME_GET_HANDLE?SYSTEM

?PR?_SET_ZIGBEE_STATE?SYSTEM                     -----    -----      -----    -----
  +--> ?PR?ALL_DATA_UPDATE?PROTOCOL
  +--> ?PR?SAVEVAR?HC_MCU_XBR

?PR?ALL_DATA_UPDATE?PROTOCOL                     0019H    0001H      -----    -----
  +--> ?PR?_MCU_DP_BOOL_UPDATE?MCU_API
  +--> ?PR?_MCU_DP_VALUE_UPDATE?MCU_API
  +--> ?PR?_MCU_DP_ENUM_UPDATE?MCU_API

?PR?_MCU_DP_BOOL_UPDATE?MCU_API                  0028H    0001H      -----    -----
  +--> ?PR?_SET_ZIGBEE_UART_BYTE?SYSTEM
  +--> ?PR?_ZIGBEE_UART_WRITE_FRAME?SYSTEM

?PR?CMD0?SYSTEM                                  -----    -----      -----    -----
  +--> ?PR?_SET_ZIGBEE_UART_BYTE?SYSTEM
  +--> ?PR?_ZIGBEE_UART_WRITE_FRAME?SYSTEM

?PR?CMD1?SYSTEM                                  -----    -----      -----    -----
  +--> ?PR?_ZIGBEE_UART_WRITE_FRAME?SYSTEM

?PR?PRODUCT_INFO_CMD_HANDLE?SYSTEM               0019H    0001H      -----    -----
  +--> ?CO?SYSTEM
  +--> ?PR?_MY_STRLEN?MCU_API
  +--> ?PR?_SET_ZIGBEE_UART_BUFFER?SYSTEM
  +--> ?PR?_ZIGBEE_UART_WRITE_FRAME?SYSTEM

?PR?_MY_STRLEN?MCU_API                           001AH    0007H      -----    -----

?PR?_SET_ZIGBEE_UART_BUFFER?SYSTEM               001AH    0007H      -----    -----
  +--> ?PR?_MY_MEMCPY?MCU_API

?PR?_MY_MEMCPY?MCU_API                           0021H    0010H      -----    -----
BL51 BANKED LINKER/LOCATER V6.22                                                      01/28/2021  13:50:52  PAGE 8



?PR?_ZIGBEE_STATE_CMD_HANDLE?SYSTEM              0019H    0001H      -----    -----
  +--> ?PR?_ZIGBEE_UART_WRITE_FRAME?SYSTEM

?PR?_ZIGBEE_DATA_POINT_HANDLE?SYSTEM             0019H    0007H      -----    -----
  +--> ?PR?_GET_DOWMLOAD_DPID_INDEX?SYSTEM
  +--> ?PR?_DP_DOWNLOAD_HANDLE?PROTOCOL

?PR?_GET_DOWMLOAD_DPID_INDEX?SYSTEM              0020H    0001H      -----    -----
  +--> ?PR?GET_DOWNLOAD_CMD_TOTAL?PROTOCOL

?PR?_DP_DOWNLOAD_HANDLE?PROTOCOL                 0020H    0007H      -----    -----
  +--> ?PR?_DP_DOWNLOAD_SWITCH_LED_HANDLE?PR...
  +--> ?PR?_DP_DOWNLOAD_BRIGHT_VALUE_HANDLE?...
  +--> ?PR?_DP_DOWNLOAD_CDS_HANDLE?PROTOCOL
  +--> ?PR?_DP_DOWNLOAD_PIR_DELAY_HANDLE?PRO...
  +--> ?PR?_DP_DOWNLOAD_SWITCH_XBR_HANDLE?PR...
  +--> ?PR?_DP_DOWNLOAD_STANDBY_TIME_HANDLE?...
  +--> ?PR?_DP_DOWNLOAD_SENSE_STRESS_HANDLE?...
  +--> ?PR?_DP_DOWNLOAD_SWITCH_LED2_HANDLE?P...
  +--> ?PR?_DP_DOWNLOAD_SWITCH_LINKAGE_HANDL...
  +--> ?PR?_DP_DOWNLOAD_ALL_DAY_MICRO_LIGHT_...
  +--> ?PR?_DP_DOWNLOAD_CLEAR_TRIGGER_NUMBER...
  +--> ?PR?_DP_DOWNLOAD_FACTORY_OP_HANDLE?PR...
  +--> ?PR?_DP_DOWNLOAD_OTA_RESULT_HANDLE?PR...

?PR?_DP_DOWNLOAD_SWITCH_LED_HANDLE?PR...         0027H    0001H      -----    -----
  +--> ?PR?_MCU_GET_DP_DOWNLOAD_BOOL?MCU_API
  +--> ?PR?_MCU_DP_BOOL_UPDATE?MCU_API

?PR?_MCU_GET_DP_DOWNLOAD_BOOL?MCU_API            0028H    0002H      -----    -----

?PR?_DP_DOWNLOAD_BRIGHT_VALUE_HANDLE?...         0027H    0004H      -----    -----
  +--> ?PR?_MCU_GET_DP_DOWNLOAD_VALUE?MCU_API
  +--> ?PR?SAVEVAR?HC_MCU_XBR
  +--> ?PR?_MCU_DP_VALUE_UPDATE?MCU_API

?PR?_MCU_GET_DP_DOWNLOAD_VALUE?MCU_API           002BH    0002H      -----    -----
  +--> ?PR?_BYTE_TO_INT?MCU_API

?PR?_BYTE_TO_INT?MCU_API                         002DH    0004H      -----    -----

?PR?_DP_DOWNLOAD_CDS_HANDLE?PROTOCOL             -----    -----      -----    -----
  +--> ?PR?_MCU_GET_DP_DOWNLOAD_ENUM?MCU_API
  +--> ?PR?SAVEVAR?HC_MCU_XBR
  +--> ?PR?_MCU_DP_ENUM_UPDATE?MCU_API

?PR?_MCU_GET_DP_DOWNLOAD_ENUM?MCU_API            0028H    0002H      -----    -----

?PR?_DP_DOWNLOAD_PIR_DELAY_HANDLE?PRO...         0027H    0004H      -----    -----
  +--> ?PR?_MCU_GET_DP_DOWNLOAD_VALUE?MCU_API
  +--> ?PR?SAVEVAR?HC_MCU_XBR
  +--> ?PR?_MCU_DP_VALUE_UPDATE?MCU_API

?PR?_DP_DOWNLOAD_SWITCH_XBR_HANDLE?PR...         -----    -----      -----    -----
  +--> ?PR?_MCU_GET_DP_DOWNLOAD_BOOL?MCU_API
  +--> ?PR?SAVEVAR?HC_MCU_XBR
BL51 BANKED LINKER/LOCATER V6.22                                                      01/28/2021  13:50:52  PAGE 9


  +--> ?PR?_MCU_DP_BOOL_UPDATE?MCU_API

?PR?_DP_DOWNLOAD_STANDBY_TIME_HANDLE?...         0027H    0004H      -----    -----
  +--> ?PR?_MCU_GET_DP_DOWNLOAD_VALUE?MCU_API
  +--> ?PR?SAVEVAR?HC_MCU_XBR
  +--> ?PR?_MCU_DP_VALUE_UPDATE?MCU_API

?PR?_DP_DOWNLOAD_SENSE_STRESS_HANDLE?...         0027H    0004H      -----    -----
  +--> ?PR?_MCU_GET_DP_DOWNLOAD_VALUE?MCU_API
  +--> ?PR?SAVEVAR?HC_MCU_XBR
  +--> ?PR?_MCU_DP_VALUE_UPDATE?MCU_API

?PR?_DP_DOWNLOAD_SWITCH_LED2_HANDLE?P...         -----    -----      -----    -----
  +--> ?PR?_MCU_GET_DP_DOWNLOAD_BOOL?MCU_API
  +--> ?PR?_MCU_DP_BOOL_UPDATE?MCU_API

?PR?_DP_DOWNLOAD_SWITCH_LINKAGE_HANDL...         -----    -----      -----    -----
  +--> ?PR?_MCU_GET_DP_DOWNLOAD_BOOL?MCU_API
  +--> ?PR?_MCU_DP_BOOL_UPDATE?MCU_API

?PR?_DP_DOWNLOAD_ALL_DAY_MICRO_LIGHT_...         -----    -----      -----    -----
  +--> ?PR?_MCU_GET_DP_DOWNLOAD_BOOL?MCU_API
  +--> ?PR?_MCU_DP_BOOL_UPDATE?MCU_API

?PR?_DP_DOWNLOAD_CLEAR_TRIGGER_NUMBER...         -----    -----      -----    -----
  +--> ?PR?_MCU_GET_DP_DOWNLOAD_BOOL?MCU_API
  +--> ?PR?_MCU_DP_VALUE_UPDATE?MCU_API

?PR?_DP_DOWNLOAD_FACTORY_OP_HANDLE?PR...         0027H    0001H      -----    -----
  +--> ?PR?_MCU_GET_DP_DOWNLOAD_ENUM?MCU_API
  +--> ?PR?SOFT_RESET_MCU?PROTOCOL
  +--> ?PR?GO_BOOTLOADER_OTA?PROTOCOL
  +--> ?PR?TUYA_RE_CONFIG_NETWORK?PROTOCOL
  +--> ?PR?TUYA_RESET_MODULE?PROTOCOL
  +--> ?PR?TUYA_RETRY_OTA?PROTOCOL
  +--> ?PR?RESET_DEFAULT_PARAMETER?PROTOCOL
  +--> ?PR?_MCU_DP_ENUM_UPDATE?MCU_API

?PR?SOFT_RESET_MCU?PROTOCOL                      -----    -----      -----    -----
  +--> ?PR?IAR_SOFT_RST_NO_OPTION?PROTOCOL

?PR?GO_BOOTLOADER_OTA?PROTOCOL                   -----    -----      -----    -----
  +--> ?PR?_FLASH_ERASEBLOCK?HC_MCU_XBR
  +--> ?PR?_FLASH_WRITEDATA?HC_MCU_XBR
  +--> ?PR?IAR_SOFT_RST_OPTION?PROTOCOL

?PR?TUYA_RE_CONFIG_NETWORK?PROTOCOL              -----    -----      -----    -----
  +--> ?PR?MCU_NETWORK_START?MCU_API

?PR?TUYA_RESET_MODULE?PROTOCOL                   -----    -----      -----    -----
  +--> ?PR?MCU_RESET_ZIGBEE?MCU_API

?PR?MCU_RESET_ZIGBEE?MCU_API                     -----    -----      -----    -----
  +--> ?PR?_SET_ZIGBEE_UART_BYTE?SYSTEM
  +--> ?PR?_ZIGBEE_UART_WRITE_FRAME?SYSTEM

?PR?_DP_DOWNLOAD_OTA_RESULT_HANDLE?PR...         -----    -----      -----    -----
BL51 BANKED LINKER/LOCATER V6.22                                                      01/28/2021  13:50:52  PAGE 10


  +--> ?PR?_MCU_GET_DP_DOWNLOAD_ENUM?MCU_API
  +--> ?PR?_MCU_DP_ENUM_UPDATE?MCU_API

?PR?_ZIGBEE_DATA_RSP_HANDLE?SYSTEM               0019H    0001H      -----    -----

?PR?ZIGBEE_OTA_VER_REQ_HANDLE?SYSTEM             0019H    0002H      -----    -----
  +--> ?PR?GET_CURRENT_MCU_FW_VER?SYSTEM
  +--> ?PR?_SET_ZIGBEE_UART_BYTE?SYSTEM
  +--> ?PR?_ZIGBEE_UART_WRITE_FRAME?SYSTEM

?PR?GET_CURRENT_MCU_FW_VER?SYSTEM                001BH    0004H      -----    -----
  +--> ?CO?SYSTEM
  +--> ?PR?_ASSIC_TO_HEX?SYSTEM

?PR?_ZIGBEE_OTA_END_REQ_SEND?SYSTEM              0019H    0006H      -----    -----
  +--> ?CO?SYSTEM
  +--> ?PR?_SET_ZIGBEE_UART_BYTE?SYSTEM
  +--> ?PR?_ZIGBEE_UART_WRITE_FRAME?SYSTEM

?PR?_ZIGBEE_TIME_GET_HANDLE?SYSTEM               0019H    000DH      00F3H    0010H
  +--> ?PR?_MY_MEMSET?MCU_API
  +--> ?PR?_ZIGBEE_TIME_CONVERT?SYSTEM
  +--> ?PR?_MCU_WRITE_RTCTIME?PROTOCOL

?PR?_MY_MEMSET?MCU_API                           0026H    0009H      -----    -----

?PR?_ZIGBEE_TIME_CONVERT?SYSTEM                  0026H    0016H      -----    -----
  +--> ?CO?SYSTEM

?PR?_MCU_WRITE_RTCTIME?PROTOCOL                  0026H    0003H      -----    -----

?PR?XBRHANDLE?HC_MCU_XBR                         0009H    0002H      -----    -----
  +--> ?PR?_PWM3INIT?HC_MCU_XBR
  +--> ?PR?_READ_AD?HC_MCU_XBR
  +--> ?PR?_DELAY_MS?HC_MCU_XBR

*** NEW ROOT ***************************************************

?PR?UART1_RPT?HC_MCU_XBR                         -----    -----      -----    -----
  +--> ?PR?_UART_RECEIVE_INPUT?MCU_API



SYMBOL TABLE OF MODULE:  .\Objects\HC-MCU-XBR (?C_STARTUP)

  VALUE           TYPE          NAME
  ----------------------------------

  -------         MODULE        ?C_STARTUP
  C:1EB7H         SEGMENT       ?C_C51STARTUP
  I:0051H         SEGMENT       ?STACK
  C:0000H         PUBLIC        ?C_STARTUP
  D:00E0H         SYMBOL        ACC
  D:00F0H         SYMBOL        B
  D:0083H         SYMBOL        DPH
  D:0082H         SYMBOL        DPL
  N:0000H         SYMBOL        IBPSTACK
BL51 BANKED LINKER/LOCATER V6.22                                                      01/28/2021  13:50:52  PAGE 11


  N:0100H         SYMBOL        IBPSTACKTOP
  N:0080H         SYMBOL        IDATALEN
  C:1EBAH         SYMBOL        IDATALOOP
  N:0000H         SYMBOL        PBPSTACK
  N:0100H         SYMBOL        PBPSTACKTOP
  N:0000H         SYMBOL        PDATALEN
  N:0000H         SYMBOL        PDATASTART
  N:0000H         SYMBOL        PPAGE
  N:0000H         SYMBOL        PPAGEENABLE
  D:00A0H         SYMBOL        PPAGE_SFR
  D:0081H         SYMBOL        SP
  C:1EB7H         SYMBOL        STARTUP1
  N:0000H         SYMBOL        XBPSTACK
  N:0000H         SYMBOL        XBPSTACKTOP
  N:0000H         SYMBOL        XDATALEN
  N:0000H         SYMBOL        XDATASTART
  C:0000H         LINE#         126
  C:1EB7H         LINE#         133
  C:1EB9H         LINE#         134
  C:1EBAH         LINE#         135
  C:1EBBH         LINE#         136
  C:1EBDH         LINE#         185
  C:1EC0H         LINE#         196
  -------         ENDMOD        ?C_STARTUP

  -------         MODULE        HC_MCU_XBR
  C:0000H         SYMBOL        _ICE_DUMMY_
  X:FF08H         PUBLIC        P1M0
  X:FF01H         PUBLIC        P0M1
  X:0000H         PUBLIC        Light_on_flagpre
  X:FF10H         PUBLIC        P2M0
  X:FF02H         PUBLIC        P0M2
  D:0080H         PUBLIC        P0
  X:FF11H         PUBLIC        P2M1
  X:FF03H         PUBLIC        P0M3
  D:0090H         PUBLIC        P1
  X:FF12H         PUBLIC        P2M2
  D:00A0H         PUBLIC        P2
  X:0001H         PUBLIC        check_light_times
  X:FF13H         PUBLIC        P2M3
  X:0002H         PUBLIC        radar_number_send_flag
  X:0003H         PUBLIC        lowlight1minflag
  X:0004H         PUBLIC        light_status_xxx_last
  B:00A8H.7       PUBLIC        EA
  C:24F2H         PUBLIC        UART1_Rpt
  X:0005H         PUBLIC        radar_number_count
  X:FE94H         PUBLIC        XTALCFG
  X:0007H         PUBLIC        SUM1_counter
  D:00A8H         PUBLIC        IE
  B:0080H.0       PUBLIC        P0_0
  D:00FCH         PUBLIC        IAP_CMD
  X:0008H         PUBLIC        guc_Read_a1
  D:00F8H         PUBLIC        RSTFR
  B:0080H.4       PUBLIC        P0_4
  X:000AH         PUBLIC        lowlight1mincount
  X:000CH         PUBLIC        alarm_times
  X:FF91H         PUBLIC        PWM01_MAP
BL51 BANKED LINKER/LOCATER V6.22                                                      01/28/2021  13:50:52  PAGE 12


  C:2A90H         PUBLIC        InitSYS
  X:000DH         PUBLIC        LIGHT_off
  X:FF95H         PUBLIC        PWM11_MAP
  X:FF99H         PUBLIC        PWM21_MAP
  X:FE89H         PUBLIC        S2CON2
  D:00B6H         PUBLIC        ADCR
  X:000FH         PUBLIC        TH
  X:FEA2H         PUBLIC        CRCC
  X:FE85H         PUBLIC        T5CON1
  X:0013H         PUBLIC        all_day_micro_light_enable
  X:FFA5H         PUBLIC        SCK_MAP
  X:0014H         PUBLIC        SWITCHflag2
  X:0015H         PUBLIC        times
  X:0017H         PUBLIC        SUM0
  C:0F8EH         PUBLIC        main
  C:2A59H         PUBLIC        GPIO_Init
  X:001BH         PUBLIC        SUM1
  X:FEA4H         PUBLIC        BORC
  X:001FH         PUBLIC        SUM2
  C:2B60H         PUBLIC        _send_data
  X:0023H         PUBLIC        SWITCHfXBR
  D:00BBH         PUBLIC        LVDC
  X:0024H         PUBLIC        radar_trig_times
  X:FFA1H         PUBLIC        RXD_MAP
  X:FEA5H         PUBLIC        BORDBC
  X:FFA0H         PUBLIC        TXD_MAP
  X:FEA7H         PUBLIC        LVDDBC
  D:0099H         PUBLIC        SBUF
  X:FEB8H         PUBLIC        PINTE0
  C:291EH         PUBLIC        _Delay_ms
  C:2993H         PUBLIC        _Flash_EraseBlock
  X:0026H         PUBLIC        lowlightDELAY_NUM
  X:0027H         PUBLIC        MAX_DELTA
  X:FEB9H         PUBLIC        PINTE1
  D:00BDH         PUBLIC        WDTC
  X:002BH         PUBLIC        zigbee_join_cnt
  D:0098H         PUBLIC        SCON
  D:0089H         PUBLIC        TMOD
  D:0088H         PUBLIC        TCON
  X:002CH         PUBLIC        Light_on_flag
  X:002DH         PUBLIC        radar_number_send_flag2
  X:002EH         PUBLIC        start_times
  X:FE95H         PUBLIC        SPOV_RSTEN
  C:2A7EH         PUBLIC        _Delay_us
  X:0030H         PUBLIC        Linkage_flag
  X:0031H         PUBLIC        lightvalue
  D:00B4H         PUBLIC        ADCC0
  C:0026H         PUBLIC        XBRHandle
  D:00B5H         PUBLIC        ADCC1
  X:FE9BH         PUBLIC        ADCC2
  C:2AA7H         PUBLIC        ADC_Init
  X:FE91H         PUBLIC        CLKDIV
  D:00B8H         PUBLIC        IE1
  X:0032H         PUBLIC        person_in_range_flag
  X:0033H         PUBLIC        light_ad
  D:0044H         PUBLIC        upload_disable
  X:0034H         PUBLIC        DELAY_NUM
BL51 BANKED LINKER/LOCATER V6.22                                                      01/28/2021  13:50:52  PAGE 13


  X:0036H         PUBLIC        radar_trig_times_last
  X:FF80H         PUBLIC        T0_MAP
  C:257FH         PUBLIC        _read_ad
  X:FF81H         PUBLIC        T1_MAP
  X:FEAAH         PUBLIC        RSTDBC
  X:0038H         PUBLIC        resetbtcnt
  X:FF83H         PUBLIC        T3_MAP
  X:FF84H         PUBLIC        T4_MAP
  X:FF85H         PUBLIC        T5_MAP
  D:0045H         PUBLIC        Timer_Counter
  X:FEA0H         PUBLIC        WDTCCR
  D:0049H         PUBLIC        while_1flag
  D:004AH         PUBLIC        while_2flag
  C:1C99H         PUBLIC        TIMER1_Rpt
  D:008CH         PUBLIC        TH0
  D:008DH         PUBLIC        TH1
  X:0039H         PUBLIC        stop_times
  X:003AH         PUBLIC        XRBoffbrightvalue
  D:00CEH         PUBLIC        TH4
  D:008AH         PUBLIC        TL0
  D:008BH         PUBLIC        TL1
  X:FE93H         PUBLIC        CLKOUT
  D:00CDH         PUBLIC        TL4
  D:00FBH         PUBLIC        IAP_DATA
  X:003BH         PUBLIC        SUM10
  X:003FH         PUBLIC        SUM01
  D:00F9H         PUBLIC        IAP_ADDR
  X:0043H         PUBLIC        person_in_range_flag_last
  X:0044H         PUBLIC        SUM0_num
  D:008EH         PUBLIC        CLKSWR
  X:0045H         PUBLIC        SUM1_num
  C:2946H         PUBLIC        _FLASH_WriteData
  X:0046H         PUBLIC        slowchcnt
  X:0047H         PUBLIC        calc_average_times
  I:004DH         PUBLIC        light1sflag
  X:0048H         PUBLIC        switchcnt
  X:0049H         PUBLIC        SUM16
  C:2145H         PUBLIC        _PWM3init
  X:004DH         PUBLIC        average
  X:004FH         PUBLIC        guc_Read_a
  X:FFA9H         PUBLIC        RXD2_MAP
  X:005BH         PUBLIC        ALL_SUM1
  X:FFA8H         PUBLIC        TXD2_MAP
  X:FE98H         PUBLIC        ADCWC
  X:FE8AH         PUBLIC        S2BUF
  X:FF90H         PUBLIC        PWM0_MAP
  C:283EH         PUBLIC        UART1_Init
  X:FFA4H         PUBLIC        SS_MAP
  X:FF94H         PUBLIC        PWM1_MAP
  X:FF98H         PUBLIC        PWM2_MAP
  X:FE88H         PUBLIC        S2CON
  X:FE80H         PUBLIC        TCON1
  D:009EH         PUBLIC        SCON2
  X:FF9CH         PUBLIC        PWM3_MAP
  C:222DH         PUBLIC        wait1
  C:2297H         PUBLIC        wait2
  X:FF8FH         PUBLIC        CLKO_MAP
BL51 BANKED LINKER/LOCATER V6.22                                                      01/28/2021  13:50:52  PAGE 14


  X:FEBCH         PUBLIC        INT01_PINS
  D:00CCH         PUBLIC        T4CON
  X:FE92H         PUBLIC        FREQ_CLK
  D:00DDH         PUBLIC        PWM3C
  D:00DFH         PUBLIC        PWM3D
  I:004FH         PUBLIC        light1scount
  X:005FH         PUBLIC        light_status_xxx
  X:0060H         PUBLIC        light_ad0
  X:FEB0H         PUBLIC        PITS0
  X:FF05H         PUBLIC        P0LPU
  X:FEB1H         PUBLIC        PITS1
  X:FEB2H         PUBLIC        PITS2
  X:FEB3H         PUBLIC        PITS3
  X:0061H         PUBLIC        SUM
  C:27DAH         PUBLIC        _Flash_ReadArr
  X:0065H         PUBLIC        LIGHT_TH
  C:1393H         PUBLIC        set_var
  X:FFA7H         PUBLIC        MISO_MAP
  X:FFA6H         PUBLIC        MOSI_MAP
  D:00DEH         PUBLIC        PWM3P
  X:0066H         PUBLIC        LIGHT
  C:2A1DH         PUBLIC        Timer_Init
  X:FF40H         PUBLIC        P00DBC
  D:00D0H         PUBLIC        PSW
  X:FF41H         PUBLIC        P01DBC
  C:1D5CH         PUBLIC        savevar
  X:FF42H         PUBLIC        P02DBC
  X:FF00H         PUBLIC        P0M0
  -------         PROC          _FLASH_READARR
  D:0009H         SYMBOL        fui_Address
  D:0005H         SYMBOL        fuc_Length
  D:000BH         SYMBOL        fucp_SaveArr
  C:27DAH         LINE#         109
  C:27E4H         LINE#         110
  C:27E4H         LINE#         111
  C:27EAH         LINE#         112
  C:280BH         LINE#         113
  -------         ENDPROC       _FLASH_READARR
  -------         PROC          _DELAY_MS
  D:0082H         SYMBOL        t
  C:291EH         LINE#         115
  C:2922H         LINE#         116
  C:2922H         LINE#         117
  C:292BH         LINE#         118
  C:2940H         LINE#         119
  C:2940H         LINE#         120
  C:2943H         LINE#         121
  C:2945H         LINE#         122
  -------         ENDPROC       _DELAY_MS
  C:2A77H         SYMBOL        L?0192
  -------         PROC          L?0191
  -------         ENDPROC       L?0191
  C:2A77H         SYMBOL        L?0192
  -------         PROC          _DELAY_US
  D:0006H         SYMBOL        q1
  -------         DO            
  D:0004H         SYMBOL        j
BL51 BANKED LINKER/LOCATER V6.22                                                      01/28/2021  13:50:52  PAGE 15


  -------         ENDDO         
  C:2A7EH         LINE#         124
  C:2A7EH         LINE#         125
  C:2A7EH         LINE#         127
  C:2A88H         LINE#         128
  C:2A88H         LINE#         130
  C:2A8FH         LINE#         131
  -------         ENDPROC       _DELAY_US
  -------         PROC          INITSYS
  C:2A90H         LINE#         139
  C:2A90H         LINE#         140
  C:2A90H         LINE#         143
  C:2A93H         LINE#         144
  C:2A99H         LINE#         145
  C:2A9DH         LINE#         153
  C:2AA0H         LINE#         154
  C:2AA6H         LINE#         156
  -------         ENDPROC       INITSYS
  -------         PROC          TIMER_INIT
  C:2A1DH         LINE#         164
  C:2A1DH         LINE#         165
  C:2A1DH         LINE#         167
  C:2A22H         LINE#         168
  C:2A25H         LINE#         180
  C:2A28H         LINE#         181
  C:2A2BH         LINE#         182
  C:2A2EH         LINE#         183
  C:2A31H         LINE#         185
  C:2A34H         LINE#         186
  C:2A37H         LINE#         188
  C:2A3AH         LINE#         189
  -------         ENDPROC       TIMER_INIT
  -------         PROC          UART1_INIT
  C:283EH         LINE#         197
  C:283EH         LINE#         198
  C:283EH         LINE#         200
  C:2847H         LINE#         201
  C:2850H         LINE#         202
  C:2852H         LINE#         203
  C:2858H         LINE#         204
  C:285CH         LINE#         205
  C:285FH         LINE#         221
  C:2862H         LINE#         222
  C:2865H         LINE#         223
  C:2868H         LINE#         224
  C:286BH         LINE#         225
  C:286EH         LINE#         227
  -------         ENDPROC       UART1_INIT
  -------         PROC          ADC_INIT
  C:2AA7H         LINE#         235
  C:2AA7H         LINE#         236
  C:2AA7H         LINE#         238
  C:2AAAH         LINE#         239
  C:2AADH         LINE#         240
  C:2AB4H         LINE#         251
  C:2AB7H         LINE#         254
  C:2ABDH         LINE#         255
BL51 BANKED LINKER/LOCATER V6.22                                                      01/28/2021  13:50:52  PAGE 16


  -------         ENDPROC       ADC_INIT
  -------         PROC          GPIO_INIT
  C:2A59H         LINE#         263
  C:2A59H         LINE#         264
  C:2A59H         LINE#         304
  C:2A62H         LINE#         306
  C:2A6BH         LINE#         308
  C:2A74H         LINE#         343
  -------         ENDPROC       GPIO_INIT
  -------         PROC          _SEND_DATA
  D:0007H         SYMBOL        d
  C:2B60H         LINE#         345
  C:2B60H         LINE#         346
  C:2B60H         LINE#         347
  C:2B62H         LINE#         348
  C:2B67H         LINE#         350
  C:2B6AH         LINE#         351
  -------         ENDPROC       _SEND_DATA
  -------         PROC          _READ_AD
  D:0007H         SYMBOL        ch
  -------         DO            
  D:0001H         SYMBOL        i
  D:0002H         SYMBOL        ad_sum
  -------         ENDDO         
  C:257FH         LINE#         354
  C:257FH         LINE#         355
  C:257FH         LINE#         359
  C:2581H         LINE#         360
  C:2584H         LINE#         361
  C:2589H         LINE#         363
  C:258CH         LINE#         365
  C:2593H         LINE#         367
  C:2596H         LINE#         369
  C:2597H         LINE#         370
  C:2597H         LINE#         371
  C:259AH         LINE#         372
  C:259FH         LINE#         374
  C:25A2H         LINE#         375
  C:25AAH         LINE#         377
  C:25B1H         LINE#         378
  C:25B5H         LINE#         389
  C:25B8H         LINE#         392
  C:25BAH         LINE#         394
  C:25C1H         LINE#         395
  C:25C3H         LINE#         396
  -------         ENDPROC       _READ_AD
  -------         PROC          SET_VAR
  C:1393H         LINE#         398
  C:1393H         LINE#         399
  C:1393H         LINE#         401
  C:13A2H         LINE#         403
  C:13B1H         LINE#         404
  C:13C2H         LINE#         405
  C:13DAH         LINE#         406
  C:13F0H         LINE#         407
  C:1417H         LINE#         408
  C:1421H         LINE#         410
BL51 BANKED LINKER/LOCATER V6.22                                                      01/28/2021  13:50:52  PAGE 17


  C:1429H         LINE#         412
  C:142BH         LINE#         413
  C:142DH         LINE#         414
  C:1434H         LINE#         415
  C:1437H         LINE#         417
  C:1444H         LINE#         418
  C:144DH         LINE#         419
  C:145BH         LINE#         420
  C:146FH         LINE#         421
  C:1478H         LINE#         424
  C:1480H         LINE#         426
  C:1484H         LINE#         428
  C:148CH         LINE#         429
  C:1494H         LINE#         430
  C:149AH         LINE#         432
  C:14A5H         LINE#         434
  C:14AFH         LINE#         436
  C:14B9H         LINE#         438
  C:14C3H         LINE#         440
  C:14D2H         LINE#         441
  C:14DAH         LINE#         442
  C:14E2H         LINE#         444
  C:14E9H         LINE#         445
  C:14F0H         LINE#         447
  C:14F6H         LINE#         449
  C:14FFH         LINE#         450
  C:1506H         LINE#         452
  C:150CH         LINE#         453
  C:150CH         LINE#         454
  C:150FH         LINE#         455
  C:150FH         LINE#         456
  C:1517H         LINE#         457
  C:1517H         LINE#         458
  C:151EH         LINE#         459
  C:1525H         LINE#         460
  C:1525H         LINE#         461
  -------         ENDPROC       SET_VAR
  -------         PROC          XBRHANDLE
  -------         DO            
  D:0009H         SYMBOL        k
  -------         ENDDO         
  C:0026H         LINE#         463
  C:0026H         LINE#         464
  C:0026H         LINE#         467
  C:002DH         LINE#         468
  C:002DH         LINE#         480
  C:0030H         LINE#         481
  C:0035H         LINE#         483
  C:0038H         LINE#         484
  C:003EH         LINE#         486
  C:0048H         LINE#         488
  C:005EH         LINE#         491
  C:006EH         LINE#         492
  C:006EH         LINE#         493
  C:0079H         LINE#         494
  C:007BH         LINE#         496
  C:007BH         LINE#         497
BL51 BANKED LINKER/LOCATER V6.22                                                      01/28/2021  13:50:52  PAGE 18


  C:0086H         LINE#         498
  C:0086H         LINE#         499
  C:009CH         LINE#         501
  C:00A8H         LINE#         502
  C:00A8H         LINE#         503
  C:00B7H         LINE#         504
  C:00B7H         LINE#         518
  C:00BDH         LINE#         520
  C:00BEH         LINE#         521
  C:00C0H         LINE#         522
  C:00CCH         LINE#         523
  C:00CCH         LINE#         533
  C:00D5H         LINE#         535
  C:00D8H         LINE#         536
  C:00D8H         LINE#         537
  C:00D8H         LINE#         539
  C:00E4H         LINE#         540
  C:00E4H         LINE#         542
  C:00E7H         LINE#         544
  C:00EBH         LINE#         546
  C:00F1H         LINE#         548
  C:0106H         LINE#         550
  C:010FH         LINE#         551
  C:010FH         LINE#         552
  C:0111H         LINE#         554
  C:0122H         LINE#         556
  C:0131H         LINE#         557
  C:013CH         LINE#         558
  C:0146H         LINE#         559
  C:0146H         LINE#         561
  C:014FH         LINE#         562
  C:014FH         LINE#         563
  C:0152H         LINE#         564
  C:0154H         LINE#         566
  C:0154H         LINE#         567
  C:015EH         LINE#         568
  C:015EH         LINE#         579
  C:0168H         LINE#         582
  C:0195H         LINE#         583
  C:019DH         LINE#         585
  C:01A5H         LINE#         587
  C:01AAH         LINE#         588
  C:01AAH         LINE#         589
  C:01AAH         LINE#         591
  C:01BBH         LINE#         592
  C:01BBH         LINE#         593
  C:01D5H         LINE#         594
  C:01F2H         LINE#         595
  C:01FCH         LINE#         596
  C:01FCH         LINE#         598
  C:0202H         LINE#         599
  C:0202H         LINE#         600
  C:020EH         LINE#         601
  C:0218H         LINE#         603
  C:0218H         LINE#         605
  C:0254H         LINE#         606
  C:0254H         LINE#         607
BL51 BANKED LINKER/LOCATER V6.22                                                      01/28/2021  13:50:52  PAGE 19


  C:025AH         LINE#         608
  C:026FH         LINE#         609
  C:0288H         LINE#         610
  C:0299H         LINE#         611
  C:02ACH         LINE#         612
  C:02B6H         LINE#         613
  C:02C9H         LINE#         614
  C:02D3H         LINE#         616
  C:02E5H         LINE#         617
  C:02E5H         LINE#         618
  C:02FAH         LINE#         619
  C:030EH         LINE#         620
  C:0316H         LINE#         621
  C:032CH         LINE#         622
  C:0331H         LINE#         627
  C:0331H         LINE#         628
  C:0337H         LINE#         629
  C:0337H         LINE#         631
  C:0356H         LINE#         632
  C:0356H         LINE#         633
  C:0361H         LINE#         634
  C:0361H         LINE#         635
  C:036AH         LINE#         636
  C:0372H         LINE#         637
  C:0392H         LINE#         638
  C:0392H         LINE#         639
  C:03A7H         LINE#         640
  C:03BCH         LINE#         641
  C:03BCH         LINE#         642
  C:03BCH         LINE#         643
  C:03BCH         LINE#         644
  C:03BCH         LINE#         645
  C:03BFH         LINE#         647
  C:03CFH         LINE#         648
  C:03CFH         LINE#         656
  C:03F2H         LINE#         657
  C:03F2H         LINE#         658
  C:0407H         LINE#         660
  C:0432H         LINE#         662
  C:0432H         LINE#         663
  C:043AH         LINE#         664
  C:043AH         LINE#         665
  C:043AH         LINE#         666
  C:043AH         LINE#         667
  C:043CH         LINE#         669
  C:043CH         LINE#         670
  C:0450H         LINE#         671
  C:0458H         LINE#         672
  C:046FH         LINE#         673
  C:0474H         LINE#         675
  C:0477H         LINE#         676
  C:0484H         LINE#         677
  C:0484H         LINE#         678
  C:0499H         LINE#         679
  C:04AEH         LINE#         680
  C:04AEH         LINE#         681
  C:04AEH         LINE#         682
BL51 BANKED LINKER/LOCATER V6.22                                                      01/28/2021  13:50:52  PAGE 20


  C:04AEH         LINE#         683
  C:04AEH         LINE#         690
  C:04BBH         LINE#         691
  C:04BBH         LINE#         692
  C:04BCH         LINE#         693
  C:04BCH         LINE#         694
  C:04BCH         LINE#         695
  C:04BCH         LINE#         696
  C:04BEH         LINE#         698
  C:04BEH         LINE#         699
  C:04C3H         LINE#         700
  C:04CDH         LINE#         701
  C:04CDH         LINE#         703
  C:04D6H         LINE#         704
  C:04D6H         LINE#         705
  C:04D9H         LINE#         706
  C:051FH         LINE#         707
  C:0539H         LINE#         708
  C:053CH         LINE#         710
  C:053CH         LINE#         712
  C:054BH         LINE#         713
  C:054BH         LINE#         714
  C:0552H         LINE#         716
  C:0561H         LINE#         717
  C:0561H         LINE#         725
  C:0575H         LINE#         726
  C:0575H         LINE#         727
  C:057FH         LINE#         728
  C:0581H         LINE#         730
  C:0581H         LINE#         731
  C:0596H         LINE#         732
  C:05AAH         LINE#         733
  C:05AAH         LINE#         734
  C:05C6H         LINE#         735
  C:05C6H         LINE#         737
  C:05C6H         LINE#         738
  C:05C6H         LINE#         740
  C:05C6H         LINE#         746
  C:05C6H         LINE#         747
  C:05C6H         LINE#         749
  C:05E1H         LINE#         750
  C:05E1H         LINE#         755
  C:05FDH         LINE#         756
  C:05FDH         LINE#         764
  C:05FDH         LINE#         765
  C:0607H         LINE#         766
  C:0613H         LINE#         767
  C:061BH         LINE#         768
  C:061FH         LINE#         787
  C:0629H         LINE#         789
  C:062FH         LINE#         791
  C:0635H         LINE#         792
  C:063CH         LINE#         793
  C:0641H         LINE#         794
  C:0646H         LINE#         796
  C:0646H         LINE#         797
  C:0646H         LINE#         798
BL51 BANKED LINKER/LOCATER V6.22                                                      01/28/2021  13:50:52  PAGE 21


  C:0646H         LINE#         799
  C:0646H         LINE#         801
  C:0652H         LINE#         810
  C:065CH         LINE#         811
  C:0666H         LINE#         813
  C:0676H         LINE#         814
  C:0676H         LINE#         825
  C:0685H         LINE#         826
  C:0685H         LINE#         827
  C:068CH         LINE#         828
  C:068FH         LINE#         829
  C:0693H         LINE#         830
  C:0697H         LINE#         833
  C:0697H         LINE#         834
  C:0697H         LINE#         835
  C:0697H         LINE#         836
  C:0698H         LINE#         838
  C:0698H         LINE#         839
  C:06A0H         LINE#         840
  C:06A3H         LINE#         850
  C:06A9H         LINE#         851
  C:06ADH         LINE#         855
  C:06B3H         LINE#         861
  C:06BDH         LINE#         862
  C:06C2H         LINE#         863
  C:06C8H         LINE#         865
  C:06CEH         LINE#         867
  C:06D4H         LINE#         869
  C:06D9H         LINE#         870
  C:06E3H         LINE#         874
  C:06E3H         LINE#         875
  -------         ENDPROC       XBRHANDLE
  -------         PROC          WAIT1
  -------         DO            
  D:0009H         SYMBOL        i
  D:000AH         SYMBOL        j
  -------         ENDDO         
  C:222DH         LINE#         877
  C:222DH         LINE#         878
  C:222DH         LINE#         882
  C:2230H         LINE#         883
  C:2230H         LINE#         884
  C:2230H         LINE#         885
  C:223AH         LINE#         903
  C:223DH         LINE#         904
  C:223DH         LINE#         906
  C:2240H         LINE#         907
  C:2245H         LINE#         909
  C:2248H         LINE#         912
  C:225EH         LINE#         913
  C:2265H         LINE#         932
  C:226CH         LINE#         936
  C:2279H         LINE#         937
  C:228CH         LINE#         938
  C:228CH         LINE#         940
  C:228EH         LINE#         942
  C:2295H         LINE#         943
BL51 BANKED LINKER/LOCATER V6.22                                                      01/28/2021  13:50:52  PAGE 22


  C:2296H         LINE#         945
  -------         ENDPROC       WAIT1
  -------         PROC          WAIT2
  -------         DO            
  D:0009H         SYMBOL        i
  D:000AH         SYMBOL        k
  D:000CH         SYMBOL        t
  -------         ENDDO         
  C:2297H         LINE#         946
  C:2297H         LINE#         947
  C:2297H         LINE#         952
  C:22A1H         LINE#         954
  C:22A4H         LINE#         955
  C:22A4H         LINE#         956
  C:22A9H         LINE#         957
  C:22A9H         LINE#         968
  C:22ACH         LINE#         969
  C:22B1H         LINE#         971
  C:22B4H         LINE#         972
  C:22BAH         LINE#         974
  C:22D0H         LINE#         975
  C:22E0H         LINE#         976
  C:22E3H         LINE#         977
  C:22EAH         LINE#         979
  C:22FDH         LINE#         985
  -------         ENDPROC       WAIT2
  -------         PROC          _PWM3INIT
  D:0007H         SYMBOL        ab
  -------         DO            
  D:000BH         SYMBOL        i11
  D:0006H         SYMBOL        j11
  -------         ENDDO         
  C:2145H         LINE#         987
  C:2145H         LINE#         988
  C:2145H         LINE#         992
  C:2148H         LINE#         993
  C:2148H         LINE#         994
  C:214CH         LINE#         995
  C:214CH         LINE#         996
  C:214EH         LINE#         997
  C:2151H         LINE#         998
  C:2151H         LINE#         999
  C:2156H         LINE#         1000
  C:215BH         LINE#         1001
  C:215DH         LINE#         1003
  C:215DH         LINE#         1004
  C:2163H         LINE#         1005
  C:2168H         LINE#         1006
  C:2168H         LINE#         1008
  C:216BH         LINE#         1009
  C:216BH         LINE#         1010
  C:216DH         LINE#         1011
  C:216FH         LINE#         1013
  C:216FH         LINE#         1014
  C:2192H         LINE#         1015
  C:21A8H         LINE#         1016
  C:21A8H         LINE#         1031
BL51 BANKED LINKER/LOCATER V6.22                                                      01/28/2021  13:50:52  PAGE 23


  C:21AEH         LINE#         1049
  C:21B1H         LINE#         1056
  C:21B3H         LINE#         1057
  C:21B6H         LINE#         1059
  C:21B8H         LINE#         1060
  -------         ENDPROC       _PWM3INIT
  -------         PROC          MAIN
  -------         DO            
  D:0008H         SYMBOL        i
  -------         ENDDO         
  C:0F8EH         LINE#         1070
  C:0F8EH         LINE#         1071
  C:0F8EH         LINE#         1073
  C:0F91H         LINE#         1074
  C:0F94H         LINE#         1075
  C:0F97H         LINE#         1079
  C:0F9AH         LINE#         1080
  C:0F9DH         LINE#         1081
  C:0FA0H         LINE#         1083
  C:0FA3H         LINE#         1087
  C:0FA9H         LINE#         1088
  C:0FACH         LINE#         1090
  C:0FAEH         LINE#         1092
  C:0FB5H         LINE#         1108
  C:0FBFH         LINE#         1111
  C:0FC3H         LINE#         1113
  C:0FC5H         LINE#         1114
  C:0FC8H         LINE#         1116
  C:0FCDH         LINE#         1118
  C:0FCFH         LINE#         1120
  C:0FD2H         LINE#         1122
  C:0FDBH         LINE#         1124
  C:0FDEH         LINE#         1127
  C:0FE5H         LINE#         1129
  C:0FE8H         LINE#         1131
  C:0FF2H         LINE#         1133
  C:0FF5H         LINE#         1135
  C:0FFEH         LINE#         1136
  C:0FFEH         LINE#         1137
  C:1000H         LINE#         1138
  C:1003H         LINE#         1139
  C:1005H         LINE#         1141
  C:1005H         LINE#         1142
  C:1008H         LINE#         1143
  C:1008H         LINE#         1145
  C:1008H         LINE#         1146
  C:1008H         LINE#         1147
  C:100FH         LINE#         1148
  C:100FH         LINE#         1149
  C:101CH         LINE#         1150
  C:101CH         LINE#         1151
  C:1021H         LINE#         1152
  C:1029H         LINE#         1153
  C:1029H         LINE#         1155
  C:1036H         LINE#         1156
  C:1036H         LINE#         1157
  C:103BH         LINE#         1158
BL51 BANKED LINKER/LOCATER V6.22                                                      01/28/2021  13:50:52  PAGE 24


  C:1043H         LINE#         1159
  C:1043H         LINE#         1161
  C:104BH         LINE#         1162
  C:104BH         LINE#         1163
  C:1052H         LINE#         1164
  C:1052H         LINE#         1165
  C:1057H         LINE#         1166
  C:105BH         LINE#         1167
  C:106FH         LINE#         1168
  C:106FH         LINE#         1169
  C:107DH         LINE#         1170
  C:108CH         LINE#         1171
  C:108CH         LINE#         1172
  C:108CH         LINE#         1173
  C:108CH         LINE#         1174
  C:108CH         LINE#         1176
  C:108FH         LINE#         1178
  C:1093H         LINE#         1179
  C:1093H         LINE#         1180
  C:109BH         LINE#         1181
  C:109EH         LINE#         1182
  C:109EH         LINE#         1184
  C:10A9H         LINE#         1185
  C:10A9H         LINE#         1186
  C:10ADH         LINE#         1187
  C:10ADH         LINE#         1188
  C:10AFH         LINE#         1190
  C:10B2H         LINE#         1191
  C:10BAH         LINE#         1193
  C:10C4H         LINE#         1194
  C:10C9H         LINE#         1195
  C:10CFH         LINE#         1197
  C:10D5H         LINE#         1199
  C:10DBH         LINE#         1201
  C:10E0H         LINE#         1202
  C:10EAH         LINE#         1203
  C:10EAH         LINE#         1205
  C:10EDH         LINE#         1207
  C:10FCH         LINE#         1208
  C:10FCH         LINE#         1209
  C:1103H         LINE#         1210
  C:1103H         LINE#         1211
  C:1105H         LINE#         1212
  C:110EH         LINE#         1213
  C:1121H         LINE#         1214
  C:1121H         LINE#         1215
  C:1125H         LINE#         1216
  C:112DH         LINE#         1217
  C:112DH         LINE#         1219
  C:112DH         LINE#         1221
  C:112DH         LINE#         1222
  C:1132H         LINE#         1223
  C:1132H         LINE#         1224
  C:1132H         LINE#         1225
  C:1132H         LINE#         1226
  C:1132H         LINE#         1227
  C:1141H         LINE#         1228
BL51 BANKED LINKER/LOCATER V6.22                                                      01/28/2021  13:50:52  PAGE 25


  C:1141H         LINE#         1229
  C:114AH         LINE#         1230
  C:114AH         LINE#         1231
  C:114DH         LINE#         1232
  C:1153H         LINE#         1239
  C:1153H         LINE#         1240
  C:1153H         LINE#         1243
  C:115EH         LINE#         1244
  C:115EH         LINE#         1245
  C:116DH         LINE#         1246
  C:116DH         LINE#         1247
  C:116FH         LINE#         1248
  C:1177H         LINE#         1250
  C:1184H         LINE#         1251
  C:1184H         LINE#         1254
  C:1188H         LINE#         1255
  C:1188H         LINE#         1256
  C:1188H         LINE#         1257
  C:1188H         LINE#         1259
  C:1188H         LINE#         1260
  C:118BH         LINE#         1261
  C:1191H         LINE#         1262
  C:1191H         LINE#         1263
  C:1195H         LINE#         1264
  C:1198H         LINE#         1266
  C:1198H         LINE#         1267
  C:11A0H         LINE#         1269
  C:11A3H         LINE#         1271
  C:11ABH         LINE#         1274
  C:11B5H         LINE#         1275
  C:11BAH         LINE#         1276
  C:11C0H         LINE#         1278
  C:11C6H         LINE#         1280
  C:11CCH         LINE#         1282
  C:11D1H         LINE#         1283
  C:11DBH         LINE#         1284
  C:11DBH         LINE#         1285
  C:11DBH         LINE#         1286
  -------         ENDPROC       MAIN
  -------         PROC          TIMER1_RPT
  C:1C99H         LINE#         1295
  C:1CB6H         LINE#         1298
  C:1CD2H         LINE#         1300
  C:1CDCH         LINE#         1301
  C:1CF3H         LINE#         1302
  C:1CF3H         LINE#         1303
  C:1CFAH         LINE#         1304
  C:1CFFH         LINE#         1305
  C:1CFFH         LINE#         1306
  C:1D07H         LINE#         1307
  C:1D13H         LINE#         1308
  C:1D13H         LINE#         1310
  C:1D18H         LINE#         1311
  C:1D1FH         LINE#         1312
  C:1D1FH         LINE#         1313
  C:1D29H         LINE#         1314
  C:1D38H         LINE#         1315
BL51 BANKED LINKER/LOCATER V6.22                                                      01/28/2021  13:50:52  PAGE 26


  C:1D38H         LINE#         1316
  C:1D3CH         LINE#         1317
  C:1D41H         LINE#         1318
  C:1D41H         LINE#         1319
  -------         ENDPROC       TIMER1_RPT
  -------         PROC          UART1_RPT
  -------         DO            
  D:0007H         SYMBOL        i
  -------         ENDDO         
  C:24F2H         LINE#         1328
  C:250FH         LINE#         1333
  C:2514H         LINE#         1334
  C:2514H         LINE#         1335
  C:2516H         LINE#         1336
  C:2519H         LINE#         1337
  C:251CH         LINE#         1338
  C:251EH         LINE#         1339
  C:251EH         LINE#         1340
  -------         ENDPROC       UART1_RPT
  -------         PROC          _FLASH_ERASEBLOCK
  D:0006H         SYMBOL        fui_Address
  C:2993H         LINE#         1342
  C:2993H         LINE#         1343
  C:2993H         LINE#         1344
  C:2993H         LINE#         1345
  C:2993H         LINE#         1346
  C:2996H         LINE#         1347
  C:2998H         LINE#         1348
  C:299DH         LINE#         1349
  C:299DH         LINE#         1351
  C:299FH         LINE#         1352
  C:29A1H         LINE#         1353
  C:29A7H         LINE#         1354
  C:29ABH         LINE#         1355
  C:29B1H         LINE#         1356
  C:29B7H         LINE#         1358
  -------         ENDPROC       _FLASH_ERASEBLOCK
  -------         PROC          _FLASH_WRITEDATA
  D:0007H         SYMBOL        fuc_SaveData
  D:0004H         SYMBOL        fui_Address
  C:2946H         LINE#         1368
  C:2946H         LINE#         1369
  C:2946H         LINE#         1370
  C:2946H         LINE#         1371
  C:2946H         LINE#         1372
  C:2949H         LINE#         1373
  C:294BH         LINE#         1374
  C:2950H         LINE#         1375
  C:2950H         LINE#         1377
  C:2952H         LINE#         1378
  C:2954H         LINE#         1379
  C:2956H         LINE#         1380
  C:295CH         LINE#         1381
  C:2960H         LINE#         1382
  C:2966H         LINE#         1383
  C:296CH         LINE#         1385
  -------         ENDPROC       _FLASH_WRITEDATA
BL51 BANKED LINKER/LOCATER V6.22                                                      01/28/2021  13:50:52  PAGE 27


  -------         PROC          SAVEVAR
  -------         DO            
  D:0007H         SYMBOL        i
  -------         ENDDO         
  C:1D5CH         LINE#         1420
  C:1D5CH         LINE#         1421
  C:1D5CH         LINE#         1423
  C:1D63H         LINE#         1424
  C:1D6AH         LINE#         1426
  C:1D7FH         LINE#         1427
  C:1D86H         LINE#         1428
  C:1D8DH         LINE#         1430
  C:1D9DH         LINE#         1431
  C:1DA4H         LINE#         1432
  C:1DABH         LINE#         1434
  C:1DAEH         LINE#         1435
  C:1DB0H         LINE#         1436
  C:1DB3H         LINE#         1438
  C:1DB6H         LINE#         1439
  C:1DB8H         LINE#         1440
  C:1DBBH         LINE#         1441
  C:1DBEH         LINE#         1442
  C:1DC0H         LINE#         1443
  C:1DC3H         LINE#         1445
  C:1DC8H         LINE#         1446
  C:1DCAH         LINE#         1447
  C:1DCDH         LINE#         1449
  C:1DD2H         LINE#         1450
  C:1DD4H         LINE#         1451
  C:1DD7H         LINE#         1453
  C:1DDDH         LINE#         1454
  C:1DDFH         LINE#         1455
  C:1DE2H         LINE#         1457
  C:1DE7H         LINE#         1458
  C:1DE9H         LINE#         1459
  C:1DECH         LINE#         1461
  C:1DF1H         LINE#         1462
  C:1DF3H         LINE#         1463
  C:1DF6H         LINE#         1465
  C:1DFBH         LINE#         1466
  C:1DFDH         LINE#         1467
  C:1E00H         LINE#         1471
  C:1E07H         LINE#         1472
  C:1E0EH         LINE#         1473
  C:1E17H         LINE#         1474
  C:1E1CH         LINE#         1476
  C:1E1EH         LINE#         1478
  -------         ENDPROC       SAVEVAR
  -------         ENDMOD        HC_MCU_XBR

  -------         MODULE        MCU_API
  C:0000H         SYMBOL        _ICE_DUMMY_
  C:26BFH         PUBLIC        _uart_receive_input
  C:2B1FH         PUBLIC        mcu_reset_zigbee
  C:1E1FH         PUBLIC        _byte_to_int
  C:2B0DH         PUBLIC        mcu_network_start
  C:1B03H         PUBLIC        _my_memcpy
BL51 BANKED LINKER/LOCATER V6.22                                                      01/28/2021  13:50:52  PAGE 28


  C:2737H         PUBLIC        _my_memset
  C:2B99H         PUBLIC        _mcu_get_dp_download_value
  C:23AFH         PUBLIC        _my_strlen
  C:1FCFH         PUBLIC        _mcu_dp_value_update
  C:0003H         PUBLIC        zigbee_protocol_init
  C:2B75H         PUBLIC        _mcu_get_dp_download_bool
  C:11DEH         PUBLIC        zigbee_uart_service
  C:25C4H         PUBLIC        _mcu_dp_bool_update
  C:2B7EH         PUBLIC        _mcu_get_dp_download_enum
  C:27A5H         PUBLIC        _mcu_dp_enum_update
  -------         PROC          _MY_STRLEN
  D:001AH         SYMBOL        str
  -------         DO            
  D:001DH         SYMBOL        len
  -------         ENDDO         
  C:23AFH         LINE#         47
  C:23B5H         LINE#         48
  C:23B5H         LINE#         49
  C:23BEH         LINE#         50
  C:23C3H         LINE#         51
  C:23C3H         LINE#         52
  C:23C8H         LINE#         53
  C:23C8H         LINE#         55
  C:23DFH         LINE#         56
  C:23DFH         LINE#         57
  C:23F7H         LINE#         58
  C:23F9H         LINE#         60
  C:2401H         LINE#         61
  -------         ENDPROC       _MY_STRLEN
  -------         PROC          _MY_MEMSET
  D:0026H         SYMBOL        src
  D:0005H         SYMBOL        ch
  D:002AH         SYMBOL        count
  -------         DO            
  D:002CH         SYMBOL        tmp
  -------         ENDDO         
  C:2737H         LINE#         70
  C:273DH         LINE#         71
  C:273DH         LINE#         72
  C:2743H         LINE#         74
  C:2748H         LINE#         75
  C:2748H         LINE#         76
  C:274CH         LINE#         77
  C:274CH         LINE#         79
  C:2759H         LINE#         80
  C:2759H         LINE#         81
  C:2766H         LINE#         82
  C:2768H         LINE#         84
  C:276EH         LINE#         85
  -------         ENDPROC       _MY_MEMSET
  -------         PROC          _MY_MEMCPY
  D:0021H         SYMBOL        dest
  D:0024H         SYMBOL        src
  D:0027H         SYMBOL        count
  -------         DO            
  D:0029H         SYMBOL        pdest
  D:002CH         SYMBOL        psrc
BL51 BANKED LINKER/LOCATER V6.22                                                      01/28/2021  13:50:52  PAGE 29


  D:002FH         SYMBOL        i
  -------         ENDDO         
  C:1B03H         LINE#         94
  C:1B09H         LINE#         95
  C:1B09H         LINE#         96
  C:1B0FH         LINE#         97
  C:1B18H         LINE#         100
  C:1B25H         LINE#         101
  C:1B25H         LINE#         102
  C:1B2CH         LINE#         103
  C:1B2CH         LINE#         105
  C:1B56H         LINE#         106
  C:1B56H         LINE#         107
  C:1B66H         LINE#         108
  C:1B66H         LINE#         109
  C:1B84H         LINE#         110
  C:1B8EH         LINE#         111
  C:1B8EH         LINE#         113
  C:1B8EH         LINE#         114
  C:1B9FH         LINE#         115
  C:1B9FH         LINE#         116
  C:1BC3H         LINE#         117
  C:1BCDH         LINE#         118
  C:1BCDH         LINE#         120
  C:1BD3H         LINE#         121
  -------         ENDPROC       _MY_MEMCPY
  -------         PROC          _BYTE_TO_INT
  D:0001H         SYMBOL        value
  -------         DO            
  D:002DH         SYMBOL        nubmer
  -------         ENDDO         
  C:1E1FH         LINE#         174
  C:1E1FH         LINE#         175
  C:1E1FH         LINE#         176
  C:1E28H         LINE#         178
  C:1E35H         LINE#         179
  C:1E48H         LINE#         180
  C:1E63H         LINE#         181
  C:1E71H         LINE#         182
  C:1E8CH         LINE#         183
  C:1E9AH         LINE#         184
  C:1EB5H         LINE#         186
  C:1EB6H         LINE#         187
  -------         ENDPROC       _BYTE_TO_INT
  -------         PROC          MCU_RESET_ZIGBEE
  -------         DO            
  D:0004H         SYMBOL        length
  -------         ENDDO         
  C:2B1FH         LINE#         196
  C:2B1FH         LINE#         197
  C:2B1FH         LINE#         198
  C:2B22H         LINE#         200
  C:2B2BH         LINE#         201
  -------         ENDPROC       MCU_RESET_ZIGBEE
  -------         PROC          MCU_NETWORK_START
  -------         DO            
  D:0004H         SYMBOL        length
BL51 BANKED LINKER/LOCATER V6.22                                                      01/28/2021  13:50:52  PAGE 30


  -------         ENDDO         
  C:2B0DH         LINE#         211
  C:2B0DH         LINE#         212
  C:2B0DH         LINE#         213
  C:2B10H         LINE#         215
  C:2B1AH         LINE#         216
  -------         ENDPROC       MCU_NETWORK_START
  -------         PROC          _MCU_DP_BOOL_UPDATE
  D:0003H         SYMBOL        dpid
  D:0028H         SYMBOL        value
  -------         DO            
  D:0004H         SYMBOL        length
  -------         ENDDO         
  C:25C4H         LINE#         250
  C:25C8H         LINE#         251
  C:25C8H         LINE#         252
  C:25CAH         LINE#         254
  C:25D3H         LINE#         255
  C:25DAH         LINE#         257
  C:25E1H         LINE#         258
  C:25EAH         LINE#         260
  C:25EEH         LINE#         261
  C:25EEH         LINE#         262
  C:25EFH         LINE#         263
  C:25F1H         LINE#         265
  C:25F1H         LINE#         266
  C:25FEH         LINE#         267
  C:25FEH         LINE#         269
  C:2603H         LINE#         271
  C:2605H         LINE#         272
  -------         ENDPROC       _MCU_DP_BOOL_UPDATE
  -------         PROC          _MCU_DP_VALUE_UPDATE
  D:0003H         SYMBOL        dpid
  D:002CH         SYMBOL        value
  -------         DO            
  D:0004H         SYMBOL        length
  -------         ENDDO         
  C:1FCFH         LINE#         280
  C:1FD1H         LINE#         281
  C:1FD1H         LINE#         282
  C:1FD3H         LINE#         284
  C:1FDCH         LINE#         285
  C:1FE3H         LINE#         287
  C:1FEAH         LINE#         288
  C:1FEFH         LINE#         290
  C:2009H         LINE#         291
  C:2023H         LINE#         292
  C:203FH         LINE#         293
  C:2050H         LINE#         295
  C:2055H         LINE#         297
  C:2057H         LINE#         298
  -------         ENDPROC       _MCU_DP_VALUE_UPDATE
  -------         PROC          _MCU_DP_ENUM_UPDATE
  D:0003H         SYMBOL        dpid
  D:0028H         SYMBOL        value
  -------         DO            
  D:0004H         SYMBOL        length
BL51 BANKED LINKER/LOCATER V6.22                                                      01/28/2021  13:50:52  PAGE 31


  -------         ENDDO         
  C:27A5H         LINE#         330
  C:27A9H         LINE#         331
  C:27A9H         LINE#         332
  C:27ABH         LINE#         334
  C:27B4H         LINE#         335
  C:27BBH         LINE#         337
  C:27C2H         LINE#         338
  C:27C9H         LINE#         340
  C:27D2H         LINE#         342
  C:27D7H         LINE#         344
  C:27D9H         LINE#         345
  -------         ENDPROC       _MCU_DP_ENUM_UPDATE
  -------         PROC          _MCU_GET_DP_DOWNLOAD_BOOL
  D:0001H         SYMBOL        value
  D:0004H         SYMBOL        len
  -------         DO            
  D:0028H         SYMBOL        i
  -------         ENDDO         
  C:2B75H         LINE#         393
  C:2B75H         LINE#         394
  C:2B75H         LINE#         396
  C:2B79H         LINE#         397
  C:2B7DH         LINE#         398
  -------         ENDPROC       _MCU_GET_DP_DOWNLOAD_BOOL
  -------         PROC          _MCU_GET_DP_DOWNLOAD_ENUM
  D:0001H         SYMBOL        value
  D:0004H         SYMBOL        len
  -------         DO            
  D:0028H         SYMBOL        i
  -------         ENDDO         
  C:2B7EH         LINE#         406
  C:2B7EH         LINE#         407
  C:2B7EH         LINE#         409
  C:2B82H         LINE#         410
  C:2B86H         LINE#         411
  -------         ENDPROC       _MCU_GET_DP_DOWNLOAD_ENUM
  -------         PROC          _MCU_GET_DP_DOWNLOAD_VALUE
  D:0001H         SYMBOL        value
  D:0004H         SYMBOL        len
  -------         DO            
  D:002BH         SYMBOL        i
  -------         ENDDO         
  C:2B99H         LINE#         419
  C:2B99H         LINE#         420
  C:2B99H         LINE#         422
  C:2B9DH         LINE#         423
  C:2BA0H         LINE#         424
  -------         ENDPROC       _MCU_GET_DP_DOWNLOAD_VALUE
  -------         PROC          ZIGBEE_PROTOCOL_INIT
  C:0003H         LINE#         433
  C:0003H         LINE#         434
  C:0003H         LINE#         436
  C:000CH         LINE#         437
  C:0015H         LINE#         438
  C:001AH         LINE#         439
  -------         ENDPROC       ZIGBEE_PROTOCOL_INIT
BL51 BANKED LINKER/LOCATER V6.22                                                      01/28/2021  13:50:52  PAGE 32


  -------         PROC          _UART_RECEIVE_INPUT
  D:0007H         SYMBOL        value
  C:26BFH         LINE#         448
  C:26BFH         LINE#         449
  C:26BFH         LINE#         452
  C:26CAH         LINE#         453
  C:26CAH         LINE#         455
  C:26D8H         LINE#         456
  C:26D8H         LINE#         457
  C:26E5H         LINE#         458
  C:26E5H         LINE#         460
  C:26F2H         LINE#         461
  C:26FAH         LINE#         462
  C:26FAH         LINE#         464
[...]
  C:2B58H         LINE#         215
  C:2B5BH         LINE#         216
  C:2B5BH         LINE#         217
  C:2B5FH         LINE#         218
  -------         ENDPROC       GET_QUEUE_TOTAL_DATA
  -------         PROC          QUEUE_READ_BYTE
  -------         DO            
  D:0007H         SYMBOL        value
  -------         ENDDO         
  C:2682H         LINE#         228
  C:2682H         LINE#         229
  C:2682H         LINE#         230
  C:2684H         LINE#         232
  C:268FH         LINE#         233
  C:268FH         LINE#         235
  C:269CH         LINE#         236
  C:269CH         LINE#         238
  C:26A9H         LINE#         239
  C:26A9H         LINE#         240
  C:26B6H         LINE#         241
  C:26BEH         LINE#         242
  C:26BEH         LINE#         243
  C:26BEH         LINE#         244
  -------         ENDPROC       QUEUE_READ_BYTE
  -------         PROC          _ZIGBEE_TIME_CONVERT
  D:0026H         SYMBOL        time
  D:002AH         SYMBOL        convert_time
  -------         DO            
  D:002CH         SYMBOL        days
  D:0038H         SYMBOL        pass4_year
  D:003AH         SYMBOL        hours_per_year
  -------         ENDDO         
  C:0CFDH         LINE#         253
  C:0D05H         LINE#         254
  C:0D05H         LINE#         255
  C:0D18H         LINE#         256
  C:0D21H         LINE#         258
  C:0D39H         LINE#         259
  C:0D39H         LINE#         260
  C:0D40H         LINE#         261
  C:0D40H         LINE#         263
  C:0D63H         LINE#         264
  C:0D7CH         LINE#         265
  C:0D92H         LINE#         266
  C:0DABH         LINE#         268
  C:0DB9H         LINE#         269
  C:0DD4H         LINE#         271
  C:0DF6H         LINE#         273
  C:0DF6H         LINE#         274
  C:0DF6H         LINE#         275
  C:0DFCH         LINE#         276
  C:0E08H         LINE#         277
  C:0E08H         LINE#         278
  C:0E13H         LINE#         279
  C:0E13H         LINE#         281
  C:0E28H         LINE#         282
BL51 BANKED LINKER/LOCATER V6.22                                                      01/28/2021  13:50:52  PAGE 49


  C:0E28H         LINE#         283
  C:0E28H         LINE#         284
  C:0E28H         LINE#         286
  C:0E35H         LINE#         287
  C:0E57H         LINE#         288
  C:0E59H         LINE#         290
  C:0E77H         LINE#         291
  C:0E90H         LINE#         292
  C:0EA4H         LINE#         293
  C:0EB0H         LINE#         294
  C:0EB0H         LINE#         295
  C:0EC3H         LINE#         296
  C:0EC3H         LINE#         297
  C:0EDEH         LINE#         298
  C:0EE0H         LINE#         300
  C:0EE0H         LINE#         301
  C:0EF4H         LINE#         302
  C:0EF4H         LINE#         303
  C:0EFEH         LINE#         304
  C:0F09H         LINE#         305
  C:0F0BH         LINE#         306
  C:0F0BH         LINE#         307
  C:0F0BH         LINE#         308
  C:0F0BH         LINE#         311
  C:0F37H         LINE#         312
  C:0F37H         LINE#         313
  C:0F63H         LINE#         314
  C:0F70H         LINE#         315
  C:0F7BH         LINE#         316
  C:0F87H         LINE#         317
  C:0F8DH         LINE#         318
  -------         ENDPROC       _ZIGBEE_TIME_CONVERT
  -------         PROC          _ZIGBEE_OTA_END_REQ_SEND
  D:0019H         SYMBOL        status
  -------         DO            
  D:0004H         SYMBOL        length
  D:001AH         SYMBOL        pid_len
  D:001CH         SYMBOL        pid
  -------         ENDDO         
  C:2454H         LINE#         392
  C:2456H         LINE#         393
  C:2456H         LINE#         394
  C:245DH         LINE#         397
  C:2466H         LINE#         399
  C:246CH         LINE#         400
  C:2479H         LINE#         401
  C:2479H         LINE#         402
  C:2491H         LINE#         403
  C:2493H         LINE#         405
  C:24A0H         LINE#         406
  -------         ENDPROC       _ZIGBEE_OTA_END_REQ_SEND
  -------         PROC          PRODUCT_INFO_CMD_HANDLE
  -------         DO            
  D:0019H         SYMBOL        length
  -------         ENDDO         
  C:1F43H         LINE#         419
  C:1F43H         LINE#         420
BL51 BANKED LINKER/LOCATER V6.22                                                      01/28/2021  13:50:52  PAGE 50


  C:1F43H         LINE#         421
  C:1F46H         LINE#         423
  C:1F5CH         LINE#         424
  C:1F72H         LINE#         425
  C:1F8EH         LINE#         426
  C:1FAAH         LINE#         427
  C:1FC6H         LINE#         429
  -------         ENDPROC       PRODUCT_INFO_CMD_HANDLE
  -------         PROC          _ZIGBEE_STATE_CMD_HANDLE
  D:0007H         SYMBOL        current_state
  -------         DO            
  D:0019H         SYMBOL        temp
  -------         ENDDO         
  C:2B6BH         LINE#         438
  C:2B6BH         LINE#         439
  C:2B6BH         LINE#         440
  C:2B6DH         LINE#         441
  -------         ENDPROC       _ZIGBEE_STATE_CMD_HANDLE
  -------         PROC          ZIGBEE_CFG_CMD_HANDLE
  C:2BC5H         LINE#         450
  C:2BC5H         LINE#         451
  C:2BC5H         LINE#         453
  -------         ENDPROC       ZIGBEE_CFG_CMD_HANDLE
  -------         PROC          _ZIGBEE_DATA_POINT_HANDLE
  D:0019H         SYMBOL        value
  -------         DO            
  D:001CH         SYMBOL        dp_id
  D:0007H         SYMBOL        index
  D:001DH         SYMBOL        dp_type
  D:0007H         SYMBOL        ret
  D:001EH         SYMBOL        dp_len
  -------         ENDDO         
  C:22FEH         LINE#         461
  C:2304H         LINE#         462
  C:2304H         LINE#         468
  C:2309H         LINE#         469
  C:2311H         LINE#         470
  C:231CH         LINE#         471
  C:232BH         LINE#         474
  C:2330H         LINE#         476
  C:233FH         LINE#         477
  C:233FH         LINE#         479
  C:2342H         LINE#         480
  C:2342H         LINE#         482
  C:2342H         LINE#         483
  C:2358H         LINE#         484
  C:2358H         LINE#         486
  C:2358H         LINE#         487
  -------         ENDPROC       _ZIGBEE_DATA_POINT_HANDLE
  -------         PROC          _ZIGBEE_DATA_RSP_HANDLE
  D:0007H         SYMBOL        rsp_status
  -------         DO            
  D:0019H         SYMBOL        temp
  -------         ENDDO         
  C:2BC2H         LINE#         495
  C:2BC2H         LINE#         496
  C:2BC2H         LINE#         499
BL51 BANKED LINKER/LOCATER V6.22                                                      01/28/2021  13:50:52  PAGE 51


  C:2BC4H         LINE#         500
  -------         ENDPROC       _ZIGBEE_DATA_RSP_HANDLE
  -------         PROC          ZIGBEE_OTA_VER_REQ_HANDLE
  -------         DO            
  D:0019H         SYMBOL        length
  -------         ENDDO         
  C:2A3BH         LINE#         544
  C:2A3BH         LINE#         545
  C:2A3BH         LINE#         546
  C:2A40H         LINE#         547
  C:2A50H         LINE#         548
  -------         ENDPROC       ZIGBEE_OTA_VER_REQ_HANDLE
  -------         PROC          GET_CURRENT_MCU_FW_VER
  -------         DO            
  D:001BH         SYMBOL        fw_ver
  D:001EH         SYMBOL        current_mcu_fw_ver
  -------         ENDDO         
  C:276FH         LINE#         551
  C:276FH         LINE#         552
  C:276FH         LINE#         553
  C:277BH         LINE#         554
  C:277EH         LINE#         555
  C:278DH         LINE#         556
  C:2799H         LINE#         557
  C:27A2H         LINE#         558
  C:27A4H         LINE#         559
  -------         ENDPROC       GET_CURRENT_MCU_FW_VER
  -------         PROC          L?0105
  -------         ENDPROC       L?0105
  -------         PROC          _ASSIC_TO_HEX
  D:0007H         SYMBOL        assic_num
  C:2A07H         LINE#         561
  C:2A07H         LINE#         562
  C:2A07H         LINE#         563
  C:2A12H         LINE#         564
  C:2A15H         LINE#         566
  C:2A1CH         LINE#         567
  -------         ENDPROC       _ASSIC_TO_HEX
  -------         PROC          _ZIGBEE_TIME_GET_HANDLE
  D:0001H         SYMBOL        data0
  D:0019H         SYMBOL        data_len
  -------         DO            
  D:001AH         SYMBOL        time1
  D:001EH         SYMBOL        time2
  X:00F3H         SYMBOL        localTime
  X:00FBH         SYMBOL        utcTime
  D:0022H         SYMBOL        i
  D:0023H         SYMBOL        ptr
  -------         ENDDO         
  C:1699H         LINE#         600
  C:169BH         LINE#         601
  C:169BH         LINE#         602
  C:16ACH         LINE#         604
  C:16AEH         LINE#         605
  C:16B4H         LINE#         607
  C:16BEH         LINE#         608
  C:16BEH         LINE#         610
BL51 BANKED LINKER/LOCATER V6.22                                                      01/28/2021  13:50:52  PAGE 52


  C:16BEH         LINE#         612
  C:16CFH         LINE#         613
  C:16E0H         LINE#         615
  C:16E3H         LINE#         616
  C:16E3H         LINE#         617
  C:1704H         LINE#         618
  C:1712H         LINE#         619
  C:1719H         LINE#         620
  C:173AH         LINE#         622
  C:173DH         LINE#         623
  C:173DH         LINE#         624
  C:175EH         LINE#         625
  C:176CH         LINE#         626
  C:1773H         LINE#         627
  C:1794H         LINE#         629
  C:17A5H         LINE#         630
  C:17B6H         LINE#         632
  C:17BFH         LINE#         633
  C:17C8H         LINE#         634
  -------         ENDPROC       _ZIGBEE_TIME_GET_HANDLE
  -------         PROC          _SET_ZIGBEE_STATE
  D:0007H         SYMBOL        state
  C:28F5H         LINE#         642
  C:28F5H         LINE#         643
  C:28F5H         LINE#         644
  C:28FAH         LINE#         645
  C:28FCH         LINE#         646
  C:28FCH         LINE#         647
  C:28FEH         LINE#         648
  C:28FFH         LINE#         649
  C:2906H         LINE#         650
  C:2906H         LINE#         651
  C:2909H         LINE#         652
  C:290CH         LINE#         653
  C:290FH         LINE#         654
  C:290FH         LINE#         655
  C:2916H         LINE#         656
  C:2916H         LINE#         657
  C:2919H         LINE#         658
  C:291AH         LINE#         660
  C:291AH         LINE#         661
  C:291DH         LINE#         662
  C:291DH         LINE#         663
  -------         ENDPROC       _SET_ZIGBEE_STATE
  -------         PROC          _DATA_HANDLE
  D:0011H         SYMBOL        offset
  -------         DO            
  D:0005H         SYMBOL        cmd_type
  D:0013H         SYMBOL        total_len
  D:0006H         SYMBOL        seq_num
  -------         DO            
  D:0015H         SYMBOL        current_state
  D:0015H         SYMBOL        current_state
  D:0015H         SYMBOL        i
  D:0016H         SYMBOL        ret
  D:0017H         SYMBOL        dp_len
  D:0015H         SYMBOL        rsp_status
BL51 BANKED LINKER/LOCATER V6.22                                                      01/28/2021  13:50:52  PAGE 53


  -------         ENDDO         
  -------         DO            
  D:0015H         SYMBOL        current_state
  D:0015H         SYMBOL        i
  D:0016H         SYMBOL        ret
  D:0017H         SYMBOL        dp_len
  D:0015H         SYMBOL        rsp_status
  -------         ENDDO         
  -------         DO            
  D:0015H         SYMBOL        i
  D:0016H         SYMBOL        ret
  D:0017H         SYMBOL        dp_len
  D:0015H         SYMBOL        rsp_status
  -------         ENDDO         
  -------         DO            
  D:0015H         SYMBOL        rsp_status
  -------         ENDDO         
  -------         ENDDO         
  C:1526H         LINE#         683
  C:152AH         LINE#         684
  C:152AH         LINE#         685
  C:152BH         LINE#         686
  C:152FH         LINE#         688
  C:153DH         LINE#         689
  C:154FH         LINE#         690
  C:1565H         LINE#         692
  C:1575H         LINE#         693
  C:1587H         LINE#         694
  C:158AH         LINE#         696
  C:15B6H         LINE#         697
  C:15B6H         LINE#         698
  C:15B6H         LINE#         699
  C:15B6H         LINE#         700
  C:15C5H         LINE#         701
  C:15C9H         LINE#         702
  C:15C9H         LINE#         703
  C:15C9H         LINE#         704
  C:15C9H         LINE#         706
  C:15CCH         LINE#         707
  C:15CCH         LINE#         708
  C:15CCH         LINE#         710
  C:15CFH         LINE#         711
  C:15CFH         LINE#         712
  C:15CFH         LINE#         713
  C:15D2H         LINE#         714
  C:15D2H         LINE#         716
  C:15D2H         LINE#         717
  C:15D2H         LINE#         718
  C:15E1H         LINE#         719
  C:15E5H         LINE#         720
  C:15EAH         LINE#         721
  C:15EAH         LINE#         722
  C:15EAH         LINE#         724
  C:15EAH         LINE#         725
  C:15EDH         LINE#         726
  C:15EDH         LINE#         728
  C:15EDH         LINE#         729
BL51 BANKED LINKER/LOCATER V6.22                                                      01/28/2021  13:50:52  PAGE 54


  C:15EDH         LINE#         730
  C:15F0H         LINE#         731
  C:15F4H         LINE#         733
  C:1606H         LINE#         734
  C:1606H         LINE#         735
  C:161EH         LINE#         736
  C:1632H         LINE#         738
  C:1649H         LINE#         740
  C:164EH         LINE#         741
  C:164EH         LINE#         743
  C:1651H         LINE#         744
  C:1651H         LINE#         746
  C:1651H         LINE#         748
  C:1651H         LINE#         749
  C:1659H         LINE#         750
  C:165BH         LINE#         751
  C:165BH         LINE#         752
  C:165BH         LINE#         754
  C:165BH         LINE#         755
  C:165BH         LINE#         756
  C:165BH         LINE#         757
  C:166AH         LINE#         758
  C:166EH         LINE#         759
  C:166EH         LINE#         760
  C:166EH         LINE#         775
  C:166EH         LINE#         776
  C:166EH         LINE#         780
  C:166EH         LINE#         781
  C:166EH         LINE#         782
  C:166EH         LINE#         783
  C:166EH         LINE#         784
  C:1671H         LINE#         785
  C:1671H         LINE#         786
  C:1671H         LINE#         788
  C:1671H         LINE#         789
  C:1671H         LINE#         791
  C:1678H         LINE#         792
  C:167DH         LINE#         793
  C:1684H         LINE#         794
  C:1687H         LINE#         795
  C:1687H         LINE#         796
  C:1687H         LINE#         798
  C:1687H         LINE#         799
  C:1687H         LINE#         801
  C:1687H         LINE#         802
  C:1687H         LINE#         803
  C:1687H         LINE#         804
  C:1698H         LINE#         805
  C:1698H         LINE#         807
  C:1698H         LINE#         808
  C:1698H         LINE#         809
  C:1698H         LINE#         810
  -------         ENDPROC       _DATA_HANDLE
  -------         ENDMOD        SYSTEM

  -------         MODULE        ?C?FPADD
  C:06EBH         PUBLIC        ?C?FPADD
BL51 BANKED LINKER/LOCATER V6.22                                                      01/28/2021  13:50:52  PAGE 55


  C:06E7H         PUBLIC        ?C?FPSUB
  -------         ENDMOD        ?C?FPADD

  -------         MODULE        ?C?FPDIV
  C:07DFH         PUBLIC        ?C?FPDIV
  -------         ENDMOD        ?C?FPDIV

  -------         MODULE        ?C?FCAST
  C:0886H         PUBLIC        ?C?FCASTC
  C:0881H         PUBLIC        ?C?FCASTI
  C:087CH         PUBLIC        ?C?FCASTL
  -------         ENDMOD        ?C?FCAST

  -------         MODULE        ?C?CASTF
  C:08BAH         PUBLIC        ?C?CASTF
  -------         ENDMOD        ?C?CASTF

  -------         MODULE        ?C?COPY
  C:0A0BH         PUBLIC        ?C?COPY
  -------         ENDMOD        ?C?COPY

  -------         MODULE        ?C?CLDPTR
  C:0A31H         PUBLIC        ?C?CLDPTR
  -------         ENDMOD        ?C?CLDPTR

  -------         MODULE        ?C?CLDOPTR
  C:0A4AH         PUBLIC        ?C?CLDOPTR
  -------         ENDMOD        ?C?CLDOPTR

  -------         MODULE        ?C?CSTPTR
  C:0A77H         PUBLIC        ?C?CSTPTR
  -------         ENDMOD        ?C?CSTPTR

  -------         MODULE        ?C?CSTOPTR
  C:0A89H         PUBLIC        ?C?CSTOPTR
  -------         ENDMOD        ?C?CSTOPTR

  -------         MODULE        ?C?IMUL
  C:0AABH         PUBLIC        ?C?IMUL
  -------         ENDMOD        ?C?IMUL

  -------         MODULE        ?C?IILDX
  C:0ABDH         PUBLIC        ?C?IILDX
  -------         ENDMOD        ?C?IILDX

  -------         MODULE        ?C?LADD
  C:0AD3H         PUBLIC        ?C?LADD
  -------         ENDMOD        ?C?LADD

  -------         MODULE        ?C?LSUB
  C:0AE0H         PUBLIC        ?C?LSUB
  -------         ENDMOD        ?C?LSUB

  -------         MODULE        ?C?LMUL
  C:0AEEH         PUBLIC        ?C?LMUL
  -------         ENDMOD        ?C?LMUL

BL51 BANKED LINKER/LOCATER V6.22                                                      01/28/2021  13:50:52  PAGE 56


  -------         MODULE        ?C?ULDIV
  C:0B79H         PUBLIC        ?C?ULDIV
  -------         ENDMOD        ?C?ULDIV

  -------         MODULE        ?C?LNEG
  C:0C0BH         PUBLIC        ?C?LNEG
  -------         ENDMOD        ?C?LNEG

  -------         MODULE        ?C?SLCMP
  C:0C19H         PUBLIC        ?C?SLCMP
  -------         ENDMOD        ?C?SLCMP

  -------         MODULE        ?C?ULCMP
  C:0C2FH         PUBLIC        ?C?ULCMP
  -------         ENDMOD        ?C?ULCMP

  -------         MODULE        ?C?ULSHR
  C:0C40H         PUBLIC        ?C?ULSHR
  -------         ENDMOD        ?C?ULSHR

  -------         MODULE        ?C?LSHL
  C:0C53H         PUBLIC        ?C?LSHL
  -------         ENDMOD        ?C?LSHL

  -------         MODULE        ?C?LLDXDATA
  C:0C66H         PUBLIC        ?C?LLDXDATA
  -------         ENDMOD        ?C?LLDXDATA

  -------         MODULE        ?C?LLDXDATA0
  C:0C72H         PUBLIC        ?C?LLDXDATA0
  -------         ENDMOD        ?C?LLDXDATA0

  -------         MODULE        ?C?LSTXDATA
  C:0C7EH         PUBLIC        ?C?LSTXDATA
  -------         ENDMOD        ?C?LSTXDATA

  -------         MODULE        ?C?LSTKXDATA
  C:0C8AH         PUBLIC        ?C?LSTKXDATA
  -------         ENDMOD        ?C?LSTKXDATA

  -------         MODULE        ?C?OFFXADD
  C:0CBBH         PUBLIC        ?C?OFFXADD
  -------         ENDMOD        ?C?OFFXADD

  -------         MODULE        ?C?PLDIIDATA
  C:0CC7H         PUBLIC        ?C?PLDIIDATA
  -------         ENDMOD        ?C?PLDIIDATA

  -------         MODULE        ?C?CCASE
  C:0CD7H         PUBLIC        ?C?CCASE
  -------         ENDMOD        ?C?CCASE

Program Size: data=82.0 xdata=318 code=11206
LINK/LOCATE RUN COMPLETE.  0 WARNING(S),  0 ERROR(S)
